[0.009s][info][gc] Using G1
Class name: org.dacapo.harness.Lusearch
Configurations:
short     A text search tool
long      Text search of keywords over a corpus of data comprising the works of Shakespeare and the King James bible
author    Lucene Project Management Committee
license   Apache License, Version 2.0
copyright Apache Software Foundation, Apache license v2.0
url       http://lucene.apache.org/
version   lucene 9.7.0
sizes     default large small
Using scaled threading model. 10 processors detected, 10 threads used to drive the workload, in a possible range of [1,2048]
[2.451s][info][gc] GC(0) Pause Young (Normal) (G1 Evacuation Pause) 24M->2M(156M) 7.779ms
[2.618s][info][gc] GC(1) Pause Young (Normal) (G1 Evacuation Pause) 92M->3M(156M) 5.536ms
Version: lucene 9.7.0

Nominal statistics
Key Score  Rank Value Description
AOA:    6  8/18    76 nominal average object size (bytes)
AOL:    9  2/18    96 nominal 90-percentile object size (bytes)
AOM:    3 13/18    24 nominal median object size (bytes)
AOS:   10  1/18    24 nominal 10-percentile object size (bytes)
ARA:    9  3/18 10505 nominal allocation rate (bytes / usec) (24619905928/2343600.0)
BAL:    8  5/19   118 nominal aaload per usec
BAS:    9  2/19    55 nominal aastore per usec
BEF:    9  3/19    14 nominal execution focus / dominance of hot code
BGF:    8  4/19  5520 nominal getfield per usec
BPF:    9  3/19   714 nominal putfield per usec
BUB:    4 13/19    25 nominal thousands of unique bytecodes executed
BUF:    3 14/19     2 nominal thousands of unique function calls
GCA:    2 19/22    80 nominal average post-GC heap size as percent of min heap, when run at 2X min heap with G1 (17/21)
GCC:   10  1/22 17270 nominal GC count at 2X heap size (G1)
GCM:    1 20/22    66 nominal median post-GC heap size as percent of min heap, when run at 2X min heap with G1 (14/21)
GCP:    9  3/22    19 nominal percentage of time spent in GC pauses at 2X heap size (G1) (6675/35050)
GLK:    5 12/22     0 nominal percent 10th iteration memory leakage (10 iterations / 1 iterations) (21/21)
GMD:    2 18/22    21 nominal minimum heap size (MB) for default size configuration (with compressed pointers)
GML:    4 11/18    89 nominal minimum heap size (MB) for large size configuration (with compressed pointers)
GMS:    2 18/22     5 nominal minimum heap size (MB) for small size configuration (with compressed pointers)
GMU:    2 19/22    21 nominal minimum heap size (MB) for default size without compressed pointers
GSS:    6 10/22   185 nominal heap size sensitivity (slowdown with tight heap, as a percentage) (6702.5/2343.6)
GTO:   10  1/18  1118 nominal memory turnover (total alloc bytes / min heap bytes)
PET:    6  9/22     3 nominal execution time (sec)
PKP:    8  5/22    16 nominal percentage of time spent in kernel mode (as percentage of user plus kernel time)
PPE:    8  5/22    31 nominal parallel efficiency (speedup as percentage of ideal speedup for 32 threads)
PSD:    5 13/22     0 nominal standard deviation among invocations at peak performance (as percentage of performance)
PWU:    5 13/22     2 nominal iterations to warm up to within 1.5% of best

Initializing callback
[2.697s][info][gc] GC(2) Pause Full (System.gc()) 36M->3M(20M) 32.681ms
===== DaCapo 23.11-chopin lusearch starting =====
[2.711s][info][gc] GC(3) Pause Young (Concurrent Start) (G1 Humongous Allocation) 6M->6M(20M) 2.223ms
[2.711s][info][gc] GC(4) Concurrent Cycle
Starting 524288 requests...
[2.725s][info][gc] GC(4) Pause Remark 10M->10M(20M) 3.275ms
[2.728s][info][gc] GC(4) Pause Cleanup 10M->10M(20M) 0.465ms
[2.729s][info][gc] GC(4) Concurrent Cycle 18.338ms
[2.940s][info][gc] GC(5) Pause Young (Prepare Mixed) (G1 Evacuation Pause) 16M->9M(21M) 14.446ms
[2.973s][info][gc] GC(6) Pause Young (Mixed) (G1 Evacuation Pause) 10M->10M(21M) 5.851ms
[3.101s][info][gc] GC(7) Pause Young (Concurrent Start) (G1 Evacuation Pause) 14M->10M(21M) 6.994ms
[3.101s][info][gc] GC(8) Concurrent Cycle
[3.110s][info][gc] GC(8) Pause Remark 10M->10M(21M) 5.306ms
[3.113s][info][gc] GC(8) Pause Cleanup 10M->10M(21M) 0.344ms
[3.114s][info][gc] GC(8) Concurrent Cycle 13.277ms
[3.518s][info][gc] GC(9) Pause Young (Normal) (G1 Evacuation Pause) 14M->10M(21M) 10.607ms
[3.601s][info][gc] GC(10) Pause Young (Concurrent Start) (G1 Evacuation Pause) 13M->10M(88M) 10.937ms
[3.602s][info][gc] GC(11) Concurrent Cycle
[3.622s][info][gc] GC(11) Pause Remark 11M->11M(88M) 13.404ms
[3.630s][info][gc] GC(11) Pause Cleanup 11M->11M(88M) 0.433ms
[3.631s][info][gc] GC(11) Concurrent Cycle 29.581ms
[4.143s][info][gc] GC(12) Pause Young (Normal) (G1 Evacuation Pause) 46M->11M(88M) 8.768ms
[4.298s][info][gc] GC(13) Pause Young (Normal) (G1 Evacuation Pause) 49M->11M(88M) 2.968ms
[4.569s][info][gc] GC(14) Pause Young (Normal) (G1 Evacuation Pause) 51M->11M(88M) 14.824ms
[4.827s][info][gc] GC(15) Pause Young (Normal) (G1 Evacuation Pause) 53M->11M(118M) 3.898ms
[5.137s][info][gc] GC(16) Pause Young (Normal) (G1 Evacuation Pause) 66M->11M(118M) 13.044ms
[5.467s][info][gc] GC(17) Pause Young (Normal) (G1 Evacuation Pause) 70M->11M(118M) 6.035ms
[5.715s][info][gc] GC(18) Pause Young (Normal) (G1 Evacuation Pause) 72M->11M(118M) 3.003ms
[6.022s][info][gc] GC(19) Pause Young (Normal) (G1 Evacuation Pause) 76M->11M(144M) 2.904ms
[6.229s][info][gc] GC(20) Pause Young (Normal) (G1 Evacuation Pause) 89M->11M(144M) 3.163ms
[6.354s][info][gc] GC(21) Pause Young (Normal) (G1 Evacuation Pause) 94M->11M(144M) 3.531ms
[6.579s][info][gc] GC(22) Pause Young (Normal) (G1 Evacuation Pause) 95M->11M(144M) 3.366ms
[6.768s][info][gc] GC(23) Pause Young (Normal) (G1 Evacuation Pause) 95M->11M(144M) 3.046ms
[7.936s][info][gc] GC(24) Pause Young (Normal) (G1 Evacuation Pause) 95M->11M(173M) 13.502ms
[8.933s][info][gc] GC(25) Pause Young (Normal) (G1 Evacuation Pause) 112M->11M(173M) 27.355ms
[9.815s][info][gc] GC(26) Pause Young (Normal) (G1 Evacuation Pause) 112M->11M(173M) 16.877ms
[9.973s][info][gc] GC(27) Pause Young (Normal) (G1 Evacuation Pause) 112M->11M(173M) 4.598ms
[10.110s][info][gc] GC(28) Pause Young (Normal) (G1 Evacuation Pause) 113M->11M(173M) 2.191ms
Completing query batches: 5%[10.369s][info][gc] GC(29) Pause Young (Normal) (G1 Evacuation Pause) 113M->11M(173M) 9.327ms
[10.504s][info][gc] GC(30) Pause Young (Normal) (G1 Evacuation Pause) 113M->11M(241M) 5.172ms
[10.670s][info][gc] GC(31) Pause Young (Normal) (G1 Evacuation Pause) 154M->11M(241M) 10.981ms
[10.974s][info][gc] GC(32) Pause Young (Normal) (G1 Evacuation Pause) 154M->11M(241M) 5.085ms
[11.199s][info][gc] GC(33) Pause Young (Normal) (G1 Evacuation Pause) 154M->11M(241M) 4.733ms
[11.420s][info][gc] GC(34) Pause Young (Normal) (G1 Evacuation Pause) 154M->11M(241M) 16.079ms
[11.649s][info][gc] GC(35) Pause Young (Normal) (G1 Evacuation Pause) 154M->11M(241M) 8.556ms
[11.974s][info][gc] GC(36) Pause Young (Normal) (G1 Evacuation Pause) 154M->11M(241M) 4.026ms
[12.188s][info][gc] GC(37) Pause Young (Normal) (G1 Evacuation Pause) 154M->11M(290M) 6.184ms
Completing query batches: 10%[12.493s][info][gc] GC(38) Pause Young (Normal) (G1 Evacuation Pause) 184M->11M(290M) 2.597ms
[12.789s][info][gc] GC(39) Pause Young (Normal) (G1 Evacuation Pause) 184M->11M(290M) 18.418ms
[13.092s][info][gc] GC(40) Pause Young (Normal) (G1 Evacuation Pause) 184M->11M(290M) 17.901ms
[13.352s][info][gc] GC(41) Pause Young (Normal) (G1 Evacuation Pause) 184M->11M(290M) 1.941ms
[13.614s][info][gc] GC(42) Pause Young (Normal) (G1 Evacuation Pause) 184M->11M(290M) 2.812ms
[13.921s][info][gc] GC(43) Pause Young (Normal) (G1 Evacuation Pause) 184M->11M(290M) 2.492ms
Completing query batches: 15%[14.246s][info][gc] GC(44) Pause Young (Normal) (G1 Evacuation Pause) 184M->11M(290M) 26.403ms
[14.478s][info][gc] GC(45) Pause Young (Normal) (G1 Evacuation Pause) 184M->11M(472M) 5.634ms
[15.031s][info][gc] GC(46) Pause Young (Normal) (G1 Evacuation Pause) 293M->11M(472M) 4.253ms
[15.481s][info][gc] GC(47) Pause Young (Normal) (G1 Evacuation Pause) 293M->11M(472M) 2.991ms
[15.924s][info][gc] GC(48) Pause Young (Normal) (G1 Evacuation Pause) 293M->11M(472M) 8.031ms
Completing query batches: 20%[16.322s][info][gc] GC(49) Pause Young (Normal) (G1 Evacuation Pause) 293M->11M(472M) 2.439ms
[16.691s][info][gc] GC(50) Pause Young (Normal) (G1 Evacuation Pause) 293M->11M(472M) 11.049ms
[17.153s][info][gc] GC(51) Pause Young (Normal) (G1 Evacuation Pause) 293M->11M(472M) 3.626ms
[17.554s][info][gc] GC(52) Pause Young (Normal) (G1 Evacuation Pause) 293M->11M(472M) 2.792ms
Completing query batches: 25%[17.972s][info][gc] GC(53) Pause Young (Normal) (G1 Evacuation Pause) 293M->11M(472M) 4.751ms
[18.235s][info][gc] GC(54) Pause Young (Normal) (G1 Evacuation Pause) 293M->11M(472M) 2.255ms
[18.558s][info][gc] GC(55) Pause Young (Normal) (G1 Evacuation Pause) 293M->12M(472M) 6.735ms
[18.936s][info][gc] GC(56) Pause Young (Normal) (G1 Evacuation Pause) 294M->12M(472M) 25.949ms
Completing query batches: 30%[19.319s][info][gc] GC(57) Pause Young (Normal) (G1 Evacuation Pause) 293M->11M(472M) 1.890ms
[19.703s][info][gc] GC(58) Pause Young (Normal) (G1 Evacuation Pause) 293M->11M(472M) 5.328ms
[20.422s][info][gc] GC(59) Pause Young (Normal) (G1 Evacuation Pause) 293M->11M(472M) 2.634ms
[21.123s][info][gc] GC(60) Pause Young (Normal) (G1 Evacuation Pause) 293M->12M(472M) 3.902ms
[21.724s][info][gc] GC(61) Pause Young (Normal) (G1 Evacuation Pause) 294M->11M(472M) 8.670ms
Completing query batches: 35%[22.201s][info][gc] GC(62) Pause Young (Normal) (G1 Evacuation Pause) 293M->11M(472M) 5.281ms
[23.045s][info][gc] GC(63) Pause Young (Normal) (G1 Evacuation Pause) 293M->11M(472M) 3.263ms
[23.727s][info][gc] GC(64) Pause Young (Normal) (G1 Evacuation Pause) 293M->11M(472M) 4.794ms
[24.337s][info][gc] GC(65) Pause Young (Normal) (G1 Evacuation Pause) 293M->12M(472M) 4.259ms
Completing query batches: 40%[24.950s][info][gc] GC(66) Pause Young (Normal) (G1 Evacuation Pause) 294M->11M(472M) 3.643ms
[25.563s][info][gc] GC(67) Pause Young (Normal) (G1 Evacuation Pause) 293M->11M(472M) 6.640ms
[26.108s][info][gc] GC(68) Pause Young (Normal) (G1 Evacuation Pause) 293M->12M(472M) 18.442ms
[26.705s][info][gc] GC(69) Pause Young (Normal) (G1 Evacuation Pause) 294M->11M(472M) 3.070ms
Completing query batches: 45%[27.383s][info][gc] GC(70) Pause Young (Normal) (G1 Evacuation Pause) 293M->11M(472M) 2.408ms
[27.961s][info][gc] GC(71) Pause Young (Normal) (G1 Evacuation Pause) 293M->11M(472M) 5.932ms
[28.482s][info][gc] GC(72) Pause Young (Normal) (G1 Evacuation Pause) 293M->12M(472M) 2.605ms
[29.278s][info][gc] GC(73) Pause Young (Normal) (G1 Evacuation Pause) 294M->11M(472M) 7.954ms
Completing query batches: 50%[29.790s][info][gc] GC(74) Pause Young (Normal) (G1 Evacuation Pause) 293M->11M(472M) 25.238ms
[30.344s][info][gc] GC(75) Pause Young (Normal) (G1 Evacuation Pause) 293M->12M(472M) 21.700ms
[30.782s][info][gc] GC(76) Pause Young (Normal) (G1 Evacuation Pause) 294M->11M(472M) 9.798ms
[31.395s][info][gc] GC(77) Pause Young (Normal) (G1 Evacuation Pause) 293M->11M(472M) 15.825ms
Completing query batches: 55%[32.022s][info][gc] GC(78) Pause Young (Normal) (G1 Evacuation Pause) 293M->11M(472M) 29.998ms
[32.622s][info][gc] GC(79) Pause Young (Normal) (G1 Evacuation Pause) 293M->11M(472M) 5.070ms
[33.137s][info][gc] GC(80) Pause Young (Normal) (G1 Evacuation Pause) 293M->11M(472M) 19.304ms
[33.649s][info][gc] GC(81) Pause Young (Normal) (G1 Evacuation Pause) 293M->12M(551M) 4.699ms
Completing query batches: 60%[35.090s][info][gc] GC(82) Pause Young (Normal) (G1 Evacuation Pause) 341M->11M(551M) 17.570ms
[35.608s][info][gc] GC(83) Pause Young (Normal) (G1 Evacuation Pause) 340M->11M(551M) 8.493ms
[36.090s][info][gc] GC(84) Pause Young (Normal) (G1 Evacuation Pause) 340M->12M(551M) 4.769ms
[36.749s][info][gc] GC(85) Pause Young (Normal) (G1 Evacuation Pause) 341M->12M(551M) 14.785ms
Completing query batches: 65%[37.383s][info][gc] GC(86) Pause Young (Normal) (G1 Evacuation Pause) 341M->12M(551M) 10.308ms
[38.088s][info][gc] GC(87) Pause Young (Normal) (G1 Evacuation Pause) 341M->12M(551M) 13.806ms
[38.644s][info][gc] GC(88) Pause Young (Normal) (G1 Evacuation Pause) 340M->12M(551M) 8.232ms
[39.335s][info][gc] GC(89) Pause Young (Normal) (G1 Evacuation Pause) 341M->11M(551M) 5.757ms
Completing query batches: 70%[40.011s][info][gc] GC(90) Pause Young (Normal) (G1 Evacuation Pause) 340M->11M(551M) 29.977ms
[41.046s][info][gc] GC(91) Pause Young (Normal) (G1 Evacuation Pause) 340M->12M(551M) 43.587ms
[43.056s][info][gc] GC(92) Pause Young (Normal) (G1 Evacuation Pause) 341M->11M(551M) 58.413ms
Completing query batches: 75%[44.814s][info][gc] GC(93) Pause Young (Normal) (G1 Evacuation Pause) 340M->11M(551M) 13.161ms
[46.077s][info][gc] GC(94) Pause Young (Normal) (G1 Evacuation Pause) 340M->11M(551M) 14.250ms
[46.911s][info][gc] GC(95) Pause Young (Normal) (G1 Evacuation Pause) 340M->12M(551M) 5.733ms
[47.936s][info][gc] GC(96) Pause Young (Normal) (G1 Evacuation Pause) 341M->11M(551M) 6.307ms
Completing query batches: 80%[48.832s][info][gc] GC(97) Pause Young (Normal) (G1 Evacuation Pause) 340M->11M(551M) 18.738ms
[49.805s][info][gc] GC(98) Pause Young (Normal) (G1 Evacuation Pause) 340M->11M(551M) 2.637ms
[51.128s][info][gc] GC(99) Pause Young (Normal) (G1 Evacuation Pause) 340M->12M(551M) 2.616ms
Completing query batches: 85%[52.116s][info][gc] GC(100) Pause Young (Normal) (G1 Evacuation Pause) 341M->11M(551M) 5.169ms
[53.377s][info][gc] GC(101) Pause Young (Normal) (G1 Evacuation Pause) 340M->11M(551M) 6.835ms
[54.275s][info][gc] GC(102) Pause Young (Normal) (G1 Evacuation Pause) 340M->12M(551M) 71.923ms
[55.460s][info][gc] GC(103) Pause Young (Normal) (G1 Evacuation Pause) 341M->12M(551M) 42.542ms
Completing query batches: 90%[56.452s][info][gc] GC(104) Pause Young (Normal) (G1 Evacuation Pause) 341M->12M(551M) 20.596ms
[57.773s][info][gc] GC(105) Pause Young (Normal) (G1 Evacuation Pause) 341M->11M(551M) 14.526ms
[58.873s][info][gc] GC(106) Pause Young (Normal) (G1 Evacuation Pause) 340M->11M(551M) 8.581ms
Completing query batches: 95%[60.293s][info][gc] GC(107) Pause Young (Normal) (G1 Evacuation Pause) 340M->11M(551M) 44.906ms
[61.426s][info][gc] GC(108) Pause Young (Normal) (G1 Evacuation Pause) 340M->11M(551M) 45.884ms
[62.519s][info][gc] GC(109) Pause Young (Normal) (G1 Evacuation Pause) 340M->11M(627M) 26.834ms
[63.667s][info][gc] GC(110) Pause Young (Normal) (G1 Evacuation Pause) 386M->11M(627M) 58.337ms
Completing query batches: 100%
Completed requests
===== DaCapo 23.11-chopin lusearch PASSED in 61845 msec =====
===== DaCapo simple tail latency: 50% 45 usec, 90% 626 usec, 99% 15976 usec, 99.9% 49582 usec, 99.99% 141377 usec, max 733667 usec, measured over 524288 events =====
===== DaCapo metered tail latency: 50% 67 usec, 90% 1650637 usec, 99% 3302391 usec, 99.9% 3504523 usec, 99.99% 3552705 usec, max 3563593 usec, measured over 524288 events =====
runAgain
