OpenJDK 64-Bit Server VM warning: Option UseConcMarkSweepGC was deprecated in version 9.0 and will likely be removed in a future release.
[0.002s][info][gc] Using Concurrent Mark Sweep
Class name: org.dacapo.harness.Lusearch
Configurations:
short     A text search tool
long      Text search of keywords over a corpus of data comprising the works of Shakespeare and the King James bible
author    Lucene Project Management Committee
license   Apache License, Version 2.0
copyright Apache Software Foundation, Apache license v2.0
url       http://lucene.apache.org/
version   lucene 9.7.0
sizes     default large small
Using scaled threading model. 8 processors detected, 8 threads used to drive the workload, in a possible range of [1,2048]
[2.922s][info][gc] GC(0) Pause Young (Allocation Failure) 16M->2M(59M) 2.177ms
[2.943s][info][gc] GC(1) Pause Young (Allocation Failure) 18M->3M(59M) 5.251ms
[2.955s][info][gc] GC(2) Pause Young (Allocation Failure) 19M->2M(59M) 0.306ms
[2.965s][info][gc] GC(3) Pause Young (Allocation Failure) 19M->2M(59M) 0.363ms
[2.974s][info][gc] GC(4) Pause Young (Allocation Failure) 19M->2M(59M) 0.564ms
[2.983s][info][gc] GC(5) Pause Young (Allocation Failure) 19M->2M(59M) 0.474ms
[2.989s][info][gc] GC(6) Pause Young (Allocation Failure) 19M->3M(59M) 0.462ms
[2.996s][info][gc] GC(7) Pause Young (Allocation Failure) 19M->3M(59M) 0.533ms
Version: lucene 9.7.0

Nominal statistics
Key Score  Rank Value Description
AOA:    6  8/18    76 nominal average object size (bytes)
AOL:    9  2/18    96 nominal 90-percentile object size (bytes)
AOM:    3 13/18    24 nominal median object size (bytes)
AOS:   10  1/18    24 nominal 10-percentile object size (bytes)
ARA:    9  3/18 10505 nominal allocation rate (bytes / usec) (24619905928/2343600.0)
BAL:    8  5/19   118 nominal aaload per usec
BAS:    9  2/19    55 nominal aastore per usec
BEF:    9  3/19    14 nominal execution focus / dominance of hot code
BGF:    8  4/19  5520 nominal getfield per usec
BPF:    9  3/19   714 nominal putfield per usec
BUB:    4 13/19    25 nominal thousands of unique bytecodes executed
BUF:    3 14/19     2 nominal thousands of unique function calls
GCA:    2 19/22    80 nominal average post-GC heap size as percent of min heap, when run at 2X min heap with G1 (17/21)
GCC:   10  1/22 17270 nominal GC count at 2X heap size (G1)
GCM:    1 20/22    66 nominal median post-GC heap size as percent of min heap, when run at 2X min heap with G1 (14/21)
GCP:    9  3/22    19 nominal percentage of time spent in GC pauses at 2X heap size (G1) (6675/35050)
GLK:    5 12/22     0 nominal percent 10th iteration memory leakage (10 iterations / 1 iterations) (21/21)
GMD:    2 18/22    21 nominal minimum heap size (MB) for default size configuration (with compressed pointers)
GML:    4 11/18    89 nominal minimum heap size (MB) for large size configuration (with compressed pointers)
GMS:    2 18/22     5 nominal minimum heap size (MB) for small size configuration (with compressed pointers)
GMU:    2 19/22    21 nominal minimum heap size (MB) for default size without compressed pointers
GSS:    6 10/22   185 nominal heap size sensitivity (slowdown with tight heap, as a percentage) (6702.5/2343.6)
GTO:   10  1/18  1118 nominal memory turnover (total alloc bytes / min heap bytes)
PET:    6  9/22     3 nominal execution time (sec)
PKP:    8  5/22    16 nominal percentage of time spent in kernel mode (as percentage of user plus kernel time)
PPE:    8  5/22    31 nominal parallel efficiency (speedup as percentage of ideal speedup for 32 threads)
PSD:    5 13/22     0 nominal standard deviation among invocations at peak performance (as percentage of performance)
PWU:    5 13/22     2 nominal iterations to warm up to within 1.5% of best

Initializing callback
[3.035s][info][gc] GC(8) Pause Full (System.gc()) 17M->3M(60M) 7.431ms
===== DaCapo 23.11-chopin lusearch starting =====
Starting 524288 requests...
[3.175s][info][gc] GC(9) Pause Young (Allocation Failure) 19M->8M(60M) 8.737ms
[3.290s][info][gc] GC(10) Pause Young (Allocation Failure) 24M->9M(60M) 1.214ms
[3.348s][info][gc] GC(11) Pause Young (Allocation Failure) 25M->10M(60M) 3.375ms
[3.370s][info][gc] GC(12) Pause Young (Allocation Failure) 27M->9M(60M) 0.508ms
[3.389s][info][gc] GC(13) Pause Young (Allocation Failure) 26M->9M(60M) 0.471ms
[3.409s][info][gc] GC(14) Pause Young (Allocation Failure) 25M->9M(60M) 0.407ms
[3.423s][info][gc] GC(15) Pause Young (Allocation Failure) 25M->9M(60M) 0.525ms
[3.442s][info][gc] GC(16) Pause Young (Allocation Failure) 25M->10M(60M) 0.706ms
[3.455s][info][gc] GC(17) Pause Young (Allocation Failure) 26M->10M(60M) 0.503ms
[3.467s][info][gc] GC(18) Pause Young (Allocation Failure) 26M->10M(60M) 0.556ms
[3.480s][info][gc] GC(19) Pause Young (Allocation Failure) 26M->10M(60M) 0.594ms
[3.492s][info][gc] GC(20) Pause Young (Allocation Failure) 26M->10M(60M) 0.430ms
[3.505s][info][gc] GC(21) Pause Young (Allocation Failure) 26M->10M(60M) 0.578ms
[3.521s][info][gc] GC(22) Pause Young (Allocation Failure) 26M->10M(60M) 0.576ms
[3.533s][info][gc] GC(23) Pause Young (Allocation Failure) 27M->10M(60M) 0.548ms
[3.544s][info][gc] GC(24) Pause Young (Allocation Failure) 27M->10M(60M) 0.472ms
[3.557s][info][gc] GC(25) Pause Young (Allocation Failure) 27M->10M(60M) 0.485ms
[3.569s][info][gc] GC(26) Pause Young (Allocation Failure) 27M->10M(60M) 0.414ms
[3.580s][info][gc] GC(27) Pause Young (Allocation Failure) 27M->10M(60M) 0.456ms
[3.592s][info][gc] GC(28) Pause Young (Allocation Failure) 27M->10M(60M) 0.612ms
[3.602s][info][gc] GC(29) Pause Young (Allocation Failure) 27M->10M(60M) 0.592ms
[3.613s][info][gc] GC(30) Pause Young (Allocation Failure) 27M->10M(60M) 0.443ms
[3.627s][info][gc] GC(31) Pause Young (Allocation Failure) 27M->10M(60M) 0.646ms
[3.635s][info][gc] GC(32) Pause Young (Allocation Failure) 27M->10M(60M) 0.467ms
[3.644s][info][gc] GC(33) Pause Young (Allocation Failure) 27M->10M(60M) 0.613ms
[3.655s][info][gc] GC(34) Pause Young (Allocation Failure) 27M->10M(60M) 0.625ms
[3.666s][info][gc] GC(35) Pause Young (Allocation Failure) 27M->10M(60M) 0.591ms
[3.674s][info][gc] GC(36) Pause Young (Allocation Failure) 27M->10M(60M) 0.487ms
[3.684s][info][gc] GC(37) Pause Young (Allocation Failure) 27M->10M(60M) 0.551ms
[3.692s][info][gc] GC(38) Pause Young (Allocation Failure) 27M->10M(60M) 0.526ms
[3.700s][info][gc] GC(39) Pause Young (Allocation Failure) 27M->10M(60M) 0.475ms
[3.708s][info][gc] GC(40) Pause Young (Allocation Failure) 27M->11M(60M) 0.493ms
[3.715s][info][gc] GC(41) Pause Young (Allocation Failure) 27M->10M(60M) 0.429ms
[3.723s][info][gc] GC(42) Pause Young (Allocation Failure) 27M->10M(60M) 0.483ms
[3.731s][info][gc] GC(43) Pause Young (Allocation Failure) 27M->11M(60M) 0.396ms
[3.739s][info][gc] GC(44) Pause Young (Allocation Failure) 27M->10M(60M) 0.682ms
[3.746s][info][gc] GC(45) Pause Young (Allocation Failure) 27M->10M(60M) 0.509ms
[3.754s][info][gc] GC(46) Pause Young (Allocation Failure) 27M->10M(60M) 0.639ms
[3.764s][info][gc] GC(47) Pause Young (Allocation Failure) 27M->11M(60M) 0.414ms
[3.771s][info][gc] GC(48) Pause Young (Allocation Failure) 27M->10M(60M) 0.683ms
[3.778s][info][gc] GC(49) Pause Young (Allocation Failure) 27M->11M(60M) 0.812ms
[3.786s][info][gc] GC(50) Pause Young (Allocation Failure) 27M->10M(60M) 0.800ms
[3.794s][info][gc] GC(51) Pause Young (Allocation Failure) 27M->11M(60M) 0.574ms
[3.803s][info][gc] GC(52) Pause Young (Allocation Failure) 27M->10M(60M) 0.708ms
[3.811s][info][gc] GC(53) Pause Young (Allocation Failure) 27M->10M(60M) 0.552ms
[3.819s][info][gc] GC(54) Pause Young (Allocation Failure) 27M->11M(60M) 0.760ms
[3.826s][info][gc] GC(55) Pause Young (Allocation Failure) 27M->11M(60M) 0.658ms
[3.835s][info][gc] GC(56) Pause Young (Allocation Failure) 27M->11M(60M) 0.418ms
[3.842s][info][gc] GC(57) Pause Young (Allocation Failure) 27M->11M(60M) 0.713ms
[3.850s][info][gc] GC(58) Pause Young (Allocation Failure) 27M->11M(60M) 0.684ms
[3.856s][info][gc] GC(59) Pause Young (Allocation Failure) 28M->11M(60M) 0.846ms
[3.863s][info][gc] GC(60) Pause Young (Allocation Failure) 28M->11M(60M) 0.496ms
[3.873s][info][gc] GC(61) Pause Young (Allocation Failure) 27M->11M(60M) 0.571ms
[3.881s][info][gc] GC(62) Pause Young (Allocation Failure) 27M->11M(60M) 0.757ms
[3.888s][info][gc] GC(63) Pause Young (Allocation Failure) 27M->11M(60M) 0.426ms
[3.911s][info][gc] GC(64) Pause Young (Allocation Failure) 27M->11M(60M) 16.513ms
[3.925s][info][gc] GC(65) Pause Young (Allocation Failure) 28M->11M(60M) 7.199ms
[3.933s][info][gc] GC(66) Pause Young (Allocation Failure) 27M->11M(60M) 2.312ms
[3.939s][info][gc] GC(67) Pause Young (Allocation Failure) 28M->11M(60M) 0.477ms
[3.944s][info][gc] GC(68) Pause Young (Allocation Failure) 28M->11M(60M) 0.627ms
[3.951s][info][gc] GC(69) Pause Young (Allocation Failure) 28M->11M(60M) 0.461ms
[3.959s][info][gc] GC(70) Pause Young (Allocation Failure) 28M->11M(60M) 0.559ms
[3.966s][info][gc] GC(71) Pause Young (Allocation Failure) 28M->11M(60M) 0.507ms
[3.972s][info][gc] GC(72) Pause Young (Allocation Failure) 28M->11M(60M) 0.486ms
[3.978s][info][gc] GC(73) Pause Young (Allocation Failure) 28M->11M(60M) 1.091ms
[3.984s][info][gc] GC(74) Pause Young (Allocation Failure) 28M->11M(60M) 0.560ms
[3.991s][info][gc] GC(75) Pause Young (Allocation Failure) 28M->11M(60M) 0.579ms
[3.996s][info][gc] GC(76) Pause Young (Allocation Failure) 28M->11M(60M) 0.605ms
[4.003s][info][gc] GC(77) Pause Young (Allocation Failure) 28M->11M(60M) 0.728ms
[4.010s][info][gc] GC(78) Pause Young (Allocation Failure) 28M->11M(60M) 0.667ms
[4.018s][info][gc] GC(79) Pause Young (Allocation Failure) 28M->11M(60M) 0.597ms
[4.025s][info][gc] GC(80) Pause Young (Allocation Failure) 28M->11M(60M) 0.581ms
[4.031s][info][gc] GC(81) Pause Young (Allocation Failure) 28M->12M(60M) 0.498ms
[4.038s][info][gc] GC(82) Pause Young (Allocation Failure) 28M->12M(60M) 0.502ms
[4.043s][info][gc] GC(83) Pause Young (Allocation Failure) 28M->12M(60M) 0.405ms
[4.051s][info][gc] GC(84) Pause Young (Allocation Failure) 28M->12M(60M) 0.564ms
Completing query batches: 5%[4.057s][info][gc] GC(85) Pause Young (Allocation Failure) 29M->12M(60M) 0.407ms
[4.085s][info][gc] GC(86) Pause Young (Allocation Failure) 28M->12M(60M) 22.169ms
[4.096s][info][gc] GC(87) Pause Young (Allocation Failure) 28M->12M(60M) 4.370ms
[4.101s][info][gc] GC(88) Pause Young (Allocation Failure) 28M->12M(60M) 0.655ms
[4.110s][info][gc] GC(89) Pause Young (Allocation Failure) 28M->12M(60M) 3.473ms
[4.116s][info][gc] GC(90) Pause Young (Allocation Failure) 28M->12M(60M) 0.544ms
[4.124s][info][gc] GC(91) Pause Young (Allocation Failure) 28M->12M(60M) 0.650ms
[4.129s][info][gc] GC(92) Pause Young (Allocation Failure) 29M->12M(60M) 0.499ms
[4.136s][info][gc] GC(93) Pause Young (Allocation Failure) 29M->12M(60M) 0.545ms
[4.143s][info][gc] GC(94) Pause Young (Allocation Failure) 29M->12M(60M) 0.920ms
[4.150s][info][gc] GC(95) Pause Young (Allocation Failure) 28M->12M(60M) 0.788ms
[4.159s][info][gc] GC(96) Pause Young (Allocation Failure) 29M->12M(60M) 0.432ms
[4.164s][info][gc] GC(97) Pause Young (Allocation Failure) 29M->12M(60M) 0.472ms
[4.168s][info][gc] GC(98) Pause Young (Allocation Failure) 29M->12M(60M) 0.588ms
[4.175s][info][gc] GC(99) Pause Young (Allocation Failure) 29M->12M(60M) 0.515ms
[4.181s][info][gc] GC(100) Pause Young (Allocation Failure) 29M->12M(60M) 0.549ms
[4.185s][info][gc] GC(101) Pause Young (Allocation Failure) 29M->12M(60M) 0.552ms
[4.190s][info][gc] GC(102) Pause Young (Allocation Failure) 29M->12M(60M) 0.686ms
[4.195s][info][gc] GC(103) Pause Young (Allocation Failure) 29M->12M(60M) 0.532ms
[4.201s][info][gc] GC(104) Pause Young (Allocation Failure) 29M->12M(60M) 0.686ms
[4.206s][info][gc] GC(105) Pause Young (Allocation Failure) 29M->13M(60M) 0.651ms
[4.211s][info][gc] GC(106) Pause Young (Allocation Failure) 29M->12M(60M) 0.840ms
[4.215s][info][gc] GC(107) Pause Young (Allocation Failure) 29M->12M(60M) 0.601ms
[4.222s][info][gc] GC(108) Pause Young (Allocation Failure) 29M->12M(60M) 2.782ms
[4.234s][info][gc] GC(109) Pause Young (Allocation Failure) 29M->12M(60M) 5.668ms
[4.247s][info][gc] GC(110) Pause Young (Allocation Failure) 29M->12M(60M) 0.409ms
[4.251s][info][gc] GC(111) Pause Young (Allocation Failure) 29M->13M(60M) 0.457ms
[4.255s][info][gc] GC(112) Pause Young (Allocation Failure) 29M->13M(60M) 0.395ms
[4.260s][info][gc] GC(113) Pause Young (Allocation Failure) 29M->13M(60M) 1.765ms
[4.266s][info][gc] GC(114) Pause Young (Allocation Failure) 29M->12M(60M) 0.630ms
[4.271s][info][gc] GC(115) Pause Young (Allocation Failure) 29M->13M(60M) 0.761ms
[4.277s][info][gc] GC(116) Pause Young (Allocation Failure) 29M->13M(60M) 0.817ms
[4.281s][info][gc] GC(117) Pause Young (Allocation Failure) 29M->13M(60M) 0.705ms
[4.287s][info][gc] GC(118) Pause Young (Allocation Failure) 29M->13M(60M) 0.467ms
[4.291s][info][gc] GC(119) Pause Young (Allocation Failure) 29M->13M(60M) 0.562ms
[4.295s][info][gc] GC(120) Pause Young (Allocation Failure) 29M->13M(60M) 0.467ms
[4.300s][info][gc] GC(121) Pause Young (Allocation Failure) 29M->13M(60M) 1.577ms
[4.309s][info][gc] GC(122) Pause Young (Allocation Failure) 29M->13M(60M) 0.905ms
[4.314s][info][gc] GC(123) Pause Young (Allocation Failure) 30M->13M(60M) 0.541ms
[4.319s][info][gc] GC(124) Pause Young (Allocation Failure) 29M->13M(60M) 1.065ms
[4.323s][info][gc] GC(125) Pause Young (Allocation Failure) 30M->13M(60M) 0.511ms
[4.329s][info][gc] GC(126) Pause Young (Allocation Failure) 30M->13M(60M) 0.593ms
[4.335s][info][gc] GC(127) Pause Young (Allocation Failure) 30M->13M(60M) 0.448ms
[4.339s][info][gc] GC(128) Pause Young (Allocation Failure) 30M->13M(60M) 0.478ms
[4.344s][info][gc] GC(129) Pause Young (Allocation Failure) 30M->13M(60M) 0.615ms
[4.351s][info][gc] GC(130) Pause Young (Allocation Failure) 30M->13M(60M) 0.437ms
[4.356s][info][gc] GC(131) Pause Young (Allocation Failure) 30M->13M(60M) 0.744ms
[4.363s][info][gc] GC(132) Pause Young (Allocation Failure) 30M->13M(60M) 1.420ms
[4.371s][info][gc] GC(133) Pause Young (Allocation Failure) 30M->13M(60M) 0.469ms
[4.375s][info][gc] GC(134) Pause Young (Allocation Failure) 30M->13M(60M) 0.465ms
[4.383s][info][gc] GC(135) Pause Young (Allocation Failure) 30M->13M(60M) 0.530ms
[4.391s][info][gc] GC(136) Pause Young (Allocation Failure) 30M->13M(60M) 0.422ms
[4.394s][info][gc] GC(137) Pause Young (Allocation Failure) 30M->13M(60M) 0.616ms
[4.400s][info][gc] GC(138) Pause Young (Allocation Failure) 30M->13M(60M) 0.569ms
[4.405s][info][gc] GC(139) Pause Young (Allocation Failure) 30M->13M(60M) 0.866ms
[4.409s][info][gc] GC(140) Pause Young (Allocation Failure) 30M->13M(60M) 0.609ms
[4.412s][info][gc] GC(141) Pause Young (Allocation Failure) 30M->13M(60M) 0.534ms
[4.418s][info][gc] GC(142) Pause Young (Allocation Failure) 30M->13M(60M) 0.972ms
[4.423s][info][gc] GC(143) Pause Young (Allocation Failure) 30M->13M(60M) 0.372ms
[4.428s][info][gc] GC(144) Pause Young (Allocation Failure) 30M->13M(60M) 0.409ms
[4.432s][info][gc] GC(145) Pause Young (Allocation Failure) 30M->13M(60M) 0.445ms
[4.437s][info][gc] GC(146) Pause Young (Allocation Failure) 30M->14M(60M) 0.590ms
[4.445s][info][gc] GC(147) Pause Young (Allocation Failure) 30M->13M(60M) 0.470ms
[4.448s][info][gc] GC(148) Pause Young (Allocation Failure) 30M->13M(60M) 0.574ms
[4.452s][info][gc] GC(149) Pause Young (Allocation Failure) 30M->13M(60M) 0.735ms
[4.455s][info][gc] GC(150) Pause Young (Allocation Failure) 30M->14M(60M) 0.506ms
[4.459s][info][gc] GC(151) Pause Young (Allocation Failure) 30M->13M(60M) 0.566ms
[4.462s][info][gc] GC(152) Pause Young (Allocation Failure) 30M->13M(60M) 0.534ms
[4.466s][info][gc] GC(153) Pause Young (Allocation Failure) 30M->13M(60M) 0.684ms
[4.469s][info][gc] GC(154) Pause Young (Allocation Failure) 30M->13M(60M) 0.433ms
[4.473s][info][gc] GC(155) Pause Young (Allocation Failure) 30M->14M(60M) 0.649ms
[4.478s][info][gc] GC(156) Pause Young (Allocation Failure) 30M->13M(60M) 0.768ms
Completing query batches: 10%[4.483s][info][gc] GC(157) Pause Young (Allocation Failure) 30M->13M(60M) 0.425ms
[4.488s][info][gc] GC(158) Pause Young (Allocation Failure) 30M->13M(60M) 0.608ms
[4.497s][info][gc] GC(159) Pause Young (Allocation Failure) 30M->13M(60M) 0.851ms
[4.501s][info][gc] GC(160) Pause Young (Allocation Failure) 30M->14M(60M) 0.746ms
[4.505s][info][gc] GC(161) Pause Young (Allocation Failure) 30M->14M(60M) 0.625ms
[4.509s][info][gc] GC(162) Pause Young (Allocation Failure) 30M->13M(60M) 0.701ms
[4.514s][info][gc] GC(163) Pause Young (Allocation Failure) 30M->14M(60M) 1.015ms
[4.519s][info][gc] GC(164) Pause Young (Allocation Failure) 30M->14M(60M) 1.082ms
[4.523s][info][gc] GC(165) Pause Young (Allocation Failure) 30M->14M(60M) 1.020ms
[4.526s][info][gc] GC(166) Pause Young (Allocation Failure) 30M->14M(60M) 0.745ms
[4.531s][info][gc] GC(167) Pause Young (Allocation Failure) 30M->14M(60M) 0.588ms
[4.536s][info][gc] GC(168) Pause Young (Allocation Failure) 30M->14M(60M) 0.438ms
[4.539s][info][gc] GC(169) Pause Young (Allocation Failure) 30M->14M(60M) 0.470ms
[4.543s][info][gc] GC(170) Pause Young (Allocation Failure) 31M->14M(60M) 0.563ms
[4.547s][info][gc] GC(171) Pause Young (Allocation Failure) 30M->14M(60M) 0.659ms
[4.551s][info][gc] GC(172) Pause Young (Allocation Failure) 30M->14M(60M) 0.896ms
[4.556s][info][gc] GC(173) Pause Young (Allocation Failure) 30M->14M(60M) 0.875ms
[4.560s][info][gc] GC(174) Pause Young (Allocation Failure) 31M->14M(60M) 0.446ms
[4.565s][info][gc] GC(175) Pause Young (Allocation Failure) 31M->14M(60M) 0.531ms
[4.573s][info][gc] GC(176) Pause Young (Allocation Failure) 31M->14M(60M) 0.701ms
[4.582s][info][gc] GC(177) Pause Young (Allocation Failure) 30M->14M(60M) 0.716ms
[4.586s][info][gc] GC(178) Pause Young (Allocation Failure) 31M->14M(60M) 0.684ms
[4.592s][info][gc] GC(179) Pause Young (Allocation Failure) 31M->14M(60M) 0.515ms
[4.600s][info][gc] GC(180) Pause Young (Allocation Failure) 31M->14M(60M) 0.450ms
[4.608s][info][gc] GC(181) Pause Young (Allocation Failure) 31M->14M(60M) 0.454ms
[4.614s][info][gc] GC(182) Pause Young (Allocation Failure) 30M->14M(60M) 0.583ms
[4.619s][info][gc] GC(183) Pause Young (Allocation Failure) 30M->14M(60M) 0.514ms
[4.623s][info][gc] GC(184) Pause Young (Allocation Failure) 31M->14M(60M) 0.445ms
[4.627s][info][gc] GC(185) Pause Young (Allocation Failure) 31M->14M(60M) 0.517ms
[4.631s][info][gc] GC(186) Pause Young (Allocation Failure) 31M->14M(60M) 0.681ms
[4.637s][info][gc] GC(187) Pause Young (Allocation Failure) 31M->14M(60M) 0.704ms
[4.640s][info][gc] GC(188) Pause Young (Allocation Failure) 31M->14M(60M) 0.461ms
[4.649s][info][gc] GC(189) Pause Young (Allocation Failure) 31M->14M(60M) 0.550ms
[4.653s][info][gc] GC(190) Pause Young (Allocation Failure) 30M->14M(60M) 0.497ms
[4.657s][info][gc] GC(191) Pause Young (Allocation Failure) 31M->14M(60M) 0.665ms
[4.663s][info][gc] GC(192) Pause Young (Allocation Failure) 31M->14M(60M) 0.448ms
[4.667s][info][gc] GC(193) Pause Young (Allocation Failure) 31M->14M(60M) 0.581ms
[4.672s][info][gc] GC(194) Pause Young (Allocation Failure) 31M->14M(60M) 0.488ms
[4.678s][info][gc] GC(195) Pause Young (Allocation Failure) 31M->14M(60M) 0.671ms
[4.682s][info][gc] GC(196) Pause Young (Allocation Failure) 31M->14M(60M) 0.592ms
[4.686s][info][gc] GC(197) Pause Young (Allocation Failure) 31M->14M(60M) 1.389ms
[4.691s][info][gc] GC(198) Pause Young (Allocation Failure) 31M->14M(60M) 0.504ms
[4.695s][info][gc] GC(199) Pause Young (Allocation Failure) 31M->14M(60M) 0.564ms
[4.699s][info][gc] GC(200) Pause Young (Allocation Failure) 31M->15M(60M) 0.529ms
[4.705s][info][gc] GC(201) Pause Young (Allocation Failure) 31M->15M(60M) 0.513ms
[4.709s][info][gc] GC(202) Pause Young (Allocation Failure) 31M->15M(60M) 0.602ms
[4.716s][info][gc] GC(203) Pause Young (Allocation Failure) 31M->15M(60M) 0.542ms
[4.720s][info][gc] GC(204) Pause Young (Allocation Failure) 31M->14M(60M) 0.496ms
[4.727s][info][gc] GC(205) Pause Young (Allocation Failure) 31M->15M(60M) 0.711ms
[4.732s][info][gc] GC(206) Pause Young (Allocation Failure) 31M->14M(60M) 0.424ms
[4.736s][info][gc] GC(207) Pause Young (Allocation Failure) 31M->15M(60M) 0.447ms
[4.743s][info][gc] GC(208) Pause Young (Allocation Failure) 31M->15M(60M) 0.535ms
[4.746s][info][gc] GC(209) Pause Young (Allocation Failure) 31M->15M(60M) 0.731ms
[4.750s][info][gc] GC(210) Pause Young (Allocation Failure) 31M->15M(60M) 0.619ms
[4.754s][info][gc] GC(211) Pause Young (Allocation Failure) 31M->15M(60M) 0.699ms
[4.758s][info][gc] GC(212) Pause Young (Allocation Failure) 31M->15M(60M) 0.529ms
[4.764s][info][gc] GC(213) Pause Young (Allocation Failure) 31M->15M(60M) 2.436ms
[4.768s][info][gc] GC(214) Pause Young (Allocation Failure) 31M->15M(60M) 0.551ms
[4.773s][info][gc] GC(215) Pause Young (Allocation Failure) 31M->15M(60M) 0.650ms
[4.778s][info][gc] GC(216) Pause Young (Allocation Failure) 32M->15M(60M) 0.902ms
[4.783s][info][gc] GC(217) Pause Young (Allocation Failure) 32M->15M(60M) 0.407ms
[4.787s][info][gc] GC(218) Pause Young (Allocation Failure) 31M->15M(60M) 0.403ms
[4.791s][info][gc] GC(219) Pause Young (Allocation Failure) 31M->15M(60M) 0.516ms
[4.795s][info][gc] GC(220) Pause Young (Allocation Failure) 32M->15M(60M) 0.487ms
[4.800s][info][gc] GC(221) Pause Young (Allocation Failure) 32M->15M(60M) 1.152ms
[4.805s][info][gc] GC(222) Pause Young (Allocation Failure) 31M->15M(60M) 0.545ms
[4.809s][info][gc] GC(223) Pause Young (Allocation Failure) 32M->15M(60M) 0.635ms
[4.815s][info][gc] GC(224) Pause Young (Allocation Failure) 32M->15M(60M) 0.595ms
[4.823s][info][gc] GC(225) Pause Young (Allocation Failure) 31M->15M(60M) 4.787ms
[4.826s][info][gc] GC(226) Pause Young (Allocation Failure) 32M->15M(60M) 0.477ms
[4.830s][info][gc] GC(227) Pause Young (Allocation Failure) 32M->15M(60M) 0.746ms
[4.834s][info][gc] GC(228) Pause Young (Allocation Failure) 32M->15M(60M) 0.478ms
Completing query batches: 15%[4.838s][info][gc] GC(229) Pause Young (Allocation Failure) 32M->15M(60M) 0.706ms
[4.843s][info][gc] GC(230) Pause Young (Allocation Failure) 32M->15M(60M) 0.482ms
[4.847s][info][gc] GC(231) Pause Young (Allocation Failure) 32M->15M(60M) 0.787ms
[4.850s][info][gc] GC(232) Pause Young (Allocation Failure) 31M->15M(60M) 0.532ms
[4.853s][info][gc] GC(233) Pause Young (Allocation Failure) 32M->15M(60M) 0.654ms
[4.858s][info][gc] GC(234) Pause Young (Allocation Failure) 32M->15M(60M) 0.588ms
[4.863s][info][gc] GC(235) Pause Young (Allocation Failure) 32M->15M(60M) 0.425ms
[4.866s][info][gc] GC(236) Pause Young (Allocation Failure) 31M->15M(60M) 0.590ms
[4.869s][info][gc] GC(237) Pause Young (Allocation Failure) 32M->15M(60M) 0.571ms
[4.873s][info][gc] GC(238) Pause Young (Allocation Failure) 32M->15M(60M) 0.600ms
[4.877s][info][gc] GC(239) Pause Young (Allocation Failure) 32M->15M(60M) 0.563ms
[4.880s][info][gc] GC(240) Pause Young (Allocation Failure) 32M->15M(60M) 0.483ms
[4.885s][info][gc] GC(241) Pause Young (Allocation Failure) 32M->15M(60M) 0.468ms
[4.889s][info][gc] GC(242) Pause Young (Allocation Failure) 31M->15M(60M) 0.754ms
[4.894s][info][gc] GC(243) Pause Young (Allocation Failure) 32M->15M(60M) 0.837ms
[4.901s][info][gc] GC(244) Pause Young (Allocation Failure) 32M->15M(60M) 0.533ms
[4.905s][info][gc] GC(245) Pause Young (Allocation Failure) 32M->15M(60M) 0.788ms
[4.914s][info][gc] GC(246) Pause Young (Allocation Failure) 32M->15M(60M) 3.878ms
[4.919s][info][gc] GC(247) Pause Young (Allocation Failure) 32M->15M(60M) 0.547ms
[4.923s][info][gc] GC(248) Pause Young (Allocation Failure) 32M->15M(60M) 0.622ms
[4.927s][info][gc] GC(249) Pause Young (Allocation Failure) 32M->15M(60M) 0.469ms
[4.930s][info][gc] GC(250) Pause Young (Allocation Failure) 32M->15M(60M) 0.881ms
[4.939s][info][gc] GC(251) Pause Young (Allocation Failure) 32M->15M(60M) 0.458ms
[4.942s][info][gc] GC(252) Pause Young (Allocation Failure) 31M->15M(60M) 0.568ms
[4.946s][info][gc] GC(253) Pause Young (Allocation Failure) 32M->15M(60M) 0.593ms
[4.950s][info][gc] GC(254) Pause Young (Allocation Failure) 32M->15M(60M) 0.837ms
[4.953s][info][gc] GC(255) Pause Young (Allocation Failure) 32M->15M(60M) 0.538ms
[4.960s][info][gc] GC(256) Pause Young (Allocation Failure) 32M->15M(60M) 0.455ms
[4.967s][info][gc] GC(257) Pause Young (Allocation Failure) 32M->15M(60M) 0.525ms
[4.973s][info][gc] GC(258) Pause Young (Allocation Failure) 32M->15M(60M) 0.500ms
[4.982s][info][gc] GC(259) Pause Young (Allocation Failure) 32M->15M(60M) 3.212ms
[4.986s][info][gc] GC(260) Pause Young (Allocation Failure) 32M->15M(60M) 0.830ms
[4.990s][info][gc] GC(261) Pause Young (Allocation Failure) 32M->15M(60M) 0.448ms
[4.995s][info][gc] GC(262) Pause Young (Allocation Failure) 32M->15M(60M) 0.699ms
[5.007s][info][gc] GC(263) Pause Young (Allocation Failure) 32M->15M(60M) 0.842ms
[5.012s][info][gc] GC(264) Pause Young (Allocation Failure) 32M->15M(60M) 0.701ms
[5.016s][info][gc] GC(265) Pause Young (Allocation Failure) 32M->15M(60M) 0.493ms
[5.020s][info][gc] GC(266) Pause Young (Allocation Failure) 32M->15M(60M) 0.482ms
[5.024s][info][gc] GC(267) Pause Young (Allocation Failure) 32M->15M(60M) 0.463ms
[5.028s][info][gc] GC(268) Pause Young (Allocation Failure) 32M->15M(60M) 0.590ms
[5.033s][info][gc] GC(269) Pause Young (Allocation Failure) 32M->15M(60M) 1.905ms
[5.038s][info][gc] GC(270) Pause Young (Allocation Failure) 32M->15M(60M) 0.576ms
[5.042s][info][gc] GC(271) Pause Young (Allocation Failure) 32M->15M(60M) 0.576ms
[5.047s][info][gc] GC(272) Pause Young (Allocation Failure) 32M->15M(60M) 0.483ms
[5.051s][info][gc] GC(273) Pause Young (Allocation Failure) 32M->15M(60M) 0.597ms
[5.054s][info][gc] GC(274) Pause Young (Allocation Failure) 32M->15M(60M) 0.608ms
[5.058s][info][gc] GC(275) Pause Young (Allocation Failure) 32M->16M(60M) 0.701ms
[5.063s][info][gc] GC(276) Pause Young (Allocation Failure) 32M->16M(60M) 0.483ms
[5.067s][info][gc] GC(277) Pause Young (Allocation Failure) 32M->15M(60M) 0.609ms
[5.072s][info][gc] GC(278) Pause Young (Allocation Failure) 32M->15M(60M) 0.494ms
[5.083s][info][gc] GC(279) Pause Young (Allocation Failure) 32M->16M(60M) 4.874ms
[5.090s][info][gc] GC(280) Pause Young (Allocation Failure) 32M->15M(60M) 2.515ms
[5.096s][info][gc] GC(281) Pause Young (Allocation Failure) 32M->15M(60M) 0.497ms
[5.102s][info][gc] GC(282) Pause Young (Allocation Failure) 32M->16M(60M) 0.626ms
[5.106s][info][gc] GC(283) Pause Young (Allocation Failure) 32M->16M(60M) 0.843ms
[5.111s][info][gc] GC(284) Pause Young (Allocation Failure) 32M->16M(60M) 1.433ms
[5.115s][info][gc] GC(285) Pause Young (Allocation Failure) 32M->16M(60M) 0.876ms
[5.119s][info][gc] GC(286) Pause Young (Allocation Failure) 32M->16M(60M) 0.477ms
[5.126s][info][gc] GC(287) Pause Young (Allocation Failure) 32M->16M(60M) 0.521ms
[5.132s][info][gc] GC(288) Pause Young (Allocation Failure) 32M->16M(60M) 0.554ms
[5.137s][info][gc] GC(289) Pause Young (Allocation Failure) 32M->16M(60M) 0.655ms
[5.142s][info][gc] GC(290) Pause Young (Allocation Failure) 32M->16M(60M) 1.139ms
[5.146s][info][gc] GC(291) Pause Young (Allocation Failure) 33M->16M(60M) 0.519ms
[5.151s][info][gc] GC(292) Pause Young (Allocation Failure) 32M->16M(60M) 0.658ms
[5.156s][info][gc] GC(293) Pause Young (Allocation Failure) 33M->16M(60M) 0.528ms
[5.160s][info][gc] GC(294) Pause Young (Allocation Failure) 32M->16M(60M) 0.466ms
[5.164s][info][gc] GC(295) Pause Young (Allocation Failure) 33M->16M(60M) 0.506ms
[5.167s][info][gc] GC(296) Pause Young (Allocation Failure) 33M->16M(60M) 0.495ms
[5.173s][info][gc] GC(297) Pause Young (Allocation Failure) 33M->16M(60M) 0.577ms
[5.177s][info][gc] GC(298) Pause Young (Allocation Failure) 33M->16M(60M) 1.215ms
[5.181s][info][gc] GC(299) Pause Young (Allocation Failure) 33M->16M(60M) 0.740ms
Completing query batches: 20%[5.187s][info][gc] GC(300) Pause Young (Allocation Failure) 33M->16M(60M) 0.464ms
[5.191s][info][gc] GC(301) Pause Young (Allocation Failure) 33M->16M(60M) 0.572ms
[5.201s][info][gc] GC(302) Pause Young (Allocation Failure) 33M->16M(60M) 0.782ms
[5.207s][info][gc] GC(303) Pause Young (Allocation Failure) 33M->16M(60M) 0.937ms
[5.211s][info][gc] GC(304) Pause Young (Allocation Failure) 33M->16M(60M) 1.086ms
[5.214s][info][gc] GC(305) Pause Young (Allocation Failure) 33M->16M(60M) 0.698ms
[5.217s][info][gc] GC(306) Pause Young (Allocation Failure) 33M->16M(60M) 0.586ms
[5.221s][info][gc] GC(307) Pause Young (Allocation Failure) 33M->16M(60M) 0.715ms
[5.228s][info][gc] GC(308) Pause Young (Allocation Failure) 33M->16M(60M) 0.466ms
[5.235s][info][gc] GC(309) Pause Young (Allocation Failure) 33M->16M(60M) 0.558ms
[5.240s][info][gc] GC(310) Pause Young (Allocation Failure) 33M->17M(60M) 0.448ms
[5.246s][info][gc] GC(311) Pause Young (Allocation Failure) 33M->17M(60M) 0.713ms
[5.251s][info][gc] GC(312) Pause Young (Allocation Failure) 33M->17M(60M) 0.576ms
[5.254s][info][gc] GC(313) Pause Young (Allocation Failure) 33M->16M(60M) 0.804ms
[5.258s][info][gc] GC(314) Pause Young (Allocation Failure) 33M->16M(60M) 0.621ms
[5.264s][info][gc] GC(315) Pause Young (Allocation Failure) 33M->16M(60M) 0.503ms
[5.269s][info][gc] GC(316) Pause Young (Allocation Failure) 33M->16M(60M) 0.753ms
[5.273s][info][gc] GC(317) Pause Young (Allocation Failure) 33M->16M(60M) 0.678ms
[5.277s][info][gc] GC(318) Pause Young (Allocation Failure) 33M->17M(60M) 0.655ms
[5.280s][info][gc] GC(319) Pause Young (Allocation Failure) 33M->16M(60M) 0.475ms
[5.283s][info][gc] GC(320) Pause Young (Allocation Failure) 33M->17M(60M) 0.603ms
[5.288s][info][gc] GC(321) Pause Young (Allocation Failure) 33M->17M(60M) 0.538ms
[5.292s][info][gc] GC(322) Pause Young (Allocation Failure) 33M->17M(60M) 0.844ms
[5.298s][info][gc] GC(323) Pause Young (Allocation Failure) 33M->17M(60M) 0.827ms
[5.302s][info][gc] GC(324) Pause Young (Allocation Failure) 33M->17M(60M) 0.748ms
[5.305s][info][gc] GC(325) Pause Young (Allocation Failure) 33M->17M(60M) 0.506ms
[5.311s][info][gc] GC(326) Pause Young (Allocation Failure) 33M->17M(60M) 0.533ms
[5.320s][info][gc] GC(327) Pause Young (Allocation Failure) 33M->17M(60M) 1.266ms
[5.326s][info][gc] GC(328) Pause Young (Allocation Failure) 33M->17M(60M) 0.698ms
[5.330s][info][gc] GC(329) Pause Young (Allocation Failure) 33M->16M(60M) 0.624ms
[5.333s][info][gc] GC(330) Pause Young (Allocation Failure) 33M->17M(60M) 0.610ms
[5.337s][info][gc] GC(331) Pause Young (Allocation Failure) 33M->17M(60M) 0.815ms
[5.344s][info][gc] GC(332) Pause Young (Allocation Failure) 34M->16M(60M) 0.790ms
[5.350s][info][gc] GC(333) Pause Young (Allocation Failure) 33M->17M(60M) 0.738ms
[5.359s][info][gc] GC(334) Pause Young (Allocation Failure) 33M->17M(60M) 1.509ms
[5.362s][info][gc] GC(335) Pause Young (Allocation Failure) 33M->17M(60M) 1.176ms
[5.366s][info][gc] GC(336) Pause Young (Allocation Failure) 33M->17M(60M) 0.925ms
[5.370s][info][gc] GC(337) Pause Young (Allocation Failure) 33M->17M(60M) 0.602ms
[5.374s][info][gc] GC(338) Pause Young (Allocation Failure) 33M->17M(60M) 0.683ms
[5.378s][info][gc] GC(339) Pause Young (Allocation Failure) 33M->17M(60M) 0.828ms
[5.382s][info][gc] GC(340) Pause Young (Allocation Failure) 33M->17M(60M) 0.756ms
[5.386s][info][gc] GC(341) Pause Young (Allocation Failure) 33M->17M(60M) 1.507ms
[5.390s][info][gc] GC(342) Pause Young (Allocation Failure) 34M->17M(60M) 0.684ms
[5.394s][info][gc] GC(343) Pause Young (Allocation Failure) 33M->17M(60M) 0.602ms
[5.398s][info][gc] GC(344) Pause Young (Allocation Failure) 33M->17M(60M) 0.742ms
[5.403s][info][gc] GC(345) Pause Young (Allocation Failure) 33M->17M(60M) 0.526ms
[5.407s][info][gc] GC(346) Pause Young (Allocation Failure) 34M->17M(60M) 0.743ms
[5.409s][info][gc] GC(347) Pause Young (Allocation Failure) 34M->17M(60M) 0.465ms
[5.414s][info][gc] GC(348) Pause Young (Allocation Failure) 34M->17M(60M) 0.505ms
[5.421s][info][gc] GC(349) Pause Young (Allocation Failure) 33M->17M(60M) 3.528ms
[5.424s][info][gc] GC(350) Pause Young (Allocation Failure) 33M->17M(60M) 0.549ms
[5.429s][info][gc] GC(351) Pause Young (Allocation Failure) 33M->17M(60M) 0.557ms
[5.434s][info][gc] GC(352) Pause Young (Allocation Failure) 33M->17M(60M) 0.603ms
[5.437s][info][gc] GC(353) Pause Young (Allocation Failure) 34M->17M(60M) 0.533ms
[5.441s][info][gc] GC(354) Pause Young (Allocation Failure) 34M->17M(60M) 0.502ms
[5.446s][info][gc] GC(355) Pause Young (Allocation Failure) 34M->17M(60M) 1.296ms
[5.452s][info][gc] GC(356) Pause Young (Allocation Failure) 34M->17M(60M) 0.534ms
[5.460s][info][gc] GC(357) Pause Young (Allocation Failure) 34M->17M(60M) 0.569ms
[5.472s][info][gc] GC(358) Pause Young (Allocation Failure) 34M->17M(60M) 4.769ms
[5.475s][info][gc] GC(359) Pause Young (Allocation Failure) 34M->17M(60M) 0.438ms
[5.481s][info][gc] GC(360) Pause Young (Allocation Failure) 34M->17M(60M) 1.435ms
[5.488s][info][gc] GC(361) Pause Young (Allocation Failure) 34M->17M(60M) 3.132ms
[5.496s][info][gc] GC(362) Pause Young (Allocation Failure) 34M->17M(60M) 0.545ms
[5.502s][info][gc] GC(363) Pause Young (Allocation Failure) 34M->17M(60M) 0.530ms
[5.507s][info][gc] GC(364) Pause Young (Allocation Failure) 34M->17M(60M) 0.902ms
[5.511s][info][gc] GC(365) Pause Young (Allocation Failure) 34M->17M(60M) 0.495ms
[5.514s][info][gc] GC(366) Pause Young (Allocation Failure) 34M->17M(60M) 0.908ms
[5.521s][info][gc] GC(367) Pause Young (Allocation Failure) 34M->17M(60M) 1.858ms
[5.528s][info][gc] GC(368) Pause Young (Allocation Failure) 34M->17M(60M) 0.548ms
[5.534s][info][gc] GC(369) Pause Young (Allocation Failure) 33M->17M(60M) 0.746ms
[5.539s][info][gc] GC(370) Pause Young (Allocation Failure) 34M->17M(60M) 1.160ms
[5.543s][info][gc] GC(371) Pause Young (Allocation Failure) 34M->17M(60M) 0.668ms
Completing query batches: 25%[5.546s][info][gc] GC(372) Pause Young (Allocation Failure) 34M->17M(60M) 0.757ms
[5.550s][info][gc] GC(373) Pause Young (Allocation Failure) 34M->17M(60M) 0.735ms
[5.558s][info][gc] GC(374) Pause Young (Allocation Failure) 34M->17M(60M) 3.366ms
[5.561s][info][gc] GC(375) Pause Young (Allocation Failure) 34M->17M(60M) 0.558ms
[5.565s][info][gc] GC(376) Pause Young (Allocation Failure) 34M->17M(60M) 0.560ms
[5.568s][info][gc] GC(377) Pause Young (Allocation Failure) 34M->17M(60M) 0.420ms
[5.571s][info][gc] GC(378) Pause Young (Allocation Failure) 34M->17M(60M) 0.509ms
[5.575s][info][gc] GC(379) Pause Young (Allocation Failure) 34M->17M(60M) 0.702ms
[5.579s][info][gc] GC(380) Pause Young (Allocation Failure) 34M->18M(60M) 0.558ms
[5.584s][info][gc] GC(381) Pause Young (Allocation Failure) 34M->17M(60M) 0.432ms
[5.589s][info][gc] GC(382) Pause Young (Allocation Failure) 34M->17M(60M) 0.629ms
[5.592s][info][gc] GC(383) Pause Young (Allocation Failure) 34M->17M(60M) 0.764ms
[5.596s][info][gc] GC(384) Pause Young (Allocation Failure) 34M->18M(60M) 0.426ms
[5.599s][info][gc] GC(385) Pause Young (Allocation Failure) 34M->17M(60M) 0.604ms
[5.602s][info][gc] GC(386) Pause Young (Allocation Failure) 34M->17M(60M) 0.639ms
[5.605s][info][gc] GC(387) Pause Young (Allocation Failure) 34M->17M(60M) 0.522ms
[5.610s][info][gc] GC(388) Pause Young (Allocation Failure) 34M->17M(60M) 0.786ms
[5.614s][info][gc] GC(389) Pause Young (Allocation Failure) 34M->17M(60M) 0.497ms
[5.617s][info][gc] GC(390) Pause Young (Allocation Failure) 34M->17M(60M) 0.478ms
[5.623s][info][gc] GC(391) Pause Young (Allocation Failure) 34M->17M(60M) 0.532ms
[5.627s][info][gc] GC(392) Pause Young (Allocation Failure) 34M->17M(60M) 0.898ms
[5.631s][info][gc] GC(393) Pause Young (Allocation Failure) 34M->17M(60M) 0.459ms
[5.635s][info][gc] GC(394) Pause Young (Allocation Failure) 34M->17M(60M) 0.482ms
[5.639s][info][gc] GC(395) Pause Young (Allocation Failure) 34M->17M(60M) 0.945ms
[5.643s][info][gc] GC(396) Pause Young (Allocation Failure) 34M->17M(60M) 0.414ms
[5.647s][info][gc] GC(397) Pause Young (Allocation Failure) 34M->17M(60M) 0.492ms
[5.651s][info][gc] GC(398) Pause Young (Allocation Failure) 34M->18M(60M) 0.774ms
[5.655s][info][gc] GC(399) Pause Young (Allocation Failure) 34M->17M(60M) 0.826ms
[5.659s][info][gc] GC(400) Pause Young (Allocation Failure) 34M->18M(60M) 1.000ms
[5.662s][info][gc] GC(401) Pause Young (Allocation Failure) 34M->18M(60M) 0.709ms
[5.667s][info][gc] GC(402) Pause Young (Allocation Failure) 34M->17M(60M) 0.680ms
[5.673s][info][gc] GC(403) Pause Young (Allocation Failure) 34M->18M(60M) 0.626ms
[5.676s][info][gc] GC(404) Pause Young (Allocation Failure) 34M->18M(60M) 0.568ms
[5.680s][info][gc] GC(405) Pause Young (Allocation Failure) 34M->18M(60M) 0.550ms
[5.684s][info][gc] GC(406) Pause Young (Allocation Failure) 34M->18M(60M) 1.392ms
[5.690s][info][gc] GC(407) Pause Young (Allocation Failure) 34M->18M(60M) 1.225ms
[5.697s][info][gc] GC(408) Pause Young (Allocation Failure) 34M->17M(60M) 1.009ms
[5.701s][info][gc] GC(409) Pause Young (Allocation Failure) 34M->17M(60M) 0.476ms
[5.706s][info][gc] GC(410) Pause Young (Allocation Failure) 34M->17M(60M) 0.845ms
[5.709s][info][gc] GC(411) Pause Young (Allocation Failure) 34M->18M(60M) 0.589ms
[5.715s][info][gc] GC(412) Pause Young (Allocation Failure) 34M->18M(60M) 0.604ms
[5.719s][info][gc] GC(413) Pause Young (Allocation Failure) 34M->18M(60M) 0.665ms
[5.721s][info][gc] GC(414) Pause Young (Allocation Failure) 34M->18M(60M) 0.583ms
[5.726s][info][gc] GC(415) Pause Young (Allocation Failure) 34M->18M(60M) 0.727ms
[5.729s][info][gc] GC(416) Pause Young (Allocation Failure) 34M->18M(60M) 0.555ms
[5.734s][info][gc] GC(417) Pause Young (Allocation Failure) 34M->18M(60M) 1.494ms
[5.738s][info][gc] GC(418) Pause Young (Allocation Failure) 34M->18M(60M) 0.773ms
[5.744s][info][gc] GC(419) Pause Young (Allocation Failure) 34M->18M(60M) 0.519ms
[5.747s][info][gc] GC(420) Pause Young (Allocation Failure) 34M->18M(60M) 0.445ms
[5.751s][info][gc] GC(421) Pause Young (Allocation Failure) 34M->18M(60M) 0.426ms
[5.754s][info][gc] GC(422) Pause Young (Allocation Failure) 35M->18M(60M) 0.934ms
[5.759s][info][gc] GC(423) Pause Young (Allocation Failure) 35M->18M(60M) 0.488ms
[5.764s][info][gc] GC(424) Pause Young (Allocation Failure) 34M->18M(60M) 0.455ms
[5.768s][info][gc] GC(425) Pause Young (Allocation Failure) 34M->18M(60M) 0.483ms
[5.772s][info][gc] GC(426) Pause Young (Allocation Failure) 34M->18M(60M) 0.594ms
[5.775s][info][gc] GC(427) Pause Young (Allocation Failure) 35M->18M(60M) 0.517ms
[5.779s][info][gc] GC(428) Pause Young (Allocation Failure) 34M->18M(60M) 0.473ms
[5.783s][info][gc] GC(429) Pause Young (Allocation Failure) 34M->18M(60M) 0.750ms
[5.788s][info][gc] GC(430) Pause Young (Allocation Failure) 35M->18M(60M) 0.611ms
[5.793s][info][gc] GC(431) Pause Young (Allocation Failure) 35M->18M(60M) 0.639ms
[5.798s][info][gc] GC(432) Pause Young (Allocation Failure) 35M->18M(60M) 0.469ms
[5.803s][info][gc] GC(433) Pause Young (Allocation Failure) 35M->18M(60M) 0.758ms
[5.807s][info][gc] GC(434) Pause Young (Allocation Failure) 35M->18M(60M) 0.577ms
[5.812s][info][gc] GC(435) Pause Young (Allocation Failure) 35M->18M(60M) 0.518ms
[5.817s][info][gc] GC(436) Pause Young (Allocation Failure) 35M->18M(60M) 0.609ms
[5.822s][info][gc] GC(437) Pause Young (Allocation Failure) 35M->18M(60M) 0.639ms
[5.825s][info][gc] GC(438) Pause Young (Allocation Failure) 35M->18M(60M) 0.715ms
[5.829s][info][gc] GC(439) Pause Young (Allocation Failure) 35M->18M(60M) 0.479ms
[5.835s][info][gc] GC(440) Pause Young (Allocation Failure) 35M->18M(60M) 1.467ms
[5.839s][info][gc] GC(441) Pause Young (Allocation Failure) 35M->18M(60M) 0.923ms
Completing query batches: 30%[5.846s][info][gc] GC(442) Pause Young (Allocation Failure) 34M->18M(60M) 1.151ms
[5.851s][info][gc] GC(443) Pause Young (Allocation Failure) 35M->18M(60M) 1.951ms
[5.855s][info][gc] GC(444) Pause Young (Allocation Failure) 35M->18M(60M) 0.437ms
[5.859s][info][gc] GC(445) Pause Young (Allocation Failure) 35M->18M(60M) 0.488ms
[5.862s][info][gc] GC(446) Pause Young (Allocation Failure) 35M->18M(60M) 0.563ms
[5.866s][info][gc] GC(447) Pause Young (Allocation Failure) 35M->18M(60M) 0.489ms
[5.870s][info][gc] GC(448) Pause Young (Allocation Failure) 35M->18M(60M) 0.572ms
[5.875s][info][gc] GC(449) Pause Young (Allocation Failure) 35M->18M(60M) 0.784ms
[5.880s][info][gc] GC(450) Pause Young (Allocation Failure) 35M->18M(60M) 0.468ms
[5.885s][info][gc] GC(451) Pause Young (Allocation Failure) 35M->18M(60M) 0.676ms
[5.890s][info][gc] GC(452) Pause Young (Allocation Failure) 35M->18M(60M) 0.691ms
[5.896s][info][gc] GC(453) Pause Young (Allocation Failure) 35M->18M(60M) 0.900ms
[5.900s][info][gc] GC(454) Pause Young (Allocation Failure) 35M->18M(60M) 0.498ms
[5.904s][info][gc] GC(455) Pause Young (Allocation Failure) 35M->18M(60M) 0.388ms
[5.907s][info][gc] GC(456) Pause Young (Allocation Failure) 35M->19M(60M) 0.457ms
[5.912s][info][gc] GC(457) Pause Young (Allocation Failure) 35M->18M(60M) 0.420ms
[5.916s][info][gc] GC(458) Pause Young (Allocation Failure) 35M->19M(60M) 0.499ms
[5.920s][info][gc] GC(459) Pause Young (Allocation Failure) 35M->18M(60M) 0.755ms
[5.925s][info][gc] GC(460) Pause Young (Allocation Failure) 35M->19M(60M) 1.247ms
[5.929s][info][gc] GC(461) Pause Young (Allocation Failure) 35M->18M(60M) 0.469ms
[5.936s][info][gc] GC(462) Pause Young (Allocation Failure) 35M->18M(60M) 0.668ms
[5.939s][info][gc] GC(463) Pause Young (Allocation Failure) 35M->19M(60M) 0.457ms
[5.943s][info][gc] GC(464) Pause Young (Allocation Failure) 35M->19M(60M) 0.557ms
[5.946s][info][gc] GC(465) Pause Young (Allocation Failure) 35M->19M(60M) 0.725ms
[5.950s][info][gc] GC(466) Pause Young (Allocation Failure) 35M->19M(60M) 0.497ms
[5.956s][info][gc] GC(467) Pause Young (Allocation Failure) 35M->19M(60M) 1.717ms
[5.960s][info][gc] GC(468) Pause Young (Allocation Failure) 35M->19M(60M) 0.527ms
[5.964s][info][gc] GC(469) Pause Young (Allocation Failure) 35M->19M(60M) 0.549ms
[5.967s][info][gc] GC(470) Pause Young (Allocation Failure) 35M->19M(60M) 0.510ms
[5.972s][info][gc] GC(471) Pause Young (Allocation Failure) 35M->19M(60M) 0.582ms
[5.986s][info][gc] GC(472) Pause Young (Allocation Failure) 35M->19M(60M) 10.768ms
[5.992s][info][gc] GC(473) Pause Young (Allocation Failure) 35M->19M(60M) 2.416ms
[5.996s][info][gc] GC(474) Pause Young (Allocation Failure) 35M->19M(60M) 0.582ms
[6.001s][info][gc] GC(475) Pause Young (Allocation Failure) 35M->19M(60M) 0.512ms
[6.005s][info][gc] GC(476) Pause Young (Allocation Failure) 35M->19M(60M) 0.547ms
[6.011s][info][gc] GC(477) Pause Young (Allocation Failure) 35M->19M(60M) 0.394ms
[6.014s][info][gc] GC(478) Pause Young (Allocation Failure) 35M->19M(60M) 0.588ms
[6.017s][info][gc] GC(479) Pause Young (Allocation Failure) 36M->19M(60M) 0.597ms
[6.020s][info][gc] GC(480) Pause Young (Allocation Failure) 35M->19M(60M) 0.605ms
[6.023s][info][gc] GC(481) Pause Young (Allocation Failure) 35M->19M(60M) 0.428ms
[6.028s][info][gc] GC(482) Pause Young (Allocation Failure) 35M->19M(60M) 0.675ms
[6.032s][info][gc] GC(483) Pause Young (Allocation Failure) 35M->19M(60M) 1.238ms
[6.036s][info][gc] GC(484) Pause Young (Allocation Failure) 36M->19M(60M) 0.498ms
[6.039s][info][gc] GC(485) Pause Young (Allocation Failure) 35M->19M(60M) 0.513ms
[6.043s][info][gc] GC(486) Pause Young (Allocation Failure) 36M->19M(60M) 0.578ms
[6.047s][info][gc] GC(487) Pause Young (Allocation Failure) 36M->19M(60M) 0.737ms
[6.051s][info][gc] GC(488) Pause Young (Allocation Failure) 36M->19M(60M) 0.524ms
[6.055s][info][gc] GC(489) Pause Young (Allocation Failure) 36M->19M(60M) 0.515ms
[6.061s][info][gc] GC(490) Pause Young (Allocation Failure) 36M->19M(60M) 0.575ms
[6.066s][info][gc] GC(491) Pause Young (Allocation Failure) 36M->19M(60M) 0.751ms
[6.070s][info][gc] GC(492) Pause Young (Allocation Failure) 36M->19M(60M) 0.560ms
[6.075s][info][gc] GC(493) Pause Young (Allocation Failure) 36M->19M(60M) 0.506ms
[6.079s][info][gc] GC(494) Pause Young (Allocation Failure) 36M->19M(60M) 0.541ms
[6.088s][info][gc] GC(495) Pause Young (Allocation Failure) 36M->19M(60M) 0.705ms
[6.092s][info][gc] GC(496) Pause Young (Allocation Failure) 35M->19M(60M) 0.580ms
[6.096s][info][gc] GC(497) Pause Young (Allocation Failure) 35M->19M(60M) 0.477ms
[6.101s][info][gc] GC(498) Pause Young (Allocation Failure) 36M->19M(60M) 0.813ms
[6.105s][info][gc] GC(499) Pause Young (Allocation Failure) 36M->19M(60M) 0.987ms
[6.109s][info][gc] GC(500) Pause Young (Allocation Failure) 36M->19M(60M) 0.618ms
[6.114s][info][gc] GC(501) Pause Young (Allocation Failure) 36M->19M(60M) 0.875ms
[6.118s][info][gc] GC(502) Pause Young (Allocation Failure) 36M->19M(60M) 0.636ms
[6.126s][info][gc] GC(503) Pause Young (Allocation Failure) 36M->19M(60M) 0.486ms
[6.130s][info][gc] GC(504) Pause Young (Allocation Failure) 36M->19M(60M) 1.020ms
[6.134s][info][gc] GC(505) Pause Young (Allocation Failure) 36M->19M(60M) 0.579ms
[6.138s][info][gc] GC(506) Pause Young (Allocation Failure) 36M->19M(60M) 0.640ms
[6.142s][info][gc] GC(507) Pause Young (Allocation Failure) 36M->19M(60M) 0.773ms
[6.149s][info][gc] GC(508) Pause Young (Allocation Failure) 36M->19M(60M) 0.674ms
[6.154s][info][gc] GC(509) Pause Young (Allocation Failure) 36M->19M(60M) 1.547ms
[6.159s][info][gc] GC(510) Pause Young (Allocation Failure) 36M->19M(60M) 0.455ms
[6.164s][info][gc] GC(511) Pause Young (Allocation Failure) 36M->19M(60M) 0.499ms
[6.171s][info][gc] GC(512) Pause Young (Allocation Failure) 36M->19M(60M) 0.558ms
[6.174s][info][gc] GC(513) Pause Young (Allocation Failure) 36M->19M(60M) 0.834ms
Completin[6.178s][info][gc] GC(514) Pause Young (Allocation Failure) 36M->19M(60M) 0.591ms
g query batches: 35%[6.184s][info][gc] GC(515) Pause Young (Allocation Failure) 36M->19M(60M) 0.561ms
[6.187s][info][gc] GC(516) Pause Young (Allocation Failure) 36M->19M(60M) 0.435ms
[6.190s][info][gc] GC(517) Pause Young (Allocation Failure) 36M->20M(60M) 0.525ms
[6.193s][info][gc] GC(518) Pause Young (Allocation Failure) 36M->19M(60M) 0.594ms
[6.197s][info][gc] GC(519) Pause Young (Allocation Failure) 36M->19M(60M) 0.565ms
[6.201s][info][gc] GC(520) Pause Young (Allocation Failure) 36M->19M(60M) 0.644ms
[6.206s][info][gc] GC(521) Pause Young (Allocation Failure) 36M->20M(60M) 0.797ms
[6.209s][info][gc] GC(522) Pause Young (Allocation Failure) 36M->20M(60M) 0.498ms
[6.212s][info][gc] GC(523) Pause Young (Allocation Failure) 36M->19M(60M) 0.514ms
[6.215s][info][gc] GC(524) Pause Young (Allocation Failure) 36M->20M(60M) 0.565ms
[6.220s][info][gc] GC(525) Pause Young (Allocation Failure) 36M->19M(60M) 0.523ms
[6.225s][info][gc] GC(526) Pause Young (Allocation Failure) 36M->19M(60M) 0.787ms
[6.229s][info][gc] GC(527) Pause Young (Allocation Failure) 36M->19M(60M) 0.769ms
[6.233s][info][gc] GC(528) Pause Young (Allocation Failure) 36M->19M(60M) 0.794ms
[6.237s][info][gc] GC(529) Pause Young (Allocation Failure) 36M->19M(60M) 1.367ms
[6.243s][info][gc] GC(530) Pause Young (Allocation Failure) 36M->20M(60M) 0.520ms
[6.250s][info][gc] GC(531) Pause Young (Allocation Failure) 36M->19M(60M) 0.894ms
[6.256s][info][gc] GC(532) Pause Young (Allocation Failure) 36M->19M(60M) 0.458ms
[6.259s][info][gc] GC(533) Pause Young (Allocation Failure) 36M->19M(60M) 0.523ms
[6.263s][info][gc] GC(534) Pause Young (Allocation Failure) 36M->19M(60M) 0.723ms
[6.267s][info][gc] GC(535) Pause Young (Allocation Failure) 36M->19M(60M) 0.533ms
[6.271s][info][gc] GC(536) Pause Young (Allocation Failure) 36M->19M(60M) 0.947ms
[6.278s][info][gc] GC(537) Pause Young (Allocation Failure) 36M->19M(60M) 0.566ms
[6.281s][info][gc] GC(538) Pause Young (Allocation Failure) 36M->19M(60M) 0.887ms
[6.287s][info][gc] GC(539) Pause Young (Allocation Failure) 36M->20M(60M) 0.672ms
[6.290s][info][gc] GC(540) Pause Young (Allocation Failure) 36M->20M(60M) 0.769ms
[6.294s][info][gc] GC(541) Pause Young (Allocation Failure) 36M->19M(60M) 0.474ms
[6.297s][info][gc] GC(542) Pause Young (Allocation Failure) 36M->20M(60M) 0.724ms
[6.304s][info][gc] GC(543) Pause Young (Allocation Failure) 36M->20M(60M) 0.966ms
[6.307s][info][gc] GC(544) Pause Young (Allocation Failure) 36M->20M(60M) 0.701ms
[6.312s][info][gc] GC(545) Pause Young (Allocation Failure) 36M->20M(60M) 0.554ms
[6.316s][info][gc] GC(546) Pause Young (Allocation Failure) 36M->19M(60M) 0.631ms
[6.319s][info][gc] GC(547) Pause Young (Allocation Failure) 36M->20M(60M) 0.617ms
[6.323s][info][gc] GC(548) Pause Young (Allocation Failure) 36M->19M(60M) 0.932ms
[6.331s][info][gc] GC(549) Pause Young (Allocation Failure) 36M->20M(60M) 5.384ms
[6.336s][info][gc] GC(550) Pause Young (Allocation Failure) 36M->20M(60M) 0.504ms
[6.341s][info][gc] GC(551) Pause Young (Allocation Failure) 36M->20M(60M) 0.567ms
[6.344s][info][gc] GC(552) Pause Young (Allocation Failure) 36M->20M(60M) 0.671ms
[6.349s][info][gc] GC(553) Pause Young (Allocation Failure) 37M->20M(60M) 0.475ms
[6.353s][info][gc] GC(554) Pause Young (Allocation Failure) 36M->20M(60M) 0.744ms
[6.357s][info][gc] GC(555) Pause Young (Allocation Failure) 36M->20M(60M) 0.487ms
[6.362s][info][gc] GC(556) Pause Young (Allocation Failure) 36M->20M(60M) 0.674ms
[6.365s][info][gc] GC(557) Pause Young (Allocation Failure) 36M->20M(60M) 0.491ms
[6.370s][info][gc] GC(558) Pause Young (Allocation Failure) 36M->20M(60M) 0.770ms
[6.374s][info][gc] GC(559) Pause Young (Allocation Failure) 36M->20M(60M) 0.648ms
[6.378s][info][gc] GC(560) Pause Young (Allocation Failure) 36M->20M(60M) 0.556ms
[6.385s][info][gc] GC(561) Pause Young (Allocation Failure) 36M->20M(60M) 0.945ms
[6.388s][info][gc] GC(562) Pause Young (Allocation Failure) 37M->20M(60M) 0.597ms
[6.392s][info][gc] GC(563) Pause Young (Allocation Failure) 36M->20M(60M) 0.506ms
[6.397s][info][gc] GC(564) Pause Young (Allocation Failure) 36M->20M(60M) 0.431ms
[6.401s][info][gc] GC(565) Pause Young (Allocation Failure) 37M->20M(60M) 0.534ms
[6.404s][info][gc] GC(566) Pause Young (Allocation Failure) 37M->20M(60M) 0.533ms
[6.407s][info][gc] GC(567) Pause Young (Allocation Failure) 37M->20M(60M) 0.520ms
[6.410s][info][gc] GC(568) Pause Young (Allocation Failure) 36M->20M(60M) 0.835ms
[6.415s][info][gc] GC(569) Pause Young (Allocation Failure) 36M->20M(60M) 0.500ms
[6.419s][info][gc] GC(570) Pause Young (Allocation Failure) 36M->20M(60M) 0.990ms
[6.422s][info][gc] GC(571) Pause Young (Allocation Failure) 36M->20M(60M) 0.634ms
[6.426s][info][gc] GC(572) Pause Young (Allocation Failure) 36M->20M(60M) 0.611ms
[6.431s][info][gc] GC(573) Pause Young (Allocation Failure) 36M->20M(60M) 0.635ms
[6.437s][info][gc] GC(574) Pause Young (Allocation Failure) 36M->20M(60M) 0.559ms
[6.440s][info][gc] GC(575) Pause Young (Allocation Failure) 36M->20M(60M) 0.686ms
[6.447s][info][gc] GC(576) Pause Young (Allocation Failure) 37M->20M(60M) 0.656ms
[6.450s][info][gc] GC(577) Pause Young (Allocation Failure) 37M->20M(60M) 0.849ms
[6.455s][info][gc] GC(578) Pause Young (Allocation Failure) 37M->20M(60M) 0.474ms
[6.459s][info][gc] GC(579) Pause Young (Allocation Failure) 37M->20M(60M) 0.467ms
[6.462s][info][gc] GC(580) Pause Young (Allocation Failure) 37M->20M(60M) 0.885ms
[6.466s][info][gc] GC(581) Pause Young (Allocation Failure) 37M->20M(60M) 0.803ms
[6.469s][info][gc] GC(582) Pause Young (Allocation Failure) 36M->20M(60M) 0.577ms
[6.473s][info][gc] GC(583) Pause Young (Allocation Failure) 37M->20M(60M) 0.644ms
[6.480s][info][gc] GC(584) Pause Young (Allocation Failure) 37M->20M(60M) 0.565ms
Completing query batches: 40%[6.484s][info][gc] GC(585) Pause Young (Allocation Failure) 36M->20M(60M) 0.551ms
[6.487s][info][gc] GC(586) Pause Young (Allocation Failure) 36M->20M(60M) 0.533ms
[6.491s][info][gc] GC(587) Pause Young (Allocation Failure) 37M->20M(60M) 0.916ms
[6.495s][info][gc] GC(588) Pause Young (Allocation Failure) 37M->20M(60M) 1.400ms
[6.498s][info][gc] GC(589) Pause Young (Allocation Failure) 37M->20M(60M) 0.664ms
[6.506s][info][gc] GC(590) Pause Young (Allocation Failure) 37M->20M(60M) 0.567ms
[6.509s][info][gc] GC(591) Pause Young (Allocation Failure) 37M->20M(60M) 0.719ms
[6.513s][info][gc] GC(592) Pause Young (Allocation Failure) 37M->20M(60M) 0.678ms
[6.519s][info][gc] GC(593) Pause Young (Allocation Failure) 37M->20M(60M) 0.505ms
[6.522s][info][gc] GC(594) Pause Young (Allocation Failure) 37M->20M(60M) 0.770ms
[6.525s][info][gc] GC(595) Pause Young (Allocation Failure) 37M->20M(60M) 0.632ms
[6.533s][info][gc] GC(596) Pause Young (Allocation Failure) 37M->20M(60M) 0.827ms
[6.539s][info][gc] GC(597) Pause Young (Allocation Failure) 37M->20M(60M) 0.966ms
[6.542s][info][gc] GC(598) Pause Young (Allocation Failure) 37M->20M(60M) 0.958ms
[6.545s][info][gc] GC(599) Pause Young (Allocation Failure) 37M->20M(60M) 0.681ms
[6.551s][info][gc] GC(600) Pause Young (Allocation Failure) 37M->20M(60M) 0.535ms
[6.554s][info][gc] GC(601) Pause Young (Allocation Failure) 37M->20M(60M) 0.465ms
[6.558s][info][gc] GC(602) Pause Young (Allocation Failure) 37M->20M(60M) 1.414ms
[6.562s][info][gc] GC(603) Pause Young (Allocation Failure) 37M->20M(60M) 0.607ms
[6.565s][info][gc] GC(604) Pause Young (Allocation Failure) 37M->20M(60M) 0.679ms
[6.570s][info][gc] GC(605) Pause Young (Allocation Failure) 37M->20M(60M) 0.417ms
[6.573s][info][gc] GC(606) Pause Young (Allocation Failure) 37M->20M(60M) 0.676ms
[6.580s][info][gc] GC(607) Pause Young (Allocation Failure) 37M->20M(60M) 0.471ms
[6.583s][info][gc] GC(608) Pause Young (Allocation Failure) 37M->20M(60M) 0.530ms
[6.587s][info][gc] GC(609) Pause Young (Allocation Failure) 37M->20M(60M) 0.876ms
[6.592s][info][gc] GC(610) Pause Young (Allocation Failure) 37M->20M(60M) 0.468ms
[6.595s][info][gc] GC(611) Pause Young (Allocation Failure) 37M->20M(60M) 0.608ms
[6.598s][info][gc] GC(612) Pause Young (Allocation Failure) 37M->20M(60M) 0.968ms
[6.603s][info][gc] GC(613) Pause Young (Allocation Failure) 37M->20M(60M) 0.456ms
[6.608s][info][gc] GC(614) Pause Young (Allocation Failure) 37M->20M(60M) 0.589ms
[6.613s][info][gc] GC(615) Pause Young (Allocation Failure) 37M->20M(60M) 0.608ms
[6.618s][info][gc] GC(616) Pause Young (Allocation Failure) 37M->20M(60M) 0.727ms
[6.623s][info][gc] GC(617) Pause Young (Allocation Failure) 37M->20M(60M) 1.989ms
[6.627s][info][gc] GC(618) Pause Young (Allocation Failure) 37M->20M(60M) 0.552ms
[6.635s][info][gc] GC(619) Pause Young (Allocation Failure) 37M->20M(60M) 0.538ms
[6.638s][info][gc] GC(620) Pause Young (Allocation Failure) 37M->20M(60M) 0.733ms
[6.641s][info][gc] GC(621) Pause Young (Allocation Failure) 37M->20M(60M) 0.507ms
[6.645s][info][gc] GC(622) Pause Young (Allocation Failure) 37M->20M(60M) 0.449ms
[6.648s][info][gc] GC(623) Pause Young (Allocation Failure) 37M->21M(60M) 0.605ms
[6.652s][info][gc] GC(624) Pause Young (Allocation Failure) 37M->20M(60M) 0.514ms
[6.662s][info][gc] GC(625) Pause Young (Allocation Failure) 37M->20M(60M) 0.849ms
[6.666s][info][gc] GC(626) Pause Young (Allocation Failure) 37M->20M(60M) 0.528ms
[6.669s][info][gc] GC(627) Pause Young (Allocation Failure) 37M->20M(60M) 0.624ms
[6.673s][info][gc] GC(628) Pause Young (Allocation Failure) 37M->21M(60M) 0.657ms
[6.677s][info][gc] GC(629) Pause Young (Allocation Failure) 37M->20M(60M) 0.507ms
[6.681s][info][gc] GC(630) Pause Young (Allocation Failure) 37M->20M(60M) 0.614ms
[6.687s][info][gc] GC(631) Pause Young (Allocation Failure) 37M->20M(60M) 1.112ms
[6.693s][info][gc] GC(632) Pause Young (Allocation Failure) 37M->21M(60M) 0.549ms
[6.696s][info][gc] GC(633) Pause Young (Allocation Failure) 37M->21M(60M) 0.558ms
[6.701s][info][gc] GC(634) Pause Young (Allocation Failure) 37M->21M(60M) 0.662ms
[6.704s][info][gc] GC(635) Pause Young (Allocation Failure) 37M->21M(60M) 0.460ms
[6.710s][info][gc] GC(636) Pause Young (Allocation Failure) 37M->20M(60M) 0.502ms
[6.719s][info][gc] GC(637) Pause Young (Allocation Failure) 37M->20M(60M) 0.580ms
[6.723s][info][gc] GC(638) Pause Young (Allocation Failure) 37M->20M(60M) 0.785ms
[6.726s][info][gc] GC(639) Pause Young (Allocation Failure) 37M->21M(60M) 0.462ms
[6.731s][info][gc] GC(640) Pause Young (Allocation Failure) 37M->20M(60M) 0.559ms
[6.734s][info][gc] GC(641) Pause Young (Allocation Failure) 37M->21M(60M) 0.876ms
[6.743s][info][gc] GC(642) Pause Young (Allocation Failure) 37M->20M(60M) 0.729ms
[6.747s][info][gc] GC(643) Pause Young (Allocation Failure) 37M->20M(60M) 0.834ms
[6.751s][info][gc] GC(644) Pause Young (Allocation Failure) 37M->20M(60M) 0.738ms
[6.754s][info][gc] GC(645) Pause Young (Allocation Failure) 37M->21M(60M) 1.066ms
[6.758s][info][gc] GC(646) Pause Young (Allocation Failure) 37M->21M(60M) 0.727ms
[6.761s][info][gc] GC(647) Pause Young (Allocation Failure) 37M->21M(60M) 0.514ms
[6.767s][info][gc] GC(648) Pause Young (Allocation Failure) 37M->20M(60M) 0.645ms
[6.776s][info][gc] GC(649) Pause Young (Allocation Failure) 37M->20M(60M) 0.658ms
[6.779s][info][gc] GC(650) Pause Young (Allocation Failure) 37M->21M(60M) 0.570ms
[6.783s][info][gc] GC(651) Pause Young (Allocation Failure) 37M->21M(60M) 0.791ms
[6.787s][info][gc] GC(652) Pause Young (Allocation Failure) 37M->21M(60M) 0.714ms
[6.791s][info][gc] GC(653) Pause Young (Allocation Failure) 37M->21M(60M) 0.564ms
[6.795s][info][gc] GC(654) Pause Young (Allocation Failure) 37M->21M(60M) 0.544ms
[6.800s][info][gc] GC(655) Pause Young (Allocation Failure) 37M->21M(60M) 0.765ms
[6.806s][info][gc] GC(656) Pause Young (Allocation Failure) 37M->20M(60M) 0.859ms
[6.810s][info][gc] GC(657) Pause Young (Allocation Failure) 37M->21M(60M) 0.667ms
Completing query batches: 45%[6.814s][info][gc] GC(658) Pause Young (Allocation Failure) 37M->21M(60M) 0.533ms
[6.817s][info][gc] GC(659) Pause Young (Allocation Failure) 37M->21M(60M) 0.906ms
[6.824s][info][gc] GC(660) Pause Young (Allocation Failure) 37M->20M(60M) 1.299ms
[6.832s][info][gc] GC(661) Pause Young (Allocation Failure) 37M->21M(60M) 0.484ms
[6.836s][info][gc] GC(662) Pause Young (Allocation Failure) 37M->21M(60M) 0.532ms
[6.839s][info][gc] GC(663) Pause Young (Allocation Failure) 37M->21M(60M) 0.739ms
[6.842s][info][gc] GC(664) Pause Young (Allocation Failure) 37M->21M(60M) 0.707ms
[6.846s][info][gc] GC(665) Pause Young (Allocation Failure) 37M->21M(60M) 1.129ms
[6.851s][info][gc] GC(666) Pause Young (Allocation Failure) 37M->21M(60M) 0.447ms
[6.860s][info][gc] GC(667) Pause Young (Allocation Failure) 37M->21M(60M) 0.994ms
[6.865s][info][gc] GC(668) Pause Young (Allocation Failure) 37M->21M(60M) 0.528ms
[6.869s][info][gc] GC(669) Pause Young (Allocation Failure) 37M->21M(60M) 0.753ms
[6.872s][info][gc] GC(670) Pause Young (Allocation Failure) 37M->21M(60M) 0.583ms
[6.877s][info][gc] GC(671) Pause Young (Allocation Failure) 37M->21M(60M) 0.937ms
[6.882s][info][gc] GC(672) Pause Young (Allocation Failure) 37M->21M(60M) 0.727ms
[6.892s][info][gc] GC(673) Pause Young (Allocation Failure) 38M->21M(60M) 0.536ms
[6.898s][info][gc] GC(674) Pause Young (Allocation Failure) 37M->21M(60M) 0.688ms
[6.901s][info][gc] GC(675) Pause Young (Allocation Failure) 37M->21M(60M) 0.455ms
[6.904s][info][gc] GC(676) Pause Young (Allocation Failure) 37M->21M(60M) 0.589ms
[6.907s][info][gc] GC(677) Pause Young (Allocation Failure) 37M->21M(60M) 0.521ms
[6.912s][info][gc] GC(678) Pause Young (Allocation Failure) 37M->21M(60M) 0.557ms
[6.915s][info][gc] GC(679) Pause Young (Allocation Failure) 37M->21M(60M) 0.542ms
[6.919s][info][gc] GC(680) Pause Young (Allocation Failure) 37M->21M(60M) 0.704ms
[6.922s][info][gc] GC(681) Pause Young (Allocation Failure) 37M->21M(60M) 0.555ms
[6.925s][info][gc] GC(682) Pause Young (Allocation Failure) 37M->21M(60M) 0.658ms
[6.929s][info][gc] GC(683) Pause Young (Allocation Failure) 37M->21M(60M) 0.585ms
[6.935s][info][gc] GC(684) Pause Young (Allocation Failure) 38M->21M(60M) 0.555ms
[6.941s][info][gc] GC(685) Pause Young (Allocation Failure) 37M->21M(60M) 0.610ms
[6.944s][info][gc] GC(686) Pause Young (Allocation Failure) 37M->21M(60M) 0.590ms
[6.948s][info][gc] GC(687) Pause Young (Allocation Failure) 38M->21M(60M) 0.558ms
[6.952s][info][gc] GC(688) Pause Young (Allocation Failure) 38M->21M(60M) 0.804ms
[6.957s][info][gc] GC(689) Pause Young (Allocation Failure) 37M->21M(60M) 0.680ms
[6.963s][info][gc] GC(690) Pause Young (Allocation Failure) 37M->21M(60M) 0.895ms
[6.967s][info][gc] GC(691) Pause Young (Allocation Failure) 37M->21M(60M) 0.805ms
[6.971s][info][gc] GC(692) Pause Young (Allocation Failure) 38M->21M(60M) 1.085ms
[6.975s][info][gc] GC(693) Pause Young (Allocation Failure) 38M->21M(60M) 0.544ms
[6.982s][info][gc] GC(694) Pause Young (Allocation Failure) 38M->21M(60M) 0.688ms
[6.986s][info][gc] GC(695) Pause Young (Allocation Failure) 38M->21M(60M) 0.561ms
[6.991s][info][gc] GC(696) Pause Young (Allocation Failure) 38M->21M(60M) 0.856ms
[6.996s][info][gc] GC(697) Pause Young (Allocation Failure) 38M->21M(60M) 0.563ms
[7.002s][info][gc] GC(698) Pause Young (Allocation Failure) 38M->21M(60M) 0.693ms
[7.006s][info][gc] GC(699) Pause Young (Allocation Failure) 38M->21M(60M) 0.672ms
[7.009s][info][gc] GC(700) Pause Young (Allocation Failure) 38M->21M(60M) 0.679ms
[7.013s][info][gc] GC(701) Pause Young (Allocation Failure) 38M->21M(60M) 0.520ms
[7.017s][info][gc] GC(702) Pause Young (Allocation Failure) 38M->21M(60M) 1.270ms
[7.027s][info][gc] GC(703) Pause Young (Allocation Failure) 38M->21M(60M) 0.609ms
[7.031s][info][gc] GC(704) Pause Young (Allocation Failure) 38M->21M(60M) 0.700ms
[7.035s][info][gc] GC(705) Pause Young (Allocation Failure) 38M->21M(60M) 0.768ms
[7.040s][info][gc] GC(706) Pause Young (Allocation Failure) 38M->21M(60M) 0.616ms
[7.043s][info][gc] GC(707) Pause Initial Mark 22M->22M(60M) 0.448ms
[7.043s][info][gc] GC(707) Concurrent Mark
[7.047s][info][gc] GC(708) Pause Young (Allocation Failure) 38M->21M(60M) 0.512ms
[7.050s][info][gc] GC(707) Concurrent Mark 7.163ms
[7.050s][info][gc] GC(707) Concurrent Preclean
[7.051s][info][gc] GC(707) Concurrent Preclean 0.612ms
[7.051s][info][gc] GC(707) Concurrent Abortable Preclean
[7.053s][info][gc] GC(709) Pause Young (Allocation Failure) 38M->21M(60M) 0.619ms
[7.062s][info][gc] GC(710) Pause Young (Allocation Failure) 38M->21M(60M) 0.795ms
[7.067s][info][gc] GC(711) Pause Young (Allocation Failure) 38M->21M(60M) 0.890ms
[7.071s][info][gc] GC(712) Pause Young (Allocation Failure) 38M->21M(60M) 0.887ms
[7.074s][info][gc] GC(713) Pause Young (Allocation Failure) 38M->21M(60M) 1.108ms
[7.079s][info][gc] GC(714) Pause Young (Allocation Failure) 38M->22M(60M) 0.868ms
[7.082s][info][gc] GC(715) Pause Young (Allocation Failure) 38M->21M(60M) 0.641ms
[7.089s][info][gc] GC(716) Pause Young (Allocation Failure) 38M->21M(60M) 0.610ms
[7.093s][info][gc] GC(717) Pause Young (Allocation Failure) 38M->21M(60M) 0.553ms
[7.096s][info][gc] GC(718) Pause Young (Allocation Failure) 38M->22M(60M) 0.704ms
[7.102s][info][gc] GC(719) Pause Young (Allocation Failure) 38M->22M(60M) 1.097ms
[7.107s][info][gc] GC(720) Pause Young (Allocation Failure) 38M->21M(60M) 0.635ms
[7.111s][info][gc] GC(721) Pause Young (Allocation Failure) 38M->21M(60M) 0.809ms
[7.111s][info][gc] GC(707) Concurrent Abortable Preclean 59.975ms
[7.117s][info][gc] GC(707) Pause Remark 22M->22M(60M) 6.316ms
[7.118s][info][gc] GC(707) Concurrent Sweep
[7.121s][info][gc] GC(707) Concurrent Sweep 3.199ms
[7.121s][info][gc] GC(707) Concurrent Reset
[7.121s][info][gc] GC(707) Concurrent Reset 0.237ms
[7.124s][info][gc] GC(722) Pause Young (Allocation Failure) 26M->9M(60M) 0.549ms
[7.127s][info][gc] GC(723) Pause Young (Allocation Failure) 26M->9M(60M) 0.525ms
[7.131s][info][gc] GC(724) Pause Young (Allocation Failure) 26M->9M(60M) 0.530ms
[7.138s][info][gc] GC(725) Pause Young (Allocation Failure) 26M->9M(60M) 0.744ms
[7.142s][info][gc] GC(726) Pause Young (Allocation Failure) 26M->9M(60M) 0.542ms
[7.145s][info][gc] GC(727) Pause Young (Allocation Failure) 26M->9M(60M) 0.484ms
[7.151s][info][gc] GC(728) Pause Young (Allocation Failure) 26M->9M(60M) 0.495ms
[7.155s][info][gc] GC(729) Pause Young (Allocation Failure) 26M->9M(60M) 0.571ms
[7.158s][info][gc] GC(730) Pause Young (Allocation Failure) 26M->9M(60M) 0.748ms
Completing query batches: 50%[7.167s][info][gc] GC(731) Pause Young (Allocation Failure) 26M->9M(60M) 0.646ms
[7.173s][info][gc] GC(732) Pause Young (Allocation Failure) 26M->9M(60M) 0.859ms
[7.177s][info][gc] GC(733) Pause Young (Allocation Failure) 26M->10M(60M) 0.799ms
[7.183s][info][gc] GC(734) Pause Young (Allocation Failure) 26M->9M(60M) 0.803ms
[7.187s][info][gc] GC(735) Pause Young (Allocation Failure) 26M->9M(60M) 0.635ms
[7.191s][info][gc] GC(736) Pause Young (Allocation Failure) 26M->10M(60M) 0.745ms
[7.194s][info][gc] GC(737) Pause Young (Allocation Failure) 26M->10M(60M) 0.881ms
[7.198s][info][gc] GC(738) Pause Young (Allocation Failure) 26M->10M(60M) 0.803ms
[7.202s][info][gc] GC(739) Pause Young (Allocation Failure) 26M->10M(60M) 0.808ms
[7.205s][info][gc] GC(740) Pause Young (Allocation Failure) 26M->10M(60M) 0.696ms
[7.211s][info][gc] GC(741) Pause Young (Allocation Failure) 27M->10M(60M) 0.606ms
[7.214s][info][gc] GC(742) Pause Young (Allocation Failure) 26M->10M(60M) 0.606ms
[7.218s][info][gc] GC(743) Pause Young (Allocation Failure) 27M->10M(60M) 0.645ms
[7.228s][info][gc] GC(744) Pause Young (Allocation Failure) 27M->10M(60M) 0.522ms
[7.232s][info][gc] GC(745) Pause Young (Allocation Failure) 26M->10M(60M) 0.525ms
[7.235s][info][gc] GC(746) Pause Young (Allocation Failure) 27M->10M(60M) 0.734ms
[7.239s][info][gc] GC(747) Pause Young (Allocation Failure) 27M->10M(60M) 0.601ms
[7.242s][info][gc] GC(748) Pause Young (Allocation Failure) 27M->10M(60M) 0.565ms
[7.245s][info][gc] GC(749) Pause Young (Allocation Failure) 27M->10M(60M) 0.617ms
[7.252s][info][gc] GC(750) Pause Young (Allocation Failure) 27M->10M(60M) 0.553ms
[7.256s][info][gc] GC(751) Pause Young (Allocation Failure) 27M->10M(60M) 0.545ms
[7.260s][info][gc] GC(752) Pause Young (Allocation Failure) 26M->10M(60M) 0.536ms
[7.263s][info][gc] GC(753) Pause Young (Allocation Failure) 27M->10M(60M) 0.699ms
[7.266s][info][gc] GC(754) Pause Young (Allocation Failure) 27M->10M(60M) 0.627ms
[7.270s][info][gc] GC(755) Pause Young (Allocation Failure) 27M->10M(60M) 0.967ms
[7.277s][info][gc] GC(756) Pause Young (Allocation Failure) 27M->10M(60M) 0.782ms
[7.284s][info][gc] GC(757) Pause Young (Allocation Failure) 27M->10M(60M) 0.493ms
[7.288s][info][gc] GC(758) Pause Young (Allocation Failure) 27M->10M(60M) 0.576ms
[7.291s][info][gc] GC(759) Pause Young (Allocation Failure) 27M->10M(60M) 0.541ms
[7.295s][info][gc] GC(760) Pause Young (Allocation Failure) 27M->10M(60M) 0.721ms
[7.298s][info][gc] GC(761) Pause Young (Allocation Failure) 27M->10M(60M) 0.766ms
[7.306s][info][gc] GC(762) Pause Young (Allocation Failure) 27M->10M(60M) 1.117ms
[7.310s][info][gc] GC(763) Pause Young (Allocation Failure) 26M->10M(60M) 0.666ms
[7.314s][info][gc] GC(764) Pause Young (Allocation Failure) 27M->10M(60M) 0.515ms
[7.317s][info][gc] GC(765) Pause Young (Allocation Failure) 27M->10M(60M) 0.663ms
[7.324s][info][gc] GC(766) Pause Young (Allocation Failure) 27M->10M(60M) 0.537ms
[7.330s][info][gc] GC(767) Pause Young (Allocation Failure) 27M->10M(60M) 1.008ms
[7.335s][info][gc] GC(768) Pause Young (Allocation Failure) 27M->10M(60M) 0.678ms
[7.339s][info][gc] GC(769) Pause Young (Allocation Failure) 27M->10M(60M) 0.741ms
[7.344s][info][gc] GC(770) Pause Young (Allocation Failure) 27M->10M(60M) 0.748ms
[7.350s][info][gc] GC(771) Pause Young (Allocation Failure) 27M->10M(60M) 0.491ms
[7.354s][info][gc] GC(772) Pause Young (Allocation Failure) 27M->10M(60M) 0.634ms
[7.357s][info][gc] GC(773) Pause Young (Allocation Failure) 27M->11M(60M) 0.585ms
[7.361s][info][gc] GC(774) Pause Young (Allocation Failure) 27M->11M(60M) 0.788ms
[7.365s][info][gc] GC(775) Pause Young (Allocation Failure) 27M->11M(60M) 0.760ms
[7.372s][info][gc] GC(776) Pause Young (Allocation Failure) 27M->10M(60M) 0.591ms
[7.375s][info][gc] GC(777) Pause Young (Allocation Failure) 27M->11M(60M) 0.549ms
[7.379s][info][gc] GC(778) Pause Young (Allocation Failure) 27M->10M(60M) 1.177ms
[7.383s][info][gc] GC(779) Pause Young (Allocation Failure) 27M->10M(60M) 0.693ms
[7.386s][info][gc] GC(780) Pause Young (Allocation Failure) 27M->11M(60M) 0.726ms
[7.391s][info][gc] GC(781) Pause Young (Allocation Failure) 27M->10M(60M) 0.933ms
[7.395s][info][gc] GC(782) Pause Young (Allocation Failure) 27M->10M(60M) 0.701ms
[7.402s][info][gc] GC(783) Pause Young (Allocation Failure) 27M->10M(60M) 0.844ms
[7.405s][info][gc] GC(784) Pause Young (Allocation Failure) 27M->11M(60M) 0.669ms
[7.409s][info][gc] GC(785) Pause Young (Allocation Failure) 27M->11M(60M) 0.532ms
[7.413s][info][gc] GC(786) Pause Young (Allocation Failure) 27M->11M(60M) 0.617ms
[7.418s][info][gc] GC(787) Pause Young (Allocation Failure) 27M->11M(60M) 0.681ms
[7.427s][info][gc] GC(788) Pause Young (Allocation Failure) 27M->10M(60M) 0.601ms
[7.432s][info][gc] GC(789) Pause Young (Allocation Failure) 27M->11M(60M) 0.788ms
[7.436s][info][gc] GC(790) Pause Young (Allocation Failure) 27M->11M(60M) 0.561ms
[7.439s][info][gc] GC(791) Pause Young (Allocation Failure) 27M->11M(60M) 0.559ms
[7.443s][info][gc] GC(792) Pause Young (Allocation Failure) 27M->10M(60M) 0.685ms
[7.447s][info][gc] GC(793) Pause Young (Allocation Failure) 27M->11M(60M) 0.569ms
[7.455s][info][gc] GC(794) Pause Young (Allocation Failure) 27M->11M(60M) 0.545ms
[7.460s][info][gc] GC(795) Pause Young (Allocation Failure) 27M->10M(60M) 0.511ms
[7.464s][info][gc] GC(796) Pause Young (Allocation Failure) 27M->10M(60M) 0.441ms
[7.467s][info][gc] GC(797) Pause Young (Allocation Failure) 27M->11M(60M) 0.508ms
[7.471s][info][gc] GC(798) Pause Young (Allocation Failure) 27M->11M(60M) 0.667ms
[7.476s][info][gc] GC(799) Pause Young (Allocation Failure) 27M->10M(60M) 0.523ms
Completing query batches: 55%[7.485s][info][gc] GC(800) Pause Young (Allocation Failure) 27M->10M(60M) 0.724ms
[7.490s][info][gc] GC(801) Pause Young (Allocation Failure) 27M->11M(60M) 0.635ms
[7.493s][info][gc] GC(802) Pause Young (Allocation Failure) 27M->11M(60M) 0.569ms
[7.497s][info][gc] GC(803) Pause Young (Allocation Failure) 27M->11M(60M) 0.578ms
[7.502s][info][gc] GC(804) Pause Young (Allocation Failure) 27M->10M(60M) 0.791ms
[7.507s][info][gc] GC(805) Pause Young (Allocation Failure) 27M->11M(60M) 0.485ms
[7.511s][info][gc] GC(806) Pause Young (Allocation Failure) 27M->11M(60M) 0.752ms
[7.517s][info][gc] GC(807) Pause Young (Allocation Failure) 27M->11M(60M) 0.617ms
[7.520s][info][gc] GC(808) Pause Young (Allocation Failure) 27M->11M(60M) 0.556ms
[7.523s][info][gc] GC(809) Pause Young (Allocation Failure) 28M->11M(60M) 0.471ms
[7.531s][info][gc] GC(810) Pause Young (Allocation Failure) 27M->11M(60M) 0.537ms
[7.534s][info][gc] GC(811) Pause Young (Allocation Failure) 27M->11M(60M) 0.821ms
[7.538s][info][gc] GC(812) Pause Young (Allocation Failure) 28M->11M(60M) 0.736ms
[7.541s][info][gc] GC(813) Pause Young (Allocation Failure) 28M->11M(60M) 0.718ms
[7.545s][info][gc] GC(814) Pause Young (Allocation Failure) 27M->11M(60M) 0.675ms
[7.551s][info][gc] GC(815) Pause Young (Allocation Failure) 28M->11M(60M) 0.561ms
[7.557s][info][gc] GC(816) Pause Young (Allocation Failure) 27M->11M(60M) 0.759ms
[7.563s][info][gc] GC(817) Pause Young (Allocation Failure) 27M->11M(60M) 0.667ms
[7.566s][info][gc] GC(818) Pause Young (Allocation Failure) 28M->11M(60M) 0.720ms
[7.570s][info][gc] GC(819) Pause Young (Allocation Failure) 27M->11M(60M) 0.657ms
[7.573s][info][gc] GC(820) Pause Young (Allocation Failure) 28M->11M(60M) 0.713ms
[7.580s][info][gc] GC(821) Pause Young (Allocation Failure) 28M->11M(60M) 0.524ms
[7.584s][info][gc] GC(822) Pause Young (Allocation Failure) 27M->11M(60M) 0.676ms
[7.588s][info][gc] GC(823) Pause Young (Allocation Failure) 27M->11M(60M) 0.470ms
[7.593s][info][gc] GC(824) Pause Young (Allocation Failure) 28M->11M(60M) 0.487ms
[7.597s][info][gc] GC(825) Pause Young (Allocation Failure) 28M->11M(60M) 0.622ms
[7.600s][info][gc] GC(826) Pause Young (Allocation Failure) 27M->11M(60M) 0.539ms
[7.608s][info][gc] GC(827) Pause Young (Allocation Failure) 28M->11M(60M) 0.672ms
[7.615s][info][gc] GC(828) Pause Young (Allocation Failure) 27M->11M(60M) 1.023ms
[7.618s][info][gc] GC(829) Pause Young (Allocation Failure) 27M->11M(60M) 0.517ms
[7.621s][info][gc] GC(830) Pause Young (Allocation Failure) 28M->11M(60M) 0.614ms
[7.624s][info][gc] GC(831) Pause Young (Allocation Failure) 28M->11M(60M) 0.498ms
[7.628s][info][gc] GC(832) Pause Young (Allocation Failure) 28M->11M(60M) 0.496ms
[7.637s][info][gc] GC(833) Pause Young (Allocation Failure) 27M->11M(60M) 0.460ms
[7.643s][info][gc] GC(834) Pause Young (Allocation Failure) 27M->11M(60M) 0.596ms
[7.646s][info][gc] GC(835) Pause Young (Allocation Failure) 28M->11M(60M) 0.722ms
[7.650s][info][gc] GC(836) Pause Young (Allocation Failure) 28M->11M(60M) 0.574ms
[7.653s][info][gc] GC(837) Pause Young (Allocation Failure) 28M->11M(60M) 0.601ms
[7.659s][info][gc] GC(838) Pause Young (Allocation Failure) 28M->11M(60M) 1.922ms
[7.663s][info][gc] GC(839) Pause Young (Allocation Failure) 28M->11M(60M) 0.560ms
[7.668s][info][gc] GC(840) Pause Young (Allocation Failure) 28M->11M(60M) 0.771ms
[7.672s][info][gc] GC(841) Pause Young (Allocation Failure) 28M->11M(60M) 0.521ms
[7.675s][info][gc] GC(842) Pause Young (Allocation Failure) 28M->11M(60M) 0.719ms
[7.678s][info][gc] GC(843) Pause Young (Allocation Failure) 28M->11M(60M) 0.534ms
[7.683s][info][gc] GC(844) Pause Young (Allocation Failure) 28M->11M(60M) 0.518ms
[7.696s][info][gc] GC(845) Pause Young (Allocation Failure) 28M->11M(60M) 0.514ms
[7.700s][info][gc] GC(846) Pause Young (Allocation Failure) 28M->11M(60M) 0.495ms
[7.703s][info][gc] GC(847) Pause Young (Allocation Failure) 28M->11M(60M) 0.447ms
[7.706s][info][gc] GC(848) Pause Young (Allocation Failure) 28M->11M(60M) 0.803ms
[7.711s][info][gc] GC(849) Pause Young (Allocation Failure) 28M->11M(60M) 0.628ms
[7.717s][info][gc] GC(850) Pause Young (Allocation Failure) 28M->11M(60M) 0.557ms
[7.723s][info][gc] GC(851) Pause Young (Allocation Failure) 28M->11M(60M) 0.673ms
[7.726s][info][gc] GC(852) Pause Young (Allocation Failure) 28M->11M(60M) 0.755ms
[7.730s][info][gc] GC(853) Pause Young (Allocation Failure) 28M->11M(60M) 0.785ms
[7.734s][info][gc] GC(854) Pause Young (Allocation Failure) 28M->11M(60M) 0.727ms
[7.738s][info][gc] GC(855) Pause Young (Allocation Failure) 28M->11M(60M) 0.546ms
[7.745s][info][gc] GC(856) Pause Young (Allocation Failure) 28M->11M(60M) 0.652ms
[7.750s][info][gc] GC(857) Pause Young (Allocation Failure) 28M->11M(60M) 1.089ms
[7.754s][info][gc] GC(858) Pause Young (Allocation Failure) 28M->11M(60M) 0.855ms
[7.757s][info][gc] GC(859) Pause Young (Allocation Failure) 28M->11M(60M) 0.508ms
[7.762s][info][gc] GC(860) Pause Young (Allocation Failure) 28M->11M(60M) 0.946ms
[7.766s][info][gc] GC(861) Pause Young (Allocation Failure) 28M->11M(60M) 0.639ms
[7.769s][info][gc] GC(862) Pause Young (Allocation Failure) 28M->11M(60M) 0.566ms
[7.774s][info][gc] GC(863) Pause Young (Allocation Failure) 28M->11M(60M) 0.721ms
[7.779s][info][gc] GC(864) Pause Young (Allocation Failure) 28M->11M(60M) 0.493ms
[7.783s][info][gc] GC(865) Pause Young (Allocation Failure) 28M->11M(60M) 0.555ms
[7.789s][info][gc] GC(866) Pause Young (Allocation Failure) 28M->11M(60M) 0.671ms
[7.793s][info][gc] GC(867) Pause Young (Allocation Failure) 28M->11M(60M) 0.907ms
[7.796s][info][gc] GC(868) Pause Young (Allocation Failure) 28M->11M(60M) 0.564ms
[7.800s][info][gc] GC(869) Pause Young (Allocation Failure) 28M->12M(60M) 0.571ms
[7.803s][info][gc] GC(870) Pause Young (Allocation Failure) 28M->11M(60M) 0.637ms
[7.807s][info][gc] GC(871) Pause Young (Allocation Failure) 28M->11M(60M) 0.834ms
Completing query batches: 60%[7.812s][info][gc] GC(872) Pause Young (Allocation Failure) 28M->11M(60M) 0.490ms
[7.820s][info][gc] GC(873) Pause Young (Allocation Failure) 28M->11M(60M) 0.540ms
[7.826s][info][gc] GC(874) Pause Young (Allocation Failure) 28M->11M(60M) 1.127ms
[7.829s][info][gc] GC(875) Pause Young (Allocation Failure) 28M->11M(60M) 0.558ms
[7.833s][info][gc] GC(876) Pause Young (Allocation Failure) 28M->11M(60M) 0.634ms
[7.838s][info][gc] GC(877) Pause Young (Allocation Failure) 28M->11M(60M) 0.726ms
[7.843s][info][gc] GC(878) Pause Young (Allocation Failure) 28M->11M(60M) 0.461ms
[7.848s][info][gc] GC(879) Pause Young (Allocation Failure) 28M->11M(60M) 0.508ms
[7.855s][info][gc] GC(880) Pause Young (Allocation Failure) 28M->11M(60M) 0.526ms
[7.858s][info][gc] GC(881) Pause Young (Allocation Failure) 28M->11M(60M) 0.462ms
[7.861s][info][gc] GC(882) Pause Young (Allocation Failure) 28M->11M(60M) 0.669ms
[7.867s][info][gc] GC(883) Pause Young (Allocation Failure) 28M->11M(60M) 0.511ms
[7.871s][info][gc] GC(884) Pause Young (Allocation Failure) 28M->12M(60M) 0.497ms
[7.875s][info][gc] GC(885) Pause Young (Allocation Failure) 28M->11M(60M) 0.591ms
[7.880s][info][gc] GC(886) Pause Young (Allocation Failure) 28M->11M(60M) 0.495ms
[7.883s][info][gc] GC(887) Pause Young (Allocation Failure) 28M->11M(60M) 0.466ms
[7.887s][info][gc] GC(888) Pause Young (Allocation Failure) 28M->11M(60M) 0.674ms
[7.890s][info][gc] GC(889) Pause Young (Allocation Failure) 28M->12M(60M) 0.672ms
[7.894s][info][gc] GC(890) Pause Young (Allocation Failure) 28M->12M(60M) 0.495ms
[7.897s][info][gc] GC(891) Pause Young (Allocation Failure) 28M->11M(60M) 0.550ms
[7.901s][info][gc] GC(892) Pause Young (Allocation Failure) 28M->11M(60M) 0.645ms
[7.905s][info][gc] GC(893) Pause Young (Allocation Failure) 28M->11M(60M) 0.640ms
[7.909s][info][gc] GC(894) Pause Young (Allocation Failure) 28M->12M(60M) 0.466ms
[7.913s][info][gc] GC(895) Pause Young (Allocation Failure) 28M->12M(60M) 0.630ms
[7.920s][info][gc] GC(896) Pause Young (Allocation Failure) 28M->12M(60M) 0.464ms
[7.923s][info][gc] GC(897) Pause Young (Allocation Failure) 28M->12M(60M) 0.495ms
[7.927s][info][gc] GC(898) Pause Young (Allocation Failure) 28M->12M(60M) 0.465ms
[7.930s][info][gc] GC(899) Pause Young (Allocation Failure) 28M->12M(60M) 0.727ms
[7.935s][info][gc] GC(900) Pause Young (Allocation Failure) 28M->12M(60M) 0.762ms
[7.939s][info][gc] GC(901) Pause Young (Allocation Failure) 28M->12M(60M) 0.500ms
[7.946s][info][gc] GC(902) Pause Young (Allocation Failure) 28M->12M(60M) 0.611ms
[7.950s][info][gc] GC(903) Pause Young (Allocation Failure) 28M->12M(60M) 0.782ms
[7.953s][info][gc] GC(904) Pause Young (Allocation Failure) 28M->12M(60M) 0.496ms
[7.959s][info][gc] GC(905) Pause Young (Allocation Failure) 28M->12M(60M) 0.711ms
[7.964s][info][gc] GC(906) Pause Young (Allocation Failure) 28M->12M(60M) 0.493ms
[7.968s][info][gc] GC(907) Pause Young (Allocation Failure) 28M->12M(60M) 0.498ms
[7.978s][info][gc] GC(908) Pause Young (Allocation Failure) 28M->12M(60M) 0.532ms
[7.981s][info][gc] GC(909) Pause Young (Allocation Failure) 28M->12M(60M) 0.651ms
[7.985s][info][gc] GC(910) Pause Young (Allocation Failure) 28M->12M(60M) 0.548ms
[7.988s][info][gc] GC(911) Pause Young (Allocation Failure) 28M->12M(60M) 0.549ms
[7.992s][info][gc] GC(912) Pause Young (Allocation Failure) 28M->12M(60M) 0.669ms
[7.996s][info][gc] GC(913) Pause Young (Allocation Failure) 28M->12M(60M) 0.483ms
[8.007s][info][gc] GC(914) Pause Young (Allocation Failure) 28M->12M(60M) 0.622ms
[8.012s][info][gc] GC(915) Pause Young (Allocation Failure) 28M->12M(60M) 0.888ms
[8.016s][info][gc] GC(916) Pause Young (Allocation Failure) 28M->12M(60M) 0.542ms
[8.019s][info][gc] GC(917) Pause Young (Allocation Failure) 29M->12M(60M) 0.437ms
[8.022s][info][gc] GC(918) Pause Young (Allocation Failure) 28M->12M(60M) 0.780ms
[8.027s][info][gc] GC(919) Pause Young (Allocation Failure) 29M->12M(60M) 0.611ms
[8.034s][info][gc] GC(920) Pause Young (Allocation Failure) 28M->12M(60M) 0.558ms
[8.037s][info][gc] GC(921) Pause Young (Allocation Failure) 28M->12M(60M) 0.636ms
[8.041s][info][gc] GC(922) Pause Young (Allocation Failure) 28M->12M(60M) 0.594ms
[8.044s][info][gc] GC(923) Pause Young (Allocation Failure) 28M->12M(60M) 0.507ms
[8.049s][info][gc] GC(924) Pause Young (Allocation Failure) 29M->12M(60M) 0.698ms
[8.055s][info][gc] GC(925) Pause Young (Allocation Failure) 28M->11M(60M) 0.745ms
[8.062s][info][gc] GC(926) Pause Young (Allocation Failure) 28M->12M(60M) 0.913ms
[8.066s][info][gc] GC(927) Pause Young (Allocation Failure) 28M->12M(60M) 0.568ms
[8.069s][info][gc] GC(928) Pause Young (Allocation Failure) 29M->12M(60M) 0.737ms
[8.075s][info][gc] GC(929) Pause Young (Allocation Failure) 28M->12M(60M) 0.751ms
[8.078s][info][gc] GC(930) Pause Young (Allocation Failure) 28M->12M(60M) 0.564ms
[8.084s][info][gc] GC(931) Pause Young (Allocation Failure) 28M->12M(60M) 0.694ms
[8.088s][info][gc] GC(932) Pause Young (Allocation Failure) 28M->12M(60M) 0.448ms
[8.091s][info][gc] GC(933) Pause Young (Allocation Failure) 29M->12M(60M) 0.827ms
[8.094s][info][gc] GC(934) Pause Young (Allocation Failure) 29M->12M(60M) 0.494ms
[8.098s][info][gc] GC(935) Pause Young (Allocation Failure) 29M->12M(60M) 0.707ms
[8.102s][info][gc] GC(936) Pause Young (Allocation Failure) 28M->12M(60M) 0.659ms
[8.108s][info][gc] GC(937) Pause Young (Allocation Failure) 29M->12M(60M) 1.164ms
[8.111s][info][gc] GC(938) Pause Young (Allocation Failure) 28M->12M(60M) 0.466ms
[8.114s][info][gc] GC(939) Pause Young (Allocation Failure) 29M->12M(60M) 0.752ms
[8.119s][info][gc] GC(940) Pause Young (Allocation Failure) 28M->12M(60M) 0.497ms
[8.123s][info][gc] GC(941) Pause Young (Allocation Failure) 29M->12M(60M) 0.742ms
[8.129s][info][gc] GC(942) Pause Young (Allocation Failure) 29M->12M(60M) 0.632ms
[8.133s][info][gc] GC(943) Pause Young (Allocation Failure) 28M->12M(60M) 0.786ms
Completing query batches: 65%[8.137s][info][gc] GC(944) Pause Young (Allocation Failure) 28M->12M(60M) 0.459ms
[8.141s][info][gc] GC(945) Pause Young (Allocation Failure) 29M->12M(60M) 0.791ms
[8.145s][info][gc] GC(946) Pause Young (Allocation Failure) 29M->12M(60M) 0.562ms
[8.150s][info][gc] GC(947) Pause Young (Allocation Failure) 29M->12M(60M) 0.431ms
[8.156s][info][gc] GC(948) Pause Young (Allocation Failure) 29M->12M(60M) 0.623ms
[8.165s][info][gc] GC(949) Pause Young (Allocation Failure) 29M->12M(60M) 0.534ms
[8.168s][info][gc] GC(950) Pause Young (Allocation Failure) 29M->12M(60M) 0.549ms
[8.173s][info][gc] GC(951) Pause Young (Allocation Failure) 29M->12M(60M) 0.550ms
[8.178s][info][gc] GC(952) Pause Young (Allocation Failure) 29M->12M(60M) 0.593ms
[8.181s][info][gc] GC(953) Pause Young (Allocation Failure) 29M->12M(60M) 0.493ms
[8.187s][info][gc] GC(954) Pause Young (Allocation Failure) 29M->12M(60M) 0.459ms
[8.195s][info][gc] GC(955) Pause Young (Allocation Failure) 29M->12M(60M) 0.527ms
[8.201s][info][gc] GC(956) Pause Young (Allocation Failure) 29M->12M(60M) 0.625ms
[8.204s][info][gc] GC(957) Pause Young (Allocation Failure) 29M->12M(60M) 0.452ms
[8.207s][info][gc] GC(958) Pause Young (Allocation Failure) 29M->12M(60M) 0.514ms
[8.211s][info][gc] GC(959) Pause Young (Allocation Failure) 29M->12M(60M) 0.490ms
[8.214s][info][gc] GC(960) Pause Young (Allocation Failure) 29M->12M(60M) 0.731ms
[8.221s][info][gc] GC(961) Pause Young (Allocation Failure) 29M->12M(60M) 0.609ms
[8.227s][info][gc] GC(962) Pause Young (Allocation Failure) 29M->13M(60M) 0.487ms
[8.230s][info][gc] GC(963) Pause Young (Allocation Failure) 29M->12M(60M) 0.743ms
[8.233s][info][gc] GC(964) Pause Young (Allocation Failure) 29M->12M(60M) 0.553ms
[8.237s][info][gc] GC(965) Pause Young (Allocation Failure) 29M->13M(60M) 0.534ms
[8.241s][info][gc] GC(966) Pause Young (Allocation Failure) 29M->12M(60M) 0.490ms
[8.254s][info][gc] GC(967) Pause Young (Allocation Failure) 29M->12M(60M) 3.354ms
[8.258s][info][gc] GC(968) Pause Young (Allocation Failure) 29M->12M(60M) 0.779ms
[8.262s][info][gc] GC(969) Pause Young (Allocation Failure) 29M->12M(60M) 0.713ms
[8.266s][info][gc] GC(970) Pause Young (Allocation Failure) 29M->12M(60M) 0.583ms
[8.270s][info][gc] GC(971) Pause Young (Allocation Failure) 29M->12M(60M) 0.535ms
[8.273s][info][gc] GC(972) Pause Young (Allocation Failure) 29M->12M(60M) 0.618ms
[8.277s][info][gc] GC(973) Pause Young (Allocation Failure) 29M->13M(60M) 0.624ms
[8.281s][info][gc] GC(974) Pause Young (Allocation Failure) 29M->13M(60M) 0.607ms
[8.285s][info][gc] GC(975) Pause Young (Allocation Failure) 29M->13M(60M) 0.495ms
[8.288s][info][gc] GC(976) Pause Young (Allocation Failure) 29M->13M(60M) 0.594ms
[8.292s][info][gc] GC(977) Pause Young (Allocation Failure) 29M->13M(60M) 0.555ms
[8.295s][info][gc] GC(978) Pause Young (Allocation Failure) 29M->13M(60M) 0.569ms
[8.300s][info][gc] GC(979) Pause Young (Allocation Failure) 29M->12M(60M) 0.503ms
[8.305s][info][gc] GC(980) Pause Young (Allocation Failure) 29M->13M(60M) 0.552ms
[8.309s][info][gc] GC(981) Pause Young (Allocation Failure) 29M->13M(60M) 0.664ms
[8.312s][info][gc] GC(982) Pause Young (Allocation Failure) 29M->13M(60M) 0.564ms
[8.316s][info][gc] GC(983) Pause Young (Allocation Failure) 29M->13M(60M) 0.507ms
[8.320s][info][gc] GC(984) Pause Young (Allocation Failure) 29M->13M(60M) 0.563ms
[8.327s][info][gc] GC(985) Pause Young (Allocation Failure) 29M->13M(60M) 0.552ms
[8.331s][info][gc] GC(986) Pause Young (Allocation Failure) 29M->13M(60M) 0.611ms
[8.335s][info][gc] GC(987) Pause Young (Allocation Failure) 29M->13M(60M) 0.784ms
[8.338s][info][gc] GC(988) Pause Young (Allocation Failure) 29M->13M(60M) 0.719ms
[8.341s][info][gc] GC(989) Pause Young (Allocation Failure) 29M->13M(60M) 0.526ms
[8.345s][info][gc] GC(990) Pause Young (Allocation Failure) 30M->13M(60M) 0.780ms
[8.351s][info][gc] GC(991) Pause Young (Allocation Failure) 30M->12M(60M) 0.588ms
[8.354s][info][gc] GC(992) Pause Young (Allocation Failure) 29M->13M(60M) 0.904ms
[8.358s][info][gc] GC(993) Pause Young (Allocation Failure) 29M->13M(60M) 0.645ms
[8.361s][info][gc] GC(994) Pause Young (Allocation Failure) 29M->13M(60M) 0.612ms
[8.365s][info][gc] GC(995) Pause Young (Allocation Failure) 29M->13M(60M) 0.810ms
[8.372s][info][gc] GC(996) Pause Young (Allocation Failure) 29M->13M(60M) 0.516ms
[8.377s][info][gc] GC(997) Pause Young (Allocation Failure) 29M->13M(60M) 0.635ms
[8.381s][info][gc] GC(998) Pause Young (Allocation Failure) 29M->13M(60M) 0.637ms
[8.384s][info][gc] GC(999) Pause Young (Allocation Failure) 30M->13M(60M) 0.580ms
[8.389s][info][gc] GC(1000) Pause Young (Allocation Failure) 30M->13M(60M) 0.623ms
[8.392s][info][gc] GC(1001) Pause Young (Allocation Failure) 29M->13M(60M) 0.522ms
[8.400s][info][gc] GC(1002) Pause Young (Allocation Failure) 30M->13M(60M) 0.551ms
[8.405s][info][gc] GC(1003) Pause Young (Allocation Failure) 29M->13M(60M) 0.412ms
[8.408s][info][gc] GC(1004) Pause Young (Allocation Failure) 29M->13M(60M) 0.354ms
[8.412s][info][gc] GC(1005) Pause Young (Allocation Failure) 30M->13M(60M) 0.493ms
[8.416s][info][gc] GC(1006) Pause Young (Allocation Failure) 30M->13M(60M) 0.499ms
[8.420s][info][gc] GC(1007) Pause Young (Allocation Failure) 30M->13M(60M) 0.419ms
[8.425s][info][gc] GC(1008) Pause Young (Allocation Failure) 29M->13M(60M) 0.574ms
[8.429s][info][gc] GC(1009) Pause Young (Allocation Failure) 29M->13M(60M) 0.813ms
[8.434s][info][gc] GC(1010) Pause Young (Allocation Failure) 30M->13M(60M) 0.566ms
[8.438s][info][gc] GC(1011) Pause Young (Allocation Failure) 29M->13M(60M) 0.431ms
[8.443s][info][gc] GC(1012) Pause Young (Allocation Failure) 30M->13M(60M) 0.868ms
[8.447s][info][gc] GC(1013) Pause Young (Allocation Failure) 30M->13M(60M) 0.424ms
[8.451s][info][gc] GC(1014) Pause Young (Allocation Failure) 30M->13M(60M) 0.813ms
[8.455s][info][gc] GC(1015) Pause Young (Allocation Failure) 30M->13M(60M) 0.826ms
Completing query batches: 70%[8.459s][info][gc] GC(1016) Pause Young (Allocation Failure) 30M->13M(60M) 0.477ms
[8.463s][info][gc] GC(1017) Pause Young (Allocation Failure) 30M->13M(60M) 0.533ms
[8.467s][info][gc] GC(1018) Pause Young (Allocation Failure) 30M->13M(60M) 0.509ms
[8.472s][info][gc] GC(1019) Pause Young (Allocation Failure) 30M->13M(60M) 0.520ms
[8.477s][info][gc] GC(1020) Pause Young (Allocation Failure) 30M->13M(60M) 0.450ms
[8.483s][info][gc] GC(1021) Pause Young (Allocation Failure) 30M->13M(60M) 0.683ms
[8.487s][info][gc] GC(1022) Pause Young (Allocation Failure) 30M->13M(60M) 0.747ms
[8.492s][info][gc] GC(1023) Pause Young (Allocation Failure) 30M->13M(60M) 0.533ms
[8.495s][info][gc] GC(1024) Pause Young (Allocation Failure) 30M->14M(60M) 0.427ms
[8.500s][info][gc] GC(1025) Pause Young (Allocation Failure) 30M->13M(60M) 0.529ms
[8.504s][info][gc] GC(1026) Pause Young (Allocation Failure) 30M->13M(60M) 0.489ms
[8.509s][info][gc] GC(1027) Pause Young (Allocation Failure) 30M->13M(60M) 0.609ms
[8.513s][info][gc] GC(1028) Pause Young (Allocation Failure) 30M->14M(60M) 0.810ms
[8.517s][info][gc] GC(1029) Pause Young (Allocation Failure) 30M->13M(60M) 0.677ms
[8.520s][info][gc] GC(1030) Pause Young (Allocation Failure) 30M->13M(60M) 0.507ms
[8.523s][info][gc] GC(1031) Pause Young (Allocation Failure) 30M->13M(60M) 0.503ms
[8.526s][info][gc] GC(1032) Pause Young (Allocation Failure) 30M->13M(60M) 0.904ms
[8.532s][info][gc] GC(1033) Pause Young (Allocation Failure) 30M->13M(60M) 0.622ms
[8.540s][info][gc] GC(1034) Pause Young (Allocation Failure) 30M->13M(60M) 0.488ms
[8.543s][info][gc] GC(1035) Pause Young (Allocation Failure) 30M->14M(60M) 0.525ms
[8.546s][info][gc] GC(1036) Pause Young (Allocation Failure) 30M->13M(60M) 0.597ms
[8.551s][info][gc] GC(1037) Pause Young (Allocation Failure) 30M->14M(60M) 0.616ms
[8.557s][info][gc] GC(1038) Pause Young (Allocation Failure) 30M->14M(60M) 0.518ms
[8.563s][info][gc] GC(1039) Pause Young (Allocation Failure) 30M->13M(60M) 0.740ms
[8.570s][info][gc] GC(1040) Pause Young (Allocation Failure) 30M->13M(60M) 0.633ms
[8.573s][info][gc] GC(1041) Pause Young (Allocation Failure) 30M->13M(60M) 0.508ms
[8.576s][info][gc] GC(1042) Pause Young (Allocation Failure) 30M->13M(60M) 0.517ms
[8.581s][info][gc] GC(1043) Pause Young (Allocation Failure) 30M->14M(60M) 0.514ms
[8.589s][info][gc] GC(1044) Pause Young (Allocation Failure) 30M->13M(60M) 2.529ms
[8.596s][info][gc] GC(1045) Pause Young (Allocation Failure) 30M->13M(60M) 0.516ms
[8.599s][info][gc] GC(1046) Pause Young (Allocation Failure) 30M->13M(60M) 0.516ms
[8.604s][info][gc] GC(1047) Pause Young (Allocation Failure) 30M->14M(60M) 0.755ms
[8.609s][info][gc] GC(1048) Pause Young (Allocation Failure) 30M->13M(60M) 0.646ms
[8.613s][info][gc] GC(1049) Pause Young (Allocation Failure) 30M->14M(60M) 0.633ms
[8.618s][info][gc] GC(1050) Pause Young (Allocation Failure) 30M->13M(60M) 0.843ms
[8.622s][info][gc] GC(1051) Pause Young (Allocation Failure) 30M->14M(60M) 0.798ms
[8.627s][info][gc] GC(1052) Pause Young (Allocation Failure) 30M->14M(60M) 0.679ms
[8.630s][info][gc] GC(1053) Pause Young (Allocation Failure) 30M->14M(60M) 0.670ms
[8.634s][info][gc] GC(1054) Pause Young (Allocation Failure) 30M->14M(60M) 0.825ms
[8.639s][info][gc] GC(1055) Pause Young (Allocation Failure) 30M->14M(60M) 0.791ms
[8.642s][info][gc] GC(1056) Pause Young (Allocation Failure) 30M->14M(60M) 0.842ms
[8.648s][info][gc] GC(1057) Pause Young (Allocation Failure) 30M->14M(60M) 0.576ms
[8.651s][info][gc] GC(1058) Pause Young (Allocation Failure) 30M->14M(60M) 0.440ms
[8.654s][info][gc] GC(1059) Pause Young (Allocation Failure) 30M->14M(60M) 0.657ms
[8.658s][info][gc] GC(1060) Pause Young (Allocation Failure) 30M->14M(60M) 0.822ms
[8.662s][info][gc] GC(1061) Pause Young (Allocation Failure) 31M->14M(60M) 0.604ms
[8.667s][info][gc] GC(1062) Pause Young (Allocation Failure) 30M->14M(60M) 0.668ms
[8.670s][info][gc] GC(1063) Pause Young (Allocation Failure) 30M->14M(60M) 0.602ms
[8.674s][info][gc] GC(1064) Pause Young (Allocation Failure) 30M->14M(60M) 0.598ms
[8.678s][info][gc] GC(1065) Pause Young (Allocation Failure) 30M->14M(60M) 0.714ms
[8.681s][info][gc] GC(1066) Pause Young (Allocation Failure) 30M->14M(60M) 0.559ms
[8.685s][info][gc] GC(1067) Pause Young (Allocation Failure) 31M->14M(60M) 0.628ms
[8.691s][info][gc] GC(1068) Pause Young (Allocation Failure) 30M->14M(60M) 0.874ms
[8.695s][info][gc] GC(1069) Pause Young (Allocation Failure) 30M->14M(60M) 0.987ms
[8.698s][info][gc] GC(1070) Pause Young (Allocation Failure) 31M->14M(60M) 0.674ms
[8.704s][info][gc] GC(1071) Pause Young (Allocation Failure) 31M->14M(60M) 0.512ms
[8.708s][info][gc] GC(1072) Pause Young (Allocation Failure) 31M->14M(60M) 0.522ms
[8.711s][info][gc] GC(1073) Pause Young (Allocation Failure) 31M->14M(60M) 0.574ms
[8.714s][info][gc] GC(1074) Pause Young (Allocation Failure) 31M->14M(60M) 0.782ms
[8.719s][info][gc] GC(1075) Pause Young (Allocation Failure) 30M->14M(60M) 0.410ms
[8.723s][info][gc] GC(1076) Pause Young (Allocation Failure) 31M->14M(60M) 0.839ms
[8.728s][info][gc] GC(1077) Pause Young (Allocation Failure) 30M->14M(60M) 0.696ms
[8.737s][info][gc] GC(1078) Pause Young (Allocation Failure) 30M->14M(60M) 0.597ms
[8.740s][info][gc] GC(1079) Pause Young (Allocation Failure) 30M->14M(60M) 0.630ms
[8.744s][info][gc] GC(1080) Pause Young (Allocation Failure) 31M->14M(60M) 0.617ms
[8.747s][info][gc] GC(1081) Pause Young (Allocation Failure) 31M->14M(60M) 0.652ms
[8.751s][info][gc] GC(1082) Pause Young (Allocation Failure) 30M->14M(60M) 0.514ms
[8.758s][info][gc] GC(1083) Pause Young (Allocation Failure) 31M->14M(60M) 0.617ms
[8.763s][info][gc] GC(1084) Pause Young (Allocation Failure) 30M->14M(60M) 0.626ms
[8.767s][info][gc] GC(1085) Pause Young (Allocation Failure) 30M->14M(60M) 0.753ms
[8.771s][info][gc] GC(1086) Pause Young (Allocation Failure) 31M->14M(60M) 0.628ms
[8.775s][info][gc] GC(1087) Pause Young (Allocation Failure) 31M->14M(60M) 0.602ms
[8.778s][info][gc] GC(1088) Pause Young (Allocation Failure) 31M->14M(60M) 0.552ms
Completing query batches: 75%[8.786s][info][gc] GC(1089) Pause Young (Allocation Failure) 31M->14M(60M) 0.494ms
[8.792s][info][gc] GC(1090) Pause Young (Allocation Failure) 31M->14M(60M) 0.627ms
[8.797s][info][gc] GC(1091) Pause Young (Allocation Failure) 31M->14M(60M) 0.612ms
[8.801s][info][gc] GC(1092) Pause Young (Allocation Failure) 31M->14M(60M) 0.711ms
[8.806s][info][gc] GC(1093) Pause Young (Allocation Failure) 31M->14M(60M) 0.650ms
[8.809s][info][gc] GC(1094) Pause Young (Allocation Failure) 31M->14M(60M) 0.620ms
[8.814s][info][gc] GC(1095) Pause Young (Allocation Failure) 31M->14M(60M) 1.075ms
[8.820s][info][gc] GC(1096) Pause Young (Allocation Failure) 31M->14M(60M) 0.618ms
[8.824s][info][gc] GC(1097) Pause Young (Allocation Failure) 31M->14M(60M) 0.669ms
[8.827s][info][gc] GC(1098) Pause Young (Allocation Failure) 31M->14M(60M) 0.481ms
[8.833s][info][gc] GC(1099) Pause Young (Allocation Failure) 31M->14M(60M) 0.524ms
[8.839s][info][gc] GC(1100) Pause Young (Allocation Failure) 31M->14M(60M) 0.603ms
[8.849s][info][gc] GC(1101) Pause Young (Allocation Failure) 31M->14M(60M) 0.557ms
[8.853s][info][gc] GC(1102) Pause Young (Allocation Failure) 31M->14M(60M) 0.767ms
[8.857s][info][gc] GC(1103) Pause Young (Allocation Failure) 31M->14M(60M) 0.579ms
[8.861s][info][gc] GC(1104) Pause Young (Allocation Failure) 31M->14M(60M) 0.580ms
[8.866s][info][gc] GC(1105) Pause Young (Allocation Failure) 31M->14M(60M) 0.697ms
[8.871s][info][gc] GC(1106) Pause Young (Allocation Failure) 31M->14M(60M) 0.444ms
[8.875s][info][gc] GC(1107) Pause Young (Allocation Failure) 31M->14M(60M) 0.860ms
[8.878s][info][gc] GC(1108) Pause Young (Allocation Failure) 31M->14M(60M) 0.600ms
[8.882s][info][gc] GC(1109) Pause Young (Allocation Failure) 31M->14M(60M) 0.596ms
[8.886s][info][gc] GC(1110) Pause Young (Allocation Failure) 31M->14M(60M) 0.718ms
[8.891s][info][gc] GC(1111) Pause Young (Allocation Failure) 31M->14M(60M) 0.468ms
[8.895s][info][gc] GC(1112) Pause Young (Allocation Failure) 31M->14M(60M) 0.540ms
[8.899s][info][gc] GC(1113) Pause Young (Allocation Failure) 31M->14M(60M) 0.569ms
[8.903s][info][gc] GC(1114) Pause Young (Allocation Failure) 31M->14M(60M) 0.796ms
[8.906s][info][gc] GC(1115) Pause Young (Allocation Failure) 31M->14M(60M) 0.658ms
[8.911s][info][gc] GC(1116) Pause Young (Allocation Failure) 31M->14M(60M) 0.564ms
[8.916s][info][gc] GC(1117) Pause Young (Allocation Failure) 31M->14M(60M) 0.427ms
[8.920s][info][gc] GC(1118) Pause Young (Allocation Failure) 31M->14M(60M) 0.534ms
[8.924s][info][gc] GC(1119) Pause Young (Allocation Failure) 31M->15M(60M) 0.551ms
[8.927s][info][gc] GC(1120) Pause Young (Allocation Failure) 31M->14M(60M) 0.411ms
[8.936s][info][gc] GC(1121) Pause Young (Allocation Failure) 31M->14M(60M) 0.516ms
[8.940s][info][gc] GC(1122) Pause Young (Allocation Failure) 31M->14M(60M) 0.428ms
[8.944s][info][gc] GC(1123) Pause Young (Allocation Failure) 31M->14M(60M) 0.555ms
[8.951s][info][gc] GC(1124) Pause Young (Allocation Failure) 31M->15M(60M) 0.422ms
[8.955s][info][gc] GC(1125) Pause Young (Allocation Failure) 31M->15M(60M) 0.836ms
[8.958s][info][gc] GC(1126) Pause Young (Allocation Failure) 31M->15M(60M) 0.938ms
[8.961s][info][gc] GC(1127) Pause Young (Allocation Failure) 31M->14M(60M) 0.455ms
[8.966s][info][gc] GC(1128) Pause Young (Allocation Failure) 31M->15M(60M) 1.037ms
[8.970s][info][gc] GC(1129) Pause Young (Allocation Failure) 31M->15M(60M) 0.639ms
[8.975s][info][gc] GC(1130) Pause Young (Allocation Failure) 31M->14M(60M) 0.826ms
[8.979s][info][gc] GC(1131) Pause Young (Allocation Failure) 31M->15M(60M) 0.876ms
[8.983s][info][gc] GC(1132) Pause Young (Allocation Failure) 31M->15M(60M) 0.435ms
[8.988s][info][gc] GC(1133) Pause Young (Allocation Failure) 31M->15M(60M) 0.543ms
[8.991s][info][gc] GC(1134) Pause Young (Allocation Failure) 31M->15M(60M) 0.951ms
[8.994s][info][gc] GC(1135) Pause Young (Allocation Failure) 31M->15M(60M) 0.528ms
[8.999s][info][gc] GC(1136) Pause Young (Allocation Failure) 31M->15M(60M) 0.504ms
[9.004s][info][gc] GC(1137) Pause Young (Allocation Failure) 31M->15M(60M) 0.592ms
[9.007s][info][gc] GC(1138) Pause Young (Allocation Failure) 31M->15M(60M) 0.635ms
[9.010s][info][gc] GC(1139) Pause Young (Allocation Failure) 32M->15M(60M) 0.743ms
[9.014s][info][gc] GC(1140) Pause Young (Allocation Failure) 31M->15M(60M) 0.618ms
[9.017s][info][gc] GC(1141) Pause Young (Allocation Failure) 32M->15M(60M) 0.517ms
[9.023s][info][gc] GC(1142) Pause Young (Allocation Failure) 32M->15M(60M) 0.856ms
[9.028s][info][gc] GC(1143) Pause Young (Allocation Failure) 31M->15M(60M) 0.475ms
[9.037s][info][gc] GC(1144) Pause Young (Allocation Failure) 31M->15M(60M) 0.657ms
[9.041s][info][gc] GC(1145) Pause Young (Allocation Failure) 32M->15M(60M) 0.740ms
[9.044s][info][gc] GC(1146) Pause Young (Allocation Failure) 31M->15M(60M) 0.731ms
[9.050s][info][gc] GC(1147) Pause Young (Allocation Failure) 31M->15M(60M) 0.797ms
[9.055s][info][gc] GC(1148) Pause Young (Allocation Failure) 32M->15M(60M) 0.510ms
[9.059s][info][gc] GC(1149) Pause Young (Allocation Failure) 31M->15M(60M) 0.685ms
[9.062s][info][gc] GC(1150) Pause Young (Allocation Failure) 31M->15M(60M) 0.764ms
[9.071s][info][gc] GC(1151) Pause Young (Allocation Failure) 32M->15M(60M) 5.659ms
[9.074s][info][gc] GC(1152) Pause Young (Allocation Failure) 32M->15M(60M) 0.720ms
[9.083s][info][gc] GC(1153) Pause Young (Allocation Failure) 32M->15M(60M) 5.639ms
[9.087s][info][gc] GC(1154) Pause Young (Allocation Failure) 31M->15M(60M) 0.567ms
[9.092s][info][gc] GC(1155) Pause Young (Allocation Failure) 31M->15M(60M) 0.623ms
[9.097s][info][gc] GC(1156) Pause Young (Allocation Failure) 31M->15M(60M) 0.462ms
[9.100s][info][gc] GC(1157) Pause Young (Allocation Failure) 32M->15M(60M) 0.729ms
[9.105s][info][gc] GC(1158) Pause Young (Allocation Failure) 32M->15M(60M) 0.532ms
[9.109s][info][gc] GC(1159) Pause Young (Allocation Failure) 32M->15M(60M) 0.771ms
Completing query batches: 80%[9.113s][info][gc] GC(1160) Pause Young (Allocation Failure) 32M->15M(60M) 0.750ms
[9.121s][info][gc] GC(1161) Pause Young (Allocation Failure) 32M->15M(60M) 0.720ms
[9.125s][info][gc] GC(1162) Pause Young (Allocation Failure) 32M->15M(60M) 0.617ms
[9.129s][info][gc] GC(1163) Pause Young (Allocation Failure) 32M->15M(60M) 0.674ms
[9.135s][info][gc] GC(1164) Pause Young (Allocation Failure) 32M->15M(60M) 0.560ms
[9.140s][info][gc] GC(1165) Pause Young (Allocation Failure) 32M->15M(60M) 0.475ms
[9.144s][info][gc] GC(1166) Pause Young (Allocation Failure) 32M->15M(60M) 0.664ms
[9.149s][info][gc] GC(1167) Pause Young (Allocation Failure) 32M->15M(60M) 0.688ms
[9.153s][info][gc] GC(1168) Pause Young (Allocation Failure) 32M->15M(60M) 0.744ms
[9.157s][info][gc] GC(1169) Pause Young (Allocation Failure) 32M->15M(60M) 0.705ms
[9.161s][info][gc] GC(1170) Pause Young (Allocation Failure) 32M->15M(60M) 0.591ms
[9.166s][info][gc] GC(1171) Pause Young (Allocation Failure) 32M->15M(60M) 0.880ms
[9.172s][info][gc] GC(1172) Pause Young (Allocation Failure) 32M->15M(60M) 0.575ms
[9.175s][info][gc] GC(1173) Pause Young (Allocation Failure) 32M->15M(60M) 0.537ms
[9.179s][info][gc] GC(1174) Pause Young (Allocation Failure) 32M->15M(60M) 0.513ms
[9.183s][info][gc] GC(1175) Pause Young (Allocation Failure) 32M->15M(60M) 0.480ms
[9.187s][info][gc] GC(1176) Pause Young (Allocation Failure) 32M->15M(60M) 0.692ms
[9.191s][info][gc] GC(1177) Pause Young (Allocation Failure) 32M->15M(60M) 0.682ms
[9.197s][info][gc] GC(1178) Pause Young (Allocation Failure) 32M->15M(60M) 0.842ms
[9.200s][info][gc] GC(1179) Pause Young (Allocation Failure) 32M->15M(60M) 0.838ms
[9.205s][info][gc] GC(1180) Pause Young (Allocation Failure) 32M->15M(60M) 0.707ms
[9.209s][info][gc] GC(1181) Pause Young (Allocation Failure) 32M->16M(60M) 0.605ms
[9.214s][info][gc] GC(1182) Pause Young (Allocation Failure) 32M->15M(60M) 0.546ms
[9.218s][info][gc] GC(1183) Pause Young (Allocation Failure) 32M->15M(60M) 0.533ms
[9.221s][info][gc] GC(1184) Pause Young (Allocation Failure) 32M->15M(60M) 0.605ms
[9.226s][info][gc] GC(1185) Pause Young (Allocation Failure) 32M->15M(60M) 0.669ms
[9.229s][info][gc] GC(1186) Pause Young (Allocation Failure) 32M->16M(60M) 0.688ms
[9.234s][info][gc] GC(1187) Pause Young (Allocation Failure) 32M->15M(60M) 0.859ms
[9.239s][info][gc] GC(1188) Pause Young (Allocation Failure) 32M->15M(60M) 1.083ms
[9.247s][info][gc] GC(1189) Pause Young (Allocation Failure) 32M->15M(60M) 0.718ms
[9.256s][info][gc] GC(1190) Pause Young (Allocation Failure) 32M->16M(60M) 0.649ms
[9.261s][info][gc] GC(1191) Pause Young (Allocation Failure) 32M->16M(60M) 0.540ms
[9.264s][info][gc] GC(1192) Pause Young (Allocation Failure) 32M->16M(60M) 0.487ms
[9.268s][info][gc] GC(1193) Pause Young (Allocation Failure) 32M->16M(60M) 0.501ms
[9.272s][info][gc] GC(1194) Pause Young (Allocation Failure) 32M->16M(60M) 0.492ms
[9.275s][info][gc] GC(1195) Pause Young (Allocation Failure) 32M->16M(60M) 0.659ms
[9.281s][info][gc] GC(1196) Pause Young (Allocation Failure) 32M->16M(60M) 0.632ms
[9.285s][info][gc] GC(1197) Pause Young (Allocation Failure) 32M->16M(60M) 0.792ms
[9.289s][info][gc] GC(1198) Pause Young (Allocation Failure) 32M->16M(60M) 0.548ms
[9.294s][info][gc] GC(1199) Pause Young (Allocation Failure) 32M->16M(60M) 0.496ms
[9.298s][info][gc] GC(1200) Pause Young (Allocation Failure) 32M->16M(60M) 0.603ms
[9.302s][info][gc] GC(1201) Pause Young (Allocation Failure) 32M->16M(60M) 0.735ms
[9.305s][info][gc] GC(1202) Pause Young (Allocation Failure) 32M->16M(60M) 0.646ms
[9.309s][info][gc] GC(1203) Pause Young (Allocation Failure) 33M->16M(60M) 0.487ms
[9.315s][info][gc] GC(1204) Pause Young (Allocation Failure) 32M->16M(60M) 0.596ms
[9.319s][info][gc] GC(1205) Pause Young (Allocation Failure) 32M->16M(60M) 0.557ms
[9.323s][info][gc] GC(1206) Pause Young (Allocation Failure) 32M->16M(60M) 0.510ms
[9.329s][info][gc] GC(1207) Pause Young (Allocation Failure) 33M->16M(60M) 0.859ms
[9.333s][info][gc] GC(1208) Pause Young (Allocation Failure) 33M->16M(60M) 0.731ms
[9.337s][info][gc] GC(1209) Pause Young (Allocation Failure) 33M->16M(60M) 0.515ms
[9.341s][info][gc] GC(1210) Pause Young (Allocation Failure) 32M->16M(60M) 0.757ms
[9.345s][info][gc] GC(1211) Pause Young (Allocation Failure) 33M->16M(60M) 0.495ms
[9.350s][info][gc] GC(1212) Pause Young (Allocation Failure) 33M->16M(60M) 0.730ms
[9.355s][info][gc] GC(1213) Pause Young (Allocation Failure) 33M->16M(60M) 0.578ms
[9.359s][info][gc] GC(1214) Pause Young (Allocation Failure) 33M->16M(60M) 0.499ms
[9.363s][info][gc] GC(1215) Pause Young (Allocation Failure) 33M->16M(60M) 0.803ms
[9.367s][info][gc] GC(1216) Pause Young (Allocation Failure) 33M->16M(60M) 0.538ms
[9.371s][info][gc] GC(1217) Pause Young (Allocation Failure) 33M->16M(60M) 0.795ms
[9.376s][info][gc] GC(1218) Pause Young (Allocation Failure) 33M->16M(60M) 0.735ms
[9.381s][info][gc] GC(1219) Pause Young (Allocation Failure) 33M->16M(60M) 0.522ms
[9.386s][info][gc] GC(1220) Pause Young (Allocation Failure) 33M->17M(60M) 0.791ms
[9.391s][info][gc] GC(1221) Pause Young (Allocation Failure) 33M->16M(60M) 0.607ms
[9.396s][info][gc] GC(1222) Pause Young (Allocation Failure) 33M->16M(60M) 0.487ms
[9.404s][info][gc] GC(1223) Pause Young (Allocation Failure) 33M->16M(60M) 0.620ms
[9.407s][info][gc] GC(1224) Pause Young (Allocation Failure) 33M->17M(60M) 0.475ms
[9.410s][info][gc] GC(1225) Pause Young (Allocation Failure) 33M->17M(60M) 0.965ms
[9.416s][info][gc] GC(1226) Pause Young (Allocation Failure) 33M->16M(60M) 0.560ms
[9.419s][info][gc] GC(1227) Pause Young (Allocation Failure) 33M->17M(60M) 0.628ms
[9.424s][info][gc] GC(1228) Pause Young (Allocation Failure) 33M->17M(60M) 0.574ms
[9.428s][info][gc] GC(1229) Pause Young (Allocation Failure) 33M->17M(60M) 0.590ms
[9.431s][info][gc] GC(1230) Pause Young (Allocation Failure) 33M->17M(60M) 0.480ms
[9.434s][info][gc] GC(1231) Pause Young (Allocation Failure) 33M->17M(60M) 0.751ms
Completing query batches: 85%[9.444s][info][gc] GC(1232) Pause Young (Allocation Failure) 33M->16M(60M) 0.612ms
[9.448s][info][gc] GC(1233) Pause Young (Allocation Failure) 33M->17M(60M) 0.563ms
[9.451s][info][gc] GC(1234) Pause Young (Allocation Failure) 33M->17M(60M) 0.478ms
[9.454s][info][gc] GC(1235) Pause Young (Allocation Failure) 33M->17M(60M) 0.790ms
[9.459s][info][gc] GC(1236) Pause Young (Allocation Failure) 33M->17M(60M) 0.514ms
[9.462s][info][gc] GC(1237) Pause Young (Allocation Failure) 33M->17M(60M) 0.541ms
[9.472s][info][gc] GC(1238) Pause Young (Allocation Failure) 33M->17M(60M) 0.429ms
[9.475s][info][gc] GC(1239) Pause Young (Allocation Failure) 33M->17M(60M) 0.980ms
[9.479s][info][gc] GC(1240) Pause Young (Allocation Failure) 33M->17M(60M) 0.448ms
[9.484s][info][gc] GC(1241) Pause Young (Allocation Failure) 33M->17M(60M) 0.450ms
[9.487s][info][gc] GC(1242) Pause Young (Allocation Failure) 34M->17M(60M) 0.518ms
[9.492s][info][gc] GC(1243) Pause Young (Allocation Failure) 34M->17M(60M) 0.481ms
[9.500s][info][gc] GC(1244) Pause Young (Allocation Failure) 33M->17M(60M) 0.615ms
[9.503s][info][gc] GC(1245) Pause Young (Allocation Failure) 33M->17M(60M) 0.566ms
[9.507s][info][gc] GC(1246) Pause Young (Allocation Failure) 34M->17M(60M) 0.446ms
[9.510s][info][gc] GC(1247) Pause Young (Allocation Failure) 34M->17M(60M) 0.585ms
[9.514s][info][gc] GC(1248) Pause Young (Allocation Failure) 33M->17M(60M) 0.680ms
[9.519s][info][gc] GC(1249) Pause Young (Allocation Failure) 33M->17M(60M) 0.568ms
[9.524s][info][gc] GC(1250) Pause Young (Allocation Failure) 33M->17M(60M) 0.542ms
[9.528s][info][gc] GC(1251) Pause Young (Allocation Failure) 34M->17M(60M) 0.609ms
[9.535s][info][gc] GC(1252) Pause Young (Allocation Failure) 34M->17M(60M) 0.572ms
[9.538s][info][gc] GC(1253) Pause Young (Allocation Failure) 33M->17M(60M) 0.919ms
[9.542s][info][gc] GC(1254) Pause Young (Allocation Failure) 33M->17M(60M) 0.570ms
[9.547s][info][gc] GC(1255) Pause Young (Allocation Failure) 33M->17M(60M) 0.560ms
[9.551s][info][gc] GC(1256) Pause Young (Allocation Failure) 33M->17M(60M) 0.490ms
[9.555s][info][gc] GC(1257) Pause Young (Allocation Failure) 33M->17M(60M) 0.470ms
[9.559s][info][gc] GC(1258) Pause Young (Allocation Failure) 33M->17M(60M) 0.887ms
[9.563s][info][gc] GC(1259) Pause Young (Allocation Failure) 34M->17M(60M) 0.571ms
[9.568s][info][gc] GC(1260) Pause Young (Allocation Failure) 33M->17M(60M) 0.521ms
[9.572s][info][gc] GC(1261) Pause Young (Allocation Failure) 34M->17M(60M) 0.628ms
[9.576s][info][gc] GC(1262) Pause Young (Allocation Failure) 34M->17M(60M) 0.500ms
[9.579s][info][gc] GC(1263) Pause Young (Allocation Failure) 34M->17M(60M) 0.503ms
[9.586s][info][gc] GC(1264) Pause Young (Allocation Failure) 33M->17M(60M) 0.803ms
[9.591s][info][gc] GC(1265) Pause Young (Allocation Failure) 34M->17M(60M) 0.486ms
[9.595s][info][gc] GC(1266) Pause Young (Allocation Failure) 34M->17M(60M) 0.489ms
[9.599s][info][gc] GC(1267) Pause Young (Allocation Failure) 34M->17M(60M) 0.735ms
[9.602s][info][gc] GC(1268) Pause Young (Allocation Failure) 33M->17M(60M) 0.860ms
[9.607s][info][gc] GC(1269) Pause Young (Allocation Failure) 33M->17M(60M) 0.829ms
[9.611s][info][gc] GC(1270) Pause Young (Allocation Failure) 33M->17M(60M) 0.787ms
[9.615s][info][gc] GC(1271) Pause Young (Allocation Failure) 33M->17M(60M) 0.514ms
[9.618s][info][gc] GC(1272) Pause Young (Allocation Failure) 34M->17M(60M) 0.749ms
[9.624s][info][gc] GC(1273) Pause Young (Allocation Failure) 34M->17M(60M) 0.568ms
[9.632s][info][gc] GC(1274) Pause Young (Allocation Failure) 34M->17M(60M) 0.576ms
[9.635s][info][gc] GC(1275) Pause Young (Allocation Failure) 34M->17M(60M) 0.523ms
[9.639s][info][gc] GC(1276) Pause Young (Allocation Failure) 33M->17M(60M) 0.919ms
[9.641s][info][gc] GC(1277) Pause Young (Allocation Failure) 34M->17M(60M) 0.613ms
[9.646s][info][gc] GC(1278) Pause Young (Allocation Failure) 34M->17M(60M) 0.876ms
[9.649s][info][gc] GC(1279) Pause Young (Allocation Failure) 34M->17M(60M) 0.670ms
[9.653s][info][gc] GC(1280) Pause Young (Allocation Failure) 34M->17M(60M) 0.663ms
[9.657s][info][gc] GC(1281) Pause Young (Allocation Failure) 34M->17M(60M) 0.616ms
[9.660s][info][gc] GC(1282) Pause Young (Allocation Failure) 34M->17M(60M) 0.396ms
[9.663s][info][gc] GC(1283) Pause Young (Allocation Failure) 34M->17M(60M) 0.531ms
[9.666s][info][gc] GC(1284) Pause Young (Allocation Failure) 34M->17M(60M) 0.876ms
[9.669s][info][gc] GC(1285) Pause Young (Allocation Failure) 34M->17M(60M) 0.551ms
[9.673s][info][gc] GC(1286) Pause Young (Allocation Failure) 34M->17M(60M) 0.432ms
[9.679s][info][gc] GC(1287) Pause Young (Allocation Failure) 34M->17M(60M) 0.447ms
[9.683s][info][gc] GC(1288) Pause Young (Allocation Failure) 34M->17M(60M) 0.482ms
[9.686s][info][gc] GC(1289) Pause Young (Allocation Failure) 34M->17M(60M) 0.473ms
[9.690s][info][gc] GC(1290) Pause Young (Allocation Failure) 34M->17M(60M) 0.567ms
[9.693s][info][gc] GC(1291) Pause Young (Allocation Failure) 34M->17M(60M) 0.478ms
[9.703s][info][gc] GC(1292) Pause Young (Allocation Failure) 34M->17M(60M) 0.735ms
[9.707s][info][gc] GC(1293) Pause Young (Allocation Failure) 34M->17M(60M) 1.091ms
[9.710s][info][gc] GC(1294) Pause Young (Allocation Failure) 34M->17M(60M) 0.525ms
[9.715s][info][gc] GC(1295) Pause Young (Allocation Failure) 34M->17M(60M) 0.507ms
[9.718s][info][gc] GC(1296) Pause Young (Allocation Failure) 34M->17M(60M) 0.680ms
[9.723s][info][gc] GC(1297) Pause Young (Allocation Failure) 34M->17M(60M) 0.516ms
[9.728s][info][gc] GC(1298) Pause Young (Allocation Failure) 34M->17M(60M) 0.456ms
[9.731s][info][gc] GC(1299) Pause Young (Allocation Failure) 34M->17M(60M) 0.510ms
[9.734s][info][gc] GC(1300) Pause Young (Allocation Failure) 34M->17M(60M) 0.663ms
[9.737s][info][gc] GC(1301) Pause Young (Allocation Failure) 34M->17M(60M) 0.598ms
[9.741s][info][gc] GC(1302) Pause Young (Allocation Failure) 34M->18M(60M) 0.652ms
[9.744s][info][gc] GC(1303) Pause Young (Allocation Failure) 34M->17M(60M) 0.553ms
Completing query batches: 90%[9.751s][info][gc] GC(1304) Pause Young (Allocation Failure) 34M->17M(60M) 0.475ms
[9.755s][info][gc] GC(1305) Pause Young (Allocation Failure) 34M->17M(60M) 0.787ms
[9.758s][info][gc] GC(1306) Pause Young (Allocation Failure) 34M->17M(60M) 0.682ms
[9.762s][info][gc] GC(1307) Pause Young (Allocation Failure) 34M->17M(60M) 0.831ms
[9.765s][info][gc] GC(1308) Pause Young (Allocation Failure) 34M->18M(60M) 0.466ms
[9.770s][info][gc] GC(1309) Pause Young (Allocation Failure) 34M->17M(60M) 0.472ms
[9.776s][info][gc] GC(1310) Pause Young (Allocation Failure) 34M->17M(60M) 0.475ms
[9.781s][info][gc] GC(1311) Pause Young (Allocation Failure) 34M->17M(60M) 0.496ms
[9.786s][info][gc] GC(1312) Pause Young (Allocation Failure) 34M->17M(60M) 0.520ms
[9.791s][info][gc] GC(1313) Pause Young (Allocation Failure) 34M->17M(60M) 0.463ms
[9.794s][info][gc] GC(1314) Pause Young (Allocation Failure) 34M->18M(60M) 0.591ms
[9.800s][info][gc] GC(1315) Pause Young (Allocation Failure) 34M->17M(60M) 0.444ms
[9.807s][info][gc] GC(1316) Pause Young (Allocation Failure) 34M->17M(60M) 0.470ms
[9.810s][info][gc] GC(1317) Pause Young (Allocation Failure) 34M->17M(60M) 0.548ms
[9.814s][info][gc] GC(1318) Pause Young (Allocation Failure) 34M->17M(60M) 0.711ms
[9.817s][info][gc] GC(1319) Pause Young (Allocation Failure) 34M->18M(60M) 0.780ms
[9.823s][info][gc] GC(1320) Pause Young (Allocation Failure) 34M->18M(60M) 2.358ms
[9.827s][info][gc] GC(1321) Pause Young (Allocation Failure) 34M->17M(60M) 0.801ms
[9.830s][info][gc] GC(1322) Pause Young (Allocation Failure) 34M->18M(60M) 0.886ms
[9.834s][info][gc] GC(1323) Pause Young (Allocation Failure) 34M->18M(60M) 0.526ms
[9.838s][info][gc] GC(1324) Pause Young (Allocation Failure) 34M->18M(60M) 0.794ms
[9.842s][info][gc] GC(1325) Pause Young (Allocation Failure) 34M->18M(60M) 0.697ms
[9.846s][info][gc] GC(1326) Pause Young (Allocation Failure) 34M->18M(60M) 0.981ms
[9.851s][info][gc] GC(1327) Pause Young (Allocation Failure) 34M->18M(60M) 0.433ms
[9.854s][info][gc] GC(1328) Pause Young (Allocation Failure) 34M->17M(60M) 1.101ms
[9.859s][info][gc] GC(1329) Pause Young (Allocation Failure) 34M->18M(60M) 0.540ms
[9.862s][info][gc] GC(1330) Pause Young (Allocation Failure) 35M->18M(60M) 0.589ms
[9.865s][info][gc] GC(1331) Pause Young (Allocation Failure) 34M->18M(60M) 0.543ms
[9.869s][info][gc] GC(1332) Pause Young (Allocation Failure) 34M->18M(60M) 0.688ms
[9.874s][info][gc] GC(1333) Pause Young (Allocation Failure) 34M->18M(60M) 0.817ms
[9.878s][info][gc] GC(1334) Pause Young (Allocation Failure) 34M->18M(60M) 0.581ms
[9.882s][info][gc] GC(1335) Pause Young (Allocation Failure) 34M->18M(60M) 0.661ms
[9.885s][info][gc] GC(1336) Pause Young (Allocation Failure) 35M->18M(60M) 0.442ms
[9.889s][info][gc] GC(1337) Pause Young (Allocation Failure) 35M->18M(60M) 1.053ms
[9.894s][info][gc] GC(1338) Pause Young (Allocation Failure) 35M->18M(60M) 0.643ms
[9.898s][info][gc] GC(1339) Pause Young (Allocation Failure) 34M->18M(60M) 0.605ms
[9.901s][info][gc] GC(1340) Pause Young (Allocation Failure) 34M->18M(60M) 0.585ms
[9.905s][info][gc] GC(1341) Pause Young (Allocation Failure) 34M->18M(60M) 0.615ms
[9.908s][info][gc] GC(1342) Pause Young (Allocation Failure) 35M->18M(60M) 0.597ms
[9.912s][info][gc] GC(1343) Pause Young (Allocation Failure) 35M->18M(60M) 0.495ms
[9.916s][info][gc] GC(1344) Pause Young (Allocation Failure) 35M->18M(60M) 0.872ms
[9.920s][info][gc] GC(1345) Pause Young (Allocation Failure) 35M->18M(60M) 0.412ms
[9.925s][info][gc] GC(1346) Pause Young (Allocation Failure) 35M->18M(60M) 0.753ms
[9.929s][info][gc] GC(1347) Pause Young (Allocation Failure) 35M->18M(60M) 0.557ms
[9.932s][info][gc] GC(1348) Pause Young (Allocation Failure) 35M->18M(60M) 0.448ms
[9.935s][info][gc] GC(1349) Pause Young (Allocation Failure) 35M->18M(60M) 0.441ms
[9.940s][info][gc] GC(1350) Pause Young (Allocation Failure) 35M->18M(60M) 0.949ms
[9.943s][info][gc] GC(1351) Pause Young (Allocation Failure) 35M->18M(60M) 0.523ms
[9.949s][info][gc] GC(1352) Pause Young (Allocation Failure) 35M->18M(60M) 0.664ms
[9.952s][info][gc] GC(1353) Pause Young (Allocation Failure) 35M->18M(60M) 0.432ms
[9.957s][info][gc] GC(1354) Pause Young (Allocation Failure) 35M->18M(60M) 0.533ms
[9.960s][info][gc] GC(1355) Pause Young (Allocation Failure) 35M->18M(60M) 0.364ms
[9.964s][info][gc] GC(1356) Pause Young (Allocation Failure) 35M->18M(60M) 0.457ms
[9.968s][info][gc] GC(1357) Pause Young (Allocation Failure) 35M->18M(60M) 0.402ms
[9.973s][info][gc] GC(1358) Pause Young (Allocation Failure) 35M->18M(60M) 0.570ms
[9.976s][info][gc] GC(1359) Pause Young (Allocation Failure) 35M->18M(60M) 0.442ms
[9.979s][info][gc] GC(1360) Pause Young (Allocation Failure) 35M->18M(60M) 0.509ms
[9.983s][info][gc] GC(1361) Pause Young (Allocation Failure) 35M->18M(60M) 0.638ms
[9.986s][info][gc] GC(1362) Pause Young (Allocation Failure) 35M->18M(60M) 0.743ms
[9.990s][info][gc] GC(1363) Pause Young (Allocation Failure) 35M->18M(60M) 0.683ms
[9.995s][info][gc] GC(1364) Pause Young (Allocation Failure) 35M->18M(60M) 0.435ms
[9.998s][info][gc] GC(1365) Pause Young (Allocation Failure) 35M->18M(60M) 0.480ms
[10.001s][info][gc] GC(1366) Pause Young (Allocation Failure) 35M->18M(60M) 0.540ms
[10.005s][info][gc] GC(1367) Pause Young (Allocation Failure) 35M->18M(60M) 0.596ms
[10.009s][info][gc] GC(1368) Pause Young (Allocation Failure) 35M->18M(60M) 0.522ms
[10.013s][info][gc] GC(1369) Pause Young (Allocation Failure) 35M->18M(60M) 0.804ms
[10.018s][info][gc] GC(1370) Pause Young (Allocation Failure) 35M->18M(60M) 0.676ms
[10.022s][info][gc] GC(1371) Pause Young (Allocation Failure) 35M->19M(60M) 0.776ms
[10.026s][info][gc] GC(1372) Pause Young (Allocation Failure) 35M->19M(60M) 0.659ms
Completing query batches: 95%[10.035s][info][gc] GC(1373) Pause Young (Allocation Failure) 35M->18M(60M) 0.891ms
[10.038s][info][gc] GC(1374) Pause Young (Allocation Failure) 35M->18M(60M) 0.511ms
[10.041s][info][gc] GC(1375) Pause Young (Allocation Failure) 35M->19M(60M) 0.486ms
[10.046s][info][gc] GC(1376) Pause Young (Allocation Failure) 35M->18M(60M) 0.686ms
[10.050s][info][gc] GC(1377) Pause Young (Allocation Failure) 35M->19M(60M) 0.563ms
[10.055s][info][gc] GC(1378) Pause Young (Allocation Failure) 35M->18M(60M) 0.491ms
[10.062s][info][gc] GC(1379) Pause Young (Allocation Failure) 35M->18M(60M) 0.628ms
[10.066s][info][gc] GC(1380) Pause Young (Allocation Failure) 35M->19M(60M) 0.856ms
[10.069s][info][gc] GC(1381) Pause Young (Allocation Failure) 35M->19M(60M) 0.687ms
[10.073s][info][gc] GC(1382) Pause Young (Allocation Failure) 35M->19M(60M) 0.590ms
[10.078s][info][gc] GC(1383) Pause Young (Allocation Failure) 35M->19M(60M) 0.719ms
[10.082s][info][gc] GC(1384) Pause Young (Allocation Failure) 35M->19M(60M) 0.696ms
[10.091s][info][gc] GC(1385) Pause Young (Allocation Failure) 35M->19M(60M) 0.584ms
[10.095s][info][gc] GC(1386) Pause Young (Allocation Failure) 35M->19M(60M) 0.824ms
[10.099s][info][gc] GC(1387) Pause Young (Allocation Failure) 36M->19M(60M) 0.538ms
[10.103s][info][gc] GC(1388) Pause Young (Allocation Failure) 36M->19M(60M) 0.710ms
[10.107s][info][gc] GC(1389) Pause Young (Allocation Failure) 36M->19M(60M) 0.645ms
[10.115s][info][gc] GC(1390) Pause Young (Allocation Failure) 36M->19M(60M) 0.631ms
[10.123s][info][gc] GC(1391) Pause Young (Allocation Failure) 35M->19M(60M) 0.860ms
[10.127s][info][gc] GC(1392) Pause Young (Allocation Failure) 35M->19M(60M) 0.458ms
[10.131s][info][gc] GC(1393) Pause Young (Allocation Failure) 36M->19M(60M) 0.671ms
[10.134s][info][gc] GC(1394) Pause Young (Allocation Failure) 36M->19M(60M) 0.945ms
[10.137s][info][gc] GC(1395) Pause Young (Allocation Failure) 36M->19M(60M) 0.496ms
[10.142s][info][gc] GC(1396) Pause Young (Allocation Failure) 35M->19M(60M) 1.004ms
[10.149s][info][gc] GC(1397) Pause Young (Allocation Failure) 36M->19M(60M) 0.756ms
[10.157s][info][gc] GC(1398) Pause Young (Allocation Failure) 36M->19M(60M) 0.570ms
[10.161s][info][gc] GC(1399) Pause Young (Allocation Failure) 36M->19M(60M) 0.844ms
[10.165s][info][gc] GC(1400) Pause Young (Allocation Failure) 36M->19M(60M) 0.709ms
[10.169s][info][gc] GC(1401) Pause Young (Allocation Failure) 36M->19M(60M) 0.737ms
[10.173s][info][gc] GC(1402) Pause Young (Allocation Failure) 36M->19M(60M) 0.643ms
[10.177s][info][gc] GC(1403) Pause Young (Allocation Failure) 36M->19M(60M) 0.682ms
[10.183s][info][gc] GC(1404) Pause Young (Allocation Failure) 36M->19M(60M) 0.512ms
[10.187s][info][gc] GC(1405) Pause Young (Allocation Failure) 36M->19M(60M) 0.840ms
[10.190s][info][gc] GC(1406) Pause Young (Allocation Failure) 36M->19M(60M) 0.861ms
[10.194s][info][gc] GC(1407) Pause Young (Allocation Failure) 36M->19M(60M) 0.655ms
[10.199s][info][gc] GC(1408) Pause Young (Allocation Failure) 36M->20M(60M) 0.592ms
[10.205s][info][gc] GC(1409) Pause Young (Allocation Failure) 36M->19M(60M) 0.526ms
[10.210s][info][gc] GC(1410) Pause Young (Allocation Failure) 36M->19M(60M) 0.535ms
[10.213s][info][gc] GC(1411) Pause Young (Allocation Failure) 36M->19M(60M) 0.588ms
[10.218s][info][gc] GC(1412) Pause Young (Allocation Failure) 36M->19M(60M) 0.623ms
[10.222s][info][gc] GC(1413) Pause Young (Allocation Failure) 36M->19M(60M) 0.789ms
[10.227s][info][gc] GC(1414) Pause Young (Allocation Failure) 36M->19M(60M) 0.537ms
[10.231s][info][gc] GC(1415) Pause Young (Allocation Failure) 36M->19M(60M) 1.119ms
[10.234s][info][gc] GC(1416) Pause Young (Allocation Failure) 36M->19M(60M) 0.717ms
[10.238s][info][gc] GC(1417) Pause Young (Allocation Failure) 36M->20M(60M) 0.592ms
[10.243s][info][gc] GC(1418) Pause Young (Allocation Failure) 36M->20M(60M) 0.382ms
[10.248s][info][gc] GC(1419) Pause Young (Allocation Failure) 36M->19M(60M) 0.725ms
[10.254s][info][gc] GC(1420) Pause Young (Allocation Failure) 36M->19M(60M) 0.961ms
[10.257s][info][gc] GC(1421) Pause Young (Allocation Failure) 36M->19M(60M) 0.563ms
[10.262s][info][gc] GC(1422) Pause Young (Allocation Failure) 36M->19M(60M) 0.958ms
[10.265s][info][gc] GC(1423) Pause Young (Allocation Failure) 36M->19M(60M) 0.777ms
[10.270s][info][gc] GC(1424) Pause Young (Allocation Failure) 36M->19M(60M) 0.618ms
[10.276s][info][gc] GC(1425) Pause Young (Allocation Failure) 36M->19M(60M) 0.485ms
[10.279s][info][gc] GC(1426) Pause Young (Allocation Failure) 36M->19M(60M) 0.364ms
[10.282s][info][gc] GC(1427) Pause Young (Allocation Failure) 36M->19M(60M) 0.387ms
[10.286s][info][gc] GC(1428) Pause Young (Allocation Failure) 36M->19M(60M) 0.450ms
[10.290s][info][gc] GC(1429) Pause Young (Allocation Failure) 36M->19M(60M) 0.766ms
[10.300s][info][gc] GC(1430) Pause Young (Allocation Failure) 36M->19M(60M) 0.678ms
[10.304s][info][gc] GC(1431) Pause Young (Allocation Failure) 36M->19M(60M) 0.699ms
[10.308s][info][gc] GC(1432) Pause Young (Allocation Failure) 36M->19M(60M) 0.763ms
[10.311s][info][gc] GC(1433) Pause Young (Allocation Failure) 36M->19M(60M) 0.537ms
[10.315s][info][gc] GC(1434) Pause Young (Allocation Failure) 36M->19M(60M) 0.641ms
[10.318s][info][gc] GC(1435) Pause Young (Allocation Failure) 36M->19M(60M) 0.560ms
[10.325s][info][gc] GC(1436) Pause Young (Allocation Failure) 36M->20M(60M) 0.401ms
[10.329s][info][gc] GC(1437) Pause Young (Allocation Failure) 36M->19M(60M) 0.794ms
[10.333s][info][gc] GC(1438) Pause Young (Allocation Failure) 36M->19M(60M) 0.692ms
[10.337s][info][gc] GC(1439) Pause Young (Allocation Failure) 36M->19M(60M) 0.696ms
[10.344s][info][gc] GC(1440) Pause Young (Allocation Failure) 36M->19M(60M) 0.472ms
[10.348s][info][gc] GC(1441) Pause Young (Allocation Failure) 36M->19M(60M) 0.611ms
[10.352s][info][gc] GC(1442) Pause Young (Allocation Failure) 36M->19M(60M) 0.649ms
[10.356s][info][gc] GC(1443) Pause Young (Allocation Failure) 36M->19M(60M) 0.627ms
[10.362s][info][gc] GC(1444) Pause Young (Allocation Failure) 36M->19M(60M) 1.053ms
Completing query batches: 100%[10.367s][info][gc] GC(1445) Pause Young (Allocation Failure) 36M->19M(60M) 0.441ms
[10.373s][info][gc] GC(1446) Pause Young (Allocation Failure) 36M->19M(60M) 0.443ms
[10.381s][info][gc] GC(1447) Pause Young (Allocation Failure) 35M->19M(60M) 0.749ms
[10.394s][info][gc] GC(1448) Pause Young (Allocation Failure) 35M->19M(60M) 0.450ms

Completed requests
===== DaCapo 23.11-chopin lusearch PASSED in 7374 msec =====
[10.434s][info][gc] GC(1449) Pause Young (Allocation Failure) 35M->19M(60M) 0.484ms
[10.460s][info][gc] GC(1450) Pause Young (Allocation Failure) 35M->21M(60M) 0.364ms
[10.473s][info][gc] GC(1451) Pause Young (Allocation Failure) 37M->20M(60M) 0.861ms
[10.487s][info][gc] GC(1452) Pause Young (Allocation Failure) 37M->20M(60M) 0.340ms
===== DaCapo simple tail latency: 50% 20 usec, 90% 144 usec, 99% 1694 usec, 99.9% 5640 usec, 99.99% 12254 usec, max 42489 usec, measured over 524288 events =====
[10.596s][info][gc] GC(1453) Pause Young (Allocation Failure) 37M->23M(60M) 0.776ms
[10.621s][info][gc] GC(1454) Pause Young (Allocation Failure) 39M->23M(60M) 0.693ms
===== DaCapo metered tail latency: 50% 329082 usec, 90% 518159 usec, 99% 533470 usec, 99.9% 536950 usec, 99.99% 537899 usec, max 542120 usec, measured over 524288 events =====
runAgain
