[0.001s][info][gc] Using Serial
Class name: org.dacapo.harness.Lusearch
Configurations:
short     A text search tool
long      Text search of keywords over a corpus of data comprising the works of Shakespeare and the King James bible
author    Lucene Project Management Committee
license   Apache License, Version 2.0
copyright Apache Software Foundation, Apache license v2.0
url       http://lucene.apache.org/
version   lucene 9.7.0
sizes     default large small
Using scaled threading model. 8 processors detected, 8 threads used to drive the workload, in a possible range of [1,2048]
[2.967s][info][gc] GC(0) Pause Young (Allocation Failure) 16M->2M(59M) 2.413ms
[2.984s][info][gc] GC(1) Pause Young (Allocation Failure) 18M->2M(59M) 2.112ms
[2.995s][info][gc] GC(2) Pause Young (Allocation Failure) 18M->2M(59M) 0.225ms
[3.006s][info][gc] GC(3) Pause Young (Allocation Failure) 18M->2M(59M) 0.280ms
[3.015s][info][gc] GC(4) Pause Young (Allocation Failure) 18M->2M(59M) 0.309ms
[3.023s][info][gc] GC(5) Pause Young (Allocation Failure) 18M->2M(59M) 0.473ms
[3.033s][info][gc] GC(6) Pause Young (Allocation Failure) 18M->2M(59M) 0.392ms
[3.039s][info][gc] GC(7) Pause Young (Allocation Failure) 19M->2M(59M) 0.402ms
Version: lucene 9.7.0

Nominal statistics
Key Score  Rank Value Description
AOA:    6  8/18    76 nominal average object size (bytes)
AOL:    9  2/18    96 nominal 90-percentile object size (bytes)
AOM:    3 13/18    24 nominal median object size (bytes)
AOS:   10  1/18    24 nominal 10-percentile object size (bytes)
ARA:    9  3/18 10505 nominal allocation rate (bytes / usec) (24619905928/2343600.0)
BAL:    8  5/19   118 nominal aaload per usec
BAS:    9  2/19    55 nominal aastore per usec
BEF:    9  3/19    14 nominal execution focus / dominance of hot code
BGF:    8  4/19  5520 nominal getfield per usec
BPF:    9  3/19   714 nominal putfield per usec
BUB:    4 13/19    25 nominal thousands of unique bytecodes executed
BUF:    3 14/19     2 nominal thousands of unique function calls
GCA:    2 19/22    80 nominal average post-GC heap size as percent of min heap, when run at 2X min heap with G1 (17/21)
GCC:   10  1/22 17270 nominal GC count at 2X heap size (G1)
GCM:    1 20/22    66 nominal median post-GC heap size as percent of min heap, when run at 2X min heap with G1 (14/21)
GCP:    9  3/22    19 nominal percentage of time spent in GC pauses at 2X heap size (G1) (6675/35050)
GLK:    5 12/22     0 nominal percent 10th iteration memory leakage (10 iterations / 1 iterations) (21/21)
GMD:    2 18/22    21 nominal minimum heap size (MB) for default size configuration (with compressed pointers)
GML:    4 11/18    89 nominal minimum heap size (MB) for large size configuration (with compressed pointers)
GMS:    2 18/22     5 nominal minimum heap size (MB) for small size configuration (with compressed pointers)
GMU:    2 19/22    21 nominal minimum heap size (MB) for default size without compressed pointers
GSS:    6 10/22   185 nominal heap size sensitivity (slowdown with tight heap, as a percentage) (6702.5/2343.6)
GTO:   10  1/18  1118 nominal memory turnover (total alloc bytes / min heap bytes)
PET:    6  9/22     3 nominal execution time (sec)
PKP:    8  5/22    16 nominal percentage of time spent in kernel mode (as percentage of user plus kernel time)
PPE:    8  5/22    31 nominal parallel efficiency (speedup as percentage of ideal speedup for 32 threads)
PSD:    5 13/22     0 nominal standard deviation among invocations at peak performance (as percentage of performance)
PWU:    5 13/22     2 nominal iterations to warm up to within 1.5% of best

Initializing callback
[3.074s][info][gc] GC(8) Pause Full (System.gc()) 16M->3M(60M) 4.302ms
===== DaCapo 23.11-chopin lusearch starting =====
Starting 524288 requests...
[3.220s][info][gc] GC(9) Pause Young (Allocation Failure) 19M->7M(60M) 2.406ms
[3.347s][info][gc] GC(10) Pause Young (Allocation Failure) 24M->9M(60M) 2.563ms
[3.443s][info][gc] GC(11) Pause Young (Allocation Failure) 25M->9M(60M) 2.272ms
[3.485s][info][gc] GC(12) Pause Young (Allocation Failure) 25M->9M(60M) 0.473ms
[3.499s][info][gc] GC(13) Pause Young (Allocation Failure) 25M->9M(60M) 0.374ms
[3.513s][info][gc] GC(14) Pause Young (Allocation Failure) 25M->9M(60M) 0.362ms
[3.526s][info][gc] GC(15) Pause Young (Allocation Failure) 25M->9M(60M) 0.704ms
[3.544s][info][gc] GC(16) Pause Young (Allocation Failure) 25M->9M(60M) 0.765ms
[3.561s][info][gc] GC(17) Pause Young (Allocation Failure) 26M->9M(60M) 0.794ms
[3.575s][info][gc] GC(18) Pause Young (Allocation Failure) 26M->9M(60M) 0.780ms
[3.588s][info][gc] GC(19) Pause Young (Allocation Failure) 26M->9M(60M) 0.592ms
[3.603s][info][gc] GC(20) Pause Young (Allocation Failure) 26M->9M(60M) 0.733ms
[3.615s][info][gc] GC(21) Pause Young (Allocation Failure) 26M->9M(60M) 0.735ms
[3.628s][info][gc] GC(22) Pause Young (Allocation Failure) 26M->9M(60M) 0.758ms
[3.644s][info][gc] GC(23) Pause Young (Allocation Failure) 26M->9M(60M) 0.773ms
[3.656s][info][gc] GC(24) Pause Young (Allocation Failure) 26M->9M(60M) 0.675ms
[3.669s][info][gc] GC(25) Pause Young (Allocation Failure) 26M->9M(60M) 0.688ms
[3.682s][info][gc] GC(26) Pause Young (Allocation Failure) 26M->9M(60M) 0.725ms
[3.694s][info][gc] GC(27) Pause Young (Allocation Failure) 26M->9M(60M) 0.624ms
[3.708s][info][gc] GC(28) Pause Young (Allocation Failure) 26M->9M(60M) 0.749ms
[3.723s][info][gc] GC(29) Pause Young (Allocation Failure) 26M->9M(60M) 0.659ms
[3.735s][info][gc] GC(30) Pause Young (Allocation Failure) 26M->9M(60M) 0.537ms
[3.747s][info][gc] GC(31) Pause Young (Allocation Failure) 26M->9M(60M) 0.490ms
[3.760s][info][gc] GC(32) Pause Young (Allocation Failure) 26M->9M(60M) 0.664ms
[3.775s][info][gc] GC(33) Pause Young (Allocation Failure) 26M->9M(60M) 0.612ms
[3.786s][info][gc] GC(34) Pause Young (Allocation Failure) 26M->9M(60M) 0.566ms
[3.799s][info][gc] GC(35) Pause Young (Allocation Failure) 26M->9M(60M) 0.496ms
[3.811s][info][gc] GC(36) Pause Young (Allocation Failure) 26M->9M(60M) 0.481ms
[3.822s][info][gc] GC(37) Pause Young (Allocation Failure) 26M->9M(60M) 0.444ms
[3.835s][info][gc] GC(38) Pause Young (Allocation Failure) 26M->9M(60M) 0.507ms
[3.846s][info][gc] GC(39) Pause Young (Allocation Failure) 26M->9M(60M) 0.432ms
[3.857s][info][gc] GC(40) Pause Young (Allocation Failure) 26M->9M(60M) 0.454ms
[3.872s][info][gc] GC(41) Pause Young (Allocation Failure) 26M->9M(60M) 0.695ms
[3.885s][info][gc] GC(42) Pause Young (Allocation Failure) 26M->9M(60M) 0.481ms
[3.898s][info][gc] GC(43) Pause Young (Allocation Failure) 26M->9M(60M) 0.661ms
[3.910s][info][gc] GC(44) Pause Young (Allocation Failure) 26M->9M(60M) 0.510ms
[3.925s][info][gc] GC(45) Pause Young (Allocation Failure) 26M->9M(60M) 0.537ms
[3.939s][info][gc] GC(46) Pause Young (Allocation Failure) 26M->9M(60M) 0.526ms
[3.951s][info][gc] GC(47) Pause Young (Allocation Failure) 26M->9M(60M) 0.478ms
[3.963s][info][gc] GC(48) Pause Young (Allocation Failure) 26M->9M(60M) 0.459ms
[3.973s][info][gc] GC(49) Pause Young (Allocation Failure) 26M->9M(60M) 0.452ms
[3.984s][info][gc] GC(50) Pause Young (Allocation Failure) 26M->9M(60M) 0.446ms
[3.994s][info][gc] GC(51) Pause Young (Allocation Failure) 26M->9M(60M) 0.472ms
[4.005s][info][gc] GC(52) Pause Young (Allocation Failure) 26M->9M(60M) 0.512ms
[4.015s][info][gc] GC(53) Pause Young (Allocation Failure) 26M->9M(60M) 0.595ms
[4.025s][info][gc] GC(54) Pause Young (Allocation Failure) 26M->9M(60M) 0.553ms
[4.036s][info][gc] GC(55) Pause Young (Allocation Failure) 26M->9M(60M) 0.467ms
[4.048s][info][gc] GC(56) Pause Young (Allocation Failure) 26M->9M(60M) 0.457ms
[4.058s][info][gc] GC(57) Pause Young (Allocation Failure) 26M->9M(60M) 0.541ms
[4.069s][info][gc] GC(58) Pause Young (Allocation Failure) 26M->9M(60M) 0.482ms
[4.082s][info][gc] GC(59) Pause Young (Allocation Failure) 26M->9M(60M) 0.630ms
[4.094s][info][gc] GC(60) Pause Young (Allocation Failure) 26M->9M(60M) 0.793ms
[4.103s][info][gc] GC(61) Pause Young (Allocation Failure) 26M->9M(60M) 0.432ms
[4.115s][info][gc] GC(62) Pause Young (Allocation Failure) 26M->9M(60M) 0.530ms
[4.123s][info][gc] GC(63) Pause Young (Allocation Failure) 26M->9M(60M) 0.446ms
[4.131s][info][gc] GC(64) Pause Young (Allocation Failure) 26M->9M(60M) 0.429ms
[4.142s][info][gc] GC(65) Pause Young (Allocation Failure) 26M->9M(60M) 0.697ms
[4.150s][info][gc] GC(66) Pause Young (Allocation Failure) 26M->9M(60M) 0.940ms
[4.161s][info][gc] GC(67) Pause Young (Allocation Failure) 26M->9M(60M) 0.552ms
[4.171s][info][gc] GC(68) Pause Young (Allocation Failure) 26M->9M(60M) 0.495ms
[4.180s][info][gc] GC(69) Pause Young (Allocation Failure) 26M->9M(60M) 0.436ms
[4.191s][info][gc] GC(70) Pause Young (Allocation Failure) 26M->9M(60M) 0.396ms
[4.201s][info][gc] GC(71) Pause Young (Allocation Failure) 26M->9M(60M) 0.509ms
[4.209s][info][gc] GC(72) Pause Young (Allocation Failure) 26M->9M(60M) 0.456ms
[4.216s][info][gc] GC(73) Pause Young (Allocation Failure) 26M->9M(60M) 0.410ms
[4.224s][info][gc] GC(74) Pause Young (Allocation Failure) 26M->9M(60M) 0.457ms
[4.232s][info][gc] GC(75) Pause Young (Allocation Failure) 26M->9M(60M) 0.417ms
[4.239s][info][gc] GC(76) Pause Young (Allocation Failure) 26M->9M(60M) 0.465ms
[4.246s][info][gc] GC(77) Pause Young (Allocation Failure) 26M->9M(60M) 0.498ms
[4.254s][info][gc] GC(78) Pause Young (Allocation Failure) 26M->9M(60M) 0.455ms
[4.261s][info][gc] GC(79) Pause Young (Allocation Failure) 26M->9M(60M) 0.600ms
[4.271s][info][gc] GC(80) Pause Young (Allocation Failure) 26M->9M(60M) 0.507ms
[4.277s][info][gc] GC(81) Pause Young (Allocation Failure) 26M->9M(60M) 0.514ms
[4.286s][info][gc] GC(82) Pause Young (Allocation Failure) 26M->9M(60M) 1.077ms
[4.293s][info][gc] GC(83) Pause Young (Allocation Failure) 26M->9M(60M) 0.774ms
[4.302s][info][gc] GC(84) Pause Young (Allocation Failure) 26M->9M(60M) 0.759ms
[4.309s][info][gc] GC(85) Pause Young (Allocation Failure) 26M->9M(60M) 0.421ms
Completing query batches: 5%[4.322s][info][gc] GC(86) Pause Young (Allocation Failure) 26M->9M(60M) 0.741ms
[4.328s][info][gc] GC(87) Pause Young (Allocation Failure) 26M->9M(60M) 0.618ms
[4.335s][info][gc] GC(88) Pause Young (Allocation Failure) 26M->9M(60M) 0.456ms
[4.342s][info][gc] GC(89) Pause Young (Allocation Failure) 26M->9M(60M) 0.695ms
[4.350s][info][gc] GC(90) Pause Young (Allocation Failure) 26M->9M(60M) 0.663ms
[4.357s][info][gc] GC(91) Pause Young (Allocation Failure) 26M->10M(60M) 0.510ms
[4.364s][info][gc] GC(92) Pause Young (Allocation Failure) 26M->9M(60M) 0.470ms
[4.370s][info][gc] GC(93) Pause Young (Allocation Failure) 26M->9M(60M) 0.586ms
[4.377s][info][gc] GC(94) Pause Young (Allocation Failure) 26M->9M(60M) 0.669ms
[4.385s][info][gc] GC(95) Pause Young (Allocation Failure) 26M->9M(60M) 0.725ms
[4.391s][info][gc] GC(96) Pause Young (Allocation Failure) 26M->9M(60M) 0.557ms
[4.398s][info][gc] GC(97) Pause Young (Allocation Failure) 26M->10M(60M) 0.646ms
[4.403s][info][gc] GC(98) Pause Young (Allocation Failure) 26M->9M(60M) 0.459ms
[4.410s][info][gc] GC(99) Pause Young (Allocation Failure) 26M->9M(60M) 0.739ms
[4.417s][info][gc] GC(100) Pause Young (Allocation Failure) 26M->9M(60M) 0.589ms
[4.424s][info][gc] GC(101) Pause Young (Allocation Failure) 26M->9M(60M) 0.627ms
[4.430s][info][gc] GC(102) Pause Young (Allocation Failure) 26M->9M(60M) 0.576ms
[4.438s][info][gc] GC(103) Pause Young (Allocation Failure) 26M->9M(60M) 0.620ms
[4.443s][info][gc] GC(104) Pause Young (Allocation Failure) 26M->9M(60M) 0.440ms
[4.448s][info][gc] GC(105) Pause Young (Allocation Failure) 26M->9M(60M) 0.410ms
[4.454s][info][gc] GC(106) Pause Young (Allocation Failure) 26M->9M(60M) 0.594ms
[4.459s][info][gc] GC(107) Pause Young (Allocation Failure) 26M->9M(60M) 0.473ms
[4.464s][info][gc] GC(108) Pause Young (Allocation Failure) 26M->9M(60M) 0.501ms
[4.470s][info][gc] GC(109) Pause Young (Allocation Failure) 26M->9M(60M) 0.984ms
[4.476s][info][gc] GC(110) Pause Young (Allocation Failure) 26M->9M(60M) 0.484ms
[4.481s][info][gc] GC(111) Pause Young (Allocation Failure) 26M->9M(60M) 0.546ms
[4.486s][info][gc] GC(112) Pause Young (Allocation Failure) 26M->9M(60M) 0.429ms
[4.491s][info][gc] GC(113) Pause Young (Allocation Failure) 26M->9M(60M) 0.510ms
[4.496s][info][gc] GC(114) Pause Young (Allocation Failure) 26M->9M(60M) 0.524ms
[4.501s][info][gc] GC(115) Pause Young (Allocation Failure) 26M->9M(60M) 0.443ms
[4.508s][info][gc] GC(116) Pause Young (Allocation Failure) 26M->9M(60M) 0.614ms
[4.513s][info][gc] GC(117) Pause Young (Allocation Failure) 26M->9M(60M) 0.525ms
[4.518s][info][gc] GC(118) Pause Young (Allocation Failure) 26M->9M(60M) 0.737ms
[4.524s][info][gc] GC(119) Pause Young (Allocation Failure) 26M->9M(60M) 0.503ms
[4.529s][info][gc] GC(120) Pause Young (Allocation Failure) 26M->9M(60M) 0.451ms
[4.536s][info][gc] GC(121) Pause Young (Allocation Failure) 26M->9M(60M) 0.670ms
[4.543s][info][gc] GC(122) Pause Young (Allocation Failure) 26M->9M(60M) 0.561ms
[4.554s][info][gc] GC(123) Pause Young (Allocation Failure) 26M->9M(60M) 0.553ms
[4.559s][info][gc] GC(124) Pause Young (Allocation Failure) 26M->9M(60M) 0.461ms
[4.566s][info][gc] GC(125) Pause Young (Allocation Failure) 26M->9M(60M) 0.713ms
[4.574s][info][gc] GC(126) Pause Young (Allocation Failure) 26M->9M(60M) 0.759ms
[4.581s][info][gc] GC(127) Pause Young (Allocation Failure) 26M->9M(60M) 0.474ms
[4.589s][info][gc] GC(128) Pause Young (Allocation Failure) 26M->9M(60M) 0.526ms
[4.593s][info][gc] GC(129) Pause Young (Allocation Failure) 26M->9M(60M) 0.474ms
[4.598s][info][gc] GC(130) Pause Young (Allocation Failure) 26M->9M(60M) 0.470ms
[4.603s][info][gc] GC(131) Pause Young (Allocation Failure) 26M->9M(60M) 0.562ms
[4.608s][info][gc] GC(132) Pause Young (Allocation Failure) 26M->9M(60M) 0.571ms
[4.614s][info][gc] GC(133) Pause Young (Allocation Failure) 26M->9M(60M) 0.818ms
[4.619s][info][gc] GC(134) Pause Young (Allocation Failure) 26M->10M(60M) 0.462ms
[4.623s][info][gc] GC(135) Pause Young (Allocation Failure) 26M->9M(60M) 0.421ms
[4.627s][info][gc] GC(136) Pause Young (Allocation Failure) 26M->9M(60M) 0.453ms
[4.631s][info][gc] GC(137) Pause Young (Allocation Failure) 26M->9M(60M) 0.423ms
[4.635s][info][gc] GC(138) Pause Young (Allocation Failure) 26M->9M(60M) 0.429ms
[4.641s][info][gc] GC(139) Pause Young (Allocation Failure) 26M->9M(60M) 0.444ms
[4.646s][info][gc] GC(140) Pause Young (Allocation Failure) 26M->10M(60M) 0.729ms
[4.650s][info][gc] GC(141) Pause Young (Allocation Failure) 26M->9M(60M) 0.418ms
[4.656s][info][gc] GC(142) Pause Young (Allocation Failure) 26M->9M(60M) 0.475ms
[4.659s][info][gc] GC(143) Pause Young (Allocation Failure) 26M->9M(60M) 0.453ms
[4.663s][info][gc] GC(144) Pause Young (Allocation Failure) 26M->9M(60M) 0.439ms
[4.667s][info][gc] GC(145) Pause Young (Allocation Failure) 26M->9M(60M) 0.572ms
[4.676s][info][gc] GC(146) Pause Young (Allocation Failure) 26M->9M(60M) 0.553ms
[4.681s][info][gc] GC(147) Pause Young (Allocation Failure) 26M->9M(60M) 0.424ms
[4.685s][info][gc] GC(148) Pause Young (Allocation Failure) 26M->9M(60M) 0.527ms
[4.691s][info][gc] GC(149) Pause Young (Allocation Failure) 26M->9M(60M) 0.465ms
[4.695s][info][gc] GC(150) Pause Young (Allocation Failure) 26M->9M(60M) 0.408ms
[4.702s][info][gc] GC(151) Pause Young (Allocation Failure) 26M->9M(60M) 0.584ms
[4.707s][info][gc] GC(152) Pause Young (Allocation Failure) 26M->9M(60M) 0.440ms
[4.714s][info][gc] GC(153) Pause Young (Allocation Failure) 26M->9M(60M) 0.589ms
[4.721s][info][gc] GC(154) Pause Young (Allocation Failure) 26M->9M(60M) 0.418ms
[4.730s][info][gc] GC(155) Pause Young (Allocation Failure) 26M->9M(60M) 0.412ms
[4.735s][info][gc] GC(156) Pause Young (Allocation Failure) 26M->9M(60M) 0.499ms
Completing query batches: 10%[4.742s][info][gc] GC(157) Pause Young (Allocation Failure) 26M->9M(60M) 0.532ms
[4.748s][info][gc] GC(158) Pause Young (Allocation Failure) 26M->9M(60M) 0.527ms
[4.753s][info][gc] GC(159) Pause Young (Allocation Failure) 26M->9M(60M) 0.548ms
[4.759s][info][gc] GC(160) Pause Young (Allocation Failure) 26M->10M(60M) 0.496ms
[4.765s][info][gc] GC(161) Pause Young (Allocation Failure) 26M->9M(60M) 0.441ms
[4.771s][info][gc] GC(162) Pause Young (Allocation Failure) 26M->9M(60M) 0.570ms
[4.776s][info][gc] GC(163) Pause Young (Allocation Failure) 26M->9M(60M) 0.447ms
[4.783s][info][gc] GC(164) Pause Young (Allocation Failure) 26M->9M(60M) 0.634ms
[4.790s][info][gc] GC(165) Pause Young (Allocation Failure) 26M->10M(60M) 0.494ms
[4.795s][info][gc] GC(166) Pause Young (Allocation Failure) 26M->9M(60M) 0.442ms
[4.800s][info][gc] GC(167) Pause Young (Allocation Failure) 26M->9M(60M) 0.427ms
[4.806s][info][gc] GC(168) Pause Young (Allocation Failure) 26M->9M(60M) 0.557ms
[4.810s][info][gc] GC(169) Pause Young (Allocation Failure) 26M->9M(60M) 0.562ms
[4.815s][info][gc] GC(170) Pause Young (Allocation Failure) 26M->9M(60M) 0.452ms
[4.821s][info][gc] GC(171) Pause Young (Allocation Failure) 26M->9M(60M) 0.472ms
[4.827s][info][gc] GC(172) Pause Young (Allocation Failure) 26M->9M(60M) 0.449ms
[4.833s][info][gc] GC(173) Pause Young (Allocation Failure) 26M->9M(60M) 0.469ms
[4.838s][info][gc] GC(174) Pause Young (Allocation Failure) 26M->9M(60M) 0.663ms
[4.845s][info][gc] GC(175) Pause Young (Allocation Failure) 26M->9M(60M) 0.465ms
[4.849s][info][gc] GC(176) Pause Young (Allocation Failure) 26M->9M(60M) 0.456ms
[4.855s][info][gc] GC(177) Pause Young (Allocation Failure) 26M->9M(60M) 0.422ms
[4.861s][info][gc] GC(178) Pause Young (Allocation Failure) 26M->9M(60M) 0.480ms
[4.867s][info][gc] GC(179) Pause Young (Allocation Failure) 26M->9M(60M) 0.476ms
[4.872s][info][gc] GC(180) Pause Young (Allocation Failure) 26M->9M(60M) 0.499ms
[4.878s][info][gc] GC(181) Pause Young (Allocation Failure) 26M->9M(60M) 0.740ms
[4.886s][info][gc] GC(182) Pause Young (Allocation Failure) 26M->10M(60M) 0.578ms
[4.893s][info][gc] GC(183) Pause Young (Allocation Failure) 26M->9M(60M) 0.466ms
[4.898s][info][gc] GC(184) Pause Young (Allocation Failure) 26M->9M(60M) 0.530ms
[4.903s][info][gc] GC(185) Pause Young (Allocation Failure) 26M->10M(60M) 0.438ms
[4.907s][info][gc] GC(186) Pause Young (Allocation Failure) 26M->9M(60M) 0.424ms
[4.912s][info][gc] GC(187) Pause Young (Allocation Failure) 26M->10M(60M) 0.458ms
[4.917s][info][gc] GC(188) Pause Young (Allocation Failure) 26M->9M(60M) 0.480ms
[4.924s][info][gc] GC(189) Pause Young (Allocation Failure) 26M->9M(60M) 0.484ms
[4.930s][info][gc] GC(190) Pause Young (Allocation Failure) 26M->9M(60M) 0.484ms
[4.935s][info][gc] GC(191) Pause Young (Allocation Failure) 26M->9M(60M) 0.422ms
[4.940s][info][gc] GC(192) Pause Young (Allocation Failure) 26M->9M(60M) 0.487ms
[4.946s][info][gc] GC(193) Pause Young (Allocation Failure) 26M->9M(60M) 0.710ms
[4.950s][info][gc] GC(194) Pause Young (Allocation Failure) 26M->9M(60M) 0.517ms
[4.956s][info][gc] GC(195) Pause Young (Allocation Failure) 26M->9M(60M) 0.457ms
[4.961s][info][gc] GC(196) Pause Young (Allocation Failure) 26M->9M(60M) 0.452ms
[4.967s][info][gc] GC(197) Pause Young (Allocation Failure) 26M->9M(60M) 0.499ms
[4.974s][info][gc] GC(198) Pause Young (Allocation Failure) 26M->10M(60M) 0.663ms
[4.979s][info][gc] GC(199) Pause Young (Allocation Failure) 26M->9M(60M) 0.451ms
[4.984s][info][gc] GC(200) Pause Young (Allocation Failure) 26M->9M(60M) 0.439ms
[4.988s][info][gc] GC(201) Pause Young (Allocation Failure) 26M->9M(60M) 0.489ms
[4.995s][info][gc] GC(202) Pause Young (Allocation Failure) 26M->9M(60M) 0.590ms
[5.000s][info][gc] GC(203) Pause Young (Allocation Failure) 26M->10M(60M) 0.584ms
[5.010s][info][gc] GC(204) Pause Young (Allocation Failure) 26M->9M(60M) 0.494ms
[5.019s][info][gc] GC(205) Pause Young (Allocation Failure) 26M->9M(60M) 0.641ms
[5.024s][info][gc] GC(206) Pause Young (Allocation Failure) 26M->9M(60M) 0.611ms
[5.028s][info][gc] GC(207) Pause Young (Allocation Failure) 26M->10M(60M) 0.474ms
[5.034s][info][gc] GC(208) Pause Young (Allocation Failure) 26M->9M(60M) 0.446ms
[5.040s][info][gc] GC(209) Pause Young (Allocation Failure) 26M->9M(60M) 0.463ms
[5.044s][info][gc] GC(210) Pause Young (Allocation Failure) 26M->9M(60M) 0.474ms
[5.049s][info][gc] GC(211) Pause Young (Allocation Failure) 26M->10M(60M) 0.427ms
[5.054s][info][gc] GC(212) Pause Young (Allocation Failure) 26M->10M(60M) 0.764ms
[5.058s][info][gc] GC(213) Pause Young (Allocation Failure) 26M->10M(60M) 0.429ms
[5.063s][info][gc] GC(214) Pause Young (Allocation Failure) 26M->9M(60M) 0.441ms
[5.069s][info][gc] GC(215) Pause Young (Allocation Failure) 26M->9M(60M) 0.474ms
[5.076s][info][gc] GC(216) Pause Young (Allocation Failure) 26M->9M(60M) 0.453ms
[5.080s][info][gc] GC(217) Pause Young (Allocation Failure) 26M->9M(60M) 0.545ms
[5.086s][info][gc] GC(218) Pause Young (Allocation Failure) 26M->9M(60M) 0.404ms
[5.092s][info][gc] GC(219) Pause Young (Allocation Failure) 26M->9M(60M) 0.553ms
[5.095s][info][gc] GC(220) Pause Young (Allocation Failure) 26M->10M(60M) 0.561ms
[5.100s][info][gc] GC(221) Pause Young (Allocation Failure) 26M->9M(60M) 0.463ms
[5.106s][info][gc] GC(222) Pause Young (Allocation Failure) 26M->9M(60M) 0.673ms
[5.110s][info][gc] GC(223) Pause Young (Allocation Failure) 26M->9M(60M) 0.540ms
[5.118s][info][gc] GC(224) Pause Young (Allocation Failure) 26M->9M(60M) 0.711ms
[5.122s][info][gc] GC(225) Pause Young (Allocation Failure) 26M->9M(60M) 0.710ms
[5.125s][info][gc] GC(226) Pause Young (Allocation Failure) 26M->10M(60M) 0.486ms
[5.130s][info][gc] GC(227) Pause Young (Allocation Failure) 26M->10M(60M) 0.575ms
[5.134s][info][gc] GC(228) Pause Young (Allocation Failure) 26M->10M(60M) 0.676ms
[5.139s][info][gc] GC(229) Pause Young (Allocation Failure) 26M->9M(60M) 0.418ms
Completing query batches: 15%[5.143s][info][gc] GC(230) Pause Young (Allocation Failure) 26M->9M(60M) 0.450ms
[5.148s][info][gc] GC(231) Pause Young (Allocation Failure) 26M->9M(60M) 0.465ms
[5.153s][info][gc] GC(232) Pause Young (Allocation Failure) 26M->9M(60M) 0.549ms
[5.158s][info][gc] GC(233) Pause Young (Allocation Failure) 26M->10M(60M) 0.815ms
[5.162s][info][gc] GC(234) Pause Young (Allocation Failure) 26M->10M(60M) 0.651ms
[5.167s][info][gc] GC(235) Pause Young (Allocation Failure) 26M->10M(60M) 0.467ms
[5.175s][info][gc] GC(236) Pause Young (Allocation Failure) 26M->9M(60M) 0.553ms
[5.183s][info][gc] GC(237) Pause Young (Allocation Failure) 26M->10M(60M) 0.582ms
[5.187s][info][gc] GC(238) Pause Young (Allocation Failure) 26M->10M(60M) 0.473ms
[5.191s][info][gc] GC(239) Pause Young (Allocation Failure) 26M->10M(60M) 0.400ms
[5.195s][info][gc] GC(240) Pause Young (Allocation Failure) 26M->9M(60M) 0.433ms
[5.201s][info][gc] GC(241) Pause Young (Allocation Failure) 26M->9M(60M) 0.443ms
[5.208s][info][gc] GC(242) Pause Young (Allocation Failure) 26M->9M(60M) 0.516ms
[5.218s][info][gc] GC(243) Pause Young (Allocation Failure) 26M->10M(60M) 0.685ms
[5.222s][info][gc] GC(244) Pause Young (Allocation Failure) 26M->9M(60M) 0.446ms
[5.227s][info][gc] GC(245) Pause Young (Allocation Failure) 26M->10M(60M) 0.398ms
[5.231s][info][gc] GC(246) Pause Young (Allocation Failure) 26M->10M(60M) 0.538ms
[5.235s][info][gc] GC(247) Pause Young (Allocation Failure) 26M->9M(60M) 0.454ms
[5.240s][info][gc] GC(248) Pause Young (Allocation Failure) 26M->9M(60M) 0.502ms
[5.247s][info][gc] GC(249) Pause Young (Allocation Failure) 26M->9M(60M) 0.499ms
[5.251s][info][gc] GC(250) Pause Young (Allocation Failure) 26M->9M(60M) 0.465ms
[5.255s][info][gc] GC(251) Pause Young (Allocation Failure) 26M->10M(60M) 0.542ms
[5.260s][info][gc] GC(252) Pause Young (Allocation Failure) 26M->9M(60M) 0.505ms
[5.264s][info][gc] GC(253) Pause Young (Allocation Failure) 26M->9M(60M) 0.423ms
[5.267s][info][gc] GC(254) Pause Young (Allocation Failure) 26M->9M(60M) 0.527ms
[5.274s][info][gc] GC(255) Pause Young (Allocation Failure) 26M->9M(60M) 0.619ms
[5.279s][info][gc] GC(256) Pause Young (Allocation Failure) 26M->9M(60M) 0.452ms
[5.283s][info][gc] GC(257) Pause Young (Allocation Failure) 26M->9M(60M) 0.428ms
[5.287s][info][gc] GC(258) Pause Young (Allocation Failure) 26M->9M(60M) 0.440ms
[5.292s][info][gc] GC(259) Pause Young (Allocation Failure) 26M->9M(60M) 0.474ms
[5.296s][info][gc] GC(260) Pause Young (Allocation Failure) 26M->9M(60M) 0.431ms
[5.301s][info][gc] GC(261) Pause Young (Allocation Failure) 26M->9M(60M) 0.451ms
[5.304s][info][gc] GC(262) Pause Young (Allocation Failure) 26M->10M(60M) 0.429ms
[5.309s][info][gc] GC(263) Pause Young (Allocation Failure) 26M->9M(60M) 0.479ms
[5.313s][info][gc] GC(264) Pause Young (Allocation Failure) 26M->9M(60M) 0.452ms
[5.320s][info][gc] GC(265) Pause Young (Allocation Failure) 26M->9M(60M) 0.632ms
[5.325s][info][gc] GC(266) Pause Young (Allocation Failure) 26M->9M(60M) 0.547ms
[5.330s][info][gc] GC(267) Pause Young (Allocation Failure) 26M->9M(60M) 0.518ms
[5.338s][info][gc] GC(268) Pause Young (Allocation Failure) 26M->9M(60M) 0.558ms
[5.344s][info][gc] GC(269) Pause Young (Allocation Failure) 26M->9M(60M) 0.491ms
[5.348s][info][gc] GC(270) Pause Young (Allocation Failure) 26M->10M(60M) 0.437ms
[5.352s][info][gc] GC(271) Pause Young (Allocation Failure) 26M->9M(60M) 0.431ms
[5.355s][info][gc] GC(272) Pause Young (Allocation Failure) 26M->9M(60M) 0.493ms
[5.360s][info][gc] GC(273) Pause Young (Allocation Failure) 26M->9M(60M) 0.517ms
[5.366s][info][gc] GC(274) Pause Young (Allocation Failure) 26M->9M(60M) 0.684ms
[5.375s][info][gc] GC(275) Pause Young (Allocation Failure) 26M->9M(60M) 0.499ms
[5.378s][info][gc] GC(276) Pause Young (Allocation Failure) 26M->10M(60M) 0.464ms
[5.382s][info][gc] GC(277) Pause Young (Allocation Failure) 26M->10M(60M) 0.456ms
[5.386s][info][gc] GC(278) Pause Young (Allocation Failure) 26M->9M(60M) 0.421ms
[5.392s][info][gc] GC(279) Pause Young (Allocation Failure) 26M->9M(60M) 0.429ms
[5.402s][info][gc] GC(280) Pause Young (Allocation Failure) 26M->9M(60M) 0.518ms
[5.407s][info][gc] GC(281) Pause Young (Allocation Failure) 26M->9M(60M) 0.487ms
[5.411s][info][gc] GC(282) Pause Young (Allocation Failure) 26M->10M(60M) 0.616ms
[5.415s][info][gc] GC(283) Pause Young (Allocation Failure) 26M->10M(60M) 0.407ms
[5.418s][info][gc] GC(284) Pause Young (Allocation Failure) 26M->9M(60M) 0.563ms
[5.422s][info][gc] GC(285) Pause Young (Allocation Failure) 26M->10M(60M) 0.647ms
[5.427s][info][gc] GC(286) Pause Young (Allocation Failure) 26M->9M(60M) 0.569ms
[5.434s][info][gc] GC(287) Pause Young (Allocation Failure) 26M->9M(60M) 0.494ms
[5.438s][info][gc] GC(288) Pause Young (Allocation Failure) 26M->9M(60M) 0.737ms
[5.441s][info][gc] GC(289) Pause Young (Allocation Failure) 26M->9M(60M) 0.585ms
[5.445s][info][gc] GC(290) Pause Young (Allocation Failure) 26M->10M(60M) 0.467ms
[5.449s][info][gc] GC(291) Pause Young (Allocation Failure) 26M->10M(60M) 0.481ms
[5.454s][info][gc] GC(292) Pause Young (Allocation Failure) 26M->9M(60M) 0.428ms
[5.459s][info][gc] GC(293) Pause Young (Allocation Failure) 26M->9M(60M) 0.588ms
[5.463s][info][gc] GC(294) Pause Young (Allocation Failure) 26M->10M(60M) 0.641ms
[5.466s][info][gc] GC(295) Pause Young (Allocation Failure) 26M->10M(60M) 0.840ms
[5.469s][info][gc] GC(296) Pause Young (Allocation Failure) 26M->10M(60M) 0.501ms
[5.473s][info][gc] GC(297) Pause Young (Allocation Failure) 26M->10M(60M) 0.494ms
[5.478s][info][gc] GC(298) Pause Young (Allocation Failure) 26M->9M(60M) 0.648ms
[5.481s][info][gc] GC(299) Pause Young (Allocation Failure) 26M->9M(60M) 0.599ms
[5.486s][info][gc] GC(300) Pause Young (Allocation Failure) 26M->9M(60M) 0.461ms
[5.491s][info][gc] GC(301) Pause Young (Allocation Failure) 26M->10M(60M) 0.440ms
[5.494s][info][gc] GC(302) Pause Young (Allocation Failure) 26M->10M(60M) 0.691ms
Completing query batches: 20%[5.499s][info][gc] GC(303) Pause Young (Allocation Failure) 26M->9M(60M) 0.439ms
[5.502s][info][gc] GC(304) Pause Young (Allocation Failure) 26M->9M(60M) 0.540ms
[5.508s][info][gc] GC(305) Pause Young (Allocation Failure) 26M->9M(60M) 0.515ms
[5.513s][info][gc] GC(306) Pause Young (Allocation Failure) 26M->9M(60M) 0.637ms
[5.516s][info][gc] GC(307) Pause Young (Allocation Failure) 26M->10M(60M) 0.446ms
[5.521s][info][gc] GC(308) Pause Young (Allocation Failure) 26M->10M(60M) 0.467ms
[5.524s][info][gc] GC(309) Pause Young (Allocation Failure) 26M->10M(60M) 0.476ms
[5.528s][info][gc] GC(310) Pause Young (Allocation Failure) 26M->9M(60M) 0.521ms
[5.533s][info][gc] GC(311) Pause Young (Allocation Failure) 26M->10M(60M) 0.546ms
[5.540s][info][gc] GC(312) Pause Young (Allocation Failure) 26M->9M(60M) 0.453ms
[5.543s][info][gc] GC(313) Pause Young (Allocation Failure) 26M->10M(60M) 0.504ms
[5.547s][info][gc] GC(314) Pause Young (Allocation Failure) 26M->10M(60M) 0.414ms
[5.551s][info][gc] GC(315) Pause Young (Allocation Failure) 26M->10M(60M) 0.436ms
[5.554s][info][gc] GC(316) Pause Young (Allocation Failure) 26M->9M(60M) 0.534ms
[5.557s][info][gc] GC(317) Pause Young (Allocation Failure) 26M->9M(60M) 0.429ms
[5.562s][info][gc] GC(318) Pause Young (Allocation Failure) 26M->9M(60M) 0.761ms
[5.568s][info][gc] GC(319) Pause Young (Allocation Failure) 26M->9M(60M) 0.519ms
[5.573s][info][gc] GC(320) Pause Young (Allocation Failure) 26M->10M(60M) 0.453ms
[5.577s][info][gc] GC(321) Pause Young (Allocation Failure) 26M->9M(60M) 0.493ms
[5.582s][info][gc] GC(322) Pause Young (Allocation Failure) 26M->9M(60M) 0.789ms
[5.586s][info][gc] GC(323) Pause Young (Allocation Failure) 26M->9M(60M) 0.576ms
[5.594s][info][gc] GC(324) Pause Young (Allocation Failure) 26M->9M(60M) 0.704ms
[5.598s][info][gc] GC(325) Pause Young (Allocation Failure) 26M->9M(60M) 0.896ms
[5.602s][info][gc] GC(326) Pause Young (Allocation Failure) 26M->10M(60M) 0.515ms
[5.608s][info][gc] GC(327) Pause Young (Allocation Failure) 26M->9M(60M) 0.577ms
[5.612s][info][gc] GC(328) Pause Young (Allocation Failure) 26M->9M(60M) 0.435ms
[5.615s][info][gc] GC(329) Pause Young (Allocation Failure) 26M->9M(60M) 0.403ms
[5.619s][info][gc] GC(330) Pause Young (Allocation Failure) 26M->10M(60M) 0.461ms
[5.627s][info][gc] GC(331) Pause Young (Allocation Failure) 26M->9M(60M) 0.497ms
[5.633s][info][gc] GC(332) Pause Young (Allocation Failure) 26M->10M(60M) 0.444ms
[5.650s][info][gc] GC(333) Pause Young (Allocation Failure) 26M->10M(60M) 0.527ms
[5.654s][info][gc] GC(334) Pause Young (Allocation Failure) 26M->9M(60M) 0.727ms
[5.659s][info][gc] GC(335) Pause Young (Allocation Failure) 26M->10M(60M) 0.573ms
[5.664s][info][gc] GC(336) Pause Young (Allocation Failure) 26M->9M(60M) 0.487ms
[5.674s][info][gc] GC(337) Pause Young (Allocation Failure) 26M->9M(60M) 0.628ms
[5.677s][info][gc] GC(338) Pause Young (Allocation Failure) 26M->10M(60M) 0.441ms
[5.680s][info][gc] GC(339) Pause Young (Allocation Failure) 26M->10M(60M) 0.416ms
[5.684s][info][gc] GC(340) Pause Young (Allocation Failure) 26M->9M(60M) 0.418ms
[5.689s][info][gc] GC(341) Pause Young (Allocation Failure) 26M->9M(60M) 0.393ms
[5.693s][info][gc] GC(342) Pause Young (Allocation Failure) 26M->9M(60M) 0.449ms
[5.703s][info][gc] GC(343) Pause Young (Allocation Failure) 26M->9M(60M) 0.534ms
[5.706s][info][gc] GC(344) Pause Young (Allocation Failure) 26M->10M(60M) 0.731ms
[5.711s][info][gc] GC(345) Pause Young (Allocation Failure) 26M->9M(60M) 0.485ms
[5.714s][info][gc] GC(346) Pause Young (Allocation Failure) 26M->10M(60M) 0.447ms
[5.719s][info][gc] GC(347) Pause Young (Allocation Failure) 26M->10M(60M) 0.437ms
[5.723s][info][gc] GC(348) Pause Young (Allocation Failure) 26M->9M(60M) 0.538ms
[5.728s][info][gc] GC(349) Pause Young (Allocation Failure) 26M->9M(60M) 0.537ms
[5.732s][info][gc] GC(350) Pause Young (Allocation Failure) 26M->10M(60M) 0.538ms
[5.736s][info][gc] GC(351) Pause Young (Allocation Failure) 26M->9M(60M) 0.455ms
[5.739s][info][gc] GC(352) Pause Young (Allocation Failure) 26M->10M(60M) 0.551ms
[5.742s][info][gc] GC(353) Pause Young (Allocation Failure) 26M->10M(60M) 0.536ms
[5.746s][info][gc] GC(354) Pause Young (Allocation Failure) 26M->10M(60M) 0.636ms
[5.749s][info][gc] GC(355) Pause Young (Allocation Failure) 26M->10M(60M) 0.485ms
[5.753s][info][gc] GC(356) Pause Young (Allocation Failure) 26M->9M(60M) 0.453ms
[5.758s][info][gc] GC(357) Pause Young (Allocation Failure) 26M->9M(60M) 0.881ms
[5.761s][info][gc] GC(358) Pause Young (Allocation Failure) 26M->10M(60M) 0.484ms
[5.766s][info][gc] GC(359) Pause Young (Allocation Failure) 26M->9M(60M) 0.437ms
[5.770s][info][gc] GC(360) Pause Young (Allocation Failure) 26M->9M(60M) 0.557ms
[5.775s][info][gc] GC(361) Pause Young (Allocation Failure) 26M->9M(60M) 0.495ms
[5.778s][info][gc] GC(362) Pause Young (Allocation Failure) 26M->10M(60M) 0.449ms
[5.782s][info][gc] GC(363) Pause Young (Allocation Failure) 26M->9M(60M) 0.850ms
[5.786s][info][gc] GC(364) Pause Young (Allocation Failure) 26M->9M(60M) 0.543ms
[5.791s][info][gc] GC(365) Pause Young (Allocation Failure) 26M->9M(60M) 0.564ms
[5.794s][info][gc] GC(366) Pause Young (Allocation Failure) 26M->9M(60M) 0.740ms
[5.800s][info][gc] GC(367) Pause Young (Allocation Failure) 26M->9M(60M) 0.518ms
[5.804s][info][gc] GC(368) Pause Young (Allocation Failure) 26M->9M(60M) 0.585ms
[5.808s][info][gc] GC(369) Pause Young (Allocation Failure) 26M->9M(60M) 0.455ms
[5.812s][info][gc] GC(370) Pause Young (Allocation Failure) 26M->9M(60M) 0.493ms
[5.823s][info][gc] GC(371) Pause Young (Allocation Failure) 26M->9M(60M) 0.448ms
[5.827s][info][gc] GC(372) Pause Young (Allocation Failure) 26M->9M(60M) 0.500ms
Completing query batches: 25%[5.833s][info][gc] GC(373) Pause Young (Allocation Failure) 26M->9M(60M) 0.648ms
[5.837s][info][gc] GC(374) Pause Young (Allocation Failure) 26M->10M(60M) 0.517ms
[5.841s][info][gc] GC(375) Pause Young (Allocation Failure) 26M->10M(60M) 0.443ms
[5.844s][info][gc] GC(376) Pause Young (Allocation Failure) 26M->9M(60M) 0.502ms
[5.850s][info][gc] GC(377) Pause Young (Allocation Failure) 26M->10M(60M) 0.789ms
[5.853s][info][gc] GC(378) Pause Young (Allocation Failure) 26M->9M(60M) 0.448ms
[5.861s][info][gc] GC(379) Pause Young (Allocation Failure) 26M->9M(60M) 0.445ms
[5.865s][info][gc] GC(380) Pause Young (Allocation Failure) 26M->9M(60M) 0.468ms
[5.870s][info][gc] GC(381) Pause Young (Allocation Failure) 26M->9M(60M) 0.467ms
[5.874s][info][gc] GC(382) Pause Young (Allocation Failure) 26M->9M(60M) 0.739ms
[5.878s][info][gc] GC(383) Pause Young (Allocation Failure) 26M->9M(60M) 0.656ms
[5.882s][info][gc] GC(384) Pause Young (Allocation Failure) 26M->9M(60M) 0.640ms
[5.890s][info][gc] GC(385) Pause Young (Allocation Failure) 26M->9M(60M) 0.488ms
[5.894s][info][gc] GC(386) Pause Young (Allocation Failure) 26M->9M(60M) 0.612ms
[5.897s][info][gc] GC(387) Pause Young (Allocation Failure) 26M->10M(60M) 0.512ms
[5.901s][info][gc] GC(388) Pause Young (Allocation Failure) 26M->10M(60M) 0.544ms
[5.904s][info][gc] GC(389) Pause Young (Allocation Failure) 26M->9M(60M) 0.557ms
[5.908s][info][gc] GC(390) Pause Young (Allocation Failure) 26M->9M(60M) 0.507ms
[5.911s][info][gc] GC(391) Pause Young (Allocation Failure) 26M->10M(60M) 0.431ms
[5.915s][info][gc] GC(392) Pause Young (Allocation Failure) 26M->10M(60M) 0.546ms
[5.919s][info][gc] GC(393) Pause Young (Allocation Failure) 26M->9M(60M) 0.630ms
[5.923s][info][gc] GC(394) Pause Young (Allocation Failure) 26M->9M(60M) 0.500ms
[5.926s][info][gc] GC(395) Pause Young (Allocation Failure) 26M->9M(60M) 0.630ms
[5.930s][info][gc] GC(396) Pause Young (Allocation Failure) 26M->9M(60M) 0.723ms
[5.946s][info][gc] GC(397) Pause Young (Allocation Failure) 26M->9M(60M) 0.548ms
[5.950s][info][gc] GC(398) Pause Young (Allocation Failure) 26M->9M(60M) 0.783ms
[5.953s][info][gc] GC(399) Pause Young (Allocation Failure) 26M->9M(60M) 0.468ms
[5.964s][info][gc] GC(400) Pause Young (Allocation Failure) 26M->9M(60M) 0.680ms
[5.967s][info][gc] GC(401) Pause Young (Allocation Failure) 26M->9M(60M) 0.429ms
[5.970s][info][gc] GC(402) Pause Young (Allocation Failure) 26M->10M(60M) 0.495ms
[5.974s][info][gc] GC(403) Pause Young (Allocation Failure) 26M->10M(60M) 0.777ms
[5.977s][info][gc] GC(404) Pause Young (Allocation Failure) 26M->9M(60M) 0.505ms
[5.983s][info][gc] GC(405) Pause Young (Allocation Failure) 26M->9M(60M) 0.495ms
[5.986s][info][gc] GC(406) Pause Young (Allocation Failure) 26M->9M(60M) 0.454ms
[5.990s][info][gc] GC(407) Pause Young (Allocation Failure) 26M->9M(60M) 0.449ms
[5.995s][info][gc] GC(408) Pause Young (Allocation Failure) 26M->9M(60M) 0.537ms
[5.999s][info][gc] GC(409) Pause Young (Allocation Failure) 26M->9M(60M) 0.518ms
[6.003s][info][gc] GC(410) Pause Young (Allocation Failure) 26M->10M(60M) 0.521ms
[6.011s][info][gc] GC(411) Pause Young (Allocation Failure) 26M->9M(60M) 0.497ms
[6.015s][info][gc] GC(412) Pause Young (Allocation Failure) 26M->10M(60M) 0.459ms
[6.018s][info][gc] GC(413) Pause Young (Allocation Failure) 26M->10M(60M) 0.647ms
[6.021s][info][gc] GC(414) Pause Young (Allocation Failure) 26M->10M(60M) 0.599ms
[6.026s][info][gc] GC(415) Pause Young (Allocation Failure) 26M->9M(60M) 0.640ms
[6.031s][info][gc] GC(416) Pause Young (Allocation Failure) 26M->9M(60M) 0.433ms
[6.038s][info][gc] GC(417) Pause Young (Allocation Failure) 26M->9M(60M) 0.612ms
[6.042s][info][gc] GC(418) Pause Young (Allocation Failure) 26M->10M(60M) 0.472ms
[6.045s][info][gc] GC(419) Pause Young (Allocation Failure) 26M->10M(60M) 0.538ms
[6.048s][info][gc] GC(420) Pause Young (Allocation Failure) 26M->10M(60M) 0.453ms
[6.052s][info][gc] GC(421) Pause Young (Allocation Failure) 26M->10M(60M) 0.505ms
[6.059s][info][gc] GC(422) Pause Young (Allocation Failure) 26M->9M(60M) 0.654ms
[6.062s][info][gc] GC(423) Pause Young (Allocation Failure) 26M->9M(60M) 0.479ms
[6.066s][info][gc] GC(424) Pause Young (Allocation Failure) 26M->9M(60M) 0.459ms
[6.070s][info][gc] GC(425) Pause Young (Allocation Failure) 26M->10M(60M) 0.748ms
[6.073s][info][gc] GC(426) Pause Young (Allocation Failure) 26M->10M(60M) 0.457ms
[6.076s][info][gc] GC(427) Pause Young (Allocation Failure) 26M->9M(60M) 0.475ms
[6.079s][info][gc] GC(428) Pause Young (Allocation Failure) 26M->10M(60M) 0.468ms
[6.088s][info][gc] GC(429) Pause Young (Allocation Failure) 26M->9M(60M) 0.448ms
[6.091s][info][gc] GC(430) Pause Young (Allocation Failure) 26M->10M(60M) 0.430ms
[6.096s][info][gc] GC(431) Pause Young (Allocation Failure) 26M->10M(60M) 0.523ms
[6.100s][info][gc] GC(432) Pause Young (Allocation Failure) 26M->9M(60M) 0.514ms
[6.105s][info][gc] GC(433) Pause Young (Allocation Failure) 26M->10M(60M) 0.485ms
[6.108s][info][gc] GC(434) Pause Young (Allocation Failure) 26M->9M(60M) 0.407ms
[6.112s][info][gc] GC(435) Pause Young (Allocation Failure) 26M->9M(60M) 0.477ms
[6.117s][info][gc] GC(436) Pause Young (Allocation Failure) 26M->9M(60M) 0.404ms
[6.123s][info][gc] GC(437) Pause Young (Allocation Failure) 26M->9M(60M) 0.461ms
[6.129s][info][gc] GC(438) Pause Young (Allocation Failure) 26M->10M(60M) 0.467ms
[6.133s][info][gc] GC(439) Pause Young (Allocation Failure) 26M->9M(60M) 0.459ms
[6.138s][info][gc] GC(440) Pause Young (Allocation Failure) 26M->9M(60M) 0.486ms
[6.142s][info][gc] GC(441) Pause Young (Allocation Failure) 26M->9M(60M) 0.458ms
[6.146s][info][gc] GC(442) Pause Young (Allocation Failure) 26M->9M(60M) 0.643ms
[6.149s][info][gc] GC(443) Pause Young (Allocation Failure) 26M->10M(60M) 0.442ms
[6.152s][info][gc] GC(444) Pause Young (Allocation Failure) 26M->10M(60M) 0.452ms
[6.156s][info][gc] GC(445) Pause Young (Allocation Failure) 26M->9M(60M) 0.430ms
Completing query batches: 30%[6.161s][info][gc] GC(446) Pause Young (Allocation Failure) 26M->9M(60M) 0.496ms
[6.164s][info][gc] GC(447) Pause Young (Allocation Failure) 26M->9M(60M) 0.436ms
[6.167s][info][gc] GC(448) Pause Young (Allocation Failure) 26M->9M(60M) 0.466ms
[6.171s][info][gc] GC(449) Pause Young (Allocation Failure) 26M->9M(60M) 0.477ms
[6.175s][info][gc] GC(450) Pause Young (Allocation Failure) 26M->10M(60M) 0.459ms
[6.178s][info][gc] GC(451) Pause Young (Allocation Failure) 26M->10M(60M) 0.599ms
[6.182s][info][gc] GC(452) Pause Young (Allocation Failure) 26M->9M(60M) 0.510ms
[6.190s][info][gc] GC(453) Pause Young (Allocation Failure) 26M->9M(60M) 0.448ms
[6.196s][info][gc] GC(454) Pause Young (Allocation Failure) 26M->10M(60M) 0.643ms
[6.199s][info][gc] GC(455) Pause Young (Allocation Failure) 26M->10M(60M) 0.406ms
[6.203s][info][gc] GC(456) Pause Young (Allocation Failure) 26M->10M(60M) 0.546ms
[6.206s][info][gc] GC(457) Pause Young (Allocation Failure) 26M->10M(60M) 0.930ms
[6.210s][info][gc] GC(458) Pause Young (Allocation Failure) 26M->9M(60M) 0.460ms
[6.218s][info][gc] GC(459) Pause Young (Allocation Failure) 26M->9M(60M) 0.535ms
[6.223s][info][gc] GC(460) Pause Young (Allocation Failure) 26M->9M(60M) 0.465ms
[6.226s][info][gc] GC(461) Pause Young (Allocation Failure) 26M->10M(60M) 0.605ms
[6.229s][info][gc] GC(462) Pause Young (Allocation Failure) 26M->10M(60M) 0.501ms
[6.234s][info][gc] GC(463) Pause Young (Allocation Failure) 26M->10M(60M) 0.776ms
[6.238s][info][gc] GC(464) Pause Young (Allocation Failure) 26M->9M(60M) 0.785ms
[6.248s][info][gc] GC(465) Pause Young (Allocation Failure) 26M->9M(60M) 0.526ms
[6.252s][info][gc] GC(466) Pause Young (Allocation Failure) 26M->10M(60M) 0.452ms
[6.255s][info][gc] GC(467) Pause Young (Allocation Failure) 26M->10M(60M) 0.452ms
[6.258s][info][gc] GC(468) Pause Young (Allocation Failure) 26M->10M(60M) 0.430ms
[6.262s][info][gc] GC(469) Pause Young (Allocation Failure) 26M->9M(60M) 0.459ms
[6.266s][info][gc] GC(470) Pause Young (Allocation Failure) 26M->9M(60M) 0.486ms
[6.270s][info][gc] GC(471) Pause Young (Allocation Failure) 26M->9M(60M) 0.785ms
[6.276s][info][gc] GC(472) Pause Young (Allocation Failure) 26M->9M(60M) 0.542ms
[6.279s][info][gc] GC(473) Pause Young (Allocation Failure) 26M->10M(60M) 0.431ms
[6.283s][info][gc] GC(474) Pause Young (Allocation Failure) 26M->9M(60M) 0.410ms
[6.286s][info][gc] GC(475) Pause Young (Allocation Failure) 26M->9M(60M) 0.515ms
[6.291s][info][gc] GC(476) Pause Young (Allocation Failure) 26M->9M(60M) 0.550ms
[6.297s][info][gc] GC(477) Pause Young (Allocation Failure) 26M->9M(60M) 0.473ms
[6.301s][info][gc] GC(478) Pause Young (Allocation Failure) 26M->10M(60M) 0.456ms
[6.304s][info][gc] GC(479) Pause Young (Allocation Failure) 26M->10M(60M) 0.505ms
[6.309s][info][gc] GC(480) Pause Young (Allocation Failure) 26M->9M(60M) 0.476ms
[6.312s][info][gc] GC(481) Pause Young (Allocation Failure) 26M->9M(60M) 0.438ms
[6.316s][info][gc] GC(482) Pause Young (Allocation Failure) 26M->10M(60M) 0.522ms
[6.323s][info][gc] GC(483) Pause Young (Allocation Failure) 26M->9M(60M) 0.435ms
[6.327s][info][gc] GC(484) Pause Young (Allocation Failure) 26M->9M(60M) 0.556ms
[6.330s][info][gc] GC(485) Pause Young (Allocation Failure) 26M->10M(60M) 0.624ms
[6.334s][info][gc] GC(486) Pause Young (Allocation Failure) 26M->10M(60M) 0.775ms
[6.337s][info][gc] GC(487) Pause Young (Allocation Failure) 26M->10M(60M) 0.462ms
[6.340s][info][gc] GC(488) Pause Young (Allocation Failure) 26M->10M(60M) 0.421ms
[6.344s][info][gc] GC(489) Pause Young (Allocation Failure) 26M->9M(60M) 0.486ms
[6.349s][info][gc] GC(490) Pause Young (Allocation Failure) 26M->9M(60M) 0.606ms
[6.354s][info][gc] GC(491) Pause Young (Allocation Failure) 26M->10M(60M) 0.786ms
[6.360s][info][gc] GC(492) Pause Young (Allocation Failure) 26M->9M(60M) 0.646ms
[6.366s][info][gc] GC(493) Pause Young (Allocation Failure) 26M->9M(60M) 0.511ms
[6.376s][info][gc] GC(494) Pause Young (Allocation Failure) 26M->10M(60M) 0.577ms
[6.379s][info][gc] GC(495) Pause Young (Allocation Failure) 26M->10M(60M) 0.497ms
[6.383s][info][gc] GC(496) Pause Young (Allocation Failure) 26M->9M(60M) 0.559ms
[6.386s][info][gc] GC(497) Pause Young (Allocation Failure) 26M->10M(60M) 0.537ms
[6.391s][info][gc] GC(498) Pause Young (Allocation Failure) 26M->9M(60M) 0.609ms
[6.399s][info][gc] GC(499) Pause Young (Allocation Failure) 26M->9M(60M) 0.574ms
[6.404s][info][gc] GC(500) Pause Young (Allocation Failure) 26M->10M(60M) 0.615ms
[6.408s][info][gc] GC(501) Pause Young (Allocation Failure) 26M->10M(60M) 0.579ms
[6.415s][info][gc] GC(502) Pause Young (Allocation Failure) 26M->10M(60M) 0.518ms
[6.418s][info][gc] GC(503) Pause Young (Allocation Failure) 26M->9M(60M) 0.831ms
[6.421s][info][gc] GC(504) Pause Young (Allocation Failure) 26M->9M(60M) 0.535ms
[6.431s][info][gc] GC(505) Pause Young (Allocation Failure) 26M->9M(60M) 0.515ms
[6.435s][info][gc] GC(506) Pause Young (Allocation Failure) 26M->9M(60M) 0.607ms
[6.437s][info][gc] GC(507) Pause Young (Allocation Failure) 26M->10M(60M) 0.457ms
[6.441s][info][gc] GC(508) Pause Young (Allocation Failure) 26M->10M(60M) 0.437ms
[6.445s][info][gc] GC(509) Pause Young (Allocation Failure) 26M->9M(60M) 0.577ms
[6.448s][info][gc] GC(510) Pause Young (Allocation Failure) 26M->9M(60M) 0.488ms
[6.456s][info][gc] GC(511) Pause Young (Allocation Failure) 26M->9M(60M) 0.634ms
[6.459s][info][gc] GC(512) Pause Young (Allocation Failure) 26M->10M(60M) 0.436ms
[6.464s][info][gc] GC(513) Pause Young (Allocation Failure) 26M->10M(60M) 0.440ms
[6.468s][info][gc] GC(514) Pause Young (Allocation Failure) 26M->10M(60M) 0.580ms
[6.475s][info][gc] GC(515) Pause Young (Allocation Failure) 26M->9M(60M) 0.485ms
Completing query batches: 35%[6.483s][info][gc] GC(516) Pause Young (Allocation Failure) 26M->9M(60M) 0.566ms
[6.486s][info][gc] GC(517) Pause Young (Allocation Failure) 26M->10M(60M) 0.483ms
[6.490s][info][gc] GC(518) Pause Young (Allocation Failure) 26M->10M(60M) 0.846ms
[6.494s][info][gc] GC(519) Pause Young (Allocation Failure) 26M->10M(60M) 0.822ms
[6.497s][info][gc] GC(520) Pause Young (Allocation Failure) 26M->10M(60M) 0.517ms
[6.501s][info][gc] GC(521) Pause Young (Allocation Failure) 26M->10M(60M) 0.607ms
[6.511s][info][gc] GC(522) Pause Young (Allocation Failure) 26M->9M(60M) 0.545ms
[6.514s][info][gc] GC(523) Pause Young (Allocation Failure) 26M->10M(60M) 0.465ms
[6.517s][info][gc] GC(524) Pause Young (Allocation Failure) 26M->9M(60M) 0.489ms
[6.522s][info][gc] GC(525) Pause Young (Allocation Failure) 26M->10M(60M) 0.455ms
[6.525s][info][gc] GC(526) Pause Young (Allocation Failure) 26M->10M(60M) 0.450ms
[6.528s][info][gc] GC(527) Pause Young (Allocation Failure) 26M->9M(60M) 0.457ms
[6.535s][info][gc] GC(528) Pause Young (Allocation Failure) 26M->9M(60M) 0.505ms
[6.538s][info][gc] GC(529) Pause Young (Allocation Failure) 26M->10M(60M) 0.420ms
[6.541s][info][gc] GC(530) Pause Young (Allocation Failure) 26M->10M(60M) 0.428ms
[6.545s][info][gc] GC(531) Pause Young (Allocation Failure) 26M->10M(60M) 0.436ms
[6.548s][info][gc] GC(532) Pause Young (Allocation Failure) 26M->10M(60M) 0.457ms
[6.551s][info][gc] GC(533) Pause Young (Allocation Failure) 26M->9M(60M) 0.435ms
[6.558s][info][gc] GC(534) Pause Young (Allocation Failure) 26M->9M(60M) 0.467ms
[6.561s][info][gc] GC(535) Pause Young (Allocation Failure) 26M->10M(60M) 0.463ms
[6.564s][info][gc] GC(536) Pause Young (Allocation Failure) 26M->10M(60M) 0.433ms
[6.568s][info][gc] GC(537) Pause Young (Allocation Failure) 26M->10M(60M) 0.453ms
[6.571s][info][gc] GC(538) Pause Young (Allocation Failure) 26M->10M(60M) 0.534ms
[6.575s][info][gc] GC(539) Pause Young (Allocation Failure) 26M->10M(60M) 0.434ms
[6.578s][info][gc] GC(540) Pause Young (Allocation Failure) 26M->9M(60M) 0.495ms
[6.582s][info][gc] GC(541) Pause Young (Allocation Failure) 26M->9M(60M) 0.616ms
[6.586s][info][gc] GC(542) Pause Young (Allocation Failure) 26M->9M(60M) 0.475ms
[6.592s][info][gc] GC(543) Pause Young (Allocation Failure) 26M->9M(60M) 0.503ms
[6.597s][info][gc] GC(544) Pause Young (Allocation Failure) 26M->10M(60M) 0.459ms
[6.599s][info][gc] GC(545) Pause Young (Allocation Failure) 26M->10M(60M) 0.442ms
[6.604s][info][gc] GC(546) Pause Young (Allocation Failure) 26M->10M(60M) 0.421ms
[6.608s][info][gc] GC(547) Pause Young (Allocation Failure) 26M->10M(60M) 0.435ms
[6.611s][info][gc] GC(548) Pause Young (Allocation Failure) 26M->10M(60M) 0.474ms
[6.614s][info][gc] GC(549) Pause Young (Allocation Failure) 26M->9M(60M) 0.394ms
[6.617s][info][gc] GC(550) Pause Young (Allocation Failure) 26M->9M(60M) 0.393ms
[6.620s][info][gc] GC(551) Pause Young (Allocation Failure) 26M->9M(60M) 0.497ms
[6.624s][info][gc] GC(552) Pause Young (Allocation Failure) 26M->10M(60M) 0.444ms
[6.631s][info][gc] GC(553) Pause Young (Allocation Failure) 26M->10M(60M) 0.457ms
[6.634s][info][gc] GC(554) Pause Young (Allocation Failure) 26M->10M(60M) 0.439ms
[6.638s][info][gc] GC(555) Pause Young (Allocation Failure) 26M->10M(60M) 0.443ms
[6.641s][info][gc] GC(556) Pause Young (Allocation Failure) 26M->9M(60M) 0.456ms
[6.644s][info][gc] GC(557) Pause Young (Allocation Failure) 26M->10M(60M) 0.420ms
[6.648s][info][gc] GC(558) Pause Young (Allocation Failure) 26M->9M(60M) 0.530ms
[6.652s][info][gc] GC(559) Pause Young (Allocation Failure) 26M->9M(60M) 0.532ms
[6.655s][info][gc] GC(560) Pause Young (Allocation Failure) 26M->10M(60M) 0.444ms
[6.659s][info][gc] GC(561) Pause Young (Allocation Failure) 26M->10M(60M) 0.436ms
[6.662s][info][gc] GC(562) Pause Young (Allocation Failure) 26M->10M(60M) 0.691ms
[6.665s][info][gc] GC(563) Pause Young (Allocation Failure) 26M->10M(60M) 0.424ms
[6.670s][info][gc] GC(564) Pause Young (Allocation Failure) 26M->9M(60M) 0.642ms
[6.679s][info][gc] GC(565) Pause Young (Allocation Failure) 26M->9M(60M) 0.467ms
[6.682s][info][gc] GC(566) Pause Young (Allocation Failure) 26M->10M(60M) 0.644ms
[6.685s][info][gc] GC(567) Pause Young (Allocation Failure) 26M->10M(60M) 0.446ms
[6.688s][info][gc] GC(568) Pause Young (Allocation Failure) 26M->10M(60M) 0.438ms
[6.691s][info][gc] GC(569) Pause Young (Allocation Failure) 26M->9M(60M) 0.394ms
[6.696s][info][gc] GC(570) Pause Young (Allocation Failure) 26M->9M(60M) 0.540ms
[6.707s][info][gc] GC(571) Pause Young (Allocation Failure) 26M->9M(60M) 0.528ms
[6.713s][info][gc] GC(572) Pause Young (Allocation Failure) 26M->10M(60M) 0.575ms
[6.717s][info][gc] GC(573) Pause Young (Allocation Failure) 26M->10M(60M) 0.452ms
[6.720s][info][gc] GC(574) Pause Young (Allocation Failure) 26M->10M(60M) 0.469ms
[6.723s][info][gc] GC(575) Pause Young (Allocation Failure) 26M->10M(60M) 0.411ms
[6.727s][info][gc] GC(576) Pause Young (Allocation Failure) 26M->9M(60M) 0.529ms
[6.737s][info][gc] GC(577) Pause Young (Allocation Failure) 26M->9M(60M) 0.642ms
[6.741s][info][gc] GC(578) Pause Young (Allocation Failure) 26M->9M(60M) 0.432ms
[6.745s][info][gc] GC(579) Pause Young (Allocation Failure) 26M->9M(60M) 0.445ms
[6.750s][info][gc] GC(580) Pause Young (Allocation Failure) 26M->10M(60M) 0.524ms
[6.753s][info][gc] GC(581) Pause Young (Allocation Failure) 26M->10M(60M) 0.444ms
[6.756s][info][gc] GC(582) Pause Young (Allocation Failure) 26M->10M(60M) 0.469ms
[6.762s][info][gc] GC(583) Pause Young (Allocation Failure) 26M->9M(60M) 0.584ms
[6.765s][info][gc] GC(584) Pause Young (Allocation Failure) 26M->10M(60M) 0.465ms
[6.772s][info][gc] GC(585) Pause Young (Allocation Failure) 26M->9M(60M) 0.640ms
[6.776s][info][gc] GC(586) Pause Young (Allocation Failure) 26M->9M(60M) 0.573ms
[6.779s][info][gc] GC(587) Pause Young (Allocation Failure) 26M->10M(60M) 0.510ms
[6.783s][info][gc] GC(588) Pause Young (Allocation Failure) 26M->10M(60M) 0.510ms
Completing query batches: 40%[6.787s][info][gc] GC(589) Pause Young (Allocation Failure) 26M->9M(60M) 0.519ms
[6.790s][info][gc] GC(590) Pause Young (Allocation Failure) 26M->9M(60M) 0.587ms
[6.793s][info][gc] GC(591) Pause Young (Allocation Failure) 26M->9M(60M) 0.595ms
[6.803s][info][gc] GC(592) Pause Young (Allocation Failure) 26M->9M(60M) 0.654ms
[6.807s][info][gc] GC(593) Pause Young (Allocation Failure) 26M->9M(60M) 0.411ms
[6.810s][info][gc] GC(594) Pause Young (Allocation Failure) 26M->9M(60M) 0.658ms
[6.813s][info][gc] GC(595) Pause Young (Allocation Failure) 26M->9M(60M) 0.502ms
[6.816s][info][gc] GC(596) Pause Young (Allocation Failure) 26M->9M(60M) 0.467ms
[6.823s][info][gc] GC(597) Pause Young (Allocation Failure) 26M->9M(60M) 0.499ms
[6.832s][info][gc] GC(598) Pause Young (Allocation Failure) 26M->10M(60M) 0.558ms
[6.835s][info][gc] GC(599) Pause Young (Allocation Failure) 26M->10M(60M) 0.473ms
[6.839s][info][gc] GC(600) Pause Young (Allocation Failure) 26M->10M(60M) 0.520ms
[6.842s][info][gc] GC(601) Pause Young (Allocation Failure) 26M->9M(60M) 0.692ms
[6.844s][info][gc] GC(602) Pause Young (Allocation Failure) 26M->9M(60M) 0.478ms
[6.847s][info][gc] GC(603) Pause Young (Allocation Failure) 26M->10M(60M) 0.448ms
[6.856s][info][gc] GC(604) Pause Young (Allocation Failure) 26M->10M(60M) 0.441ms
[6.859s][info][gc] GC(605) Pause Young (Allocation Failure) 26M->10M(60M) 0.405ms
[6.862s][info][gc] GC(606) Pause Young (Allocation Failure) 26M->9M(60M) 0.475ms
[6.865s][info][gc] GC(607) Pause Young (Allocation Failure) 26M->10M(60M) 0.478ms
[6.869s][info][gc] GC(608) Pause Young (Allocation Failure) 26M->9M(60M) 0.453ms
[6.872s][info][gc] GC(609) Pause Young (Allocation Failure) 26M->9M(60M) 0.492ms
[6.877s][info][gc] GC(610) Pause Young (Allocation Failure) 26M->10M(60M) 0.451ms
[6.882s][info][gc] GC(611) Pause Young (Allocation Failure) 26M->10M(60M) 0.547ms
[6.886s][info][gc] GC(612) Pause Young (Allocation Failure) 26M->9M(60M) 0.448ms
[6.890s][info][gc] GC(613) Pause Young (Allocation Failure) 26M->9M(60M) 0.476ms
[6.894s][info][gc] GC(614) Pause Young (Allocation Failure) 26M->10M(60M) 0.579ms
[6.898s][info][gc] GC(615) Pause Young (Allocation Failure) 26M->9M(60M) 0.720ms
[6.901s][info][gc] GC(616) Pause Young (Allocation Failure) 26M->10M(60M) 0.449ms
[6.904s][info][gc] GC(617) Pause Young (Allocation Failure) 26M->10M(60M) 0.418ms
[6.907s][info][gc] GC(618) Pause Young (Allocation Failure) 26M->9M(60M) 0.439ms
[6.910s][info][gc] GC(619) Pause Young (Allocation Failure) 26M->9M(60M) 0.666ms
[6.920s][info][gc] GC(620) Pause Young (Allocation Failure) 26M->10M(60M) 0.467ms
[6.923s][info][gc] GC(621) Pause Young (Allocation Failure) 26M->10M(60M) 0.423ms
[6.926s][info][gc] GC(622) Pause Young (Allocation Failure) 26M->10M(60M) 0.443ms
[6.929s][info][gc] GC(623) Pause Young (Allocation Failure) 26M->10M(60M) 0.452ms
[6.933s][info][gc] GC(624) Pause Young (Allocation Failure) 26M->10M(60M) 0.465ms
[6.936s][info][gc] GC(625) Pause Young (Allocation Failure) 26M->10M(60M) 0.477ms
[6.942s][info][gc] GC(626) Pause Young (Allocation Failure) 26M->9M(60M) 0.745ms
[6.948s][info][gc] GC(627) Pause Young (Allocation Failure) 26M->9M(60M) 0.468ms
[6.952s][info][gc] GC(628) Pause Young (Allocation Failure) 26M->10M(60M) 0.414ms
[6.956s][info][gc] GC(629) Pause Young (Allocation Failure) 26M->10M(60M) 0.523ms
[6.959s][info][gc] GC(630) Pause Young (Allocation Failure) 26M->9M(60M) 0.424ms
[6.962s][info][gc] GC(631) Pause Young (Allocation Failure) 26M->10M(60M) 0.511ms
[6.970s][info][gc] GC(632) Pause Young (Allocation Failure) 26M->9M(60M) 0.840ms
[6.973s][info][gc] GC(633) Pause Young (Allocation Failure) 26M->10M(60M) 0.501ms
[6.976s][info][gc] GC(634) Pause Young (Allocation Failure) 26M->10M(60M) 0.477ms
[6.980s][info][gc] GC(635) Pause Young (Allocation Failure) 26M->9M(60M) 0.513ms
[6.984s][info][gc] GC(636) Pause Young (Allocation Failure) 26M->9M(60M) 0.486ms
[6.991s][info][gc] GC(637) Pause Young (Allocation Failure) 26M->9M(60M) 0.678ms
[6.998s][info][gc] GC(638) Pause Young (Allocation Failure) 26M->9M(60M) 0.487ms
[7.001s][info][gc] GC(639) Pause Young (Allocation Failure) 26M->10M(60M) 0.453ms
[7.004s][info][gc] GC(640) Pause Young (Allocation Failure) 26M->9M(60M) 0.487ms
[7.007s][info][gc] GC(641) Pause Young (Allocation Failure) 26M->10M(60M) 0.390ms
[7.012s][info][gc] GC(642) Pause Young (Allocation Failure) 26M->10M(60M) 0.505ms
[7.018s][info][gc] GC(643) Pause Young (Allocation Failure) 26M->9M(60M) 0.680ms
[7.022s][info][gc] GC(644) Pause Young (Allocation Failure) 26M->10M(60M) 0.498ms
[7.026s][info][gc] GC(645) Pause Young (Allocation Failure) 26M->10M(60M) 0.669ms
[7.029s][info][gc] GC(646) Pause Young (Allocation Failure) 26M->9M(60M) 0.494ms
[7.032s][info][gc] GC(647) Pause Young (Allocation Failure) 26M->10M(60M) 0.487ms
[7.035s][info][gc] GC(648) Pause Young (Allocation Failure) 26M->10M(60M) 0.474ms
[7.040s][info][gc] GC(649) Pause Young (Allocation Failure) 26M->9M(60M) 0.501ms
[7.043s][info][gc] GC(650) Pause Young (Allocation Failure) 26M->10M(60M) 0.467ms
[7.047s][info][gc] GC(651) Pause Young (Allocation Failure) 26M->9M(60M) 0.439ms
[7.050s][info][gc] GC(652) Pause Young (Allocation Failure) 26M->9M(60M) 0.900ms
[7.055s][info][gc] GC(653) Pause Young (Allocation Failure) 26M->10M(60M) 0.591ms
[7.058s][info][gc] GC(654) Pause Young (Allocation Failure) 26M->9M(60M) 0.722ms
[7.063s][info][gc] GC(655) Pause Young (Allocation Failure) 26M->9M(60M) 0.625ms
[7.066s][info][gc] GC(656) Pause Young (Allocation Failure) 26M->9M(60M) 0.628ms
[7.070s][info][gc] GC(657) Pause Young (Allocation Failure) 26M->9M(60M) 0.555ms
[7.073s][info][gc] GC(658) Pause Young (Allocation Failure) 26M->10M(60M) 0.485ms
[7.077s][info][gc] GC(659) Pause Young (Allocation Failure) 26M->9M(60M) 0.442ms
[7.080s][info][gc] GC(660) Pause Young (Allocation Failure) 26M->10M(60M) 0.536ms
Completing query batches: 45%[7.085s][info][gc] GC(661) Pause Young (Allocation Failure) 26M->9M(60M) 0.604ms
[7.094s][info][gc] GC(662) Pause Young (Allocation Failure) 26M->9M(60M) 0.726ms
[7.097s][info][gc] GC(663) Pause Young (Allocation Failure) 26M->10M(60M) 0.514ms
[7.100s][info][gc] GC(664) Pause Young (Allocation Failure) 26M->10M(60M) 0.474ms
[7.103s][info][gc] GC(665) Pause Young (Allocation Failure) 26M->10M(60M) 0.429ms
[7.106s][info][gc] GC(666) Pause Young (Allocation Failure) 26M->10M(60M) 0.634ms
[7.111s][info][gc] GC(667) Pause Young (Allocation Failure) 26M->9M(60M) 0.572ms
[7.115s][info][gc] GC(668) Pause Young (Allocation Failure) 26M->9M(60M) 0.480ms
[7.119s][info][gc] GC(669) Pause Young (Allocation Failure) 26M->9M(60M) 0.585ms
[7.122s][info][gc] GC(670) Pause Young (Allocation Failure) 26M->10M(60M) 0.549ms
[7.125s][info][gc] GC(671) Pause Young (Allocation Failure) 26M->10M(60M) 0.467ms
[7.130s][info][gc] GC(672) Pause Young (Allocation Failure) 26M->9M(60M) 0.460ms
[7.133s][info][gc] GC(673) Pause Young (Allocation Failure) 26M->9M(60M) 0.483ms
[7.138s][info][gc] GC(674) Pause Young (Allocation Failure) 26M->9M(60M) 0.798ms
[7.141s][info][gc] GC(675) Pause Young (Allocation Failure) 26M->10M(60M) 0.405ms
[7.144s][info][gc] GC(676) Pause Young (Allocation Failure) 26M->10M(60M) 0.539ms
[7.148s][info][gc] GC(677) Pause Young (Allocation Failure) 26M->10M(60M) 0.564ms
[7.153s][info][gc] GC(678) Pause Young (Allocation Failure) 26M->9M(60M) 0.546ms
[7.159s][info][gc] GC(679) Pause Young (Allocation Failure) 26M->10M(60M) 0.490ms
[7.162s][info][gc] GC(680) Pause Young (Allocation Failure) 26M->10M(60M) 0.793ms
[7.165s][info][gc] GC(681) Pause Young (Allocation Failure) 26M->10M(60M) 0.542ms
[7.169s][info][gc] GC(682) Pause Young (Allocation Failure) 26M->10M(60M) 0.651ms
[7.172s][info][gc] GC(683) Pause Young (Allocation Failure) 26M->10M(60M) 0.498ms
[7.180s][info][gc] GC(684) Pause Young (Allocation Failure) 26M->9M(60M) 0.517ms
[7.184s][info][gc] GC(685) Pause Young (Allocation Failure) 26M->10M(60M) 0.443ms
[7.187s][info][gc] GC(686) Pause Young (Allocation Failure) 26M->10M(60M) 0.503ms
[7.189s][info][gc] GC(687) Pause Young (Allocation Failure) 26M->10M(60M) 0.484ms
[7.193s][info][gc] GC(688) Pause Young (Allocation Failure) 26M->9M(60M) 0.525ms
[7.197s][info][gc] GC(689) Pause Young (Allocation Failure) 26M->9M(60M) 0.651ms
[7.205s][info][gc] GC(690) Pause Young (Allocation Failure) 26M->9M(60M) 0.593ms
[7.208s][info][gc] GC(691) Pause Young (Allocation Failure) 26M->10M(60M) 0.473ms
[7.212s][info][gc] GC(692) Pause Young (Allocation Failure) 26M->10M(60M) 0.418ms
[7.214s][info][gc] GC(693) Pause Young (Allocation Failure) 26M->10M(60M) 0.386ms
[7.218s][info][gc] GC(694) Pause Young (Allocation Failure) 26M->9M(60M) 0.831ms
[7.222s][info][gc] GC(695) Pause Young (Allocation Failure) 26M->9M(60M) 0.544ms
[7.225s][info][gc] GC(696) Pause Young (Allocation Failure) 26M->10M(60M) 0.463ms
[7.229s][info][gc] GC(697) Pause Young (Allocation Failure) 26M->9M(60M) 0.464ms
[7.234s][info][gc] GC(698) Pause Young (Allocation Failure) 26M->10M(60M) 0.734ms
[7.237s][info][gc] GC(699) Pause Young (Allocation Failure) 26M->9M(60M) 0.544ms
[7.240s][info][gc] GC(700) Pause Young (Allocation Failure) 26M->10M(60M) 0.578ms
[7.244s][info][gc] GC(701) Pause Young (Allocation Failure) 26M->10M(60M) 0.560ms
[7.248s][info][gc] GC(702) Pause Young (Allocation Failure) 26M->9M(60M) 0.539ms
[7.251s][info][gc] GC(703) Pause Young (Allocation Failure) 26M->10M(60M) 0.561ms
[7.254s][info][gc] GC(704) Pause Young (Allocation Failure) 26M->10M(60M) 0.655ms
[7.258s][info][gc] GC(705) Pause Young (Allocation Failure) 26M->10M(60M) 0.673ms
[7.262s][info][gc] GC(706) Pause Young (Allocation Failure) 26M->10M(60M) 0.809ms
[7.265s][info][gc] GC(707) Pause Young (Allocation Failure) 26M->10M(60M) 0.433ms
[7.270s][info][gc] GC(708) Pause Young (Allocation Failure) 26M->9M(60M) 0.741ms
[7.274s][info][gc] GC(709) Pause Young (Allocation Failure) 26M->10M(60M) 0.448ms
[7.277s][info][gc] GC(710) Pause Young (Allocation Failure) 26M->10M(60M) 0.554ms
[7.280s][info][gc] GC(711) Pause Young (Allocation Failure) 26M->10M(60M) 0.449ms
[7.283s][info][gc] GC(712) Pause Young (Allocation Failure) 26M->10M(60M) 0.413ms
[7.286s][info][gc] GC(713) Pause Young (Allocation Failure) 26M->9M(60M) 0.596ms
[7.290s][info][gc] GC(714) Pause Young (Allocation Failure) 26M->9M(60M) 0.492ms
[7.294s][info][gc] GC(715) Pause Young (Allocation Failure) 26M->10M(60M) 0.782ms
[7.297s][info][gc] GC(716) Pause Young (Allocation Failure) 26M->10M(60M) 0.441ms
[7.300s][info][gc] GC(717) Pause Young (Allocation Failure) 26M->9M(60M) 0.477ms
[7.303s][info][gc] GC(718) Pause Young (Allocation Failure) 26M->10M(60M) 0.533ms
[7.308s][info][gc] GC(719) Pause Young (Allocation Failure) 26M->10M(60M) 0.564ms
[7.314s][info][gc] GC(720) Pause Young (Allocation Failure) 26M->9M(60M) 0.550ms
[7.317s][info][gc] GC(721) Pause Young (Allocation Failure) 26M->9M(60M) 0.504ms
[7.321s][info][gc] GC(722) Pause Young (Allocation Failure) 26M->9M(60M) 0.431ms
[7.324s][info][gc] GC(723) Pause Young (Allocation Failure) 26M->10M(60M) 0.477ms
[7.327s][info][gc] GC(724) Pause Young (Allocation Failure) 26M->10M(60M) 0.489ms
[7.330s][info][gc] GC(725) Pause Young (Allocation Failure) 26M->9M(60M) 0.590ms
[7.337s][info][gc] GC(726) Pause Young (Allocation Failure) 26M->9M(60M) 0.501ms
[7.341s][info][gc] GC(727) Pause Young (Allocation Failure) 26M->9M(60M) 0.468ms
[7.345s][info][gc] GC(728) Pause Young (Allocation Failure) 26M->10M(60M) 0.437ms
[7.348s][info][gc] GC(729) Pause Young (Allocation Failure) 26M->10M(60M) 0.474ms
[7.352s][info][gc] GC(730) Pause Young (Allocation Failure) 26M->9M(60M) 0.488ms
[7.356s][info][gc] GC(731) Pause Young (Allocation Failure) 26M->9M(60M) 0.572ms
[7.361s][info][gc] GC(732) Pause Young (Allocation Failure) 26M->10M(60M) 0.500ms
Completing query batches: 50%[7.368s][info][gc] GC(733) Pause Young (Allocation Failure) 26M->9M(60M) 0.554ms
[7.374s][info][gc] GC(734) Pause Young (Allocation Failure) 26M->9M(60M) 0.460ms
[7.378s][info][gc] GC(735) Pause Young (Allocation Failure) 26M->9M(60M) 0.696ms
[7.381s][info][gc] GC(736) Pause Young (Allocation Failure) 26M->10M(60M) 0.503ms
[7.386s][info][gc] GC(737) Pause Young (Allocation Failure) 26M->10M(60M) 0.758ms
[7.389s][info][gc] GC(738) Pause Young (Allocation Failure) 26M->9M(60M) 0.495ms
[7.394s][info][gc] GC(739) Pause Young (Allocation Failure) 26M->9M(60M) 0.531ms
[7.397s][info][gc] GC(740) Pause Young (Allocation Failure) 26M->9M(60M) 0.491ms
[7.402s][info][gc] GC(741) Pause Young (Allocation Failure) 26M->9M(60M) 0.898ms
[7.405s][info][gc] GC(742) Pause Young (Allocation Failure) 26M->10M(60M) 0.470ms
[7.408s][info][gc] GC(743) Pause Young (Allocation Failure) 26M->10M(60M) 0.496ms
[7.412s][info][gc] GC(744) Pause Young (Allocation Failure) 26M->9M(60M) 0.531ms
[7.417s][info][gc] GC(745) Pause Young (Allocation Failure) 26M->9M(60M) 0.556ms
[7.420s][info][gc] GC(746) Pause Young (Allocation Failure) 26M->9M(60M) 0.466ms
[7.423s][info][gc] GC(747) Pause Young (Allocation Failure) 26M->10M(60M) 0.502ms
[7.430s][info][gc] GC(748) Pause Young (Allocation Failure) 26M->10M(60M) 0.594ms
[7.435s][info][gc] GC(749) Pause Young (Allocation Failure) 26M->10M(60M) 0.431ms
[7.438s][info][gc] GC(750) Pause Young (Allocation Failure) 26M->9M(60M) 0.631ms
[7.442s][info][gc] GC(751) Pause Young (Allocation Failure) 26M->10M(60M) 0.863ms
[7.445s][info][gc] GC(752) Pause Young (Allocation Failure) 26M->9M(60M) 0.482ms
[7.449s][info][gc] GC(753) Pause Young (Allocation Failure) 26M->10M(60M) 0.477ms
[7.454s][info][gc] GC(754) Pause Young (Allocation Failure) 26M->10M(60M) 0.503ms
[7.459s][info][gc] GC(755) Pause Young (Allocation Failure) 26M->9M(60M) 0.516ms
[7.463s][info][gc] GC(756) Pause Young (Allocation Failure) 26M->9M(60M) 0.454ms
[7.468s][info][gc] GC(757) Pause Young (Allocation Failure) 26M->9M(60M) 0.531ms
[7.473s][info][gc] GC(758) Pause Young (Allocation Failure) 26M->10M(60M) 0.436ms
[7.477s][info][gc] GC(759) Pause Young (Allocation Failure) 26M->10M(60M) 0.492ms
[7.481s][info][gc] GC(760) Pause Young (Allocation Failure) 26M->10M(60M) 0.443ms
[7.484s][info][gc] GC(761) Pause Young (Allocation Failure) 26M->10M(60M) 0.560ms
[7.489s][info][gc] GC(762) Pause Young (Allocation Failure) 26M->10M(60M) 0.445ms
[7.493s][info][gc] GC(763) Pause Young (Allocation Failure) 26M->9M(60M) 0.437ms
[7.497s][info][gc] GC(764) Pause Young (Allocation Failure) 26M->10M(60M) 0.563ms
[7.501s][info][gc] GC(765) Pause Young (Allocation Failure) 26M->9M(60M) 0.570ms
[7.505s][info][gc] GC(766) Pause Young (Allocation Failure) 26M->10M(60M) 0.555ms
[7.508s][info][gc] GC(767) Pause Young (Allocation Failure) 26M->10M(60M) 0.453ms
[7.512s][info][gc] GC(768) Pause Young (Allocation Failure) 26M->10M(60M) 0.425ms
[7.515s][info][gc] GC(769) Pause Young (Allocation Failure) 26M->10M(60M) 0.478ms
[7.518s][info][gc] GC(770) Pause Young (Allocation Failure) 26M->9M(60M) 0.435ms
[7.522s][info][gc] GC(771) Pause Young (Allocation Failure) 26M->10M(60M) 0.706ms
[7.525s][info][gc] GC(772) Pause Young (Allocation Failure) 26M->10M(60M) 0.537ms
[7.528s][info][gc] GC(773) Pause Young (Allocation Failure) 26M->10M(60M) 0.449ms
[7.532s][info][gc] GC(774) Pause Young (Allocation Failure) 26M->10M(60M) 0.551ms
[7.536s][info][gc] GC(775) Pause Young (Allocation Failure) 26M->10M(60M) 0.690ms
[7.543s][info][gc] GC(776) Pause Young (Allocation Failure) 26M->9M(60M) 0.593ms
[7.547s][info][gc] GC(777) Pause Young (Allocation Failure) 26M->9M(60M) 0.575ms
[7.552s][info][gc] GC(778) Pause Young (Allocation Failure) 26M->10M(60M) 0.516ms
[7.555s][info][gc] GC(779) Pause Young (Allocation Failure) 26M->10M(60M) 0.529ms
[7.558s][info][gc] GC(780) Pause Young (Allocation Failure) 26M->9M(60M) 0.779ms
[7.561s][info][gc] GC(781) Pause Young (Allocation Failure) 26M->9M(60M) 0.676ms
[7.572s][info][gc] GC(782) Pause Young (Allocation Failure) 26M->9M(60M) 0.573ms
[7.575s][info][gc] GC(783) Pause Young (Allocation Failure) 26M->9M(60M) 0.526ms
[7.580s][info][gc] GC(784) Pause Young (Allocation Failure) 26M->10M(60M) 0.467ms
[7.585s][info][gc] GC(785) Pause Young (Allocation Failure) 26M->10M(60M) 0.445ms
[7.587s][info][gc] GC(786) Pause Young (Allocation Failure) 26M->10M(60M) 0.563ms
[7.593s][info][gc] GC(787) Pause Young (Allocation Failure) 26M->9M(60M) 0.537ms
[7.596s][info][gc] GC(788) Pause Young (Allocation Failure) 26M->10M(60M) 0.455ms
[7.600s][info][gc] GC(789) Pause Young (Allocation Failure) 26M->9M(60M) 0.463ms
[7.603s][info][gc] GC(790) Pause Young (Allocation Failure) 26M->10M(60M) 0.460ms
[7.607s][info][gc] GC(791) Pause Young (Allocation Failure) 26M->9M(60M) 0.605ms
[7.611s][info][gc] GC(792) Pause Young (Allocation Failure) 26M->9M(60M) 0.508ms
[7.619s][info][gc] GC(793) Pause Young (Allocation Failure) 26M->9M(60M) 0.561ms
[7.625s][info][gc] GC(794) Pause Young (Allocation Failure) 26M->9M(60M) 0.529ms
[7.628s][info][gc] GC(795) Pause Young (Allocation Failure) 26M->9M(60M) 0.675ms
[7.632s][info][gc] GC(796) Pause Young (Allocation Failure) 26M->9M(60M) 0.460ms
[7.636s][info][gc] GC(797) Pause Young (Allocation Failure) 26M->10M(60M) 0.523ms
[7.642s][info][gc] GC(798) Pause Young (Allocation Failure) 26M->9M(60M) 1.024ms
[7.648s][info][gc] GC(799) Pause Young (Allocation Failure) 26M->10M(60M) 0.512ms
[7.651s][info][gc] GC(800) Pause Young (Allocation Failure) 26M->10M(60M) 0.426ms
[7.655s][info][gc] GC(801) Pause Young (Allocation Failure) 26M->9M(60M) 0.471ms
[7.658s][info][gc] GC(802) Pause Young (Allocation Failure) 26M->9M(60M) 0.867ms
[7.661s][info][gc] GC(803) Pause Young (Allocation Failure) 26M->9M(60M) 0.538ms
Completing query batches: 55%[7.671s][info][gc] GC(804) Pause Young (Allocation Failure) 26M->9M(60M) 0.656ms
[7.674s][info][gc] GC(805) Pause Young (Allocation Failure) 26M->10M(60M) 0.450ms
[7.677s][info][gc] GC(806) Pause Young (Allocation Failure) 26M->10M(60M) 0.458ms
[7.680s][info][gc] GC(807) Pause Young (Allocation Failure) 26M->9M(60M) 0.464ms
[7.684s][info][gc] GC(808) Pause Young (Allocation Failure) 26M->10M(60M) 0.512ms
[7.687s][info][gc] GC(809) Pause Young (Allocation Failure) 26M->9M(60M) 0.528ms
[7.699s][info][gc] GC(810) Pause Young (Allocation Failure) 26M->9M(60M) 0.533ms
[7.703s][info][gc] GC(811) Pause Young (Allocation Failure) 26M->10M(60M) 0.460ms
[7.705s][info][gc] GC(812) Pause Young (Allocation Failure) 26M->10M(60M) 0.444ms
[7.708s][info][gc] GC(813) Pause Young (Allocation Failure) 26M->10M(60M) 0.506ms
[7.711s][info][gc] GC(814) Pause Young (Allocation Failure) 26M->10M(60M) 0.422ms
[7.717s][info][gc] GC(815) Pause Young (Allocation Failure) 26M->9M(60M) 0.486ms
[7.730s][info][gc] GC(816) Pause Young (Allocation Failure) 26M->10M(60M) 0.761ms
[7.733s][info][gc] GC(817) Pause Young (Allocation Failure) 26M->10M(60M) 0.526ms
[7.736s][info][gc] GC(818) Pause Young (Allocation Failure) 26M->10M(60M) 0.543ms
[7.739s][info][gc] GC(819) Pause Young (Allocation Failure) 26M->10M(60M) 0.453ms
[7.742s][info][gc] GC(820) Pause Young (Allocation Failure) 26M->10M(60M) 0.428ms
[7.747s][info][gc] GC(821) Pause Young (Allocation Failure) 26M->9M(60M) 0.589ms
[7.756s][info][gc] GC(822) Pause Young (Allocation Failure) 26M->10M(60M) 0.488ms
[7.759s][info][gc] GC(823) Pause Young (Allocation Failure) 26M->10M(60M) 0.446ms
[7.762s][info][gc] GC(824) Pause Young (Allocation Failure) 26M->10M(60M) 0.464ms
[7.766s][info][gc] GC(825) Pause Young (Allocation Failure) 26M->10M(60M) 0.477ms
[7.769s][info][gc] GC(826) Pause Young (Allocation Failure) 26M->9M(60M) 0.397ms
[7.779s][info][gc] GC(827) Pause Young (Allocation Failure) 26M->9M(60M) 0.538ms
[7.787s][info][gc] GC(828) Pause Young (Allocation Failure) 26M->10M(60M) 0.499ms
[7.790s][info][gc] GC(829) Pause Young (Allocation Failure) 26M->10M(60M) 0.450ms
[7.793s][info][gc] GC(830) Pause Young (Allocation Failure) 26M->10M(60M) 0.411ms
[7.796s][info][gc] GC(831) Pause Young (Allocation Failure) 26M->10M(60M) 0.472ms
[7.799s][info][gc] GC(832) Pause Young (Allocation Failure) 26M->10M(60M) 0.487ms
[7.807s][info][gc] GC(833) Pause Young (Allocation Failure) 26M->9M(60M) 0.483ms
[7.812s][info][gc] GC(834) Pause Young (Allocation Failure) 26M->10M(60M) 0.423ms
[7.814s][info][gc] GC(835) Pause Young (Allocation Failure) 26M->10M(60M) 0.415ms
[7.818s][info][gc] GC(836) Pause Young (Allocation Failure) 26M->10M(60M) 0.646ms
[7.821s][info][gc] GC(837) Pause Young (Allocation Failure) 26M->10M(60M) 0.459ms
[7.824s][info][gc] GC(838) Pause Young (Allocation Failure) 26M->9M(60M) 0.523ms
[7.828s][info][gc] GC(839) Pause Young (Allocation Failure) 26M->9M(60M) 0.522ms
[7.832s][info][gc] GC(840) Pause Young (Allocation Failure) 26M->10M(60M) 0.523ms
[7.836s][info][gc] GC(841) Pause Young (Allocation Failure) 26M->10M(60M) 0.475ms
[7.839s][info][gc] GC(842) Pause Young (Allocation Failure) 26M->10M(60M) 0.433ms
[7.841s][info][gc] GC(843) Pause Young (Allocation Failure) 26M->9M(60M) 0.470ms
[7.845s][info][gc] GC(844) Pause Young (Allocation Failure) 26M->10M(60M) 0.505ms
[7.848s][info][gc] GC(845) Pause Young (Allocation Failure) 26M->9M(60M) 0.481ms
[7.852s][info][gc] GC(846) Pause Young (Allocation Failure) 26M->10M(60M) 0.455ms
[7.855s][info][gc] GC(847) Pause Young (Allocation Failure) 26M->10M(60M) 0.471ms
[7.858s][info][gc] GC(848) Pause Young (Allocation Failure) 26M->9M(60M) 0.458ms
[7.861s][info][gc] GC(849) Pause Young (Allocation Failure) 26M->10M(60M) 0.431ms
[7.866s][info][gc] GC(850) Pause Young (Allocation Failure) 26M->9M(60M) 0.496ms
[7.870s][info][gc] GC(851) Pause Young (Allocation Failure) 26M->10M(60M) 0.763ms
[7.873s][info][gc] GC(852) Pause Young (Allocation Failure) 26M->9M(60M) 0.471ms
[7.877s][info][gc] GC(853) Pause Young (Allocation Failure) 26M->9M(60M) 0.448ms
[7.881s][info][gc] GC(854) Pause Young (Allocation Failure) 26M->9M(60M) 0.490ms
[7.884s][info][gc] GC(855) Pause Young (Allocation Failure) 26M->10M(60M) 0.519ms
[7.888s][info][gc] GC(856) Pause Young (Allocation Failure) 26M->9M(60M) 0.507ms
[7.891s][info][gc] GC(857) Pause Young (Allocation Failure) 26M->9M(60M) 0.466ms
[7.894s][info][gc] GC(858) Pause Young (Allocation Failure) 26M->10M(60M) 0.641ms
[7.897s][info][gc] GC(859) Pause Young (Allocation Failure) 26M->9M(60M) 0.527ms
[7.901s][info][gc] GC(860) Pause Young (Allocation Failure) 26M->10M(60M) 0.514ms
[7.905s][info][gc] GC(861) Pause Young (Allocation Failure) 26M->9M(60M) 0.458ms
[7.908s][info][gc] GC(862) Pause Young (Allocation Failure) 26M->10M(60M) 0.437ms
[7.912s][info][gc] GC(863) Pause Young (Allocation Failure) 26M->10M(60M) 0.458ms
[7.915s][info][gc] GC(864) Pause Young (Allocation Failure) 26M->10M(60M) 0.437ms
[7.918s][info][gc] GC(865) Pause Young (Allocation Failure) 26M->10M(60M) 0.537ms
[7.922s][info][gc] GC(866) Pause Young (Allocation Failure) 26M->10M(60M) 0.597ms
[7.927s][info][gc] GC(867) Pause Young (Allocation Failure) 26M->9M(60M) 0.453ms
[7.930s][info][gc] GC(868) Pause Young (Allocation Failure) 26M->10M(60M) 0.733ms
[7.933s][info][gc] GC(869) Pause Young (Allocation Failure) 26M->10M(60M) 0.466ms
[7.936s][info][gc] GC(870) Pause Young (Allocation Failure) 26M->9M(60M) 0.478ms
[7.940s][info][gc] GC(871) Pause Young (Allocation Failure) 26M->9M(60M) 0.481ms
[7.943s][info][gc] GC(872) Pause Young (Allocation Failure) 26M->10M(60M) 0.490ms
[7.946s][info][gc] GC(873) Pause Young (Allocation Failure) 26M->10M(60M) 0.517ms
[7.949s][info][gc] GC(874) Pause Young (Allocation Failure) 26M->10M(60M) 0.471ms
[7.953s][info][gc] GC(875) Pause Young (Allocation Failure) 26M->10M(60M) 0.525ms
Completing query batches: 60%[7.956s][info][gc] GC(876) Pause Young (Allocation Failure) 26M->9M(60M) 0.481ms
[7.960s][info][gc] GC(877) Pause Young (Allocation Failure) 26M->9M(60M) 0.527ms
[7.963s][info][gc] GC(878) Pause Young (Allocation Failure) 26M->9M(60M) 0.508ms
[7.967s][info][gc] GC(879) Pause Young (Allocation Failure) 26M->9M(60M) 0.493ms
[7.971s][info][gc] GC(880) Pause Young (Allocation Failure) 26M->10M(60M) 0.436ms
[7.974s][info][gc] GC(881) Pause Young (Allocation Failure) 26M->10M(60M) 0.741ms
[7.977s][info][gc] GC(882) Pause Young (Allocation Failure) 26M->10M(60M) 0.467ms
[7.982s][info][gc] GC(883) Pause Young (Allocation Failure) 26M->10M(60M) 0.731ms
[7.985s][info][gc] GC(884) Pause Young (Allocation Failure) 26M->9M(60M) 0.463ms
[7.988s][info][gc] GC(885) Pause Young (Allocation Failure) 26M->10M(60M) 0.473ms
[7.992s][info][gc] GC(886) Pause Young (Allocation Failure) 26M->10M(60M) 0.407ms
[7.995s][info][gc] GC(887) Pause Young (Allocation Failure) 26M->10M(60M) 0.431ms
[8.001s][info][gc] GC(888) Pause Young (Allocation Failure) 26M->9M(60M) 0.479ms
[8.006s][info][gc] GC(889) Pause Young (Allocation Failure) 26M->9M(60M) 0.465ms
[8.011s][info][gc] GC(890) Pause Young (Allocation Failure) 26M->10M(60M) 0.449ms
[8.014s][info][gc] GC(891) Pause Young (Allocation Failure) 26M->10M(60M) 0.425ms
[8.018s][info][gc] GC(892) Pause Young (Allocation Failure) 26M->10M(60M) 0.577ms
[8.020s][info][gc] GC(893) Pause Young (Allocation Failure) 26M->10M(60M) 0.425ms
[8.023s][info][gc] GC(894) Pause Young (Allocation Failure) 26M->10M(60M) 0.439ms
[8.030s][info][gc] GC(895) Pause Young (Allocation Failure) 26M->9M(60M) 0.455ms
[8.038s][info][gc] GC(896) Pause Young (Allocation Failure) 26M->10M(60M) 0.454ms
[8.041s][info][gc] GC(897) Pause Young (Allocation Failure) 26M->10M(60M) 0.407ms
[8.046s][info][gc] GC(898) Pause Young (Allocation Failure) 26M->10M(60M) 0.433ms
[8.049s][info][gc] GC(899) Pause Young (Allocation Failure) 26M->10M(60M) 0.396ms
[8.053s][info][gc] GC(900) Pause Young (Allocation Failure) 26M->9M(60M) 0.463ms
[8.057s][info][gc] GC(901) Pause Young (Allocation Failure) 26M->9M(60M) 0.485ms
[8.061s][info][gc] GC(902) Pause Young (Allocation Failure) 26M->10M(60M) 0.472ms
[8.064s][info][gc] GC(903) Pause Young (Allocation Failure) 26M->10M(60M) 0.542ms
[8.068s][info][gc] GC(904) Pause Young (Allocation Failure) 26M->10M(60M) 0.462ms
[8.071s][info][gc] GC(905) Pause Young (Allocation Failure) 26M->10M(60M) 0.461ms
[8.075s][info][gc] GC(906) Pause Young (Allocation Failure) 26M->9M(60M) 0.434ms
[8.081s][info][gc] GC(907) Pause Young (Allocation Failure) 26M->10M(60M) 0.556ms
[8.084s][info][gc] GC(908) Pause Young (Allocation Failure) 26M->10M(60M) 0.457ms
[8.088s][info][gc] GC(909) Pause Young (Allocation Failure) 26M->9M(60M) 0.512ms
[8.091s][info][gc] GC(910) Pause Young (Allocation Failure) 26M->10M(60M) 0.441ms
[8.094s][info][gc] GC(911) Pause Young (Allocation Failure) 26M->10M(60M) 0.418ms
[8.102s][info][gc] GC(912) Pause Young (Allocation Failure) 26M->9M(60M) 0.725ms
[8.105s][info][gc] GC(913) Pause Young (Allocation Failure) 26M->10M(60M) 0.486ms
[8.108s][info][gc] GC(914) Pause Young (Allocation Failure) 26M->10M(60M) 0.435ms
[8.112s][info][gc] GC(915) Pause Young (Allocation Failure) 26M->10M(60M) 0.469ms
[8.114s][info][gc] GC(916) Pause Young (Allocation Failure) 26M->10M(60M) 0.432ms
[8.118s][info][gc] GC(917) Pause Young (Allocation Failure) 26M->10M(60M) 0.601ms
[8.122s][info][gc] GC(918) Pause Young (Allocation Failure) 26M->9M(60M) 0.670ms
[8.130s][info][gc] GC(919) Pause Young (Allocation Failure) 26M->9M(60M) 0.479ms
[8.133s][info][gc] GC(920) Pause Young (Allocation Failure) 26M->10M(60M) 0.427ms
[8.138s][info][gc] GC(921) Pause Young (Allocation Failure) 26M->10M(60M) 0.442ms
[8.141s][info][gc] GC(922) Pause Young (Allocation Failure) 26M->9M(60M) 0.516ms
[8.145s][info][gc] GC(923) Pause Young (Allocation Failure) 26M->9M(60M) 0.474ms
[8.150s][info][gc] GC(924) Pause Young (Allocation Failure) 26M->9M(60M) 0.462ms
[8.154s][info][gc] GC(925) Pause Young (Allocation Failure) 26M->9M(60M) 0.580ms
[8.157s][info][gc] GC(926) Pause Young (Allocation Failure) 26M->9M(60M) 0.453ms
[8.160s][info][gc] GC(927) Pause Young (Allocation Failure) 26M->9M(60M) 0.467ms
[8.165s][info][gc] GC(928) Pause Young (Allocation Failure) 26M->10M(60M) 0.418ms
[8.170s][info][gc] GC(929) Pause Young (Allocation Failure) 26M->10M(60M) 0.517ms
[8.173s][info][gc] GC(930) Pause Young (Allocation Failure) 26M->10M(60M) 0.437ms
[8.176s][info][gc] GC(931) Pause Young (Allocation Failure) 26M->10M(60M) 0.471ms
[8.183s][info][gc] GC(932) Pause Young (Allocation Failure) 26M->9M(60M) 0.461ms
[8.186s][info][gc] GC(933) Pause Young (Allocation Failure) 26M->10M(60M) 0.412ms
[8.189s][info][gc] GC(934) Pause Young (Allocation Failure) 26M->10M(60M) 0.414ms
[8.192s][info][gc] GC(935) Pause Young (Allocation Failure) 26M->10M(60M) 0.484ms
[8.196s][info][gc] GC(936) Pause Young (Allocation Failure) 26M->9M(60M) 0.471ms
[8.199s][info][gc] GC(937) Pause Young (Allocation Failure) 26M->10M(60M) 0.426ms
[8.206s][info][gc] GC(938) Pause Young (Allocation Failure) 26M->10M(60M) 0.532ms
[8.208s][info][gc] GC(939) Pause Young (Allocation Failure) 26M->10M(60M) 0.404ms
[8.212s][info][gc] GC(940) Pause Young (Allocation Failure) 26M->10M(60M) 0.484ms
[8.214s][info][gc] GC(941) Pause Young (Allocation Failure) 26M->10M(60M) 0.428ms
[8.217s][info][gc] GC(942) Pause Young (Allocation Failure) 26M->10M(60M) 0.425ms
[8.220s][info][gc] GC(943) Pause Young (Allocation Failure) 26M->9M(60M) 0.443ms
[8.224s][info][gc] GC(944) Pause Young (Allocation Failure) 26M->9M(60M) 0.452ms
[8.230s][info][gc] GC(945) Pause Young (Allocation Failure) 26M->9M(60M) 0.490ms
[8.233s][info][gc] GC(946) Pause Young (Allocation Failure) 26M->10M(60M) 0.427ms
Completing query batches: 65%[8.237s][info][gc] GC(947) Pause Young (Allocation Failure) 26M->10M(60M) 0.449ms
[8.240s][info][gc] GC(948) Pause Young (Allocation Failure) 26M->10M(60M) 0.497ms
[8.243s][info][gc] GC(949) Pause Young (Allocation Failure) 26M->10M(60M) 0.427ms
[8.246s][info][gc] GC(950) Pause Young (Allocation Failure) 26M->9M(60M) 0.475ms
[8.250s][info][gc] GC(951) Pause Young (Allocation Failure) 26M->10M(60M) 0.580ms
[8.253s][info][gc] GC(952) Pause Young (Allocation Failure) 26M->9M(60M) 0.447ms
[8.257s][info][gc] GC(953) Pause Young (Allocation Failure) 26M->9M(60M) 0.478ms
[8.260s][info][gc] GC(954) Pause Young (Allocation Failure) 26M->9M(60M) 0.476ms
[8.264s][info][gc] GC(955) Pause Young (Allocation Failure) 26M->10M(60M) 0.451ms
[8.268s][info][gc] GC(956) Pause Young (Allocation Failure) 26M->10M(60M) 0.426ms
[8.272s][info][gc] GC(957) Pause Young (Allocation Failure) 26M->10M(60M) 0.424ms
[8.276s][info][gc] GC(958) Pause Young (Allocation Failure) 26M->10M(60M) 0.472ms
[8.281s][info][gc] GC(959) Pause Young (Allocation Failure) 26M->9M(60M) 0.458ms
[8.285s][info][gc] GC(960) Pause Young (Allocation Failure) 26M->10M(60M) 0.559ms
[8.290s][info][gc] GC(961) Pause Young (Allocation Failure) 26M->10M(60M) 0.449ms
[8.294s][info][gc] GC(962) Pause Young (Allocation Failure) 26M->9M(60M) 0.432ms
[8.299s][info][gc] GC(963) Pause Young (Allocation Failure) 26M->9M(60M) 0.481ms
[8.303s][info][gc] GC(964) Pause Young (Allocation Failure) 26M->9M(60M) 0.494ms
[8.306s][info][gc] GC(965) Pause Young (Allocation Failure) 26M->10M(60M) 0.598ms
[8.309s][info][gc] GC(966) Pause Young (Allocation Failure) 26M->10M(60M) 0.438ms
[8.312s][info][gc] GC(967) Pause Young (Allocation Failure) 26M->10M(60M) 0.425ms
[8.315s][info][gc] GC(968) Pause Young (Allocation Failure) 26M->10M(60M) 0.437ms
[8.323s][info][gc] GC(969) Pause Young (Allocation Failure) 26M->9M(60M) 0.457ms
[8.328s][info][gc] GC(970) Pause Young (Allocation Failure) 26M->10M(60M) 0.483ms
[8.331s][info][gc] GC(971) Pause Young (Allocation Failure) 26M->10M(60M) 0.376ms
[8.334s][info][gc] GC(972) Pause Young (Allocation Failure) 26M->10M(60M) 0.420ms
[8.338s][info][gc] GC(973) Pause Young (Allocation Failure) 26M->10M(60M) 0.660ms
[8.342s][info][gc] GC(974) Pause Young (Allocation Failure) 26M->9M(60M) 0.625ms
[8.350s][info][gc] GC(975) Pause Young (Allocation Failure) 26M->9M(60M) 0.783ms
[8.354s][info][gc] GC(976) Pause Young (Allocation Failure) 26M->10M(60M) 0.472ms
[8.359s][info][gc] GC(977) Pause Young (Allocation Failure) 26M->9M(60M) 0.422ms
[8.362s][info][gc] GC(978) Pause Young (Allocation Failure) 26M->10M(60M) 0.653ms
[8.365s][info][gc] GC(979) Pause Young (Allocation Failure) 26M->9M(60M) 0.444ms
[8.369s][info][gc] GC(980) Pause Young (Allocation Failure) 26M->10M(60M) 0.483ms
[8.373s][info][gc] GC(981) Pause Young (Allocation Failure) 26M->9M(60M) 0.479ms
[8.379s][info][gc] GC(982) Pause Young (Allocation Failure) 26M->9M(60M) 0.486ms
[8.382s][info][gc] GC(983) Pause Young (Allocation Failure) 26M->9M(60M) 0.666ms
[8.387s][info][gc] GC(984) Pause Young (Allocation Failure) 26M->10M(60M) 0.570ms
[8.390s][info][gc] GC(985) Pause Young (Allocation Failure) 26M->10M(60M) 0.705ms
[8.394s][info][gc] GC(986) Pause Young (Allocation Failure) 26M->10M(60M) 0.619ms
[8.397s][info][gc] GC(987) Pause Young (Allocation Failure) 26M->9M(60M) 0.580ms
[8.406s][info][gc] GC(988) Pause Young (Allocation Failure) 26M->9M(60M) 0.602ms
[8.409s][info][gc] GC(989) Pause Young (Allocation Failure) 26M->9M(60M) 0.491ms
[8.414s][info][gc] GC(990) Pause Young (Allocation Failure) 26M->10M(60M) 0.590ms
[8.418s][info][gc] GC(991) Pause Young (Allocation Failure) 26M->10M(60M) 0.585ms
[8.422s][info][gc] GC(992) Pause Young (Allocation Failure) 26M->10M(60M) 0.615ms
[8.425s][info][gc] GC(993) Pause Young (Allocation Failure) 26M->9M(60M) 0.613ms
[8.430s][info][gc] GC(994) Pause Young (Allocation Failure) 26M->9M(60M) 0.444ms
[8.434s][info][gc] GC(995) Pause Young (Allocation Failure) 26M->9M(60M) 0.661ms
[8.437s][info][gc] GC(996) Pause Young (Allocation Failure) 26M->10M(60M) 0.555ms
[8.441s][info][gc] GC(997) Pause Young (Allocation Failure) 26M->9M(60M) 0.599ms
[8.447s][info][gc] GC(998) Pause Young (Allocation Failure) 26M->10M(60M) 0.567ms
[8.451s][info][gc] GC(999) Pause Young (Allocation Failure) 26M->10M(60M) 0.394ms
[8.454s][info][gc] GC(1000) Pause Young (Allocation Failure) 26M->10M(60M) 0.412ms
[8.463s][info][gc] GC(1001) Pause Young (Allocation Failure) 26M->9M(60M) 0.500ms
[8.468s][info][gc] GC(1002) Pause Young (Allocation Failure) 26M->9M(60M) 0.487ms
[8.471s][info][gc] GC(1003) Pause Young (Allocation Failure) 26M->10M(60M) 0.477ms
[8.475s][info][gc] GC(1004) Pause Young (Allocation Failure) 26M->10M(60M) 0.451ms
[8.478s][info][gc] GC(1005) Pause Young (Allocation Failure) 26M->9M(60M) 0.457ms
[8.482s][info][gc] GC(1006) Pause Young (Allocation Failure) 26M->10M(60M) 0.731ms
[8.486s][info][gc] GC(1007) Pause Young (Allocation Failure) 26M->9M(60M) 0.482ms
[8.491s][info][gc] GC(1008) Pause Young (Allocation Failure) 26M->9M(60M) 0.529ms
[8.495s][info][gc] GC(1009) Pause Young (Allocation Failure) 26M->10M(60M) 0.428ms
[8.498s][info][gc] GC(1010) Pause Young (Allocation Failure) 26M->9M(60M) 0.476ms
[8.501s][info][gc] GC(1011) Pause Young (Allocation Failure) 26M->9M(60M) 0.502ms
[8.505s][info][gc] GC(1012) Pause Young (Allocation Failure) 26M->10M(60M) 0.687ms
[8.508s][info][gc] GC(1013) Pause Young (Allocation Failure) 26M->10M(60M) 0.545ms
[8.512s][info][gc] GC(1014) Pause Young (Allocation Failure) 26M->10M(60M) 0.505ms
[8.517s][info][gc] GC(1015) Pause Young (Allocation Failure) 26M->10M(60M) 0.619ms
[8.520s][info][gc] GC(1016) Pause Young (Allocation Failure) 26M->9M(60M) 0.485ms
[8.525s][info][gc] GC(1017) Pause Young (Allocation Failure) 26M->9M(60M) 0.447ms
[8.528s][info][gc] GC(1018) Pause Young (Allocation Failure) 26M->10M(60M) 0.457ms
[8.531s][info][gc] GC(1019) Pause Young (Allocation Failure) 26M->9M(60M) 0.438ms
Completing query batches: 70%[8.535s][info][gc] GC(1020) Pause Young (Allocation Failure) 26M->9M(60M) 0.442ms
[8.538s][info][gc] GC(1021) Pause Young (Allocation Failure) 26M->9M(60M) 0.728ms
[8.542s][info][gc] GC(1022) Pause Young (Allocation Failure) 26M->9M(60M) 0.462ms
[8.545s][info][gc] GC(1023) Pause Young (Allocation Failure) 26M->10M(60M) 0.453ms
[8.548s][info][gc] GC(1024) Pause Young (Allocation Failure) 26M->10M(60M) 0.465ms
[8.551s][info][gc] GC(1025) Pause Young (Allocation Failure) 26M->9M(60M) 0.454ms
[8.555s][info][gc] GC(1026) Pause Young (Allocation Failure) 26M->10M(60M) 0.438ms
[8.558s][info][gc] GC(1027) Pause Young (Allocation Failure) 26M->10M(60M) 0.443ms
[8.563s][info][gc] GC(1028) Pause Young (Allocation Failure) 26M->9M(60M) 0.441ms
[8.567s][info][gc] GC(1029) Pause Young (Allocation Failure) 26M->9M(60M) 0.460ms
[8.570s][info][gc] GC(1030) Pause Young (Allocation Failure) 26M->10M(60M) 0.694ms
[8.573s][info][gc] GC(1031) Pause Young (Allocation Failure) 26M->10M(60M) 0.437ms
[8.576s][info][gc] GC(1032) Pause Young (Allocation Failure) 26M->10M(60M) 0.474ms
[8.580s][info][gc] GC(1033) Pause Young (Allocation Failure) 26M->10M(60M) 0.458ms
[8.589s][info][gc] GC(1034) Pause Young (Allocation Failure) 26M->9M(60M) 0.611ms
[8.593s][info][gc] GC(1035) Pause Young (Allocation Failure) 26M->9M(60M) 0.525ms
[8.597s][info][gc] GC(1036) Pause Young (Allocation Failure) 26M->9M(60M) 0.487ms
[8.601s][info][gc] GC(1037) Pause Young (Allocation Failure) 26M->9M(60M) 0.532ms
[8.604s][info][gc] GC(1038) Pause Young (Allocation Failure) 26M->10M(60M) 0.449ms
[8.610s][info][gc] GC(1039) Pause Young (Allocation Failure) 26M->9M(60M) 0.634ms
[8.615s][info][gc] GC(1040) Pause Young (Allocation Failure) 26M->9M(60M) 0.641ms
[8.622s][info][gc] GC(1041) Pause Young (Allocation Failure) 26M->10M(60M) 0.633ms
[8.625s][info][gc] GC(1042) Pause Young (Allocation Failure) 26M->10M(60M) 0.402ms
[8.628s][info][gc] GC(1043) Pause Young (Allocation Failure) 26M->10M(60M) 0.449ms
[8.632s][info][gc] GC(1044) Pause Young (Allocation Failure) 26M->10M(60M) 0.539ms
[8.636s][info][gc] GC(1045) Pause Young (Allocation Failure) 26M->9M(60M) 0.455ms
[8.641s][info][gc] GC(1046) Pause Young (Allocation Failure) 26M->9M(60M) 0.669ms
[8.648s][info][gc] GC(1047) Pause Young (Allocation Failure) 26M->9M(60M) 0.562ms
[8.652s][info][gc] GC(1048) Pause Young (Allocation Failure) 26M->9M(60M) 0.447ms
[8.655s][info][gc] GC(1049) Pause Young (Allocation Failure) 26M->10M(60M) 0.423ms
[8.658s][info][gc] GC(1050) Pause Young (Allocation Failure) 26M->10M(60M) 0.525ms
[8.662s][info][gc] GC(1051) Pause Young (Allocation Failure) 26M->9M(60M) 0.795ms
[8.665s][info][gc] GC(1052) Pause Young (Allocation Failure) 26M->10M(60M) 0.609ms
[8.669s][info][gc] GC(1053) Pause Young (Allocation Failure) 26M->10M(60M) 0.576ms
[8.674s][info][gc] GC(1054) Pause Young (Allocation Failure) 26M->9M(60M) 0.604ms
[8.677s][info][gc] GC(1055) Pause Young (Allocation Failure) 26M->10M(60M) 0.470ms
[8.682s][info][gc] GC(1056) Pause Young (Allocation Failure) 26M->9M(60M) 0.502ms
[8.685s][info][gc] GC(1057) Pause Young (Allocation Failure) 26M->10M(60M) 0.577ms
[8.688s][info][gc] GC(1058) Pause Young (Allocation Failure) 26M->10M(60M) 0.494ms
[8.693s][info][gc] GC(1059) Pause Young (Allocation Failure) 26M->10M(60M) 0.435ms
[8.698s][info][gc] GC(1060) Pause Young (Allocation Failure) 26M->9M(60M) 0.410ms
[8.702s][info][gc] GC(1061) Pause Young (Allocation Failure) 26M->9M(60M) 0.790ms
[8.707s][info][gc] GC(1062) Pause Young (Allocation Failure) 26M->9M(60M) 0.456ms
[8.711s][info][gc] GC(1063) Pause Young (Allocation Failure) 26M->9M(60M) 0.396ms
[8.714s][info][gc] GC(1064) Pause Young (Allocation Failure) 26M->10M(60M) 0.415ms
[8.718s][info][gc] GC(1065) Pause Young (Allocation Failure) 26M->10M(60M) 0.432ms
[8.722s][info][gc] GC(1066) Pause Young (Allocation Failure) 26M->9M(60M) 0.651ms
[8.725s][info][gc] GC(1067) Pause Young (Allocation Failure) 26M->10M(60M) 0.460ms
[8.728s][info][gc] GC(1068) Pause Young (Allocation Failure) 26M->9M(60M) 0.478ms
[8.735s][info][gc] GC(1069) Pause Young (Allocation Failure) 26M->9M(60M) 0.583ms
[8.739s][info][gc] GC(1070) Pause Young (Allocation Failure) 26M->10M(60M) 0.519ms
[8.742s][info][gc] GC(1071) Pause Young (Allocation Failure) 26M->10M(60M) 0.535ms
[8.746s][info][gc] GC(1072) Pause Young (Allocation Failure) 26M->10M(60M) 0.672ms
[8.749s][info][gc] GC(1073) Pause Young (Allocation Failure) 26M->10M(60M) 0.458ms
[8.752s][info][gc] GC(1074) Pause Young (Allocation Failure) 26M->10M(60M) 0.558ms
[8.757s][info][gc] GC(1075) Pause Young (Allocation Failure) 26M->9M(60M) 0.475ms
[8.761s][info][gc] GC(1076) Pause Young (Allocation Failure) 26M->9M(60M) 0.471ms
[8.766s][info][gc] GC(1077) Pause Young (Allocation Failure) 26M->9M(60M) 0.564ms
[8.770s][info][gc] GC(1078) Pause Young (Allocation Failure) 26M->10M(60M) 0.450ms
[8.776s][info][gc] GC(1079) Pause Young (Allocation Failure) 26M->10M(60M) 0.489ms
[8.779s][info][gc] GC(1080) Pause Young (Allocation Failure) 26M->9M(60M) 0.456ms
[8.782s][info][gc] GC(1081) Pause Young (Allocation Failure) 26M->9M(60M) 0.410ms
[8.786s][info][gc] GC(1082) Pause Young (Allocation Failure) 26M->10M(60M) 0.505ms
[8.791s][info][gc] GC(1083) Pause Young (Allocation Failure) 26M->9M(60M) 0.505ms
[8.795s][info][gc] GC(1084) Pause Young (Allocation Failure) 26M->10M(60M) 0.530ms
[8.798s][info][gc] GC(1085) Pause Young (Allocation Failure) 26M->9M(60M) 0.598ms
[8.802s][info][gc] GC(1086) Pause Young (Allocation Failure) 26M->10M(60M) 0.840ms
[8.805s][info][gc] GC(1087) Pause Young (Allocation Failure) 26M->10M(60M) 0.451ms
[8.809s][info][gc] GC(1088) Pause Young (Allocation Failure) 26M->9M(60M) 0.630ms
[8.813s][info][gc] GC(1089) Pause Young (Allocation Failure) 26M->9M(60M) 0.468ms
[8.816s][info][gc] GC(1090) Pause Young (Allocation Failure) 26M->10M(60M) 0.466ms
Completing query batches: 75%[8.820s][info][gc] GC(1091) Pause Young (Allocation Failure) 26M->10M(60M) 0.448ms
[8.827s][info][gc] GC(1092) Pause Young (Allocation Failure) 26M->10M(60M) 0.452ms
[8.832s][info][gc] GC(1093) Pause Young (Allocation Failure) 26M->9M(60M) 0.673ms
[8.836s][info][gc] GC(1094) Pause Young (Allocation Failure) 26M->10M(60M) 0.476ms
[8.839s][info][gc] GC(1095) Pause Young (Allocation Failure) 26M->10M(60M) 0.430ms
[8.844s][info][gc] GC(1096) Pause Young (Allocation Failure) 26M->10M(60M) 0.414ms
[8.847s][info][gc] GC(1097) Pause Young (Allocation Failure) 26M->10M(60M) 0.417ms
[8.849s][info][gc] GC(1098) Pause Young (Allocation Failure) 26M->10M(60M) 0.471ms
[8.853s][info][gc] GC(1099) Pause Young (Allocation Failure) 26M->10M(60M) 0.465ms
[8.858s][info][gc] GC(1100) Pause Young (Allocation Failure) 26M->10M(60M) 0.535ms
[8.861s][info][gc] GC(1101) Pause Young (Allocation Failure) 26M->10M(60M) 0.480ms
[8.866s][info][gc] GC(1102) Pause Young (Allocation Failure) 26M->9M(60M) 0.489ms
[8.870s][info][gc] GC(1103) Pause Young (Allocation Failure) 26M->10M(60M) 0.686ms
[8.873s][info][gc] GC(1104) Pause Young (Allocation Failure) 26M->9M(60M) 0.619ms
[8.880s][info][gc] GC(1105) Pause Young (Allocation Failure) 26M->9M(60M) 0.432ms
[8.883s][info][gc] GC(1106) Pause Young (Allocation Failure) 26M->10M(60M) 0.474ms
[8.889s][info][gc] GC(1107) Pause Young (Allocation Failure) 26M->9M(60M) 0.484ms
[8.892s][info][gc] GC(1108) Pause Young (Allocation Failure) 26M->9M(60M) 0.506ms
[8.896s][info][gc] GC(1109) Pause Young (Allocation Failure) 26M->10M(60M) 0.542ms
[8.901s][info][gc] GC(1110) Pause Young (Allocation Failure) 26M->9M(60M) 0.522ms
[8.904s][info][gc] GC(1111) Pause Young (Allocation Failure) 26M->10M(60M) 0.499ms
[8.907s][info][gc] GC(1112) Pause Young (Allocation Failure) 26M->10M(60M) 0.408ms
[8.910s][info][gc] GC(1113) Pause Young (Allocation Failure) 26M->9M(60M) 0.403ms
[8.913s][info][gc] GC(1114) Pause Young (Allocation Failure) 26M->10M(60M) 0.416ms
[8.917s][info][gc] GC(1115) Pause Young (Allocation Failure) 26M->10M(60M) 0.431ms
[8.920s][info][gc] GC(1116) Pause Young (Allocation Failure) 26M->10M(60M) 0.447ms
[8.925s][info][gc] GC(1117) Pause Young (Allocation Failure) 26M->10M(60M) 0.386ms
[8.929s][info][gc] GC(1118) Pause Young (Allocation Failure) 26M->9M(60M) 0.480ms
[8.933s][info][gc] GC(1119) Pause Young (Allocation Failure) 26M->9M(60M) 0.439ms
[8.936s][info][gc] GC(1120) Pause Young (Allocation Failure) 26M->10M(60M) 0.433ms
[8.939s][info][gc] GC(1121) Pause Young (Allocation Failure) 26M->10M(60M) 0.387ms
[8.943s][info][gc] GC(1122) Pause Young (Allocation Failure) 26M->10M(60M) 0.436ms
[8.948s][info][gc] GC(1123) Pause Young (Allocation Failure) 26M->9M(60M) 0.522ms
[8.951s][info][gc] GC(1124) Pause Young (Allocation Failure) 26M->10M(60M) 0.408ms
[8.954s][info][gc] GC(1125) Pause Young (Allocation Failure) 26M->10M(60M) 0.444ms
[8.957s][info][gc] GC(1126) Pause Young (Allocation Failure) 26M->10M(60M) 0.475ms
[8.961s][info][gc] GC(1127) Pause Young (Allocation Failure) 26M->10M(60M) 0.582ms
[8.964s][info][gc] GC(1128) Pause Young (Allocation Failure) 26M->10M(60M) 0.564ms
[8.970s][info][gc] GC(1129) Pause Young (Allocation Failure) 26M->9M(60M) 0.723ms
[8.972s][info][gc] GC(1130) Pause Young (Allocation Failure) 26M->10M(60M) 0.471ms
[8.977s][info][gc] GC(1131) Pause Young (Allocation Failure) 26M->10M(60M) 0.430ms
[8.982s][info][gc] GC(1132) Pause Young (Allocation Failure) 26M->10M(60M) 0.480ms
[8.985s][info][gc] GC(1133) Pause Young (Allocation Failure) 26M->10M(60M) 0.500ms
[8.989s][info][gc] GC(1134) Pause Young (Allocation Failure) 26M->10M(60M) 0.505ms
[8.994s][info][gc] GC(1135) Pause Young (Allocation Failure) 26M->10M(60M) 0.445ms
[8.998s][info][gc] GC(1136) Pause Young (Allocation Failure) 26M->10M(60M) 0.653ms
[9.001s][info][gc] GC(1137) Pause Young (Allocation Failure) 26M->10M(60M) 0.435ms
[9.004s][info][gc] GC(1138) Pause Young (Allocation Failure) 26M->10M(60M) 0.464ms
[9.007s][info][gc] GC(1139) Pause Young (Allocation Failure) 26M->10M(60M) 0.586ms
[9.011s][info][gc] GC(1140) Pause Young (Allocation Failure) 26M->9M(60M) 0.455ms
[9.016s][info][gc] GC(1141) Pause Young (Allocation Failure) 26M->9M(60M) 0.440ms
[9.019s][info][gc] GC(1142) Pause Young (Allocation Failure) 26M->10M(60M) 0.388ms
[9.022s][info][gc] GC(1143) Pause Young (Allocation Failure) 26M->10M(60M) 0.456ms
[9.025s][info][gc] GC(1144) Pause Young (Allocation Failure) 26M->10M(60M) 0.422ms
[9.028s][info][gc] GC(1145) Pause Young (Allocation Failure) 26M->10M(60M) 0.423ms
[9.035s][info][gc] GC(1146) Pause Young (Allocation Failure) 26M->9M(60M) 0.508ms
[9.038s][info][gc] GC(1147) Pause Young (Allocation Failure) 26M->10M(60M) 0.454ms
[9.041s][info][gc] GC(1148) Pause Young (Allocation Failure) 26M->10M(60M) 0.463ms
[9.044s][info][gc] GC(1149) Pause Young (Allocation Failure) 26M->10M(60M) 0.414ms
[9.047s][info][gc] GC(1150) Pause Young (Allocation Failure) 26M->10M(60M) 0.422ms
[9.050s][info][gc] GC(1151) Pause Young (Allocation Failure) 26M->10M(60M) 0.693ms
[9.055s][info][gc] GC(1152) Pause Young (Allocation Failure) 26M->9M(60M) 0.468ms
[9.062s][info][gc] GC(1153) Pause Young (Allocation Failure) 26M->9M(60M) 0.432ms
[9.067s][info][gc] GC(1154) Pause Young (Allocation Failure) 26M->10M(60M) 0.587ms
[9.070s][info][gc] GC(1155) Pause Young (Allocation Failure) 26M->10M(60M) 0.467ms
[9.074s][info][gc] GC(1156) Pause Young (Allocation Failure) 26M->10M(60M) 0.864ms
[9.077s][info][gc] GC(1157) Pause Young (Allocation Failure) 26M->10M(60M) 0.454ms
[9.082s][info][gc] GC(1158) Pause Young (Allocation Failure) 26M->9M(60M) 0.409ms
[9.086s][info][gc] GC(1159) Pause Young (Allocation Failure) 26M->9M(60M) 0.481ms
[9.091s][info][gc] GC(1160) Pause Young (Allocation Failure) 26M->9M(60M) 0.476ms
[9.096s][info][gc] GC(1161) Pause Young (Allocation Failure) 26M->10M(60M) 0.606ms
[9.099s][info][gc] GC(1162) Pause Young (Allocation Failure) 26M->10M(60M) 0.439ms
[9.102s][info][gc] GC(1163) Pause Young (Allocation Failure) 26M->10M(60M) 0.566ms
Completing query batches: 80%[9.109s][info][gc] GC(1164) Pause Young (Allocation Failure) 26M->9M(60M) 0.652ms
[9.113s][info][gc] GC(1165) Pause Young (Allocation Failure) 26M->9M(60M) 0.439ms
[9.118s][info][gc] GC(1166) Pause Young (Allocation Failure) 26M->9M(60M) 0.743ms
[9.120s][info][gc] GC(1167) Pause Young (Allocation Failure) 26M->10M(60M) 0.420ms
[9.124s][info][gc] GC(1168) Pause Young (Allocation Failure) 26M->10M(60M) 0.441ms
[9.127s][info][gc] GC(1169) Pause Young (Allocation Failure) 26M->9M(60M) 0.592ms
[9.131s][info][gc] GC(1170) Pause Young (Allocation Failure) 26M->10M(60M) 0.603ms
[9.136s][info][gc] GC(1171) Pause Young (Allocation Failure) 26M->9M(60M) 0.503ms
[9.139s][info][gc] GC(1172) Pause Young (Allocation Failure) 26M->9M(60M) 0.444ms
[9.143s][info][gc] GC(1173) Pause Young (Allocation Failure) 26M->10M(60M) 0.607ms
[9.147s][info][gc] GC(1174) Pause Young (Allocation Failure) 26M->10M(60M) 0.531ms
[9.151s][info][gc] GC(1175) Pause Young (Allocation Failure) 26M->10M(60M) 0.491ms
[9.155s][info][gc] GC(1176) Pause Young (Allocation Failure) 26M->10M(60M) 0.444ms
[9.159s][info][gc] GC(1177) Pause Young (Allocation Failure) 26M->9M(60M) 0.496ms
[9.162s][info][gc] GC(1178) Pause Young (Allocation Failure) 26M->9M(60M) 0.558ms
[9.165s][info][gc] GC(1179) Pause Young (Allocation Failure) 26M->9M(60M) 0.502ms
[9.170s][info][gc] GC(1180) Pause Young (Allocation Failure) 26M->9M(60M) 0.462ms
[9.175s][info][gc] GC(1181) Pause Young (Allocation Failure) 26M->10M(60M) 0.425ms
[9.180s][info][gc] GC(1182) Pause Young (Allocation Failure) 26M->9M(60M) 0.611ms
[9.183s][info][gc] GC(1183) Pause Young (Allocation Failure) 26M->10M(60M) 0.521ms
[9.188s][info][gc] GC(1184) Pause Young (Allocation Failure) 26M->9M(60M) 0.514ms
[9.193s][info][gc] GC(1185) Pause Young (Allocation Failure) 26M->9M(60M) 0.562ms
[9.197s][info][gc] GC(1186) Pause Young (Allocation Failure) 26M->10M(60M) 0.442ms
[9.201s][info][gc] GC(1187) Pause Young (Allocation Failure) 26M->10M(60M) 0.475ms
[9.204s][info][gc] GC(1188) Pause Young (Allocation Failure) 26M->10M(60M) 0.450ms
[9.210s][info][gc] GC(1189) Pause Young (Allocation Failure) 26M->9M(60M) 0.621ms
[9.215s][info][gc] GC(1190) Pause Young (Allocation Failure) 26M->9M(60M) 0.621ms
[9.221s][info][gc] GC(1191) Pause Young (Allocation Failure) 26M->9M(60M) 0.501ms
[9.229s][info][gc] GC(1192) Pause Young (Allocation Failure) 26M->9M(60M) 0.686ms
[9.233s][info][gc] GC(1193) Pause Young (Allocation Failure) 26M->10M(60M) 0.661ms
[9.236s][info][gc] GC(1194) Pause Young (Allocation Failure) 26M->9M(60M) 0.496ms
[9.240s][info][gc] GC(1195) Pause Young (Allocation Failure) 26M->10M(60M) 0.538ms
[9.244s][info][gc] GC(1196) Pause Young (Allocation Failure) 26M->9M(60M) 0.617ms
[9.251s][info][gc] GC(1197) Pause Young (Allocation Failure) 26M->9M(60M) 0.622ms
[9.256s][info][gc] GC(1198) Pause Young (Allocation Failure) 26M->9M(60M) 0.473ms
[9.262s][info][gc] GC(1199) Pause Young (Allocation Failure) 26M->9M(60M) 0.463ms
[9.268s][info][gc] GC(1200) Pause Young (Allocation Failure) 26M->10M(60M) 0.489ms
[9.271s][info][gc] GC(1201) Pause Young (Allocation Failure) 26M->10M(60M) 0.515ms
[9.274s][info][gc] GC(1202) Pause Young (Allocation Failure) 26M->10M(60M) 0.440ms
[9.280s][info][gc] GC(1203) Pause Young (Allocation Failure) 26M->10M(60M) 0.519ms
[9.289s][info][gc] GC(1204) Pause Young (Allocation Failure) 26M->10M(60M) 0.679ms
[9.293s][info][gc] GC(1205) Pause Young (Allocation Failure) 26M->10M(60M) 0.481ms
[9.296s][info][gc] GC(1206) Pause Young (Allocation Failure) 26M->10M(60M) 0.669ms
[9.300s][info][gc] GC(1207) Pause Young (Allocation Failure) 26M->10M(60M) 0.501ms
[9.304s][info][gc] GC(1208) Pause Young (Allocation Failure) 26M->10M(60M) 0.503ms
[9.307s][info][gc] GC(1209) Pause Young (Allocation Failure) 26M->9M(60M) 0.561ms
[9.311s][info][gc] GC(1210) Pause Young (Allocation Failure) 26M->10M(60M) 0.442ms
[9.315s][info][gc] GC(1211) Pause Young (Allocation Failure) 26M->10M(60M) 0.521ms
[9.318s][info][gc] GC(1212) Pause Young (Allocation Failure) 26M->10M(60M) 0.423ms
[9.322s][info][gc] GC(1213) Pause Young (Allocation Failure) 26M->10M(60M) 0.888ms
[9.327s][info][gc] GC(1214) Pause Young (Allocation Failure) 26M->9M(60M) 0.571ms
[9.333s][info][gc] GC(1215) Pause Young (Allocation Failure) 26M->9M(60M) 0.514ms
[9.336s][info][gc] GC(1216) Pause Young (Allocation Failure) 26M->10M(60M) 0.479ms
[9.340s][info][gc] GC(1217) Pause Young (Allocation Failure) 26M->10M(60M) 0.623ms
[9.343s][info][gc] GC(1218) Pause Young (Allocation Failure) 26M->9M(60M) 0.477ms
[9.346s][info][gc] GC(1219) Pause Young (Allocation Failure) 26M->10M(60M) 0.859ms
[9.352s][info][gc] GC(1220) Pause Young (Allocation Failure) 26M->9M(60M) 0.494ms
[9.358s][info][gc] GC(1221) Pause Young (Allocation Failure) 26M->10M(60M) 0.765ms
[9.361s][info][gc] GC(1222) Pause Young (Allocation Failure) 26M->10M(60M) 0.469ms
[9.365s][info][gc] GC(1223) Pause Young (Allocation Failure) 26M->9M(60M) 0.587ms
[9.370s][info][gc] GC(1224) Pause Young (Allocation Failure) 26M->10M(60M) 0.430ms
[9.373s][info][gc] GC(1225) Pause Young (Allocation Failure) 26M->10M(60M) 0.453ms
[9.377s][info][gc] GC(1226) Pause Young (Allocation Failure) 26M->9M(60M) 0.552ms
[9.381s][info][gc] GC(1227) Pause Young (Allocation Failure) 26M->9M(60M) 0.520ms
[9.386s][info][gc] GC(1228) Pause Young (Allocation Failure) 26M->10M(60M) 0.511ms
[9.391s][info][gc] GC(1229) Pause Young (Allocation Failure) 26M->9M(60M) 0.419ms
[9.395s][info][gc] GC(1230) Pause Young (Allocation Failure) 26M->9M(60M) 0.512ms
[9.398s][info][gc] GC(1231) Pause Young (Allocation Failure) 26M->10M(60M) 0.590ms
[9.403s][info][gc] GC(1232) Pause Young (Allocation Failure) 26M->9M(60M) 0.490ms
[9.407s][info][gc] GC(1233) Pause Young (Allocation Failure) 26M->10M(60M) 0.499ms
[9.412s][info][gc] GC(1234) Pause Young (Allocation Failure) 26M->10M(60M) 0.583ms
Co[9.415s][info][gc] GC(1235) Pause Young (Allocation Failure) 26M->9M(60M) 0.485ms
mpleting query batches: 85%[9.420s][info][gc] GC(1236) Pause Young (Allocation Failure) 26M->9M(60M) 0.540ms
[9.424s][info][gc] GC(1237) Pause Young (Allocation Failure) 26M->10M(60M) 0.477ms
[9.427s][info][gc] GC(1238) Pause Young (Allocation Failure) 26M->10M(60M) 0.509ms
[9.433s][info][gc] GC(1239) Pause Young (Allocation Failure) 26M->9M(60M) 0.552ms
[9.438s][info][gc] GC(1240) Pause Young (Allocation Failure) 26M->10M(60M) 0.696ms
[9.442s][info][gc] GC(1241) Pause Young (Allocation Failure) 26M->10M(60M) 0.475ms
[9.448s][info][gc] GC(1242) Pause Young (Allocation Failure) 26M->9M(60M) 0.479ms
[9.451s][info][gc] GC(1243) Pause Young (Allocation Failure) 26M->10M(60M) 0.486ms
[9.455s][info][gc] GC(1244) Pause Young (Allocation Failure) 26M->9M(60M) 0.449ms
[9.458s][info][gc] GC(1245) Pause Young (Allocation Failure) 26M->10M(60M) 0.729ms
[9.461s][info][gc] GC(1246) Pause Young (Allocation Failure) 26M->9M(60M) 0.492ms
[9.467s][info][gc] GC(1247) Pause Young (Allocation Failure) 26M->9M(60M) 0.515ms
[9.470s][info][gc] GC(1248) Pause Young (Allocation Failure) 26M->10M(60M) 0.707ms
[9.473s][info][gc] GC(1249) Pause Young (Allocation Failure) 26M->10M(60M) 0.488ms
[9.479s][info][gc] GC(1250) Pause Young (Allocation Failure) 26M->10M(60M) 0.469ms
[9.483s][info][gc] GC(1251) Pause Young (Allocation Failure) 26M->10M(60M) 0.544ms
[9.492s][info][gc] GC(1252) Pause Young (GCLocker Initiated GC) 26M->9M(60M) 0.522ms
[9.496s][info][gc] GC(1253) Pause Young (Allocation Failure) 26M->10M(60M) 0.391ms
[9.499s][info][gc] GC(1254) Pause Young (Allocation Failure) 26M->10M(60M) 0.440ms
[9.502s][info][gc] GC(1255) Pause Young (Allocation Failure) 26M->10M(60M) 0.449ms
[9.506s][info][gc] GC(1256) Pause Young (Allocation Failure) 26M->9M(60M) 0.732ms
[9.514s][info][gc] GC(1257) Pause Young (Allocation Failure) 26M->10M(60M) 0.661ms
[9.518s][info][gc] GC(1258) Pause Young (Allocation Failure) 26M->9M(60M) 0.474ms
[9.521s][info][gc] GC(1259) Pause Young (Allocation Failure) 26M->10M(60M) 0.452ms
[9.525s][info][gc] GC(1260) Pause Young (Allocation Failure) 26M->9M(60M) 0.490ms
[9.528s][info][gc] GC(1261) Pause Young (Allocation Failure) 26M->10M(60M) 0.473ms
[9.531s][info][gc] GC(1262) Pause Young (Allocation Failure) 26M->10M(60M) 0.463ms
[9.535s][info][gc] GC(1263) Pause Young (Allocation Failure) 26M->9M(60M) 0.501ms
[9.539s][info][gc] GC(1264) Pause Young (Allocation Failure) 26M->9M(60M) 0.461ms
[9.542s][info][gc] GC(1265) Pause Young (Allocation Failure) 26M->10M(60M) 0.597ms
[9.545s][info][gc] GC(1266) Pause Young (Allocation Failure) 26M->10M(60M) 0.484ms
[9.549s][info][gc] GC(1267) Pause Young (Allocation Failure) 26M->10M(60M) 0.480ms
[9.552s][info][gc] GC(1268) Pause Young (Allocation Failure) 26M->9M(60M) 0.450ms
[9.557s][info][gc] GC(1269) Pause Young (Allocation Failure) 26M->9M(60M) 0.473ms
[9.561s][info][gc] GC(1270) Pause Young (Allocation Failure) 26M->9M(60M) 0.506ms
[9.564s][info][gc] GC(1271) Pause Young (Allocation Failure) 26M->10M(60M) 0.511ms
[9.570s][info][gc] GC(1272) Pause Young (Allocation Failure) 26M->10M(60M) 0.790ms
[9.573s][info][gc] GC(1273) Pause Young (Allocation Failure) 26M->10M(60M) 0.509ms
[9.576s][info][gc] GC(1274) Pause Young (Allocation Failure) 26M->10M(60M) 0.542ms
[9.579s][info][gc] GC(1275) Pause Young (Allocation Failure) 26M->10M(60M) 0.444ms
[9.585s][info][gc] GC(1276) Pause Young (Allocation Failure) 26M->9M(60M) 0.663ms
[9.588s][info][gc] GC(1277) Pause Young (Allocation Failure) 26M->10M(60M) 0.599ms
[9.592s][info][gc] GC(1278) Pause Young (Allocation Failure) 26M->10M(60M) 0.451ms
[9.596s][info][gc] GC(1279) Pause Young (Allocation Failure) 26M->10M(60M) 0.596ms
[9.599s][info][gc] GC(1280) Pause Young (Allocation Failure) 26M->10M(60M) 0.430ms
[9.603s][info][gc] GC(1281) Pause Young (Allocation Failure) 26M->9M(60M) 0.548ms
[9.607s][info][gc] GC(1282) Pause Young (Allocation Failure) 26M->9M(60M) 0.475ms
[9.614s][info][gc] GC(1283) Pause Young (Allocation Failure) 26M->10M(60M) 0.601ms
[9.617s][info][gc] GC(1284) Pause Young (Allocation Failure) 26M->10M(60M) 0.634ms
[9.620s][info][gc] GC(1285) Pause Young (Allocation Failure) 26M->10M(60M) 0.451ms
[9.624s][info][gc] GC(1286) Pause Young (Allocation Failure) 26M->10M(60M) 0.483ms
[9.627s][info][gc] GC(1287) Pause Young (Allocation Failure) 26M->10M(60M) 0.439ms
[9.631s][info][gc] GC(1288) Pause Young (Allocation Failure) 26M->9M(60M) 0.587ms
[9.638s][info][gc] GC(1289) Pause Young (Allocation Failure) 26M->9M(60M) 0.549ms
[9.643s][info][gc] GC(1290) Pause Young (Allocation Failure) 26M->9M(60M) 0.457ms
[9.647s][info][gc] GC(1291) Pause Young (Allocation Failure) 26M->10M(60M) 0.481ms
[9.650s][info][gc] GC(1292) Pause Young (Allocation Failure) 26M->10M(60M) 0.463ms
[9.653s][info][gc] GC(1293) Pause Young (Allocation Failure) 26M->10M(60M) 0.522ms
[9.659s][info][gc] GC(1294) Pause Young (Allocation Failure) 26M->9M(60M) 0.545ms
[9.667s][info][gc] GC(1295) Pause Young (Allocation Failure) 26M->9M(60M) 0.581ms
[9.672s][info][gc] GC(1296) Pause Young (Allocation Failure) 26M->10M(60M) 0.506ms
[9.675s][info][gc] GC(1297) Pause Young (Allocation Failure) 26M->10M(60M) 0.500ms
[9.678s][info][gc] GC(1298) Pause Young (Allocation Failure) 26M->10M(60M) 0.458ms
[9.681s][info][gc] GC(1299) Pause Young (Allocation Failure) 26M->10M(60M) 0.464ms
[9.687s][info][gc] GC(1300) Pause Young (Allocation Failure) 26M->9M(60M) 0.529ms
[9.699s][info][gc] GC(1301) Pause Young (Allocation Failure) 26M->9M(60M) 0.557ms
[9.702s][info][gc] GC(1302) Pause Young (Allocation Failure) 26M->9M(60M) 0.493ms
[9.705s][info][gc] GC(1303) Pause Young (Allocation Failure) 26M->10M(60M) 0.483ms
[9.709s][info][gc] GC(1304) Pause Young (Allocation Failure) 26M->10M(60M) 0.500ms
[9.714s][info][gc] GC(1305) Pause Young (Allocation Failure) 26M->10M(60M) 0.546ms
[9.717s][info][gc] GC(1306) Pause Young (Allocation Failure) 26M->10M(60M) 0.458ms
Completing query batches: 90%[9.726s][info][gc] GC(1307) Pause Young (Allocation Failure) 26M->9M(60M) 0.687ms
[9.729s][info][gc] GC(1308) Pause Young (Allocation Failure) 26M->10M(60M) 0.482ms
[9.732s][info][gc] GC(1309) Pause Young (Allocation Failure) 26M->10M(60M) 0.520ms
[9.735s][info][gc] GC(1310) Pause Young (Allocation Failure) 26M->10M(60M) 0.402ms
[9.738s][info][gc] GC(1311) Pause Young (Allocation Failure) 26M->10M(60M) 0.462ms
[9.744s][info][gc] GC(1312) Pause Young (Allocation Failure) 26M->9M(60M) 0.549ms
[9.749s][info][gc] GC(1313) Pause Young (Allocation Failure) 26M->9M(60M) 0.446ms
[9.754s][info][gc] GC(1314) Pause Young (Allocation Failure) 26M->10M(60M) 0.464ms
[9.757s][info][gc] GC(1315) Pause Young (Allocation Failure) 26M->10M(60M) 0.422ms
[9.762s][info][gc] GC(1316) Pause Young (Allocation Failure) 26M->10M(60M) 0.428ms
[9.767s][info][gc] GC(1317) Pause Young (Allocation Failure) 26M->9M(60M) 0.459ms
[9.776s][info][gc] GC(1318) Pause Young (Allocation Failure) 26M->9M(60M) 0.581ms
[9.779s][info][gc] GC(1319) Pause Young (Allocation Failure) 26M->9M(60M) 0.465ms
[9.782s][info][gc] GC(1320) Pause Young (Allocation Failure) 26M->9M(60M) 0.546ms
[9.785s][info][gc] GC(1321) Pause Young (Allocation Failure) 26M->9M(60M) 0.512ms
[9.788s][info][gc] GC(1322) Pause Young (Allocation Failure) 26M->10M(60M) 0.453ms
[9.796s][info][gc] GC(1323) Pause Young (Allocation Failure) 26M->9M(60M) 0.514ms
[9.801s][info][gc] GC(1324) Pause Young (Allocation Failure) 26M->10M(60M) 0.424ms
[9.804s][info][gc] GC(1325) Pause Young (Allocation Failure) 26M->10M(60M) 0.457ms
[9.807s][info][gc] GC(1326) Pause Young (Allocation Failure) 26M->10M(60M) 0.473ms
[9.811s][info][gc] GC(1327) Pause Young (Allocation Failure) 26M->10M(60M) 0.475ms
[9.815s][info][gc] GC(1328) Pause Young (Allocation Failure) 26M->10M(60M) 0.519ms
[9.819s][info][gc] GC(1329) Pause Young (Allocation Failure) 26M->10M(60M) 0.434ms
[9.823s][info][gc] GC(1330) Pause Young (Allocation Failure) 26M->9M(60M) 0.435ms
[9.828s][info][gc] GC(1331) Pause Young (Allocation Failure) 26M->10M(60M) 0.436ms
[9.831s][info][gc] GC(1332) Pause Young (Allocation Failure) 26M->10M(60M) 0.401ms
[9.834s][info][gc] GC(1333) Pause Young (Allocation Failure) 26M->10M(60M) 0.602ms
[9.837s][info][gc] GC(1334) Pause Young (Allocation Failure) 26M->9M(60M) 0.493ms
[9.841s][info][gc] GC(1335) Pause Young (Allocation Failure) 26M->9M(60M) 0.410ms
[9.844s][info][gc] GC(1336) Pause Young (Allocation Failure) 26M->9M(60M) 0.395ms
[9.849s][info][gc] GC(1337) Pause Young (Allocation Failure) 26M->10M(60M) 0.496ms
[9.852s][info][gc] GC(1338) Pause Young (Allocation Failure) 26M->10M(60M) 0.474ms
[9.855s][info][gc] GC(1339) Pause Young (Allocation Failure) 26M->10M(60M) 0.394ms
[9.858s][info][gc] GC(1340) Pause Young (Allocation Failure) 26M->9M(60M) 0.438ms
[9.867s][info][gc] GC(1341) Pause Young (Allocation Failure) 26M->9M(60M) 0.493ms
[9.871s][info][gc] GC(1342) Pause Young (Allocation Failure) 26M->9M(60M) 0.507ms
[9.874s][info][gc] GC(1343) Pause Young (Allocation Failure) 26M->10M(60M) 0.420ms
[9.877s][info][gc] GC(1344) Pause Young (Allocation Failure) 26M->10M(60M) 0.428ms
[9.880s][info][gc] GC(1345) Pause Young (Allocation Failure) 26M->10M(60M) 0.426ms
[9.883s][info][gc] GC(1346) Pause Young (Allocation Failure) 26M->10M(60M) 0.406ms
[9.891s][info][gc] GC(1347) Pause Young (Allocation Failure) 26M->9M(60M) 0.408ms
[9.900s][info][gc] GC(1348) Pause Young (Allocation Failure) 26M->10M(60M) 0.462ms
[9.903s][info][gc] GC(1349) Pause Young (Allocation Failure) 26M->9M(60M) 0.413ms
[9.907s][info][gc] GC(1350) Pause Young (Allocation Failure) 26M->10M(60M) 0.420ms
[9.910s][info][gc] GC(1351) Pause Young (Allocation Failure) 26M->10M(60M) 0.412ms
[9.913s][info][gc] GC(1352) Pause Young (Allocation Failure) 26M->10M(60M) 0.382ms
[9.917s][info][gc] GC(1353) Pause Young (Allocation Failure) 26M->10M(60M) 0.539ms
[9.924s][info][gc] GC(1354) Pause Young (Allocation Failure) 26M->9M(60M) 0.446ms
[9.928s][info][gc] GC(1355) Pause Young (Allocation Failure) 26M->10M(60M) 0.449ms
[9.931s][info][gc] GC(1356) Pause Young (Allocation Failure) 26M->10M(60M) 0.432ms
[9.934s][info][gc] GC(1357) Pause Young (Allocation Failure) 26M->10M(60M) 0.471ms
[9.937s][info][gc] GC(1358) Pause Young (Allocation Failure) 26M->9M(60M) 0.392ms
[9.941s][info][gc] GC(1359) Pause Young (Allocation Failure) 26M->10M(60M) 0.514ms
[9.949s][info][gc] GC(1360) Pause Young (Allocation Failure) 26M->9M(60M) 0.463ms
[9.952s][info][gc] GC(1361) Pause Young (Allocation Failure) 26M->10M(60M) 0.441ms
[9.956s][info][gc] GC(1362) Pause Young (Allocation Failure) 26M->10M(60M) 0.443ms
[9.959s][info][gc] GC(1363) Pause Young (Allocation Failure) 26M->10M(60M) 0.455ms
[9.963s][info][gc] GC(1364) Pause Young (Allocation Failure) 26M->9M(60M) 0.426ms
[9.966s][info][gc] GC(1365) Pause Young (Allocation Failure) 26M->10M(60M) 0.811ms
[9.970s][info][gc] GC(1366) Pause Young (Allocation Failure) 26M->9M(60M) 0.618ms
[9.973s][info][gc] GC(1367) Pause Young (Allocation Failure) 26M->10M(60M) 0.491ms
[9.977s][info][gc] GC(1368) Pause Young (Allocation Failure) 26M->10M(60M) 0.461ms
[9.979s][info][gc] GC(1369) Pause Young (Allocation Failure) 26M->10M(60M) 0.427ms
[9.982s][info][gc] GC(1370) Pause Young (Allocation Failure) 26M->10M(60M) 0.428ms
[9.985s][info][gc] GC(1371) Pause Young (Allocation Failure) 26M->10M(60M) 0.435ms
[9.990s][info][gc] GC(1372) Pause Young (Allocation Failure) 26M->10M(60M) 0.677ms
[9.993s][info][gc] GC(1373) Pause Young (Allocation Failure) 26M->10M(60M) 0.500ms
[9.996s][info][gc] GC(1374) Pause Young (Allocation Failure) 26M->10M(60M) 0.445ms
[9.999s][info][gc] GC(1375) Pause Young (Allocation Failure) 26M->10M(60M) 0.429ms
[10.002s][info][gc] GC(1376) Pause Young (Allocation Failure) 26M->9M(60M) 0.424ms
[10.007s][info][gc] GC(1377) Pause Young (Allocation Failure) 26M->10M(60M) 0.491ms
Completing query batches: 95%[10.012s][info][gc] GC(1378) Pause Young (Allocation Failure) 26M->10M(60M) 0.499ms
[10.016s][info][gc] GC(1379) Pause Young (Allocation Failure) 26M->10M(60M) 0.451ms
[10.019s][info][gc] GC(1380) Pause Young (Allocation Failure) 26M->9M(60M) 0.390ms
[10.022s][info][gc] GC(1381) Pause Young (Allocation Failure) 26M->9M(60M) 0.477ms
[10.025s][info][gc] GC(1382) Pause Young (Allocation Failure) 26M->9M(60M) 0.435ms
[10.029s][info][gc] GC(1383) Pause Young (Allocation Failure) 26M->10M(60M) 0.457ms
[10.032s][info][gc] GC(1384) Pause Young (Allocation Failure) 26M->10M(60M) 0.453ms
[10.035s][info][gc] GC(1385) Pause Young (Allocation Failure) 26M->10M(60M) 0.448ms
[10.038s][info][gc] GC(1386) Pause Young (Allocation Failure) 26M->10M(60M) 0.447ms
[10.042s][info][gc] GC(1387) Pause Young (Allocation Failure) 26M->10M(60M) 0.421ms
[10.046s][info][gc] GC(1388) Pause Young (Allocation Failure) 26M->10M(60M) 0.445ms
[10.049s][info][gc] GC(1389) Pause Young (Allocation Failure) 26M->9M(60M) 0.427ms
[10.053s][info][gc] GC(1390) Pause Young (Allocation Failure) 26M->9M(60M) 0.432ms
[10.057s][info][gc] GC(1391) Pause Young (Allocation Failure) 26M->9M(60M) 0.455ms
[10.060s][info][gc] GC(1392) Pause Young (Allocation Failure) 26M->10M(60M) 0.447ms
[10.065s][info][gc] GC(1393) Pause Young (Allocation Failure) 26M->10M(60M) 0.395ms
[10.068s][info][gc] GC(1394) Pause Young (Allocation Failure) 26M->10M(60M) 0.472ms
[10.073s][info][gc] GC(1395) Pause Young (Allocation Failure) 26M->9M(60M) 0.462ms
[10.076s][info][gc] GC(1396) Pause Young (Allocation Failure) 26M->10M(60M) 0.444ms
[10.079s][info][gc] GC(1397) Pause Young (Allocation Failure) 26M->10M(60M) 0.406ms
[10.082s][info][gc] GC(1398) Pause Young (Allocation Failure) 26M->10M(60M) 0.403ms
[10.085s][info][gc] GC(1399) Pause Young (Allocation Failure) 26M->10M(60M) 0.530ms
[10.090s][info][gc] GC(1400) Pause Young (Allocation Failure) 26M->10M(60M) 0.475ms
[10.094s][info][gc] GC(1401) Pause Young (Allocation Failure) 26M->9M(60M) 0.701ms
[10.097s][info][gc] GC(1402) Pause Young (Allocation Failure) 26M->10M(60M) 0.413ms
[10.100s][info][gc] GC(1403) Pause Young (Allocation Failure) 26M->10M(60M) 0.410ms
[10.104s][info][gc] GC(1404) Pause Young (Allocation Failure) 26M->10M(60M) 0.485ms
[10.107s][info][gc] GC(1405) Pause Young (Allocation Failure) 26M->9M(60M) 0.390ms
[10.112s][info][gc] GC(1406) Pause Young (Allocation Failure) 26M->9M(60M) 0.444ms
[10.116s][info][gc] GC(1407) Pause Young (Allocation Failure) 26M->9M(60M) 0.507ms
[10.120s][info][gc] GC(1408) Pause Young (Allocation Failure) 26M->10M(60M) 0.420ms
[10.123s][info][gc] GC(1409) Pause Young (Allocation Failure) 26M->10M(60M) 0.419ms
[10.127s][info][gc] GC(1410) Pause Young (Allocation Failure) 26M->9M(60M) 0.439ms
[10.130s][info][gc] GC(1411) Pause Young (Allocation Failure) 26M->9M(60M) 0.718ms
[10.140s][info][gc] GC(1412) Pause Young (Allocation Failure) 26M->10M(60M) 0.451ms
[10.143s][info][gc] GC(1413) Pause Young (Allocation Failure) 26M->10M(60M) 0.511ms
[10.146s][info][gc] GC(1414) Pause Young (Allocation Failure) 26M->10M(60M) 0.459ms
[10.149s][info][gc] GC(1415) Pause Young (Allocation Failure) 26M->10M(60M) 0.422ms
[10.152s][info][gc] GC(1416) Pause Young (Allocation Failure) 26M->10M(60M) 0.411ms
[10.156s][info][gc] GC(1417) Pause Young (Allocation Failure) 26M->9M(60M) 0.486ms
[10.164s][info][gc] GC(1418) Pause Young (Allocation Failure) 26M->10M(60M) 0.520ms
[10.167s][info][gc] GC(1419) Pause Young (Allocation Failure) 26M->10M(60M) 0.426ms
[10.170s][info][gc] GC(1420) Pause Young (Allocation Failure) 26M->10M(60M) 0.434ms
[10.174s][info][gc] GC(1421) Pause Young (Allocation Failure) 26M->10M(60M) 0.426ms
[10.177s][info][gc] GC(1422) Pause Young (Allocation Failure) 26M->10M(60M) 0.440ms
[10.180s][info][gc] GC(1423) Pause Young (Allocation Failure) 26M->10M(60M) 0.449ms
[10.187s][info][gc] GC(1424) Pause Young (Allocation Failure) 26M->9M(60M) 0.460ms
[10.190s][info][gc] GC(1425) Pause Young (Allocation Failure) 26M->10M(60M) 0.410ms
[10.193s][info][gc] GC(1426) Pause Young (Allocation Failure) 26M->10M(60M) 0.420ms
[10.197s][info][gc] GC(1427) Pause Young (Allocation Failure) 26M->10M(60M) 0.435ms
[10.200s][info][gc] GC(1428) Pause Young (Allocation Failure) 26M->10M(60M) 0.392ms
[10.203s][info][gc] GC(1429) Pause Young (Allocation Failure) 26M->9M(60M) 0.537ms
[10.207s][info][gc] GC(1430) Pause Young (Allocation Failure) 26M->10M(60M) 0.438ms
[10.210s][info][gc] GC(1431) Pause Young (Allocation Failure) 26M->10M(60M) 0.552ms
[10.213s][info][gc] GC(1432) Pause Young (Allocation Failure) 26M->10M(60M) 0.451ms
[10.218s][info][gc] GC(1433) Pause Young (Allocation Failure) 26M->10M(60M) 0.735ms
[10.222s][info][gc] GC(1434) Pause Young (Allocation Failure) 26M->10M(60M) 0.612ms
[10.226s][info][gc] GC(1435) Pause Young (Allocation Failure) 26M->10M(60M) 0.446ms
[10.230s][info][gc] GC(1436) Pause Young (Allocation Failure) 26M->10M(60M) 0.763ms
[10.233s][info][gc] GC(1437) Pause Young (Allocation Failure) 26M->9M(60M) 0.409ms
[10.237s][info][gc] GC(1438) Pause Young (Allocation Failure) 26M->9M(60M) 0.401ms
[10.240s][info][gc] GC(1439) Pause Young (Allocation Failure) 26M->9M(60M) 0.509ms
[10.245s][info][gc] GC(1440) Pause Young (Allocation Failure) 26M->9M(60M) 0.446ms
[10.249s][info][gc] GC(1441) Pause Young (Allocation Failure) 26M->9M(60M) 0.437ms
[10.252s][info][gc] GC(1442) Pause Young (Allocation Failure) 26M->9M(60M) 0.460ms
[10.256s][info][gc] GC(1443) Pause Young (Allocation Failure) 26M->9M(60M) 0.408ms
[10.261s][info][gc] GC(1444) Pause Young (Allocation Failure) 26M->9M(60M) 0.432ms
[10.266s][info][gc] GC(1445) Pause Young (Allocation Failure) 26M->9M(60M) 0.604ms
[10.271s][info][gc] GC(1446) Pause Young (Allocation Failure) 26M->9M(60M) 0.423ms
[10.277s][info][gc] GC(1447) Pause Young (Allocation Failure) 26M->9M(60M) 0.380ms
[10.283s][info][gc] GC(1448) Pause Young (Allocation Failure) 26M->9M(60M) 0.512ms
Completing query batches: 100%[10.289s][info][gc] GC(1449) Pause Young (Allocation Failure) 26M->9M(60M) 0.335ms
[10.296s][info][gc] GC(1450) Pause Young (Allocation Failure) 26M->9M(60M) 0.409ms
[10.305s][info][gc] GC(1451) Pause Young (Allocation Failure) 26M->9M(60M) 0.299ms
[10.320s][info][gc] GC(1452) Pause Young (Allocation Failure) 25M->9M(60M) 0.358ms
[10.335s][info][gc] GC(1453) Pause Young (Allocation Failure) 25M->9M(60M) 0.366ms

Completed requests
===== DaCapo 23.11-chopin lusearch PASSED in 7267 msec =====
[10.375s][info][gc] GC(1454) Pause Young (Allocation Failure) 25M->11M(60M) 0.436ms
[10.391s][info][gc] GC(1455) Pause Young (Allocation Failure) 27M->11M(60M) 0.900ms
[10.402s][info][gc] GC(1456) Pause Young (Allocation Failure) 27M->11M(60M) 0.176ms
[10.412s][info][gc] GC(1457) Pause Young (Allocation Failure) 27M->11M(60M) 0.219ms
[10.425s][info][gc] GC(1458) Pause Young (Allocation Failure) 27M->11M(60M) 0.228ms
===== DaCapo simple tail latency: 50% 22 usec, 90% 150 usec, 99% 1427 usec, 99.9% 4966 usec, 99.99% 12685 usec, max 47299 usec, measured over 524288 events =====
[10.559s][info][gc] GC(1459) Pause Young (Allocation Failure) 27M->13M(60M) 0.442ms
[10.584s][info][gc] GC(1460) Pause Young (Allocation Failure) 29M->13M(60M) 0.665ms
===== DaCapo metered tail latency: 50% 521786 usec, 90% 788270 usec, 99% 809330 usec, 99.9% 813460 usec, 99.99% 815117 usec, max 818453 usec, measured over 524288 events =====
runAgain
