[0.008s][info][gc] Using Serial
Class name: org.dacapo.harness.GraphChi
Configurations:
short     ALS matrix factorization with GraphChi.
long      The Netflix Challenge dataset is used to drive the GraphChi engine in its ALS matrix factorization mode.  The input data is pre-sharding (sharding is IO intensive, so is excluded from this workload).
author    null
license   Apache License, Version 2.0
copyright Copyright 2012 Aapo Kyrola, Guy Blelloch, Carlos Guestrin / Carnegie Mellon University
url       https://github.com/GraphChi/graphchi-java
version   graphchi 0.2.2
sizes     default large small
Using scaled threading model. 10 processors detected, 10 threads used to drive the workload, in a possible range of [1,unlimited]
Version: graphchi 0.2.2

Nominal statistics
Key Score  Rank Value Description
AOA:    8  4/18    97 nominal average object size (bytes)
AOL:    9  2/18    96 nominal 90-percentile object size (bytes)
AOM:    3 13/18    24 nominal median object size (bytes)
AOS:    3 14/18    16 nominal 10-percentile object size (bytes)
ARA:    5 10/18  2825 nominal allocation rate (bytes / usec) (7291380208/2580800.0)
BAL:    9  2/19  2231 nominal aaload per usec
BAS:    6  9/19     1 nominal aastore per usec
BEF:    8  4/19    12 nominal execution focus / dominance of hot code
BGF:    9  3/19  9335 nominal getfield per usec
BPF:    4 13/19    44 nominal putfield per usec
BUB:    0 19/19     8 nominal thousands of unique bytecodes executed
BUF:    2 17/19     1 nominal thousands of unique function calls
GCA:    8  5/22   114 nominal average post-GC heap size as percent of min heap, when run at 2X min heap with G1 (200/175)
GCC:    6 10/22  1277 nominal GC count at 2X heap size (G1)
GCM:    8  6/22   110 nominal median post-GC heap size as percent of min heap, when run at 2X min heap with G1 (193/175)
GCP:    4 14/22     2 nominal percentage of time spent in GC pauses at 2X heap size (G1) (889/31767)
GLK:    5 12/22     0 nominal percent 10th iteration memory leakage (10 iterations / 1 iterations) (175/174)
GMD:    8  5/22   175 nominal minimum heap size (MB) for default size configuration (with compressed pointers)
GML:    9  3/18  1152 nominal minimum heap size (MB) for large size configuration (with compressed pointers)
GMS:   10  2/22   141 nominal minimum heap size (MB) for small size configuration (with compressed pointers)
GMU:    8  6/22   179 nominal minimum heap size (MB) for default size without compressed pointers
GSS:    7  7/22   381 nominal heap size sensitivity (slowdown with tight heap, as a percentage) (12420.2/2580.8)
GTO:    4 11/18    39 nominal memory turnover (total alloc bytes / min heap bytes)
PET:    6  9/22     3 nominal execution time (sec)
PKP:    2 19/22     1 nominal percentage of time spent in kernel mode (as percentage of user plus kernel time)
PPE:    6  9/22    10 nominal parallel efficiency (speedup as percentage of ideal speedup for 32 threads)
PSD:    5 13/22     0 nominal standard deviation among invocations at peak performance (as percentage of performance)
PWU:    5 13/22     2 nominal iterations to warm up to within 1.5% of best

Initializing callback
[7.015s][info][gc] GC(0) Pause Full (System.gc()) 22M->3M(148M) 6.675ms
===== DaCapo 23.11-chopin graphchi starting =====
Found shards -- no need to preprocess
Set latent factor dimension to: 20
Initializing latent factors for 285050 vertices
Creating 1 blocks
[7.129s][info][gc] GC(2) Pause Full (Allocation Failure) 4M->4M(148M) 5.083ms
[7.129s][info][gc] GC(1) Pause Young (Allocation Failure) 10M->4M(148M) 7.337ms
[7.580s][info][gc] GC(3) Pause Young (Allocation Failure) 174M->162M(276M) 21.620ms
[8.161s][info][gc] GC(4) Pause Young (Allocation Failure) 203M->164M(276M) 6.053ms
[8.760s][info][gc] GC(5) Pause Young (Allocation Failure) 205M->164M(276M) 1.899ms
[9.386s][info][gc] GC(6) Pause Young (Allocation Failure) 205M->164M(276M) 0.295ms
[9.485s][info][gc] GC(7) Pause Young (Allocation Failure) 205M->164M(276M) 0.468ms
[9.494s][info][gc] GC(8) Pause Young (Allocation Failure) 205M->164M(276M) 0.200ms
[9.501s][info][gc] GC(9) Pause Young (Allocation Failure) 205M->164M(276M) 0.256ms
[9.507s][info][gc] GC(10) Pause Young (Allocation Failure) 205M->164M(276M) 0.215ms
[9.518s][info][gc] GC(11) Pause Young (Allocation Failure) 205M->164M(276M) 0.238ms
[9.525s][info][gc] GC(12) Pause Young (Allocation Failure) 205M->164M(276M) 0.256ms
[9.532s][info][gc] GC(13) Pause Young (Allocation Failure) 205M->164M(276M) 0.263ms
[9.539s][info][gc] GC(14) Pause Young (Allocation Failure) 205M->164M(276M) 0.218ms
[9.545s][info][gc] GC(15) Pause Young (Allocation Failure) 205M->164M(276M) 0.220ms
[9.551s][info][gc] GC(16) Pause Young (Allocation Failure) 205M->164M(276M) 0.309ms
[9.559s][info][gc] GC(17) Pause Young (Allocation Failure) 205M->164M(276M) 0.266ms
[9.565s][info][gc] GC(18) Pause Young (Allocation Failure) 205M->164M(276M) 0.356ms
[9.573s][info][gc] GC(19) Pause Young (Allocation Failure) 205M->164M(276M) 0.203ms
[9.579s][info][gc] GC(20) Pause Young (Allocation Failure) 205M->164M(276M) 0.206ms
[9.588s][info][gc] GC(21) Pause Young (Allocation Failure) 205M->164M(276M) 0.199ms
[9.595s][info][gc] GC(22) Pause Young (Allocation Failure) 205M->164M(276M) 0.263ms
[9.602s][info][gc] GC(23) Pause Young (Allocation Failure) 205M->164M(276M) 0.197ms
[9.608s][info][gc] GC(24) Pause Young (Allocation Failure) 205M->164M(276M) 0.244ms
[9.617s][info][gc] GC(25) Pause Young (Allocation Failure) 205M->164M(276M) 0.215ms
[9.623s][info][gc] GC(26) Pause Young (Allocation Failure) 205M->164M(276M) 0.244ms
[9.631s][info][gc] GC(27) Pause Young (Allocation Failure) 205M->164M(276M) 0.192ms
[9.851s][info][gc] GC(28) Pause Young (Allocation Failure) 205M->164M(276M) 0.184ms
[9.956s][info][gc] GC(29) Pause Young (Allocation Failure) 205M->191M(276M) 20.023ms
[9.984s][info][gc] GC(30) Pause Young (Allocation Failure) 232M->193M(276M) 3.147ms
[9.996s][info][gc] GC(31) Pause Young (Allocation Failure) 234M->193M(276M) 0.919ms
[10.012s][info][gc] GC(32) Pause Young (Allocation Failure) 234M->193M(276M) 0.512ms
[10.023s][info][gc] GC(33) Pause Young (Allocation Failure) 234M->193M(276M) 0.589ms
[10.039s][info][gc] GC(34) Pause Young (Allocation Failure) 234M->193M(276M) 0.595ms
[10.048s][info][gc] GC(35) Pause Young (Allocation Failure) 234M->193M(276M) 0.536ms
[10.058s][info][gc] GC(36) Pause Young (Allocation Failure) 234M->193M(276M) 4.146ms
[10.064s][info][gc] GC(37) Pause Young (Allocation Failure) 234M->193M(276M) 0.890ms
[10.081s][info][gc] GC(38) Pause Young (Allocation Failure) 234M->193M(276M) 0.535ms
[10.092s][info][gc] GC(39) Pause Young (Allocation Failure) 234M->193M(276M) 0.580ms
[10.099s][info][gc] GC(40) Pause Young (Allocation Failure) 234M->193M(276M) 0.566ms
[10.108s][info][gc] GC(41) Pause Young (Allocation Failure) 234M->193M(276M) 0.702ms
[10.116s][info][gc] GC(42) Pause Young (Allocation Failure) 234M->193M(276M) 0.566ms
[10.125s][info][gc] GC(43) Pause Young (Allocation Failure) 234M->193M(276M) 0.549ms
[10.137s][info][gc] GC(44) Pause Young (Allocation Failure) 234M->193M(276M) 0.834ms
[10.147s][info][gc] GC(45) Pause Young (Allocation Failure) 234M->193M(276M) 1.152ms
[10.153s][info][gc] GC(46) Pause Young (Allocation Failure) 234M->193M(276M) 0.218ms
[10.165s][info][gc] GC(47) Pause Young (Allocation Failure) 234M->193M(276M) 0.278ms
[10.175s][info][gc] GC(48) Pause Young (Allocation Failure) 234M->193M(276M) 0.213ms
[10.185s][info][gc] GC(49) Pause Young (Allocation Failure) 234M->193M(276M) 0.219ms
[10.191s][info][gc] GC(50) Pause Young (Allocation Failure) 234M->193M(276M) 0.208ms
[10.200s][info][gc] GC(51) Pause Young (Allocation Failure) 234M->193M(276M) 0.270ms
[10.206s][info][gc] GC(52) Pause Young (Allocation Failure) 234M->193M(276M) 0.219ms
[10.217s][info][gc] GC(53) Pause Young (Allocation Failure) 234M->193M(276M) 0.253ms
[10.363s][info][gc] GC(54) Pause Young (Allocation Failure) 234M->199M(276M) 4.536ms
[10.435s][info][gc] GC(55) Pause Young (Allocation Failure) 240M->225M(276M) 18.753ms
[10.450s][info][gc] GC(56) Pause Young (Allocation Failure) 266M->225M(276M) 2.396ms
[10.461s][info][gc] GC(57) Pause Young (Allocation Failure) 266M->225M(276M) 0.216ms
[10.468s][info][gc] GC(58) Pause Young (Allocation Failure) 266M->225M(276M) 0.287ms
[10.481s][info][gc] GC(59) Pause Young (Allocation Failure) 266M->225M(276M) 0.236ms
[10.491s][info][gc] GC(60) Pause Young (Allocation Failure) 266M->225M(276M) 0.219ms
[10.500s][info][gc] GC(61) Pause Young (Allocation Failure) 266M->225M(276M) 0.218ms
[10.510s][info][gc] GC(62) Pause Young (Allocation Failure) 266M->225M(276M) 0.272ms
[10.517s][info][gc] GC(63) Pause Young (Allocation Failure) 266M->225M(276M) 0.281ms
[10.523s][info][gc] GC(64) Pause Young (Allocation Failure) 266M->225M(276M) 0.278ms
[10.531s][info][gc] GC(65) Pause Young (Allocation Failure) 266M->225M(276M) 0.273ms
[10.541s][info][gc] GC(66) Pause Young (Allocation Failure) 266M->225M(276M) 0.277ms
[10.550s][info][gc] GC(67) Pause Young (Allocation Failure) 266M->225M(276M) 0.316ms
[10.557s][info][gc] GC(68) Pause Young (Allocation Failure) 266M->225M(276M) 0.213ms
[10.565s][info][gc] GC(69) Pause Young (Allocation Failure) 266M->225M(276M) 0.271ms
[10.572s][info][gc] GC(70) Pause Young (Allocation Failure) 266M->225M(276M) 0.285ms
[10.581s][info][gc] GC(71) Pause Young (Allocation Failure) 266M->225M(276M) 0.281ms
[10.587s][info][gc] GC(72) Pause Young (Allocation Failure) 266M->225M(276M) 0.298ms
[10.594s][info][gc] GC(73) Pause Young (Allocation Failure) 266M->225M(276M) 0.296ms
[10.605s][info][gc] GC(74) Pause Young (Allocation Failure) 266M->225M(276M) 0.509ms
[10.615s][info][gc] GC(75) Pause Young (Allocation Failure) 266M->225M(276M) 0.213ms
[10.621s][info][gc] GC(76) Pause Young (Allocation Failure) 266M->225M(276M) 0.278ms
[10.627s][info][gc] GC(77) Pause Young (Allocation Failure) 266M->225M(276M) 0.229ms
[10.633s][info][gc] GC(78) Pause Young (Allocation Failure) 266M->225M(276M) 0.223ms
[10.641s][info][gc] GC(79) Pause Young (Allocation Failure) 266M->225M(276M) 0.223ms
[10.853s][info][gc] GC(80) Pause Young (Allocation Failure) 266M->235M(276M) 7.299ms
[10.937s][info][gc] GC(82) Pause Full (Allocation Failure) 253M->169M(294M) 28.828ms
[10.938s][info][gc] GC(81) Pause Young (Allocation Failure) 276M->169M(409M) 47.983ms
[10.972s][info][gc] GC(83) Pause Young (Allocation Failure) 282M->169M(409M) 0.349ms
[10.996s][info][gc] GC(84) Pause Young (Allocation Failure) 282M->169M(409M) 0.242ms
[11.009s][info][gc] GC(85) Pause Young (Allocation Failure) 282M->169M(409M) 0.284ms
[11.030s][info][gc] GC(86) Pause Young (Allocation Failure) 282M->169M(409M) 0.239ms
[11.048s][info][gc] GC(87) Pause Young (Allocation Failure) 282M->169M(409M) 0.208ms
[11.073s][info][gc] GC(88) Pause Young (Allocation Failure) 282M->169M(409M) 0.213ms
[11.092s][info][gc] GC(89) Pause Young (Allocation Failure) 282M->169M(409M) 0.268ms
[11.109s][info][gc] GC(90) Pause Young (Allocation Failure) 282M->169M(409M) 0.223ms
[11.283s][info][gc] GC(91) Pause Young (Allocation Failure) 282M->190M(409M) 19.127ms
[11.350s][info][gc] GC(92) Pause Young (Allocation Failure) 303M->201M(409M) 11.013ms
[11.387s][info][gc] GC(93) Pause Young (Allocation Failure) 314M->201M(409M) 1.635ms
[11.408s][info][gc] GC(94) Pause Young (Allocation Failure) 314M->201M(409M) 0.310ms
[11.424s][info][gc] GC(95) Pause Young (Allocation Failure) 314M->201M(409M) 0.222ms
[11.440s][info][gc] GC(96) Pause Young (Allocation Failure) 314M->201M(409M) 0.227ms
[11.457s][info][gc] GC(97) Pause Young (Allocation Failure) 314M->201M(409M) 0.222ms
[11.476s][info][gc] GC(98) Pause Young (Allocation Failure) 314M->201M(409M) 0.288ms
[11.497s][info][gc] GC(99) Pause Young (Allocation Failure) 314M->201M(409M) 0.304ms
[11.513s][info][gc] GC(100) Pause Young (Allocation Failure) 314M->201M(409M) 0.301ms
[11.785s][info][gc] GC(101) Pause Young (Allocation Failure) 314M->229M(409M) 10.870ms
[11.804s][info][gc] GC(102) Pause Young (Allocation Failure) 343M->229M(409M) 6.237ms
[11.826s][info][gc] GC(103) Pause Young (Allocation Failure) 343M->229M(409M) 0.292ms
[11.843s][info][gc] GC(104) Pause Young (Allocation Failure) 343M->229M(409M) 0.229ms
[11.865s][info][gc] GC(105) Pause Young (Allocation Failure) 343M->229M(409M) 0.228ms
[11.886s][info][gc] GC(106) Pause Young (Allocation Failure) 343M->229M(409M) 0.257ms
[11.911s][info][gc] GC(107) Pause Young (Allocation Failure) 343M->229M(409M) 0.291ms
[11.930s][info][gc] GC(108) Pause Young (Allocation Failure) 343M->229M(409M) 0.316ms
[11.943s][info][gc] GC(109) Pause Young (Allocation Failure) 343M->229M(409M) 0.229ms
[12.139s][info][gc] GC(110) Pause Young (Allocation Failure) 343M->261M(409M) 13.752ms
[12.171s][info][gc] GC(111) Pause Young (Allocation Failure) 374M->261M(409M) 8.160ms
[12.195s][info][gc] GC(112) Pause Young (Allocation Failure) 374M->261M(409M) 0.243ms
[12.214s][info][gc] GC(113) Pause Young (Allocation Failure) 374M->261M(409M) 0.230ms
[12.233s][info][gc] GC(114) Pause Young (Allocation Failure) 374M->261M(409M) 0.233ms
[12.249s][info][gc] GC(115) Pause Young (Allocation Failure) 374M->261M(409M) 0.237ms
[12.267s][info][gc] GC(116) Pause Young (Allocation Failure) 374M->261M(409M) 0.235ms
[12.288s][info][gc] GC(117) Pause Young (Allocation Failure) 374M->261M(409M) 0.234ms
[12.307s][info][gc] GC(118) Pause Young (Allocation Failure) 374M->261M(409M) 0.236ms
[12.507s][info][gc] GC(119) Pause Young (Allocation Failure) 374M->261M(409M) 0.244ms
[12.590s][info][gc] GC(120) Pause Young (Allocation Failure) 374M->290M(409M) 17.465ms
[12.664s][info][gc] GC(122) Pause Full (Allocation Failure) 290M->162M(417M) 40.898ms
[12.664s][info][gc] GC(121) Pause Young (Allocation Failure) 403M->162M(409M) 50.330ms
[12.686s][info][gc] GC(123) Pause Young (Allocation Failure) 275M->162M(409M) 0.324ms
[12.702s][info][gc] GC(124) Pause Young (Allocation Failure) 275M->162M(409M) 0.214ms
[12.727s][info][gc] GC(125) Pause Young (Allocation Failure) 275M->162M(409M) 0.218ms
[12.748s][info][gc] GC(126) Pause Young (Allocation Failure) 275M->162M(409M) 0.266ms
[12.766s][info][gc] GC(127) Pause Young (Allocation Failure) 275M->162M(409M) 0.232ms
[12.779s][info][gc] GC(128) Pause Young (Allocation Failure) 275M->162M(409M) 0.254ms
[12.803s][info][gc] GC(129) Pause Young (Allocation Failure) 275M->162M(409M) 0.222ms
[13.383s][info][gc] GC(130) Pause Young (Allocation Failure) 275M->194M(409M) 11.060ms
[13.562s][info][gc] GC(131) Pause Young (Allocation Failure) 307M->194M(409M) 3.589ms
[13.576s][info][gc] GC(132) Pause Young (Allocation Failure) 307M->194M(409M) 0.234ms
[13.590s][info][gc] GC(133) Pause Young (Allocation Failure) 307M->194M(409M) 0.218ms
[13.606s][info][gc] GC(134) Pause Young (Allocation Failure) 307M->194M(409M) 0.289ms
[13.618s][info][gc] GC(135) Pause Young (Allocation Failure) 307M->194M(409M) 0.363ms
[13.635s][info][gc] GC(136) Pause Young (Allocation Failure) 307M->194M(409M) 0.218ms
[13.648s][info][gc] GC(137) Pause Young (Allocation Failure) 307M->194M(409M) 0.235ms
[13.662s][info][gc] GC(138) Pause Young (Allocation Failure) 307M->194M(409M) 0.221ms
[13.918s][info][gc] GC(139) Pause Young (Allocation Failure) 307M->194M(409M) 0.202ms
[14.057s][info][gc] GC(140) Pause Young (Allocation Failure) 307M->210M(409M) 8.878ms
[14.111s][info][gc] GC(141) Pause Young (Allocation Failure) 323M->223M(409M) 8.590ms
[14.138s][info][gc] GC(142) Pause Young (Allocation Failure) 336M->223M(409M) 2.495ms
[14.156s][info][gc] GC(143) Pause Young (Allocation Failure) 336M->223M(409M) 0.227ms
[14.175s][info][gc] GC(144) Pause Young (Allocation Failure) 336M->223M(409M) 0.237ms
[14.191s][info][gc] GC(145) Pause Young (Allocation Failure) 336M->223M(409M) 0.232ms
[14.211s][info][gc] GC(146) Pause Young (Allocation Failure) 336M->223M(409M) 0.279ms
[14.224s][info][gc] GC(147) Pause Young (Allocation Failure) 336M->223M(409M) 0.302ms
[14.237s][info][gc] GC(148) Pause Young (Allocation Failure) 336M->223M(409M) 0.282ms
[14.265s][info][gc] GC(149) Pause Young (Allocation Failure) 336M->223M(409M) 0.219ms
Total edges: 1000000
Left 284808, Right 241
===== DaCapo 23.11-chopin graphchi PASSED in 7470 msec =====
runAgain
