[0.117s][info][gc] Using G1
Using scaled threading model. 10 processors detected, 10 threads used to drive the workload, in a possible range of [1,unlimited]
Version: graphchi 0.2.2

Nominal statistics
Key Score  Rank Value Description
AOA:    8  4/18    97 nominal average object size (bytes)
AOL:    9  2/18    96 nominal 90-percentile object size (bytes)
AOM:    3 13/18    24 nominal median object size (bytes)
AOS:    3 14/18    16 nominal 10-percentile object size (bytes)
ARA:    5 10/18  2825 nominal allocation rate (bytes / usec) (7291380208/2580800.0)
BAL:    9  2/19  2231 nominal aaload per usec
BAS:    6  9/19     1 nominal aastore per usec
BEF:    8  4/19    12 nominal execution focus / dominance of hot code
BGF:    9  3/19  9335 nominal getfield per usec
BPF:    4 13/19    44 nominal putfield per usec
BUB:    0 19/19     8 nominal thousands of unique bytecodes executed
BUF:    2 17/19     1 nominal thousands of unique function calls
GCA:    8  5/22   114 nominal average post-GC heap size as percent of min heap, when run at 2X min heap with G1 (200/175)
GCC:    6 10/22  1277 nominal GC count at 2X heap size (G1)
GCM:    8  6/22   110 nominal median post-GC heap size as percent of min heap, when run at 2X min heap with G1 (193/175)
GCP:    4 14/22     2 nominal percentage of time spent in GC pauses at 2X heap size (G1) (889/31767)
GLK:    5 12/22     0 nominal percent 10th iteration memory leakage (10 iterations / 1 iterations) (175/174)
GMD:    8  5/22   175 nominal minimum heap size (MB) for default size configuration (with compressed pointers)
GML:    9  3/18  1152 nominal minimum heap size (MB) for large size configuration (with compressed pointers)
GMS:   10  2/22   141 nominal minimum heap size (MB) for small size configuration (with compressed pointers)
GMU:    8  6/22   179 nominal minimum heap size (MB) for default size without compressed pointers
GSS:    7  7/22   381 nominal heap size sensitivity (slowdown with tight heap, as a percentage) (12420.2/2580.8)
GTO:    4 11/18    39 nominal memory turnover (total alloc bytes / min heap bytes)
PET:    6  9/22     3 nominal execution time (sec)
PKP:    2 19/22     1 nominal percentage of time spent in kernel mode (as percentage of user plus kernel time)
PPE:    6  9/22    10 nominal parallel efficiency (speedup as percentage of ideal speedup for 32 threads)
PSD:    5 13/22     0 nominal standard deviation among invocations at peak performance (as percentage of performance)
PWU:    5 13/22     2 nominal iterations to warm up to within 1.5% of best

Initializing callback
[21.114s][info][gc] GC(0) Pause Full (System.gc()) 21M->4M(24M) 20.100ms
Found shards -- no need to preprocess
Set latent factor dimension to: 20
Initializing latent factors for 285050 vertices
Creating 1 blocks
[21.293s][info][gc] GC(1) Pause Young (Concurrent Start) (G1 Humongous Allocation) 9M->6M(24M) 6.263ms
[21.294s][info][gc] GC(2) Concurrent Cycle
[21.695s][info][gc] GC(2) Pause Remark 135M->135M(153M) 2.553ms
[21.698s][info][gc] GC(2) Pause Cleanup 135M->135M(153M) 0.038ms
[21.705s][info][gc] GC(2) Concurrent Cycle 410.939ms
[22.150s][info][gc] GC(3) Pause Young (Concurrent Start) (G1 Humongous Allocation) 135M->135M(153M) 19.394ms
[22.150s][info][gc] GC(4) Concurrent Cycle
[22.186s][info][gc] GC(4) Pause Remark 137M->137M(153M) 28.092ms
[22.190s][info][gc] GC(4) Pause Cleanup 137M->137M(153M) 0.405ms
[22.196s][info][gc] GC(4) Concurrent Cycle 45.547ms
[22.211s][info][gc] GC(5) Pause Young (Concurrent Start) (G1 Humongous Allocation) 141M->137M(153M) 2.887ms
[22.211s][info][gc] GC(6) Concurrent Cycle
[22.222s][info][gc] GC(6) Pause Remark 139M->139M(153M) 3.084ms
[22.225s][info][gc] GC(6) Pause Cleanup 140M->140M(153M) 0.344ms
[22.227s][info][gc] GC(6) Concurrent Cycle 15.280ms
[22.243s][info][gc] GC(7) Pause Young (Normal) (G1 Evacuation Pause) 144M->143M(153M) 13.433ms
[22.268s][info][gc] GC(8) Pause Young (Concurrent Start) (G1 Evacuation Pause) 149M->148M(158M) 18.755ms
[22.268s][info][gc] GC(9) Concurrent Cycle
[22.287s][info][gc] GC(10) Pause Young (Normal) (G1 Evacuation Pause) 154M->153M(163M) 15.164ms
[22.307s][info][gc] GC(11) Pause Young (Normal) (G1 Evacuation Pause) 162M->163M(171M) 12.726ms
[22.312s][info][gc] GC(9) Pause Remark 165M->165M(171M) 2.918ms
[22.338s][info][gc] GC(9) Pause Cleanup 176M->176M(180M) 0.334ms
[22.343s][info][gc] GC(9) Concurrent Cycle 74.992ms
[22.426s][info][gc] GC(12) Pause Young (Concurrent Start) (G1 Humongous Allocation) 176M->171M(182M) 14.102ms
[22.426s][info][gc] GC(13) Concurrent Cycle
[22.444s][info][gc] GC(13) Pause Remark 175M->175M(182M) 5.899ms
[22.452s][info][gc] GC(13) Pause Cleanup 175M->175M(182M) 0.397ms
[22.455s][info][gc] GC(13) Concurrent Cycle 29.492ms
[22.484s][info][gc] GC(14) Pause Young (Normal) (G1 Evacuation Pause) 179M->175M(183M) 6.943ms
[22.676s][info][gc] GC(15) Pause Young (Concurrent Start) (G1 Evacuation Pause) 180M->175M(184M) 53.666ms
[22.677s][info][gc] GC(16) Concurrent Cycle
[22.755s][info][gc] GC(16) Pause Remark 176M->176M(184M) 19.488ms
[22.771s][info][gc] GC(16) Pause Cleanup 176M->176M(184M) 2.561ms
[22.778s][info][gc] GC(16) Concurrent Cycle 100.868ms
[22.900s][info][gc] GC(17) Pause Young (Normal) (G1 Evacuation Pause) 181M->175M(185M) 7.257ms
[23.071s][info][gc] GC(18) Pause Young (Concurrent Start) (G1 Evacuation Pause) 182M->175M(186M) 8.597ms
[23.071s][info][gc] GC(19) Concurrent Cycle
[23.104s][info][gc] GC(19) Pause Remark 176M->176M(186M) 6.025ms
[23.118s][info][gc] GC(19) Pause Cleanup 176M->176M(186M) 0.736ms
[23.127s][info][gc] GC(19) Concurrent Cycle 55.526ms
[23.264s][info][gc] GC(20) Pause Young (Normal) (G1 Evacuation Pause) 183M->175M(187M) 19.171ms
[23.432s][info][gc] GC(21) Pause Young (Concurrent Start) (G1 Evacuation Pause) 183M->175M(400M) 27.104ms
[23.432s][info][gc] GC(22) Concurrent Cycle
[23.633s][info][gc] GC(22) Pause Remark 181M->181M(400M) 65.590ms
[23.651s][info][gc] GC(22) Pause Cleanup 182M->182M(400M) 1.305ms
[23.659s][info][gc] GC(22) Concurrent Cycle 225.938ms
[24.529s][info][gc] GC(23) Pause Young (Normal) (G1 Evacuation Pause) 235M->175M(400M) 3.527ms
[24.583s][info][gc] GC(24) Pause Young (Normal) (G1 Evacuation Pause) 270M->175M(400M) 6.189ms
[24.675s][info][gc] GC(25) Pause Young (Normal) (G1 Evacuation Pause) 348M->175M(400M) 5.846ms
[24.713s][info][gc] GC(26) Pause Young (Normal) (G1 Evacuation Pause) 348M->175M(400M) 4.870ms
[24.747s][info][gc] GC(27) Pause Young (Normal) (G1 Evacuation Pause) 348M->175M(400M) 3.002ms
[24.782s][info][gc] GC(28) Pause Young (Normal) (G1 Evacuation Pause) 349M->175M(400M) 4.223ms
[25.270s][info][gc] GC(29) Pause Young (Concurrent Start) (G1 Humongous Allocation) 341M->188M(400M) 104.733ms
[25.271s][info][gc] GC(30) Concurrent Cycle
[25.318s][info][gc] GC(30) Pause Remark 199M->175M(400M) 40.624ms
[25.341s][info][gc] GC(30) Pause Cleanup 175M->175M(400M) 0.510ms
[25.363s][info][gc] GC(30) Concurrent Cycle 92.179ms
[25.552s][info][gc] GC(31) Pause Young (Normal) (G1 Evacuation Pause) 325M->178M(400M) 86.122ms
[25.669s][info][gc] GC(32) Pause Young (Normal) (G1 Evacuation Pause) 339M->177M(1112M) 73.274ms
[26.049s][info][gc] GC(33) Pause Young (Normal) (G1 Evacuation Pause) 611M->176M(1112M) 11.112ms
[26.680s][info][gc] GC(34) Pause Young (Normal) (G1 Evacuation Pause) 863M->203M(1112M) 64.333ms
[26.968s][info][gc] GC(35) Pause Young (Normal) (G1 Evacuation Pause) 847M->205M(1112M) 89.903ms
[27.387s][info][gc] GC(36) Pause Young (Normal) (G1 Evacuation Pause) 864M->228M(1112M) 56.047ms
[27.811s][info][gc] GC(37) Pause Young (Normal) (G1 Evacuation Pause) 875M->253M(1568M) 50.605ms
[28.360s][info][gc] GC(38) Pause Young (Normal) (G1 Evacuation Pause) 978M->254M(1568M) 67.325ms
[28.889s][info][gc] GC(39) Pause Young (Normal) (G1 Evacuation Pause) 1069M->277M(1568M) 26.364ms
[29.356s][info][gc] GC(40) Pause Young (Normal) (G1 Evacuation Pause) 1180M->303M(1568M) 63.185ms
[29.930s][info][gc] GC(41) Pause Young (Normal) (G1 Evacuation Pause) 1178M->326M(1568M) 81.748ms
[30.667s][info][gc] GC(42) Pause Young (Normal) (G1 Evacuation Pause) 1208M->352M(1742M) 28.841ms
[31.376s][info][gc] GC(43) Pause Young (Normal) (G1 Evacuation Pause) 1316M->351M(1742M) 66.504ms
[31.764s][info][gc] GC(44) Pause Young (Normal) (G1 Evacuation Pause) 1352M->376M(1742M) 42.353ms


Class name: org.dacapo.harness.GraphChi
Configurations:
short     ALS matrix factorization with GraphChi.
long      The Netflix Challenge dataset is used to drive the GraphChi engine in its ALS matrix factorization mode.  The input data is pre-sharding (sharding is IO intensive, so is excluded from this workload).
author    null
license   Apache License, Version 2.0
copyright Copyright 2012 Aapo Kyrola, Guy Blelloch, Carlos Guestrin / Carnegie Mellon University
url       https://github.com/GraphChi/graphchi-java
version   graphchi 0.2.2
sizes     default large small
===== DaCapo 23.11-chopin graphchi starting =====
===== DaCapo 23.11-chopin graphchi PASSED in 10868 msec =====

Total edges: 1000000
Left 284808, Right 241
runAgain
