map@map-VirtualBox:~/Documents/Benchmarks/dacapo-23.11-chopin$ ../../epsilon-jdk/build/linux-x86_64-server-fastdebug/images/jdk/bin/java -Xlog:gc -XX:+UseG1GC  -jar dacapo-23.11-chopin.jar kafka -v -p -d --latency-csv
[0.027s][info][gc] Using G1
Class name: org.dacapo.harness.Kafka
Configurations:
short     Apache Kafka® is a distributed streaming platform.
long      Apache Kafka® aims to provide a unified, high-throughput, low-latency platform for handling real-time data feeds.
author    Apache Software Foundation
license   Apache License, Version 2.0
copyright Copyright (c) Apache Software Foundation
url       https://kafka.apache.org/
version   kafka 3.3.1
sizes     default large small
Using scaled threading model. 10 processors detected, 10 threads used to drive the workload, in a possible range of [1,unlimited]
Version: kafka 3.3.1

Nominal statistics
Key Score  Rank Value Description
AOA:    4 11/18    54 nominal average object size (bytes)
AOL:    4 12/18    48 nominal 90-percentile object size (bytes)
AOM:    9  3/18    32 nominal median object size (bytes)
AOS:    3 14/18    16 nominal 10-percentile object size (bytes)
ARA:    2 15/18   595 nominal allocation rate (bytes / usec) (3026868936/5085700.0)
BAL:    2 16/19     1 nominal aaload per usec
BAS:    4 12/19     0 nominal aastore per usec
BEF:    3 14/19     3 nominal execution focus / dominance of hot code
BGF:    2 17/19    92 nominal getfield per usec
BPF:    2 16/19    25 nominal putfield per usec
BUB:    8  4/19   128 nominal thousands of unique bytecodes executed
BUF:    8  4/19    21 nominal thousands of unique function calls
GCA:    3 17/22    87 nominal average post-GC heap size as percent of min heap, when run at 2X min heap with G1 (172/196)
GCC:    2 19/22   247 nominal GC count at 2X heap size (G1)
GCM:    4 14/22    87 nominal median post-GC heap size as percent of min heap, when run at 2X min heap with G1 (171/196)
GCP:    1 21/22     0 nominal percentage of time spent in GC pauses at 2X heap size (G1) (450/55640)
GLK:    5 12/22     0 nominal percent 10th iteration memory leakage (10 iterations / 1 iterations) (196/196)
GMD:    9  3/22   191 nominal minimum heap size (MB) for default size configuration (with compressed pointers)
GML:    7  6/18   305 nominal minimum heap size (MB) for large size configuration (with compressed pointers)
GMS:   10  1/22   157 nominal minimum heap size (MB) for small size configuration (with compressed pointers)
GMU:    9  4/22   203 nominal minimum heap size (MB) for default size without compressed pointers
GSS:    1 21/22     0 nominal heap size sensitivity (slowdown with tight heap, as a percentage) (5099/5085.7)
GTO:    3 14/18    14 nominal memory turnover (total alloc bytes / min heap bytes)
PET:    9  3/22     6 nominal execution time (sec)
PKP:   10  2/22    31 nominal percentage of time spent in kernel mode (as percentage of user plus kernel time)
PPE:    1 20/22     3 nominal parallel efficiency (speedup as percentage of ideal speedup for 32 threads)
PSD:    8  6/22     1 nominal standard deviation among invocations at peak performance (as percentage of performance)
PWU:    7  7/22     5 nominal iterations to warm up to within 1.5% of best

Initializing callback
Starting Zookeeper...
[1.096s][info][gc] GC(0) Pause Young (Normal) (G1 Evacuation Pause) 23M->6M(156M) 19.218ms
Starting Kafka Server...
[2.453s][info][gc] GC(1) Pause Young (Normal) (G1 Evacuation Pause) 36M->10M(156M) 34.717ms
[3.351s][info][gc] GC(2) Pause Young (Concurrent Start) (Metadata GC Threshold) 29M->10M(156M) 42.020ms
[3.351s][info][gc] GC(3) Concurrent Mark Cycle
[3.422s][info][gc] GC(3) Pause Remark 11M->11M(48M) 29.062ms
[3.434s][info][gc] GC(3) Pause Cleanup 12M->12M(48M) 0.657ms
[3.437s][info][gc] GC(3) Concurrent Mark Cycle 86.457ms
[5.232s][info][gc] GC(4) Pause Young (Prepare Mixed) (G1 Evacuation Pause) 174M->142M(182M) 22.435ms
[5.733s][info][gc] GC(5) Pause Full (System.gc()) 152M->143M(254M) 91.780ms
===== DaCapo 23.11-chopin kafka starting =====
[5.770s][info][gc] GC(6) Pause Young (Concurrent Start) (G1 Humongous Allocation) 144M->143M(404M) 19.003ms
[5.771s][info][gc] GC(7) Concurrent Undo Cycle
[5.799s][info][gc] GC(7) Concurrent Undo Cycle 27.665ms
Trogdor is running the workload....
[13.064s][info][gc] GC(8) Pause Young (Concurrent Start) (Metadata GC Threshold) 252M->157M(404M) 59.186ms
[13.064s][info][gc] GC(9) Concurrent Mark Cycle
[13.228s][info][gc] GC(9) Pause Remark 165M->165M(404M) 50.822ms
[13.293s][info][gc] GC(9) Pause Cleanup 169M->169M(404M) 0.459ms
[14.199s][info][gc] GC(9) Concurrent Mark Cycle 1135.123ms
Starting 1000000 requests...
[22.425s][info][gc] GC(10) Pause Young (Prepare Mixed) (G1 Evacuation Pause) 357M->205M(422M) 160.465ms
5%[24.230s][info][gc] GC(11) Pause Young (Mixed) (G1 Evacuation Pause) 329M->219M(422M) 130.547ms
10%[25.101s][info][gc] GC(12) Pause Young (Concurrent Start) (G1 Evacuation Pause) 341M->224M(422M) 91.365ms
[25.101s][info][gc] GC(13) Concurrent Mark Cycle
[25.381s][info][gc] GC(13) Pause Remark 245M->245M(422M) 73.250ms
[25.491s][info][gc] GC(13) Pause Cleanup 250M->250M(422M) 1.341ms
[25.494s][info][gc] GC(13) Concurrent Mark Cycle 392.555ms
15%[26.178s][info][gc] GC(14) Pause Young (Prepare Mixed) (G1 Evacuation Pause) 356M->227M(422M) 59.246ms
20%[27.622s][info][gc] GC(15) Pause Young (Mixed) (G1 Evacuation Pause) 359M->227M(422M) 115.156ms
30%[29.775s][info][gc] GC(16) Pause Young (Concurrent Start) (G1 Evacuation Pause) 367M->228M(922M) 76.616ms
[29.781s][info][gc] GC(17) Concurrent Mark Cycle
[30.329s][info][gc] GC(17) Pause Remark 243M->243M(774M) 111.645ms
[30.426s][info][gc] GC(17) Pause Cleanup 247M->247M(774M) 3.090ms
[30.430s][info][gc] GC(17) Concurrent Mark Cycle 648.652ms
50%[34.219s][info][gc] GC(18) Pause Young (Prepare Mixed) (G1 Evacuation Pause) 646M->228M(774M) 114.605ms
70%[36.728s][info][gc] GC(19) Pause Young (Mixed) (G1 Evacuation Pause) 676M->226M(774M) 112.343ms
95%[38.874s][info][gc] GC(20) Pause Young (Mixed) (G1 Evacuation Pause) 674M->216M(774M) 97.466ms
100%
Completed requests
Finished
===== DaCapo 23.11-chopin kafka PASSED in 33753 msec =====
[39.585s][info][gc] GC(21) Pause Young (Concurrent Start) (G1 Humongous Allocation) 260M->208M(774M) 75.797ms
[39.585s][info][gc] GC(22) Concurrent Mark Cycle
[39.906s][info][gc] GC(22) Pause Remark 233M->233M(728M) 104.349ms
[40.027s][info][gc] GC(22) Pause Cleanup 266M->266M(728M) 1.027ms
[40.030s][info][gc] GC(22) Concurrent Mark Cycle 444.233ms
===== DaCapo simple tail latency: 50% 955863 usec, 90% 1890639 usec, 99% 2221895 usec, 99.9% 2346735 usec, 99.99% 2375606 usec, max 2379348 usec, measured over 1000000 events =====
===== DaCapo metered tail latency: 50% 3041368 usec, 90% 4607144 usec, 99% 4830708 usec, 99.9% 4866167 usec, 99.99% 4873184 usec, max 4877872 usec, measured over 1000000 events =====
runAgain

