[0.006s][info][gc] Using G1
Class name: org.dacapo.harness.Kafka
Configurations:
short     Apache Kafka® is a distributed streaming platform.
long      Apache Kafka® aims to provide a unified, high-throughput, low-latency platform for handling real-time data feeds.
author    Apache Software Foundation
license   Apache License, Version 2.0
copyright Copyright (c) Apache Software Foundation
url       https://kafka.apache.org/
version   kafka 3.3.1
sizes     default large small
Using scaled threading model. 10 processors detected, 10 threads used to drive the workload, in a possible range of [1,unlimited]
Version: kafka 3.3.1

Nominal statistics
Key Score  Rank Value Description
AOA:    4 11/18    54 nominal average object size (bytes)
AOL:    4 12/18    48 nominal 90-percentile object size (bytes)
AOM:    9  3/18    32 nominal median object size (bytes)
AOS:    3 14/18    16 nominal 10-percentile object size (bytes)
ARA:    2 15/18   595 nominal allocation rate (bytes / usec) (3026868936/5085700.0)
BAL:    2 16/19     1 nominal aaload per usec
BAS:    4 12/19     0 nominal aastore per usec
BEF:    3 14/19     3 nominal execution focus / dominance of hot code
BGF:    2 17/19    92 nominal getfield per usec
BPF:    2 16/19    25 nominal putfield per usec
BUB:    8  4/19   128 nominal thousands of unique bytecodes executed
BUF:    8  4/19    21 nominal thousands of unique function calls
GCA:    3 17/22    87 nominal average post-GC heap size as percent of min heap, when run at 2X min heap with G1 (172/196)
GCC:    2 19/22   247 nominal GC count at 2X heap size (G1)
GCM:    4 14/22    87 nominal median post-GC heap size as percent of min heap, when run at 2X min heap with G1 (171/196)
GCP:    1 21/22     0 nominal percentage of time spent in GC pauses at 2X heap size (G1) (450/55640)
GLK:    5 12/22     0 nominal percent 10th iteration memory leakage (10 iterations / 1 iterations) (196/196)
GMD:    9  3/22   191 nominal minimum heap size (MB) for default size configuration (with compressed pointers)
GML:    7  6/18   305 nominal minimum heap size (MB) for large size configuration (with compressed pointers)
GMS:   10  1/22   157 nominal minimum heap size (MB) for small size configuration (with compressed pointers)
GMU:    9  4/22   203 nominal minimum heap size (MB) for default size without compressed pointers
GSS:    1 21/22     0 nominal heap size sensitivity (slowdown with tight heap, as a percentage) (5099/5085.7)
GTO:    3 14/18    14 nominal memory turnover (total alloc bytes / min heap bytes)
PET:    9  3/22     6 nominal execution time (sec)
PKP:   10  2/22    31 nominal percentage of time spent in kernel mode (as percentage of user plus kernel time)
PPE:    1 20/22     3 nominal parallel efficiency (speedup as percentage of ideal speedup for 32 threads)
PSD:    8  6/22     1 nominal standard deviation among invocations at peak performance (as percentage of performance)
PWU:    7  7/22     5 nominal iterations to warm up to within 1.5% of best

Initializing callback
[0.519s][info][gc] GC(0) Pause Young (Normal) (G1 Evacuation Pause) 25M->5M(512M) 2.850ms
Starting Zookeeper...
Starting Kafka Server...
[0.773s][info][gc] GC(1) Pause Young (Concurrent Start) (Metadata GC Threshold) 49M->9M(512M) 3.035ms
[0.773s][info][gc] GC(2) Concurrent Cycle
[0.788s][info][gc] GC(2) Pause Remark 10M->10M(512M) 11.458ms
[0.789s][info][gc] GC(2) Pause Cleanup 10M->10M(512M) 0.042ms
[0.789s][info][gc] GC(2) Concurrent Cycle 15.965ms
[1.097s][info][gc] GC(3) Pause Young (Normal) (G1 Evacuation Pause) 52M->10M(512M) 2.796ms
[1.295s][info][gc] GC(4) Pause Young (Concurrent Start) (Metadata GC Threshold) 177M->140M(512M) 1.744ms
[1.295s][info][gc] GC(5) Concurrent Cycle
[1.303s][info][gc] GC(5) Pause Remark 141M->141M(512M) 4.624ms
[1.305s][info][gc] GC(5) Pause Cleanup 142M->142M(512M) 0.077ms
[1.306s][info][gc] GC(5) Concurrent Cycle 11.479ms
[1.405s][info][gc] GC(6) Pause Full (System.gc()) 161M->141M(512M) 7.969ms
===== DaCapo unknown kafka starting =====
Trogdor is running the workload....
[1.704s][info][gc] GC(7) Pause Young (Normal) (G1 Evacuation Pause) 235M->154M(512M) 1.969ms
Starting 1000000 requests...
[2.600s][info][gc] GC(8) Pause Young (Concurrent Start) (Metadata GC Threshold) 248M->162M(512M) 4.373ms
[2.600s][info][gc] GC(9) Concurrent Cycle
[2.610s][info][gc] GC(9) Pause Remark 169M->169M(512M) 2.070ms
[2.616s][info][gc] GC(9) Pause Cleanup 172M->172M(512M) 0.084ms
[2.617s][info][gc] GC(9) Concurrent Cycle 16.588ms
5%10%[3.073s][info][gc] GC(10) Pause Young (Normal) (G1 Evacuation Pause) 425M->172M(512M) 4.431ms
15%20%[3.665s][info][gc] GC(11) Pause Young (Normal) (G1 Evacuation Pause) 411M->172M(512M) 4.939ms
25%30%[4.176s][info][gc] GC(12) Pause Young (Normal) (G1 Evacuation Pause) 420M->172M(512M) 1.104ms
35%40%45%[4.777s][info][gc] GC(13) Pause Young (Normal) (G1 Evacuation Pause) 425M->172M(512M) 1.235ms
50%55%[5.462s][info][gc] GC(14) Pause Young (Normal) (G1 Evacuation Pause) 428M->171M(512M) 1.991ms
60%65%70%[6.061s][info][gc] GC(15) Pause Young (Normal) (G1 Evacuation Pause) 430M->172M(512M) 1.488ms
75%80%[6.661s][info][gc] GC(16) Pause Young (Normal) (G1 Evacuation Pause) 433M->172M(512M) 1.704ms
85%90%[7.259s][info][gc] GC(17) Pause Young (Normal) (G1 Evacuation Pause) 435M->172M(512M) 1.363ms
95%100%
Completed requests
Finished
===== DaCapo unknown kafka PASSED in 6095 msec =====
===== DaCapo simple tail latency: 50% 1989 usec, 90% 13846 usec, 99% 62652 usec, 99.9% 73419 usec, 99.99% 73724 usec, max 73831 usec, measured over 1000000 events =====
===== DaCapo metered tail latency: 50% 15593 usec, 90% 55569 usec, 99% 85622 usec, 99.9% 89650 usec, 99.99% 90467 usec, max 91020 usec, measured over 1000000 events =====
runAgain
[8.548s][info][gc] GC(18) Pause Young (Normal) (G1 Evacuation Pause) 446M->171M(512M) 3.876ms
