0.041s][info][gc] Using Serial
Class name: org.dacapo.harness.Tomcat
Configurations:
short     Tomcat servlet container
long      Runs the tomcat sample web applications
author    Apache Software Foundation
license   Apache License, Version 2.0
copyright Copyright (c) Apache Software Foundation
url       http://tomcat.apache.org
version   tomcat 10.1.11
sizes     default large small
Using scaled threading model. 10 processors detected, 10 threads used to drive the workload, in a possible range of [1,512]
Tomcat is using port 8080. Configure with -Ddacapo.tomcat.port.
[1.448s][info][gc] GC(0) Pause Young (Allocation Failure) 42M->2M(148M) 31.904ms
Version: tomcat 10.1.11

Nominal statistics
Key Score  Rank Value Description
AOA:    7  7/18    77 nominal average object size (bytes)
AOL:    7  6/18    80 nominal 90-percentile object size (bytes)
AOM:    9  3/18    32 nominal median object size (bytes)
AOS:   10  1/18    24 nominal 10-percentile object size (bytes)
ARA:    8  5/18  5128 nominal allocation rate (bytes / usec) (17515864152/3415100.0)
BAL:    3 15/19     7 nominal aaload per usec
BAS:    4 12/19     0 nominal aastore per usec
BEF:    7  6/19    10 nominal execution focus / dominance of hot code
BGF:    4 13/19   265 nominal getfield per usec
BPF:    5 11/19    76 nominal putfield per usec
BUB:    7  6/19   117 nominal thousands of unique bytecodes executed
BUF:    7  6/19    17 nominal thousands of unique function calls
GCA:    7  7/22   110 nominal average post-GC heap size as percent of min heap, when run at 2X min heap with G1 (21/19)
GCC:    9  4/22  7676 nominal GC count at 2X heap size (G1)
GCM:    7  8/22   105 nominal median post-GC heap size as percent of min heap, when run at 2X min heap with G1 (20/19)
GCP:    7  8/22    10 nominal percentage of time spent in GC pauses at 2X heap size (G1) (4080/39743)
GLK:    5 12/22     0 nominal percent 10th iteration memory leakage (10 iterations / 1 iterations) (19/19)
GMD:    2 19/22    19 nominal minimum heap size (MB) for default size configuration (with compressed pointers)
GML:    3 14/18    31 nominal minimum heap size (MB) for large size configuration (with compressed pointers)
GMS:    5 12/22    13 nominal minimum heap size (MB) for small size configuration (with compressed pointers)
GMU:    2 18/22    23 nominal minimum heap size (MB) for default size without compressed pointers
GSS:   10  2/22  1916 nominal heap size sensitivity (slowdown with tight heap, as a percentage) (68848.7/3415.1)
GTO:    9  3/18   879 nominal memory turnover (total alloc bytes / min heap bytes)
PET:    7  7/22     4 nominal execution time (sec)
PKP:    9  4/22    21 nominal percentage of time spent in kernel mode (as percentage of user plus kernel time)
PPE:   10  1/22    91 nominal parallel efficiency (speedup as percentage of ideal speedup for 32 threads)
PSD:    5 13/22     0 nominal standard deviation among invocations at peak performance (as percentage of performance)
PWU:    5 13/22     2 nominal iterations to warm up to within 1.5% of best

Initializing callback
[5.666s][info][gc] GC(1) Pause Young (Allocation Failure) 43M->7M(148M) 53.667ms
[7.968s][info][gc] GC(2) Pause Young (Allocation Failure) 48M->9M(148M) 113.357ms
[8.804s][info][gc] GC(3) Pause Young (Allocation Failure) 50M->9M(148M) 23.675ms
Server thread created
[9.039s][info][gc] GC(4) Pause Full (System.gc()) 11M->9M(148M) 139.812ms
===== DaCapo 23.11-chopin tomcat starting =====
Loading web application
Starting 80000 requests...
[14.612s][info][gc] GC(5) Pause Young (Allocation Failure) 50M->13M(148M) 50.268ms
[14.946s][info][gc] GC(6) Pause Young (Allocation Failure) 54M->13M(148M) 45.866ms
[15.956s][info][gc] GC(7) Pause Full (Metadata GC Threshold) 47M->13M(149M) 147.685ms
[19.519s][info][gc] GC(8) Pause Young (Allocation Failure) 55M->15M(149M) 57.541ms
[21.362s][info][gc] GC(9) Pause Young (Allocation Failure) 56M->15M(149M) 26.509ms
[22.805s][info][gc] GC(10) Pause Young (Allocation Failure) 56M->16M(149M) 40.391ms
[24.498s][info][gc] GC(11) Pause Young (Allocation Failure) 57M->16M(149M) 44.437ms
[25.829s][info][gc] GC(12) Pause Young (Allocation Failure) 57M->16M(149M) 40.011ms
[27.853s][info][gc] GC(13) Pause Young (Allocation Failure) 57M->17M(149M) 69.705ms
[32.280s][info][gc] GC(14) Pause Young (Allocation Failure) 58M->16M(149M) 50.386ms
[35.760s][info][gc] GC(15) Pause Young (Allocation Failure) 57M->16M(149M) 40.537ms
[38.704s][info][gc] GC(16) Pause Young (Allocation Failure) 57M->16M(149M) 34.949ms
[41.254s][info][gc] GC(17) Pause Young (Allocation Failure) 57M->16M(149M) 41.366ms
[43.920s][info][gc] GC(18) Pause Young (Allocation Failure) 57M->16M(149M) 48.233ms
[46.009s][info][gc] GC(19) Pause Young (Allocation Failure) 57M->16M(149M) 82.825ms
[48.195s][info][gc] GC(20) Pause Young (Allocation Failure) 57M->16M(149M) 44.497ms
[49.390s][info][gc] GC(21) Pause Young (Allocation Failure) 57M->16M(149M) 37.766ms
[51.217s][info][gc] GC(22) Pause Young (Allocation Failure) 57M->16M(149M) 52.372ms
[52.906s][info][gc] GC(23) Pause Young (Allocation Failure) 57M->16M(149M) 40.014ms
[54.354s][info][gc] GC(24) Pause Young (Allocation Failure) 57M->16M(149M) 51.860ms
[55.844s][info][gc] GC(25) Pause Young (Allocation Failure) 57M->16M(149M) 43.804ms
[57.739s][info][gc] GC(26) Pause Young (Allocation Failure) 57M->16M(149M) 50.958ms
[58.992s][info][gc] GC(27) Pause Young (Allocation Failure) 57M->16M(149M) 49.297ms
[60.138s][info][gc] GC(28) Pause Young (Allocation Failure) 57M->16M(149M) 39.827ms
[61.653s][info][gc] GC(29) Pause Young (Allocation Failure) 57M->16M(149M) 40.444ms
[63.119s][info][gc] GC(30) Pause Young (Allocation Failure) 57M->16M(149M) 29.659ms
[63.813s][info][gc] GC(31) Pause Young (Allocation Failure) 57M->16M(149M) 30.717ms
[65.024s][info][gc] GC(32) Pause Young (Allocation Failure) 57M->16M(149M) 42.495ms
[66.251s][info][gc] GC(33) Pause Young (Allocation Failure) 57M->16M(149M) 30.776ms
[67.153s][info][gc] GC(34) Pause Young (Allocation Failure) 57M->16M(149M) 29.443ms
[68.022s][info][gc] GC(35) Pause Young (Allocation Failure) 57M->16M(149M) 37.376ms
[69.153s][info][gc] GC(36) Pause Young (Allocation Failure) 57M->16M(149M) 29.635ms
[70.252s][info][gc] GC(37) Pause Young (Allocation Failure) 57M->16M(149M) 37.410ms
[71.519s][info][gc] GC(38) Pause Young (Allocation Failure) 57M->16M(149M) 38.346ms
[72.254s][info][gc] GC(39) Pause Young (Allocation Failure) 57M->16M(149M) 29.073ms
[72.927s][info][gc] GC(40) Pause Young (Allocation Failure) 57M->16M(149M) 29.988ms
[73.525s][info][gc] GC(41) Pause Young (Allocation Failure) 57M->16M(149M) 29.883ms
[74.257s][info][gc] GC(42) Pause Young (Allocation Failure) 57M->16M(149M) 28.982ms
[74.904s][info][gc] GC(43) Pause Young (Allocation Failure) 57M->16M(149M) 39.251ms
[76.204s][info][gc] GC(44) Pause Young (Allocation Failure) 57M->16M(149M) 38.495ms
[77.432s][info][gc] GC(45) Pause Young (Allocation Failure) 57M->16M(149M) 34.746ms
[78.308s][info][gc] GC(46) Pause Young (Allocation Failure) 57M->16M(149M) 43.236ms
[79.364s][info][gc] GC(47) Pause Young (Allocation Failure) 57M->16M(149M) 29.346ms
[80.193s][info][gc] GC(48) Pause Young (Allocation Failure) 57M->16M(149M) 29.893ms
[80.818s][info][gc] GC(49) Pause Young (Allocation Failure) 57M->16M(149M) 34.114ms
[81.725s][info][gc] GC(50) Pause Young (Allocation Failure) 57M->16M(149M) 30.082ms
[83.088s][info][gc] GC(51) Pause Young (Allocation Failure) 57M->16M(149M) 37.791ms
[84.305s][info][gc] GC(52) Pause Young (Allocation Failure) 57M->16M(149M) 40.672ms
[85.387s][info][gc] GC(53) Pause Young (Allocation Failure) 57M->16M(149M) 30.012ms
[86.371s][info][gc] GC(54) Pause Young (Allocation Failure) 57M->16M(149M) 29.978ms
[87.003s][info][gc] GC(55) Pause Young (Allocation Failure) 57M->16M(149M) 28.516ms
[87.659s][info][gc] GC(56) Pause Young (Allocation Failure) 57M->16M(149M) 29.451ms
[88.809s][info][gc] GC(57) Pause Young (Allocation Failure) 57M->16M(149M) 36.876ms
[89.735s][info][gc] GC(58) Pause Young (Allocation Failure) 57M->16M(149M) 40.638ms
[90.429s][info][gc] GC(59) Pause Young (Allocation Failure) 57M->16M(149M) 41.230ms
[91.536s][info][gc] GC(60) Pause Young (Allocation Failure) 57M->16M(149M) 30.524ms
[92.321s][info][gc] GC(61) Pause Young (Allocation Failure) 57M->16M(149M) 30.452ms
[92.954s][info][gc] GC(62) Pause Young (Allocation Failure) 57M->16M(149M) 30.341ms
[93.714s][info][gc] GC(63) Pause Young (Allocation Failure) 57M->16M(149M) 31.718ms
[95.329s][info][gc] GC(64) Pause Young (Allocation Failure) 57M->16M(149M) 39.027ms
[96.527s][info][gc] GC(65) Pause Young (Allocation Failure) 57M->16M(149M) 39.617ms
[97.382s][info][gc] GC(66) Pause Young (Allocation Failure) 57M->16M(149M) 34.485ms
[97.789s][info][gc] GC(67) Pause Young (Allocation Failure) 57M->16M(149M) 36.187ms
[99.163s][info][gc] GC(68) Pause Young (Allocation Failure) 57M->16M(149M) 29.085ms
[99.778s][info][gc] GC(69) Pause Young (Allocation Failure) 57M->16M(149M) 30.035ms
[100.673s][info][gc] GC(70) Pause Young (Allocation Failure) 57M->16M(149M) 39.001ms
[102.004s][info][gc] GC(71) Pause Young (Allocation Failure) 57M->16M(149M) 47.895ms
[103.010s][info][gc] GC(72) Pause Young (Allocation Failure) 57M->16M(149M) 40.502ms
[103.657s][info][gc] GC(73) Pause Young (Allocation Failure) 57M->16M(149M) 31.398ms
[105.026s][info][gc] GC(74) Pause Young (Allocation Failure) 57M->16M(149M) 34.721ms
[105.841s][info][gc] GC(75) Pause Young (Allocation Failure) 57M->16M(149M) 28.358ms
[106.759s][info][gc] GC(76) Pause Young (Allocation Failure) 57M->16M(149M) 30.185ms
[107.746s][info][gc] GC(77) Pause Young (Allocation Failure) 57M->16M(149M) 51.705ms
[108.915s][info][gc] GC(78) Pause Young (Allocation Failure) 57M->16M(149M) 39.076ms
[109.584s][info][gc] GC(79) Pause Young (Allocation Failure) 57M->16M(149M) 31.586ms
[110.476s][info][gc] GC(80) Pause Young (Allocation Failure) 57M->16M(149M) 39.947ms
[111.359s][info][gc] GC(81) Pause Young (Allocation Failure) 57M->16M(149M) 31.188ms
[112.042s][info][gc] GC(82) Pause Young (Allocation Failure) 57M->16M(149M) 29.748ms
[112.684s][info][gc] GC(83) Pause Young (Allocation Failure) 57M->16M(149M) 30.271ms
[113.882s][info][gc] GC(84) Pause Young (Allocation Failure) 57M->16M(149M) 38.986ms
[115.144s][info][gc] GC(85) Pause Young (Allocation Failure) 57M->16M(149M) 29.134ms
[115.699s][info][gc] GC(86) Pause Young (Allocation Failure) 57M->16M(149M) 28.638ms
[116.515s][info][gc] GC(87) Pause Young (Allocation Failure) 57M->16M(149M) 37.851ms
[117.210s][info][gc] GC(88) Pause Young (Allocation Failure) 57M->16M(149M) 29.092ms
[117.886s][info][gc] GC(89) Pause Young (Allocation Failure) 57M->16M(149M) 29.823ms
[118.434s][info][gc] GC(90) Pause Young (Allocation Failure) 57M->16M(149M) 32.281ms
[118.989s][info][gc] GC(91) Pause Young (Allocation Failure) 57M->16M(149M) 35.280ms
[120.082s][info][gc] GC(92) Pause Young (Allocation Failure) 57M->16M(149M) 36.993ms
[121.223s][info][gc] GC(93) Pause Young (Allocation Failure) 57M->16M(149M) 29.505ms
[122.474s][info][gc] GC(94) Pause Young (Allocation Failure) 57M->16M(149M) 29.373ms
[123.559s][info][gc] GC(95) Pause Young (Allocation Failure) 57M->16M(149M) 41.995ms
[124.744s][info][gc] GC(96) Pause Young (Allocation Failure) 57M->16M(149M) 31.824ms
[125.534s][info][gc] GC(97) Pause Young (Allocation Failure) 57M->16M(149M) 41.280ms
[126.735s][info][gc] GC(98) Pause Young (Allocation Failure) 57M->16M(149M) 39.511ms
[127.757s][info][gc] GC(99) Pause Young (Allocation Failure) 57M->16M(149M) 29.276ms
[128.546s][info][gc] GC(100) Pause Young (Allocation Failure) 57M->16M(149M) 31.468ms
[129.680s][info][gc] GC(101) Pause Young (Allocation Failure) 57M->16M(149M) 38.710ms
[130.862s][info][gc] GC(102) Pause Young (Allocation Failure) 57M->16M(149M) 31.390ms
[131.941s][info][gc] GC(103) Pause Young (Allocation Failure) 57M->16M(149M) 40.233ms
[133.127s][info][gc] GC(104) Pause Young (Allocation Failure) 57M->16M(149M) 31.829ms
[134.010s][info][gc] GC(105) Pause Young (Allocation Failure) 57M->16M(149M) 32.343ms
[134.738s][info][gc] GC(106) Pause Young (Allocation Failure) 57M->16M(149M) 33.527ms
[136.195s][info][gc] GC(107) Pause Young (Allocation Failure) 57M->16M(149M) 31.000ms
[137.387s][info][gc] GC(108) Pause Young (Allocation Failure) 57M->16M(149M) 49.592ms
[138.982s][info][gc] GC(109) Pause Young (Allocation Failure) 57M->16M(149M) 51.429ms
[139.808s][info][gc] GC(110) Pause Young (Allocation Failure) 57M->16M(149M) 31.789ms
[140.782s][info][gc] GC(111) Pause Young (Allocation Failure) 57M->16M(149M) 31.093ms
[141.784s][info][gc] GC(112) Pause Young (Allocation Failure) 57M->16M(149M) 38.281ms
[142.598s][info][gc] GC(113) Pause Young (Allocation Failure) 57M->16M(149M) 30.748ms
[143.567s][info][gc] GC(114) Pause Young (Allocation Failure) 57M->16M(149M) 41.197ms
[144.672s][info][gc] GC(115) Pause Young (Allocation Failure) 57M->16M(149M) 42.556ms
[146.109s][info][gc] GC(116) Pause Young (Allocation Failure) 57M->16M(149M) 34.430ms
[147.526s][info][gc] GC(117) Pause Young (Allocation Failure) 57M->16M(149M) 42.744ms
[148.606s][info][gc] GC(118) Pause Young (Allocation Failure) 57M->16M(149M) 37.845ms
[149.509s][info][gc] GC(119) Pause Young (Allocation Failure) 57M->16M(149M) 42.501ms
[150.465s][info][gc] GC(120) Pause Young (Allocation Failure) 57M->16M(149M) 39.590ms
[151.519s][info][gc] GC(121) Pause Young (Allocation Failure) 57M->16M(149M) 32.572ms
[152.308s][info][gc] GC(122) Pause Young (Allocation Failure) 57M->16M(149M) 35.958ms
[154.065s][info][gc] GC(123) Pause Young (Allocation Failure) 57M->16M(149M) 52.236ms
[155.435s][info][gc] GC(124) Pause Young (Allocation Failure) 57M->16M(149M) 41.231ms
[157.002s][info][gc] GC(125) Pause Young (Allocation Failure) 57M->16M(149M) 44.608ms
[158.159s][info][gc] GC(126) Pause Young (Allocation Failure) 57M->16M(149M) 31.348ms
[159.174s][info][gc] GC(127) Pause Young (Allocation Failure) 57M->16M(149M) 40.225ms
[159.984s][info][gc] GC(128) Pause Young (Allocation Failure) 57M->16M(149M) 44.729ms
[160.594s][info][gc] GC(129) Pause Young (Allocation Failure) 57M->16M(149M) 33.114ms
[161.673s][info][gc] GC(130) Pause Young (Allocation Failure) 57M->16M(149M) 44.053ms
[163.056s][info][gc] GC(131) Pause Young (Allocation Failure) 57M->16M(149M) 44.782ms
[164.079s][info][gc] GC(132) Pause Young (Allocation Failure) 57M->16M(149M) 30.584ms
[164.981s][info][gc] GC(133) Pause Young (Allocation Failure) 57M->16M(149M) 44.312ms
[166.508s][info][gc] GC(134) Pause Young (Allocation Failure) 57M->16M(149M) 34.766ms
[167.581s][info][gc] GC(135) Pause Young (Allocation Failure) 57M->16M(149M) 40.658ms
[169.036s][info][gc] GC(136) Pause Young (Allocation Failure) 57M->16M(149M) 44.631ms
[170.399s][info][gc] GC(137) Pause Young (Allocation Failure) 57M->16M(149M) 32.901ms
[171.443s][info][gc] GC(138) Pause Young (Allocation Failure) 57M->16M(149M) 42.627ms
[172.251s][info][gc] GC(139) Pause Young (Allocation Failure) 57M->16M(149M) 34.289ms

Completed requests
Client threads complete ... unloading web application
===== DaCapo 23.11-chopin tomcat PASSED in 163993 msec =====
[173.199s][info][gc] GC(140) Pause Young (Allocation Failure) 57M->16M(149M) 68.956ms
===== DaCapo simple tail latency: 50% 9986 usec, 90% 40665 usec, 99% 145903 usec, 99.9% 537698 usec, 99.99% 5984295 usec, max 6091306 usec, measured over 80000 events =====
===== DaCapo metered tail latency: 50% 15150450 usec, 90% 28581545 usec, 99% 30044750 usec, 99.9% 30288266 usec, 99.99% 30337640 usec, max 30428541 usec, measured over 80000 events =====
runAgain
Server stopped ... iteration complete
