[0.002s][info][gc] Using G1
Class name: org.dacapo.harness.H2
Configurations:
short     An SQL relational database engine written in Java
long      H2 executes a TPC-C like benchmark written by Apache as part of the Apache Derby database. The application models: customers, districts, warehouses, purchases and deliveries.
author    TPC-C like workload authored by The Apache Software Foundation, and Database authored by H2
license   Apache License, Version 2.0 covering TPC-C like workload, and Eclipse Public License Version 1.0 covering H2
copyright Copyright (c) 2001-2002, The Apache Software Foundation and H2 Group, H2
url       http://db.apache.org/derby/ and http://www.h2database.com
version   h2 2.2.220 derby 10.15.2.0
sizes     default large small vlarge
Using scaled threading model. 8 processors detected, 8 threads used to drive the workload, in a possible range of [1,1024]
Version: h2 2.2.220 derby 10.15.2.0

Nominal statistics
Key Score  Rank Value Description
AOA:    3 14/18    42 nominal average object size (bytes)
AOL:    5  9/18    64 nominal 90-percentile object size (bytes)
AOM:    9  3/18    32 nominal median object size (bytes)
AOS:   10  1/18    24 nominal 10-percentile object size (bytes)
ARA:    6  8/18  3539 nominal allocation rate (bytes / usec) (6765032248/1911200.0)
BAL:    7  7/19    68 nominal aaload per usec
BAS:    8  4/19     8 nominal aastore per usec
BEF:    6  8/19     7 nominal execution focus / dominance of hot code
BGF:    6  8/19  1060 nominal getfield per usec
BPF:    7  6/19   172 nominal putfield per usec
BUB:    2 17/19    17 nominal thousands of unique bytecodes executed
BUF:    3 14/19     2 nominal thousands of unique function calls
GCA:    5 12/22    98 nominal average post-GC heap size as percent of min heap, when run at 2X min heap with G1 (670/681)
GCC:    3 17/22   558 nominal GC count at 2X heap size (G1)
GCM:    3 16/22    82 nominal median post-GC heap size as percent of min heap, when run at 2X min heap with G1 (564/681)
GCP:    5 11/22     4 nominal percentage of time spent in GC pauses at 2X heap size (G1) (3171/63848)
GLK:    5 12/22     0 nominal percent 10th iteration memory leakage (10 iterations / 1 iterations) (681/679)
GMD:   10  1/22   681 nominal minimum heap size (MB) for default size configuration (with compressed pointers)
GML:   10  1/18 10193 nominal minimum heap size (MB) for large size configuration (with compressed pointers)
GMS:    8  6/22    69 nominal minimum heap size (MB) for small size configuration (with compressed pointers)
GMU:   10  1/22   902 nominal minimum heap size (MB) for default size without compressed pointers
GMV:   10   1/3 20609 nominal minimum heap size (MB) for vlarge size configuration (with compressed pointers)
GSS:    4 14/22    40 nominal heap size sensitivity (slowdown with tight heap, as a percentage) (2691.3/1911.2)
GTO:    1 17/18     9 nominal memory turnover (total alloc bytes / min heap bytes)
PET:    4 15/22     2 nominal execution time (sec)
PKP:    1 21/22     0 nominal percentage of time spent in kernel mode (as percentage of user plus kernel time)
PPE:    8  6/22    24 nominal parallel efficiency (speedup as percentage of ideal speedup for 32 threads)
PSD:    8  6/22     1 nominal standard deviation among invocations at peak performance (as percentage of performance)
PWU:    5 13/22     2 nominal iterations to warm up to within 1.5% of best

Initializing callback
Preparing the H2 database...
TPCC configuration: scale: 16, terminals: 8, transactions: 100000
[0.374s][info][gc] GC(0) Pause Young (Normal) (G1 Evacuation Pause) 24M->5M(62M) 3.586ms
[0.484s][info][gc] GC(1) Pause Young (Normal) (G1 Evacuation Pause) 32M->7M(62M) 4.914ms
[0.549s][info][gc] GC(2) Pause Young (Normal) (G1 Evacuation Pause) 33M->9M(62M) 3.910ms
[0.645s][info][gc] GC(3) Pause Young (Normal) (G1 Evacuation Pause) 37M->12M(62M) 7.455ms
[0.703s][info][gc] GC(4) Pause Young (Normal) (G1 Evacuation Pause) 39M->14M(81M) 5.936ms
[0.766s][info][gc] GC(5) Pause Young (Normal) (G1 Evacuation Pause) 46M->16M(81M) 3.567ms
[0.826s][info][gc] GC(6) Pause Young (Normal) (G1 Evacuation Pause) 51M->19M(81M) 5.756ms
[0.888s][info][gc] GC(7) Pause Young (Normal) (G1 Evacuation Pause) 55M->22M(81M) 6.716ms
[0.952s][info][gc] GC(8) Pause Young (Normal) (G1 Evacuation Pause) 57M->24M(122M) 6.178ms
[1.052s][info][gc] GC(9) Pause Young (Normal) (G1 Evacuation Pause) 72M->27M(122M) 5.878ms
[1.155s][info][gc] GC(10) Pause Young (Normal) (G1 Evacuation Pause) 79M->31M(122M) 8.325ms
[1.248s][info][gc] GC(11) Pause Young (Normal) (G1 Evacuation Pause) 85M->36M(122M) 10.112ms
[1.345s][info][gc] GC(12) Pause Young (Normal) (G1 Evacuation Pause) 90M->38M(234M) 10.702ms
[1.520s][info][gc] GC(13) Pause Young (Normal) (G1 Evacuation Pause) 128M->44M(234M) 6.562ms
[1.689s][info][gc] GC(14) Pause Young (Normal) (G1 Evacuation Pause) 149M->51M(234M) 6.452ms
[1.890s][info][gc] GC(15) Pause Young (Normal) (G1 Evacuation Pause) 177M->60M(234M) 7.717ms
[2.070s][info][gc] GC(16) Pause Young (Normal) (G1 Evacuation Pause) 180M->68M(324M) 8.787ms
[2.274s][info][gc] GC(17) Pause Young (Normal) (G1 Evacuation Pause) 235M->78M(324M) 11.250ms
[2.436s][info][gc] GC(18) Pause Young (Normal) (G1 Evacuation Pause) 247M->91M(324M) 7.968ms
[2.605s][info][gc] GC(19) Pause Young (Normal) (G1 Evacuation Pause) 256M->102M(324M) 11.318ms
[2.756s][info][gc] GC(20) Pause Young (Normal) (G1 Evacuation Pause) 258M->113M(354M) 12.192ms
[2.905s][info][gc] GC(21) Pause Young (Normal) (G1 Evacuation Pause) 282M->123M(354M) 9.361ms
[3.032s][info][gc] GC(22) Pause Young (Normal) (G1 Evacuation Pause) 286M->134M(354M) 10.502ms
[3.138s][info][gc] GC(23) Pause Young (Normal) (G1 Evacuation Pause) 289M->142M(354M) 11.014ms
[3.256s][info][gc] GC(24) Pause Young (Normal) (G1 Evacuation Pause) 289M->153M(354M) 18.903ms
[3.376s][info][gc] GC(25) Pause Young (Normal) (G1 Evacuation Pause) 290M->162M(396M) 27.379ms
[3.500s][info][gc] GC(26) Pause Young (Normal) (G1 Evacuation Pause) 325M->172M(396M) 7.556ms
[3.603s][info][gc] GC(27) Pause Young (Normal) (G1 Evacuation Pause) 327M->183M(396M) 9.845ms
[3.707s][info][gc] GC(28) Pause Young (Normal) (G1 Evacuation Pause) 328M->193M(396M) 10.359ms
[3.797s][info][gc] GC(29) Pause Young (Concurrent Start) (G1 Evacuation Pause) 330M->201M(396M) 7.214ms
[3.797s][info][gc] GC(30) Concurrent Cycle
[3.898s][info][gc] GC(30) Pause Remark 327M->327M(396M) 11.553ms
[3.910s][info][gc] GC(31) Pause Young (Normal) (G1 Evacuation Pause) 331M->210M(396M) 9.350ms
[4.003s][info][gc] GC(32) Pause Young (Normal) (G1 Evacuation Pause) 332M->218M(461M) 11.576ms
[4.009s][info][gc] GC(30) Pause Cleanup 228M->228M(461M) 0.428ms
[4.011s][info][gc] GC(30) Concurrent Cycle 213.352ms
[4.180s][info][gc] GC(33) Pause Young (Normal) (G1 Evacuation Pause) 379M->226M(461M) 7.464ms
[4.379s][info][gc] GC(34) Pause Young (Concurrent Start) (G1 Evacuation Pause) 381M->228M(461M) 6.236ms
[4.380s][info][gc] GC(35) Concurrent Cycle
[4.494s][info][gc] GC(35) Pause Remark 335M->335M(461M) 8.092ms
[4.537s][info][gc] GC(36) Pause Young (Normal) (G1 Evacuation Pause) 386M->238M(461M) 9.350ms
[4.612s][info][gc] GC(35) Pause Cleanup 366M->366M(461M) 0.243ms
[4.613s][info][gc] GC(35) Concurrent Cycle 233.622ms
[4.637s][info][gc] GC(37) Pause Young (Normal) (G1 Evacuation Pause) 388M->248M(461M) 14.175ms
[4.711s][info][gc] GC(38) Pause Young (Concurrent Start) (G1 Evacuation Pause) 389M->253M(461M) 8.623ms
[4.712s][info][gc] GC(39) Concurrent Cycle
[4.784s][info][gc] GC(40) Pause Young (Normal) (G1 Evacuation Pause) 392M->250M(461M) 4.907ms
[4.834s][info][gc] GC(39) Pause Remark 342M->342M(461M) 1.887ms
[4.872s][info][gc] GC(41) Pause Young (Normal) (G1 Evacuation Pause) 392M->254M(461M) 4.245ms
[4.933s][info][gc] GC(39) Pause Cleanup 358M->358M(461M) 0.394ms
[4.934s][info][gc] GC(39) Concurrent Cycle 222.081ms
[4.955s][info][gc] GC(42) Pause Young (Normal) (G1 Evacuation Pause) 394M->259M(461M) 5.270ms
[5.020s][info][gc] GC(43) Pause Young (Concurrent Start) (G1 Evacuation Pause) 394M->268M(461M) 7.120ms
[5.021s][info][gc] GC(44) Concurrent Cycle
[5.094s][info][gc] GC(45) Pause Young (Normal) (G1 Evacuation Pause) 394M->277M(461M) 7.224ms
[5.149s][info][gc] GC(44) Pause Remark 381M->378M(461M) 2.047ms
[5.166s][info][gc] GC(46) Pause Young (Normal) (G1 Evacuation Pause) 391M->283M(461M) 8.717ms
[5.219s][info][gc] GC(47) Pause Young (Normal) (G1 Evacuation Pause) 395M->290M(461M) 4.832ms
[5.273s][info][gc] GC(48) Pause Young (Normal) (G1 Evacuation Pause) 396M->298M(461M) 6.704ms
[5.285s][info][gc] GC(44) Pause Cleanup 324M->324M(461M) 0.458ms
[5.285s][info][gc] GC(44) Concurrent Cycle 264.469ms
[5.321s][info][gc] GC(49) Pause Young (Normal) (G1 Evacuation Pause) 397M->306M(461M) 4.559ms
[5.364s][info][gc] GC(50) Pause Young (Concurrent Start) (G1 Evacuation Pause) 399M->312M(461M) 4.995ms
[5.364s][info][gc] GC(51) Concurrent Cycle
[5.417s][info][gc] GC(52) Pause Young (Normal) (G1 Evacuation Pause) 399M->319M(461M) 9.028ms
[5.464s][info][gc] GC(53) Pause Young (Normal) (G1 Evacuation Pause) 401M->324M(497M) 4.783ms
[5.520s][info][gc] GC(51) Pause Remark 417M->417M(497M) 3.794ms
[5.530s][info][gc] GC(54) Pause Young (Normal) (G1 Evacuation Pause) 426M->332M(497M) 5.638ms
[5.576s][info][gc] GC(55) Pause Young (Normal) (G1 Evacuation Pause) 428M->339M(497M) 5.449ms
[5.620s][info][gc] GC(56) Pause Young (Normal) (G1 Evacuation Pause) 431M->345M(497M) 5.607ms
[5.652s][info][gc] GC(51) Pause Cleanup 423M->423M(497M) 0.473ms
[5.653s][info][gc] GC(51) Concurrent Cycle 288.440ms
[5.660s][info][gc] GC(57) Pause Young (Normal) (G1 Evacuation Pause) 431M->352M(520M) 4.710ms
[5.710s][info][gc] GC(58) Pause Young (Concurrent Start) (G1 Evacuation Pause) 450M->359M(520M) 4.567ms
[5.710s][info][gc] GC(59) Concurrent Cycle
[5.761s][info][gc] GC(60) Pause Young (Normal) (G1 Evacuation Pause) 453M->364M(520M) 4.734ms
[5.808s][info][gc] GC(61) Pause Young (Normal) (G1 Evacuation Pause) 453M->366M(520M) 3.553ms
[5.855s][info][gc] GC(62) Pause Young (Normal) (G1 Evacuation Pause) 455M->366M(520M) 2.622ms
[5.888s][info][gc] GC(59) Pause Remark 434M->434M(520M) 1.825ms
[5.900s][info][gc] GC(63) Pause Young (Normal) (G1 Evacuation Pause) 456M->367M(520M) 2.355ms
[5.941s][info][gc] GC(64) Pause Young (Normal) (G1 Evacuation Pause) 458M->367M(520M) 2.214ms
[5.982s][info][gc] GC(65) Pause Young (Normal) (G1 Evacuation Pause) 458M->368M(520M) 1.709ms
[6.018s][info][gc] GC(59) Pause Cleanup 450M->450M(520M) 0.545ms
[6.018s][info][gc] GC(59) Concurrent Cycle 308.518ms
[6.031s][info][gc] GC(66) Pause Young (Normal) (G1 Evacuation Pause) 459M->369M(520M) 8.723ms
[6.090s][info][gc] GC(67) Pause Young (Concurrent Start) (G1 Evacuation Pause) 461M->374M(570M) 3.490ms
[6.091s][info][gc] GC(68) Concurrent Cycle
[6.199s][info][gc] GC(69) Pause Young (Normal) (G1 Evacuation Pause) 486M->376M(570M) 3.707ms
[6.243s][info][gc] GC(68) Pause Remark 456M->438M(570M) 6.526ms
[6.307s][info][gc] GC(70) Pause Young (Normal) (G1 Evacuation Pause) 471M->369M(570M) 6.175ms
[6.373s][info][gc] GC(71) Pause Young (Normal) (G1 Evacuation Pause) 484M->369M(570M) 6.023ms
[6.376s][info][gc] GC(68) Pause Cleanup 380M->380M(570M) 0.458ms
[6.377s][info][gc] GC(68) Concurrent Cycle 286.346ms
[6.409s][info][gc] GC(72) Pause Young (Prepare Mixed) (G1 Evacuation Pause) 485M->379M(570M) 6.166ms
[6.423s][info][gc] GC(73) Pause Young (Mixed) (G1 Evacuation Pause) 391M->349M(570M) 9.799ms
[6.455s][info][gc] GC(74) Pause Young (Concurrent Start) (G1 Humongous Allocation) 414M->355M(614M) 3.850ms
[6.455s][info][gc] GC(75) Concurrent Cycle
[6.600s][info][gc] GC(76) Pause Young (Normal) (G1 Evacuation Pause) 500M->359M(614M) 4.489ms
[6.621s][info][gc] GC(75) Pause Remark 409M->409M(614M) 3.756ms
[6.660s][info][gc] GC(77) Pause Young (Normal) (G1 Evacuation Pause) 506M->359M(614M) 4.000ms
[6.735s][info][gc] GC(78) Pause Young (Normal) (G1 Evacuation Pause) 510M->373M(614M) 7.019ms
[6.770s][info][gc] GC(75) Pause Cleanup 412M->412M(614M) 0.620ms
[6.770s][info][gc] GC(75) Concurrent Cycle 315.369ms
[6.862s][info][gc] GC(79) Pause Young (Prepare Mixed) (G1 Evacuation Pause) 517M->384M(614M) 9.547ms
[6.878s][info][gc] GC(80) Pause Young (Mixed) (G1 Evacuation Pause) 404M->384M(614M) 5.895ms
[6.939s][info][gc] GC(81) Pause Young (Concurrent Start) (G1 Evacuation Pause) 519M->384M(614M) 1.528ms
[6.939s][info][gc] GC(82) Concurrent Cycle
[7.062s][info][gc] GC(83) Pause Young (Normal) (G1 Evacuation Pause) 524M->397M(614M) 9.087ms
[7.111s][info][gc] GC(82) Pause Remark 467M->464M(614M) 2.039ms
[7.133s][info][gc] GC(84) Pause Young (Normal) (G1 Evacuation Pause) 520M->395M(645M) 6.351ms
[7.229s][info][gc] GC(85) Pause Young (Normal) (G1 Evacuation Pause) 542M->394M(645M) 9.215ms
[7.263s][info][gc] GC(82) Pause Cleanup 471M->471M(645M) 0.656ms
[7.263s][info][gc] GC(82) Concurrent Cycle 324.229ms
[7.349s][info][gc] GC(86) Pause Young (Prepare Mixed) (G1 Evacuation Pause) 544M->405M(645M) 5.438ms
[7.366s][info][gc] GC(87) Pause Young (Mixed) (G1 Evacuation Pause) 418M->387M(645M) 10.861ms
[7.449s][info][gc] GC(88) Pause Young (Concurrent Start) (G1 Evacuation Pause) 541M->398M(645M) 6.020ms
[7.449s][info][gc] GC(89) Concurrent Cycle
[7.508s][info][gc] GC(90) Pause Young (Normal) (G1 Evacuation Pause) 544M->416M(645M) 9.161ms
[7.560s][info][gc] GC(91) Pause Young (Normal) (G1 Evacuation Pause) 547M->432M(678M) 7.933ms
[7.622s][info][gc] GC(92) Pause Young (Normal) (G1 Evacuation Pause) 573M->449M(678M) 7.929ms
[7.647s][info][gc] GC(89) Pause Remark 494M->489M(678M) 8.427ms
[7.678s][info][gc] GC(93) Pause Young (Normal) (G1 Evacuation Pause) 571M->459M(678M) 8.560ms
[7.719s][info][gc] GC(94) Pause Young (Normal) (G1 Evacuation Pause) 578M->473M(678M) 8.369ms
[7.756s][info][gc] GC(95) Pause Young (Normal) (G1 Evacuation Pause) 582M->485M(708M) 7.038ms
[7.821s][info][gc] GC(89) Pause Cleanup 600M->600M(708M) 0.468ms
[7.822s][info][gc] GC(89) Concurrent Cycle 372.831ms
[7.862s][info][gc] GC(96) Pause Young (Prepare Mixed) (G1 Evacuation Pause) 613M->524M(708M) 13.433ms
[7.886s][info][gc] GC(97) Pause Young (Mixed) (G1 Evacuation Pause) 542M->514M(708M) 9.816ms
[7.955s][info][gc] GC(98) Pause Young (Normal) (G1 Evacuation Pause) 600M->513M(708M) 1.906ms
[8.028s][info][gc] GC(99) Pause Young (Normal) (G1 Evacuation Pause) 605M->513M(708M) 1.841ms
[8.104s][info][gc] GC(100) Pause Young (Concurrent Start) (G1 Evacuation Pause) 610M->513M(708M) 1.215ms
[8.104s][info][gc] GC(101) Concurrent Cycle
[8.191s][info][gc] GC(102) Pause Young (Normal) (G1 Evacuation Pause) 615M->513M(708M) 1.025ms
[8.281s][info][gc] GC(103) Pause Young (Normal) (G1 Evacuation Pause) 619M->513M(708M) 1.366ms
[8.335s][info][gc] GC(101) Pause Remark 591M->585M(708M) 8.751ms
[8.352s][info][gc] GC(104) Pause Young (Normal) (G1 Evacuation Pause) 616M->508M(708M) 1.340ms
[8.410s][info][gc] GC(105) Pause Young (Normal) (G1 Evacuation Pause) 624M->509M(708M) 1.800ms
[8.474s][info][gc] GC(106) Pause Young (Normal) (G1 Evacuation Pause) 625M->510M(708M) 8.295ms
[8.510s][info][gc] GC(101) Pause Cleanup 584M->584M(708M) 0.513ms
[8.510s][info][gc] GC(101) Concurrent Cycle 405.973ms
[8.531s][info][gc] GC(107) Pause Young (Prepare Mixed) (G1 Evacuation Pause) 626M->511M(719M) 1.751ms
[8.555s][info][gc] GC(108) Pause Young (Mixed) (G1 Evacuation Pause) 542M->503M(719M) 6.432ms
[8.612s][info][gc] GC(109) Pause Young (Normal) (G1 Evacuation Pause) 629M->504M(719M) 1.943ms
[8.727s][info][gc] GC(110) Pause Young (Normal) (G1 Evacuation Pause) 631M->516M(719M) 5.663ms
[8.812s][info][gc] GC(111) Pause Young (Concurrent Start) (G1 Evacuation Pause) 628M->530M(719M) 8.302ms
[8.812s][info][gc] GC(112) Concurrent Cycle
[8.890s][info][gc] GC(113) Pause Young (Normal) (G1 Evacuation Pause) 627M->541M(719M) 7.321ms
[8.987s][info][gc] GC(114) Pause Young (Normal) (G1 Evacuation Pause) 627M->552M(734M) 6.127ms
[9.038s][info][gc] GC(112) Pause Remark 595M->571M(734M) 8.550ms
[9.065s][info][gc] GC(115) Pause Young (Normal) (G1 Evacuation Pause) 614M->537M(734M) 4.182ms
[9.152s][info][gc] GC(116) Pause Young (Normal) (G1 Evacuation Pause) 634M->549M(734M) 9.145ms
[9.213s][info][gc] GC(112) Pause Cleanup 633M->633M(734M) 0.588ms
[9.213s][info][gc] GC(112) Concurrent Cycle 401.496ms
[9.230s][info][gc] GC(117) Pause Young (Prepare Mixed) (G1 Evacuation Pause) 636M->559M(734M) 7.980ms
[9.256s][info][gc] GC(118) Pause Young (Mixed) (G1 Evacuation Pause) 584M->515M(734M) 11.660ms
[9.292s][info][gc] GC(119) Pause Young (Mixed) (G1 Evacuation Pause) 547M->508M(761M) 8.746ms
[9.400s][info][gc] GC(120) Pause Young (Normal) (G1 Evacuation Pause) 646M->523M(761M) 9.311ms
[9.628s][info][gc] GC(121) Pause Young (Normal) (G1 Evacuation Pause) 660M->555M(761M) 20.852ms
[9.724s][info][gc] GC(122) Pause Young (Concurrent Start) (G1 Evacuation Pause) 647M->557M(761M) 9.461ms
[9.724s][info][gc] GC(123) Concurrent Cycle
[9.820s][info][gc] GC(124) Pause Young (Normal) (G1 Evacuation Pause) 651M->557M(798M) 1.427ms
[9.949s][info][gc] GC(125) Pause Young (Normal) (G1 Evacuation Pause) 671M->556M(798M) 7.736ms
[9.978s][info][gc] GC(123) Pause Remark 583M->577M(798M) 4.321ms
[10.068s][info][gc] GC(126) Pause Young (Normal) (G1 Evacuation Pause) 668M->550M(798M) 3.982ms
[10.180s][info][gc] GC(127) Pause Young (Normal) (G1 Evacuation Pause) 675M->550M(798M) 3.719ms
[10.188s][info][gc] GC(123) Pause Cleanup 558M->558M(798M) 0.647ms
[10.189s][info][gc] GC(123) Concurrent Cycle 464.374ms
[10.279s][info][gc] GC(128) Pause Young (Prepare Mixed) (G1 Evacuation Pause) 679M->551M(798M) 1.315ms
[10.310s][info][gc] GC(129) Pause Young (Mixed) (G1 Evacuation Pause) 588M->546M(798M) 3.939ms
[10.410s][info][gc] GC(130) Pause Young (Normal) (G1 Evacuation Pause) 681M->547M(798M) 2.759ms
[10.520s][info][gc] GC(131) Pause Young (Normal) (G1 Evacuation Pause) 684M->548M(798M) 1.716ms
[10.616s][info][gc] GC(132) Pause Young (Normal) (G1 Evacuation Pause) 687M->549M(798M) 5.924ms
[10.750s][info][gc] GC(133) Pause Full (System.gc()) 558M->443M(798M) 124.658ms
===== DaCapo 23.11-chopin h2 starting =====
Starting 100000 requests...
[11.068s][info][gc] GC(134) Pause Young (Normal) (G1 Evacuation Pause) 627M->449M(798M) 2.622ms
[11.281s][info][gc] GC(135) Pause Young (Normal) (G1 Evacuation Pause) 655M->453M(798M) 4.134ms
[11.453s][info][gc] GC(136) Pause Young (Normal) (G1 Evacuation Pause) 659M->456M(798M) 4.122ms
[11.643s][info][gc] GC(137) Pause Young (Normal) (G1 Evacuation Pause) 665M->459M(815M) 6.754ms
5%[11.801s][info][gc] GC(138) Pause Young (Normal) (G1 Evacuation Pause) 674M->462M(815M) 5.903ms
[11.928s][info][gc] GC(139) Pause Young (Normal) (G1 Evacuation Pause) 692M->465M(815M) 5.678ms
[12.042s][info][gc] GC(140) Pause Young (Normal) (G1 Evacuation Pause) 695M->468M(815M) 6.202ms
[12.149s][info][gc] GC(141) Pause Young (Normal) (G1 Evacuation Pause) 698M->470M(815M) 5.408ms
10%[12.254s][info][gc] GC(142) Pause Young (Normal) (G1 Evacuation Pause) 701M->473M(815M) 11.108ms
[12.348s][info][gc] GC(143) Pause Young (Normal) (G1 Evacuation Pause) 704M->475M(815M) 5.669ms
[12.447s][info][gc] GC(144) Pause Young (Normal) (G1 Evacuation Pause) 705M->479M(815M) 15.922ms
[12.537s][info][gc] GC(145) Pause Young (Normal) (G1 Evacuation Pause) 706M->480M(815M) 6.109ms
15%[12.625s][info][gc] GC(146) Pause Young (Normal) (G1 Evacuation Pause) 707M->483M(815M) 6.358ms
[12.707s][info][gc] GC(147) Pause Young (Normal) (G1 Evacuation Pause) 709M->487M(815M) 11.570ms
[12.780s][info][gc] GC(148) Pause Young (Normal) (G1 Evacuation Pause) 709M->490M(815M) 5.386ms
[12.848s][info][gc] GC(149) Pause Young (Normal) (G1 Evacuation Pause) 707M->492M(815M) 4.796ms
20%[12.920s][info][gc] GC(150) Pause Young (Normal) (G1 Evacuation Pause) 708M->495M(815M) 6.766ms
[12.992s][info][gc] GC(151) Pause Young (Normal) (G1 Evacuation Pause) 708M->498M(815M) 6.002ms
[13.065s][info][gc] GC(152) Pause Young (Normal) (G1 Evacuation Pause) 708M->501M(815M) 6.288ms
[13.183s][info][gc] GC(153) Pause Young (Normal) (G1 Evacuation Pause) 708M->503M(815M) 6.693ms
[13.292s][info][gc] GC(154) Pause Young (Normal) (G1 Evacuation Pause) 710M->506M(815M) 8.046ms
25%[13.385s][info][gc] GC(155) Pause Young (Normal) (G1 Evacuation Pause) 710M->509M(822M) 5.417ms
[13.467s][info][gc] GC(156) Pause Young (Normal) (G1 Evacuation Pause) 716M->511M(822M) 5.506ms
[13.548s][info][gc] GC(157) Pause Young (Normal) (G1 Evacuation Pause) 715M->514M(822M) 5.860ms
[13.622s][info][gc] GC(158) Pause Young (Normal) (G1 Evacuation Pause) 715M->517M(822M) 5.900ms
30%[13.696s][info][gc] GC(159) Pause Young (Normal) (G1 Evacuation Pause) 716M->519M(822M) 5.496ms
[13.757s][info][gc] GC(160) Pause Young (Normal) (G1 Evacuation Pause) 715M->522M(822M) 5.202ms
[13.820s][info][gc] GC(161) Pause Young (Normal) (G1 Evacuation Pause) 717M->525M(822M) 6.428ms
[13.882s][info][gc] GC(162) Pause Young (Normal) (G1 Evacuation Pause) 715M->528M(822M) 9.528ms
[13.939s][info][gc] GC(163) Pause Young (Normal) (G1 Evacuation Pause) 716M->530M(822M) 6.460ms
35%[13.998s][info][gc] GC(164) Pause Young (Normal) (G1 Evacuation Pause) 717M->532M(822M) 6.330ms
[14.050s][info][gc] GC(165) Pause Young (Normal) (G1 Evacuation Pause) 716M->534M(822M) 7.267ms
[14.104s][info][gc] GC(166) Pause Young (Normal) (G1 Evacuation Pause) 718M->537M(832M) 5.583ms
[14.159s][info][gc] GC(167) Pause Young (Normal) (G1 Evacuation Pause) 727M->540M(832M) 5.333ms
40%[14.212s][info][gc] GC(168) Pause Young (Normal) (G1 Evacuation Pause) 724M->543M(832M) 5.823ms
[14.267s][info][gc] GC(169) Pause Young (Normal) (G1 Evacuation Pause) 726M->545M(832M) 5.110ms
[14.338s][info][gc] GC(170) Pause Young (Normal) (G1 Evacuation Pause) 725M->548M(838M) 7.546ms
[14.394s][info][gc] GC(171) Pause Young (Normal) (G1 Evacuation Pause) 732M->550M(838M) 5.447ms
[14.446s][info][gc] GC(172) Pause Young (Normal) (G1 Evacuation Pause) 731M->553M(838M) 4.890ms
45%[14.504s][info][gc] GC(173) Pause Young (Normal) (G1 Evacuation Pause) 732M->555M(838M) 5.845ms
[14.555s][info][gc] GC(174) Pause Young (Normal) (G1 Evacuation Pause) 731M->557M(848M) 4.719ms
[14.614s][info][gc] GC(175) Pause Young (Normal) (G1 Evacuation Pause) 742M->560M(848M) 4.816ms
[14.668s][info][gc] GC(176) Pause Young (Normal) (G1 Evacuation Pause) 742M->562M(848M) 5.400ms
[14.727s][info][gc] GC(177) Pause Young (Normal) (G1 Evacuation Pause) 740M->565M(848M) 4.637ms
50%[14.780s][info][gc] GC(178) Pause Young (Normal) (G1 Evacuation Pause) 742M->568M(854M) 5.900ms
[14.835s][info][gc] GC(179) Pause Young (Normal) (G1 Evacuation Pause) 746M->570M(854M) 5.592ms
[14.894s][info][gc] GC(180) Pause Young (Normal) (G1 Evacuation Pause) 745M->572M(854M) 5.493ms
[14.950s][info][gc] GC(181) Pause Young (Normal) (G1 Evacuation Pause) 747M->575M(854M) 7.971ms
[15.001s][info][gc] GC(182) Pause Young (Normal) (G1 Evacuation Pause) 747M->577M(865M) 4.734ms
55%[15.060s][info][gc] GC(183) Pause Young (Normal) (G1 Evacuation Pause) 757M->580M(865M) 5.208ms
[15.123s][info][gc] GC(184) Pause Young (Normal) (G1 Evacuation Pause) 757M->582M(865M) 4.057ms
[15.179s][info][gc] GC(185) Pause Young (Normal) (G1 Evacuation Pause) 757M->584M(865M) 5.330ms
[15.245s][info][gc] GC(186) Pause Young (Normal) (G1 Evacuation Pause) 756M->587M(865M) 5.151ms
[15.302s][info][gc] GC(187) Pause Young (Normal) (G1 Evacuation Pause) 755M->590M(870M) 5.002ms
60%[15.356s][info][gc] GC(188) Pause Young (Normal) (G1 Evacuation Pause) 760M->592M(870M) 5.067ms
[15.415s][info][gc] GC(189) Pause Young (Normal) (G1 Evacuation Pause) 762M->594M(870M) 6.443ms
[15.471s][info][gc] GC(190) Pause Young (Normal) (G1 Evacuation Pause) 761M->596M(870M) 6.735ms
[15.537s][info][gc] GC(191) Pause Young (Normal) (G1 Evacuation Pause) 763M->599M(877M) 5.922ms
[15.601s][info][gc] GC(192) Pause Young (Normal) (G1 Evacuation Pause) 767M->601M(877M) 5.329ms
[15.655s][info][gc] GC(193) Pause Young (Normal) (G1 Evacuation Pause) 767M->603M(877M) 4.497ms
65%[15.704s][info][gc] GC(194) Pause Young (Normal) (G1 Evacuation Pause) 767M->606M(877M) 4.280ms
[15.746s][info][gc] GC(195) Pause Young (Normal) (G1 Evacuation Pause) 767M->608M(877M) 4.311ms
[15.787s][info][gc] GC(196) Pause Young (Normal) (G1 Evacuation Pause) 769M->610M(877M) 3.968ms
[15.833s][info][gc] GC(197) Pause Young (Normal) (G1 Evacuation Pause) 769M->613M(877M) 4.020ms
[15.875s][info][gc] GC(198) Pause Young (Normal) (G1 Evacuation Pause) 767M->615M(877M) 4.936ms
70%[15.916s][info][gc] GC(199) Pause Young (Normal) (G1 Evacuation Pause) 769M->617M(877M) 4.431ms
[15.956s][info][gc] GC(200) Pause Young (Normal) (G1 Evacuation Pause) 770M->619M(882M) 3.248ms
[15.996s][info][gc] GC(201) Pause Young (Normal) (G1 Evacuation Pause) 772M->622M(882M) 3.738ms
[16.035s][info][gc] GC(202) Pause Young (Normal) (G1 Evacuation Pause) 773M->624M(882M) 3.935ms
[16.075s][info][gc] GC(203) Pause Young (Normal) (G1 Evacuation Pause) 772M->627M(882M) 4.009ms
[16.116s][info][gc] GC(204) Pause Young (Normal) (G1 Evacuation Pause) 773M->629M(882M) 3.630ms
75%[16.156s][info][gc] GC(205) Pause Young (Normal) (G1 Evacuation Pause) 774M->631M(886M) 3.988ms
[16.196s][info][gc] GC(206) Pause Young (Normal) (G1 Evacuation Pause) 779M->634M(886M) 4.522ms
[16.236s][info][gc] GC(207) Pause Young (Normal) (G1 Evacuation Pause) 780M->636M(886M) 3.749ms
[16.276s][info][gc] GC(208) Pause Young (Normal) (G1 Evacuation Pause) 776M->638M(886M) 4.685ms
[16.321s][info][gc] GC(209) Pause Young (Normal) (G1 Evacuation Pause) 778M->640M(893M) 3.866ms
[16.358s][info][gc] GC(210) Pause Young (Normal) (G1 Evacuation Pause) 784M->643M(893M) 4.321ms
[16.399s][info][gc] GC(211) Pause Young (Normal) (G1 Evacuation Pause) 782M->645M(893M) 4.855ms
80%[16.439s][info][gc] GC(212) Pause Young (Normal) (G1 Evacuation Pause) 785M->647M(893M) 5.032ms
[16.478s][info][gc] GC(213) Pause Young (Normal) (G1 Evacuation Pause) 785M->649M(901M) 4.430ms
[16.519s][info][gc] GC(214) Pause Young (Normal) (G1 Evacuation Pause) 792M->652M(901M) 4.414ms
[16.560s][info][gc] GC(215) Pause Young (Normal) (G1 Evacuation Pause) 791M->654M(901M) 5.353ms
[16.601s][info][gc] GC(216) Pause Young (Normal) (G1 Evacuation Pause) 792M->656M(901M) 4.284ms
[16.643s][info][gc] GC(217) Pause Young (Normal) (G1 Evacuation Pause) 793M->658M(909M) 5.132ms
85%[16.683s][info][gc] GC(218) Pause Young (Normal) (G1 Evacuation Pause) 798M->661M(909M) 5.437ms
[16.725s][info][gc] GC(219) Pause Young (Concurrent Start) (G1 Evacuation Pause) 799M->663M(909M) 6.047ms
[16.725s][info][gc] GC(220) Concurrent Cycle
[16.781s][info][gc] GC(221) Pause Young (Normal) (G1 Evacuation Pause) 799M->665M(909M) 6.653ms
[16.834s][info][gc] GC(222) Pause Young (Normal) (G1 Evacuation Pause) 801M->666M(921M) 4.277ms
[16.900s][info][gc] GC(223) Pause Young (Normal) (G1 Evacuation Pause) 808M->669M(921M) 4.786ms
[16.961s][info][gc] GC(224) Pause Young (Normal) (G1 Evacuation Pause) 808M->671M(921M) 4.879ms
[17.021s][info][gc] GC(225) Pause Young (Normal) (G1 Evacuation Pause) 808M->674M(921M) 4.528ms
90%[17.075s][info][gc] GC(226) Pause Young (Normal) (G1 Evacuation Pause) 809M->675M(924M) 5.160ms
[17.127s][info][gc] GC(227) Pause Young (Normal) (G1 Evacuation Pause) 812M->678M(924M) 3.676ms
[17.181s][info][gc] GC(228) Pause Young (Normal) (G1 Evacuation Pause) 812M->680M(924M) 4.655ms
[17.234s][info][gc] GC(229) Pause Young (Normal) (G1 Evacuation Pause) 811M->682M(924M) 4.341ms
[17.261s][info][gc] GC(220) Pause Remark 740M->740M(924M) 2.485ms
[17.290s][info][gc] GC(230) Pause Young (Normal) (G1 Evacuation Pause) 813M->685M(924M) 5.154ms
[17.339s][info][gc] GC(231) Pause Young (Normal) (G1 Evacuation Pause) 814M->687M(927M) 7.545ms
95%[17.392s][info][gc] GC(232) Pause Young (Normal) (G1 Evacuation Pause) 816M->689M(927M) 6.315ms
[17.439s][info][gc] GC(233) Pause Young (Normal) (G1 Evacuation Pause) 816M->691M(927M) 4.790ms
[17.480s][info][gc] GC(234) Pause Young (Normal) (G1 Evacuation Pause) 817M->694M(927M) 6.050ms
[17.526s][info][gc] GC(235) Pause Young (Normal) (G1 Evacuation Pause) 816M->696M(932M) 4.606ms
[17.581s][info][gc] GC(236) Pause Young (Normal) (G1 Evacuation Pause) 821M->698M(932M) 5.316ms
[17.625s][info][gc] GC(237) Pause Young (Normal) (G1 Evacuation Pause) 821M->700M(932M) 4.997ms
[17.645s][info][gc] GC(220) Pause Cleanup 756M->756M(932M) 1.299ms
[17.646s][info][gc] GC(220) Concurrent Cycle 920.838ms
[17.674s][info][gc] GC(238) Pause Young (Prepare Mixed) (G1 Evacuation Pause) 822M->702M(932M) 4.236ms
[17.717s][info][gc] GC(239) Pause Young (Mixed) (G1 Evacuation Pause) 738M->655M(935M) 30.312ms
[17.776s][info][gc] GC(240) Pause Young (Mixed) (G1 Evacuation Pause) 698M->638M(935M) 19.804ms
100%
Completed requests
	Stock level .............   3973 ( 4.0%)
	Order status by name ....   2361 ( 2.4%)
	Order status by ID ......   1609 ( 1.6%)
	Payment by name .........  25847 (25.8%)
	Payment by ID ...........  17220 (17.2%)
	Delivery schedule .......   4029 ( 4.0%)
	New order ...............  44509 (44.5%)
	New order rollback ......    452 ( 0.5%)
===== DaCapo 23.11-chopin h2 PASSED in 7083 msec =====
Resetting database to initial state...[18.013s][info][gc] GC(241) Pause Young (Normal) (G1 Evacuation Pause) 813M->659M(935M) 11.084ms
..[18.197s][info][gc] GC(242) Pause Young (Normal) (G1 Evacuation Pause) 809M->674M(935M) 12.192ms
[18.481s][info][gc] GC(243) Pause Young (Concurrent Start) (G1 Humongous Allocation) 795M->694M(952M) 9.847ms
[18.481s][info][gc] GC(244) Concurrent Cycle
[18.812s][info][gc] GC(245) Pause Young (Normal) (G1 Evacuation Pause) 822M->713M(952M) 10.068ms
[18.853s][info][gc] GC(244) Pause Remark 745M->738M(952M) 3.738ms
[18.947s][info][gc] GC(246) Pause Young (Normal) (G1 Evacuation Pause) 815M->721M(952M) 8.735ms
[19.071s][info][gc] GC(247) Pause Young (Normal) (G1 Evacuation Pause) 824M->735M(952M) 12.827ms
[19.146s][info][gc] GC(244) Pause Cleanup 804M->804M(952M) 1.501ms
[19.147s][info][gc] GC(244) Concurrent Cycle 665.291ms
[19.179s][info][gc] GC(248) Pause Young (Prepare Mixed) (G1 Evacuation Pause) 827M->747M(952M) 9.839ms
[19.250s][info][gc] GC(249) Pause Young (Mixed) (G1 Evacuation Pause) 781M->713M(952M) 36.659ms
[19.361s][info][gc] GC(250) Pause Young (Normal) (G1 Evacuation Pause) 823M->727M(952M) 7.642ms
[19.461s][info][gc] GC(251) Pause Young (Normal) (G1 Evacuation Pause) 826M->741M(952M) 9.356ms
[19.557s][info][gc] GC(252) Pause Young (Concurrent Start) (G1 Evacuation Pause) 829M->752M(952M) 10.715ms
[19.557s][info][gc] GC(253) Concurrent Cycle
[19.658s][info][gc] GC(254) Pause Young (Normal) (G1 Evacuation Pause) 831M->762M(952M) 7.798ms
[19.755s][info][gc] GC(255) Pause Young (Normal) (G1 Evacuation Pause) 834M->772M(952M) 7.762ms
[19.832s][info][gc] GC(256) Pause Young (Normal) (G1 Evacuation Pause) 835M->780M(954M) 6.397ms
.[19.889s][info][gc] GC(257) Pause Young (Normal) (G1 Evacuation Pause) 839M->788M(954M) 4.422ms
[19.984s][info][gc] GC(258) Pause Young (Normal) (G1 Evacuation Pause) 841M->792M(954M) 3.931ms
.[20.043s][info][gc] GC(253) Pause Remark 818M->817M(954M) 3.034ms
[20.087s][info][gc] GC(259) Pause Young (Normal) (G1 Evacuation Pause) 841M->794M(954M) 1.903ms
[20.170s][info][gc] GC(260) Pause Young (Normal) (G1 Evacuation Pause) 844M->793M(954M) 3.494ms
[20.233s][info][gc] GC(261) Pause Young (Normal) (G1 Evacuation Pause) 844M->793M(954M) 1.463ms
[20.328s][info][gc] GC(262) Pause Young (Normal) (G1 Evacuation Pause) 847M->794M(954M) 1.380ms
[20.392s][info][gc] GC(263) Pause Young (Normal) (G1 Evacuation Pause) 847M->795M(954M) 1.560ms
[20.396s][info][gc] GC(253) Pause Cleanup 796M->796M(954M) 1.395ms
[20.396s][info][gc] GC(253) Concurrent Cycle 839.436ms
[20.453s][info][gc] GC(264) Pause Young (Prepare Mixed) (G1 Evacuation Pause) 848M->796M(954M) 1.323ms
[20.511s][info][gc] GC(265) Pause Young (Mixed) (G1 Evacuation Pause) 838M->785M(954M) 10.583ms
[20.585s][info][gc] GC(266) Pause Young (Normal) (G1 Evacuation Pause) 845M->786M(954M) 3.683ms
[20.661s][info][gc] GC(267) Pause Young (Normal) (G1 Evacuation Pause) 846M->787M(954M) 2.178ms
[20.741s][info][gc] GC(268) Pause Young (Concurrent Start) (G1 Evacuation Pause) 848M->788M(954M) 2.165ms
[20.741s][info][gc] GC(269) Concurrent Cycle
[20.828s][info][gc] GC(270) Pause Young (Normal) (G1 Evacuation Pause) 848M->788M(954M) 1.696ms
[20.922s][info][gc] GC(271) Pause Young (Normal) (G1 Evacuation Pause) 849M->789M(954M) 4.522ms
[21.013s][info][gc] GC(272) Pause Young (Normal) (G1 Evacuation Pause) 850M->789M(954M) 1.905ms
[21.108s][info][gc] GC(273) Pause Young (Normal) (G1 Evacuation Pause) 850M->789M(954M) 2.330ms
[21.164s][info][gc] GC(269) Pause Remark 828M->820M(954M) 2.647ms
[21.205s][info][gc] GC(274) Pause Young (Normal) (G1 Evacuation Pause) 842M->781M(954M) 4.339ms
.[21.287s][info][gc] GC(275) Pause Young (Normal) (G1 Evacuation Pause) 846M->785M(954M) 3.058ms
[21.352s][info][gc] GC(276) Pause Young (Normal) (G1 Evacuation Pause) 848M->797M(954M) 9.011ms
[21.388s][info][gc] GC(277) Pause Young (Normal) (G1 Evacuation Pause) 845M->805M(954M) 12.258ms
[21.415s][info][gc] GC(278) Pause Young (Normal) (G1 Evacuation Pause) 845M->811M(954M) 8.151ms
[21.445s][info][gc] GC(279) Pause Young (Normal) (G1 Evacuation Pause) 852M->817M(954M) 6.637ms
[21.482s][info][gc] GC(280) Pause Young (Normal) (G1 Evacuation Pause) 858M->824M(954M) 7.290ms
[21.519s][info][gc] GC(281) Pause Young (Normal) (G1 Evacuation Pause) 865M->830M(957M) 5.553ms
[21.549s][info][gc] GC(269) Pause Cleanup 867M->867M(957M) 1.651ms
[21.549s][info][gc] GC(269) Concurrent Cycle 808.199ms
[21.557s][info][gc] GC(282) Pause Young (Prepare Mixed) (G1 Evacuation Pause) 871M->837M(957M) 4.908ms
.[21.626s][info][gc] GC(283) Pause Young (Mixed) (G1 Evacuation Pause) 878M->783M(957M) 42.297ms
[21.729s][info][gc] GC(284) Pause Young (Mixed) (G1 Evacuation Pause) 825M->765M(957M) 45.358ms
[21.787s][info][gc] GC(285) Pause Young (Mixed) (G1 Evacuation Pause) 810M->758M(966M) 35.366ms
.....[21.837s][info][gc] GC(286) Pause Young (Concurrent Start) (G1 Evacuation Pause) 828M->769M(966M) 5.297ms
[21.837s][info][gc] GC(287) Concurrent Cycle
[21.896s][info][gc] GC(288) Pause Young (Normal) (G1 Evacuation Pause) 836M->786M(966M) 7.306ms
[21.946s][info][gc] GC(289) Pause Young (Normal) (G1 Evacuation Pause) 841M->798M(966M) 8.798ms
[21.978s][info][gc] GC(290) Pause Young (Normal) (G1 Evacuation Pause) 845M->806M(970M) 5.704ms
[22.007s][info][gc] GC(291) Pause Young (Normal) (G1 Evacuation Pause) 852M->813M(970M) 4.295ms
[22.033s][info][gc] GC(292) Pause Young (Normal) (G1 Evacuation Pause) 855M->819M(970M) 3.524ms
[22.057s][info][gc] GC(293) Pause Young (Normal) (G1 Evacuation Pause) 860M->824M(970M) 3.471ms
[22.084s][info][gc] GC(294) Pause Young (Normal) (G1 Evacuation Pause) 866M->829M(970M) 4.333ms
[22.111s][info][gc] GC(295) Pause Young (Normal) (G1 Evacuation Pause) 871M->835M(970M) 5.242ms
[22.134s][info][gc] GC(296) Pause Young (Normal) (G1 Evacuation Pause) 877M->840M(971M) 3.480ms
[22.157s][info][gc] GC(297) Pause Young (Normal) (G1 Evacuation Pause) 882M->845M(971M) 3.763ms
[22.174s][info][gc] GC(287) Pause Remark 876M->750M(971M) 3.162ms
[22.184s][info][gc] GC(298) Pause Young (Normal) (G1 Evacuation Pause) 761M->725M(971M) 3.356ms
[22.237s][info][gc] GC(299) Pause Young (Normal) (G1 Evacuation Pause) 812M->735M(971M) 7.308ms
[22.307s][info][gc] GC(300) Pause Young (Normal) (G1 Evacuation Pause) 820M->747M(973M) 8.310ms
[22.375s][info][gc] GC(301) Pause Young (Normal) (G1 Evacuation Pause) 830M->758M(973M) 9.738ms
[22.438s][info][gc] GC(302) Pause Young (Normal) (G1 Evacuation Pause) 837M->768M(973M) 9.505ms
[22.440s][info][gc] GC(287) Pause Cleanup 769M->769M(973M) 1.117ms
[22.440s][info][gc] GC(287) Concurrent Cycle 603.037ms
[22.497s][info][gc] GC(303) Pause Young (Prepare Mixed) (G1 Evacuation Pause) 843M->778M(973M) 7.524ms
[22.534s][info][gc] GC(304) Pause Young (Mixed) (G1 Evacuation Pause) 815M->693M(975M) 14.102ms
[22.579s][info][gc] GC(305) Pause Young (Mixed) (G1 Evacuation Pause) 735M->649M(975M) 16.218ms
[22.675s][info][gc] GC(306) Pause Young (Normal) (G1 Evacuation Pause) 785M->666M(975M) 9.909ms
.[22.863s][info][gc] GC(307) Pause Young (Normal) (G1 Evacuation Pause) 799M->669M(975M) 5.906ms
[22.942s][info][gc] GC(308) Pause Young (Concurrent Start) (G1 Evacuation Pause) 806M->670M(976M) 2.387ms
[22.942s][info][gc] GC(309) Concurrent Cycle
[23.036s][info][gc] GC(310) Pause Young (Normal) (G1 Evacuation Pause) 813M->672M(976M) 7.640ms
...[23.272s][info][gc] GC(309) Pause Remark 697M->686M(976M) 3.675ms
..
===== DaCapo simple tail latency: 50% 173 usec, 90% 1162 usec, 99% 7213 usec, 99.9% 16036 usec, 99.99% 26161 usec, max 39782 usec, measured over 100000 events =====
===== DaCapo metered tail latency: 50% 434664 usec, 90% 765831 usec, 99% 790665 usec, 99.9% 793884 usec, 99.99% 797081 usec, max 804636 usec, measured over 100000 events =====
runAgain
[23.514s][info][gc] GC(309) Pause Cleanup 710M->710M(976M) 0.994ms
[23.514s][info][gc] GC(309) Concurrent Cycle 572.353ms
