[0.001s][info][gc] Using Parallel
Class name: org.dacapo.harness.H2
Configurations:
short     An SQL relational database engine written in Java
long      H2 executes a TPC-C like benchmark written by Apache as part of the Apache Derby database. The application models: customers, districts, warehouses, purchases and deliveries.
author    TPC-C like workload authored by The Apache Software Foundation, and Database authored by H2
license   Apache License, Version 2.0 covering TPC-C like workload, and Eclipse Public License Version 1.0 covering H2
copyright Copyright (c) 2001-2002, The Apache Software Foundation and H2 Group, H2
url       http://db.apache.org/derby/ and http://www.h2database.com
version   h2 2.2.220 derby 10.15.2.0
sizes     default large small vlarge
Using scaled threading model. 8 processors detected, 8 threads used to drive the workload, in a possible range of [1,1024]
Version: h2 2.2.220 derby 10.15.2.0

Nominal statistics
Key Score  Rank Value Description
AOA:    3 14/18    42 nominal average object size (bytes)
AOL:    5  9/18    64 nominal 90-percentile object size (bytes)
AOM:    9  3/18    32 nominal median object size (bytes)
AOS:   10  1/18    24 nominal 10-percentile object size (bytes)
ARA:    6  8/18  3539 nominal allocation rate (bytes / usec) (6765032248/1911200.0)
BAL:    7  7/19    68 nominal aaload per usec
BAS:    8  4/19     8 nominal aastore per usec
BEF:    6  8/19     7 nominal execution focus / dominance of hot code
BGF:    6  8/19  1060 nominal getfield per usec
BPF:    7  6/19   172 nominal putfield per usec
BUB:    2 17/19    17 nominal thousands of unique bytecodes executed
BUF:    3 14/19     2 nominal thousands of unique function calls
GCA:    5 12/22    98 nominal average post-GC heap size as percent of min heap, when run at 2X min heap with G1 (670/681)
GCC:    3 17/22   558 nominal GC count at 2X heap size (G1)
GCM:    3 16/22    82 nominal median post-GC heap size as percent of min heap, when run at 2X min heap with G1 (564/681)
GCP:    5 11/22     4 nominal percentage of time spent in GC pauses at 2X heap size (G1) (3171/63848)
GLK:    5 12/22     0 nominal percent 10th iteration memory leakage (10 iterations / 1 iterations) (681/679)
GMD:   10  1/22   681 nominal minimum heap size (MB) for default size configuration (with compressed pointers)
GML:   10  1/18 10193 nominal minimum heap size (MB) for large size configuration (with compressed pointers)
GMS:    8  6/22    69 nominal minimum heap size (MB) for small size configuration (with compressed pointers)
GMU:   10  1/22   902 nominal minimum heap size (MB) for default size without compressed pointers
GMV:   10   1/3 20609 nominal minimum heap size (MB) for vlarge size configuration (with compressed pointers)
GSS:    4 14/22    40 nominal heap size sensitivity (slowdown with tight heap, as a percentage) (2691.3/1911.2)
GTO:    1 17/18     9 nominal memory turnover (total alloc bytes / min heap bytes)
PET:    4 15/22     2 nominal execution time (sec)
PKP:    1 21/22     0 nominal percentage of time spent in kernel mode (as percentage of user plus kernel time)
PPE:    8  6/22    24 nominal parallel efficiency (speedup as percentage of ideal speedup for 32 threads)
PSD:    8  6/22     1 nominal standard deviation among invocations at peak performance (as percentage of performance)
PWU:    5 13/22     2 nominal iterations to warm up to within 1.5% of best

Initializing callback
Preparing the H2 database...
TPCC configuration: scale: 16, terminals: 8, transactions: 100000
[0.270s][info][gc] GC(0) Pause Young (Allocation Failure) 15M->4M(59M) 3.652ms
[0.409s][info][gc] GC(1) Pause Young (Allocation Failure) 20M->5M(75M) 3.451ms
[0.472s][info][gc] GC(2) Pause Young (Allocation Failure) 36M->8M(75M) 4.632ms
[0.553s][info][gc] GC(3) Pause Young (Allocation Failure) 39M->10M(106M) 6.200ms
[0.670s][info][gc] GC(4) Pause Young (Allocation Failure) 72M->14M(106M) 7.024ms
[0.730s][info][gc] GC(5) Pause Young (Allocation Failure) 76M->20M(171M) 10.555ms
[0.829s][info][gc] GC(6) Pause Young (Allocation Failure) 143M->28M(173M) 11.212ms
[0.910s][info][gc] GC(7) Pause Young (Allocation Failure) 151M->36M(296M) 12.381ms
[1.084s][info][gc] GC(8) Pause Young (Allocation Failure) 278M->53M(300M) 16.287ms
[1.256s][info][gc] GC(9) Pause Full (Ergonomics) 53M->53M(334M) 172.745ms
[1.397s][info][gc] GC(10) Pause Young (Allocation Failure) 294M->69M(370M) 12.097ms
[1.551s][info][gc] GC(11) Pause Young (Allocation Failure) 338M->86M(373M) 15.119ms
[1.704s][info][gc] GC(12) Pause Young (Allocation Failure) 355M->105M(339M) 21.572ms
[1.925s][info][gc] GC(13) Pause Full (Ergonomics) 105M->103M(398M) 220.429ms
[2.051s][info][gc] GC(14) Pause Young (Allocation Failure) 334M->118M(417M) 20.716ms
[2.165s][info][gc] GC(15) Pause Young (Allocation Failure) 349M->132M(416M) 8.437ms
[2.280s][info][gc] GC(16) Pause Young (Allocation Failure) 365M->147M(416M) 10.669ms
[2.405s][info][gc] GC(17) Pause Young (Allocation Failure) 380M->161M(385M) 17.387ms
[2.515s][info][gc] GC(18) Pause Young (Allocation Failure) 360M->173M(375M) 20.342ms
[2.931s][info][gc] GC(19) Pause Full (Ergonomics) 173M->173M(460M) 415.202ms
[3.040s][info][gc] GC(20) Pause Young (Allocation Failure) 372M->185M(477M) 15.502ms
[3.138s][info][gc] GC(21) Pause Young (Allocation Failure) 374M->198M(473M) 12.497ms
[3.254s][info][gc] GC(22) Pause Young (Allocation Failure) 387M->210M(452M) 20.574ms
[3.420s][info][gc] GC(23) Pause Young (Allocation Failure) 362M->220M(458M) 20.749ms
[3.564s][info][gc] GC(24) Pause Young (Allocation Failure) 372M->220M(424M) 19.344ms
[3.652s][info][gc] GC(25) Pause Young (Allocation Failure) 329M->228M(441M) 28.179ms
[3.730s][info][gc] GC(26) Pause Young (Allocation Failure) 337M->235M(434M) 20.023ms
[3.786s][info][gc] GC(27) Pause Young (Allocation Failure) 344M->241M(438M) 12.151ms
[3.854s][info][gc] GC(28) Pause Young (Allocation Failure) 350M->237M(436M) 13.461ms
[3.912s][info][gc] GC(29) Pause Young (Allocation Failure) 356M->236M(441M) 11.184ms
[3.975s][info][gc] GC(30) Pause Young (Allocation Failure) 354M->235M(443M) 12.873ms
[4.079s][info][gc] GC(31) Pause Young (Allocation Failure) 368M->243M(447M) 13.386ms
[4.172s][info][gc] GC(32) Pause Young (Allocation Failure) 376M->252M(456M) 24.194ms
[4.243s][info][gc] GC(33) Pause Young (Allocation Failure) 395M->262M(444M) 19.979ms
[4.312s][info][gc] GC(34) Pause Young (Allocation Failure) 405M->272M(437M) 16.248ms
[4.374s][info][gc] GC(35) Pause Young (Allocation Failure) 388M->280M(435M) 18.845ms
[4.442s][info][gc] GC(36) Pause Young (Allocation Failure) 396M->288M(441M) 24.309ms
[5.076s][info][gc] GC(37) Pause Full (Ergonomics) 288M->288M(552M) 634.619ms
[5.134s][info][gc] GC(38) Pause Young (Allocation Failure) 397M->295M(552M) 19.617ms
[5.186s][info][gc] GC(39) Pause Young (Allocation Failure) 404M->303M(552M) 11.900ms
[5.236s][info][gc] GC(40) Pause Young (Allocation Failure) 412M->310M(518M) 11.407ms
[5.285s][info][gc] GC(41) Pause Young (Allocation Failure) 419M->318M(551M) 11.787ms
[5.335s][info][gc] GC(42) Pause Young (Allocation Failure) 426M->325M(551M) 13.078ms
[5.385s][info][gc] GC(43) Pause Young (Allocation Failure) 433M->332M(552M) 13.007ms
[5.439s][info][gc] GC(44) Pause Young (Allocation Failure) 441M->340M(552M) 17.649ms
[5.502s][info][gc] GC(45) Pause Young (Allocation Failure) 449M->342M(552M) 20.394ms
[5.560s][info][gc] GC(46) Pause Young (Allocation Failure) 451M->343M(552M) 14.074ms
[5.617s][info][gc] GC(47) Pause Young (Allocation Failure) 452M->344M(552M) 13.651ms
[5.672s][info][gc] GC(48) Pause Young (Allocation Failure) 453M->345M(552M) 12.050ms
[5.775s][info][gc] GC(49) Pause Full (Ergonomics) 345M->328M(673M) 102.581ms
[5.819s][info][gc] GC(50) Pause Young (Allocation Failure) 437M->329M(673M) 1.508ms
[5.888s][info][gc] GC(51) Pause Young (Allocation Failure) 438M->332M(673M) 5.103ms
[5.953s][info][gc] GC(52) Pause Young (Allocation Failure) 441M->340M(673M) 3.988ms
[6.014s][info][gc] GC(53) Pause Young (Allocation Failure) 449M->346M(673M) 5.262ms
[6.113s][info][gc] GC(54) Pause Young (Allocation Failure) 455M->346M(673M) 9.403ms
[6.149s][info][gc] GC(55) Pause Young (Allocation Failure) 455M->351M(673M) 5.709ms
[6.181s][info][gc] GC(56) Pause Young (Allocation Failure) 460M->362M(673M) 8.957ms
[6.249s][info][gc] GC(57) Pause Young (Allocation Failure) 471M->367M(673M) 10.954ms
[6.290s][info][gc] GC(58) Pause Young (Allocation Failure) 476M->368M(673M) 9.194ms
[6.343s][info][gc] GC(59) Pause Young (Allocation Failure) 477M->376M(666M) 7.939ms
[6.403s][info][gc] GC(60) Pause Young (Allocation Failure) 485M->387M(669M) 9.885ms
[6.509s][info][gc] GC(61) Pause Young (Allocation Failure) 496M->394M(656M) 10.996ms
[6.581s][info][gc] GC(62) Pause Young (Allocation Failure) 512M->392M(664M) 10.942ms
[6.635s][info][gc] GC(63) Pause Young (Allocation Failure) 509M->384M(656M) 4.618ms
[6.721s][info][gc] GC(64) Pause Young (Allocation Failure) 509M->388M(662M) 6.032ms
[6.787s][info][gc] GC(65) Pause Young (Allocation Failure) 513M->394M(656M) 7.618ms
[6.854s][info][gc] GC(66) Pause Young (Allocation Failure) 527M->394M(661M) 5.376ms
[6.956s][info][gc] GC(67) Pause Young (Allocation Failure) 527M->397M(658M) 6.255ms
[7.032s][info][gc] GC(68) Pause Young (Allocation Failure) 538M->406M(661M) 8.334ms
[7.081s][info][gc] GC(69) Pause Young (Allocation Failure) 547M->422M(664M) 12.159ms
[7.131s][info][gc] GC(70) Pause Young (Allocation Failure) 565M->438M(670M) 14.268ms
[7.182s][info][gc] GC(71) Pause Young (Allocation Failure) 581M->453M(670M) 18.180ms
[7.233s][info][gc] GC(72) Pause Young (Allocation Failure) 585M->468M(679M) 19.364ms
[7.286s][info][gc] GC(73) Pause Young (Allocation Failure) 600M->482M(666M) 23.305ms
[7.332s][info][gc] GC(74) Pause Young (Allocation Failure) 591M->493M(673M) 21.123ms
[7.447s][info][gc] GC(75) Pause Young (Allocation Failure) 602M->521M(673M) 25.890ms
[7.566s][info][gc] GC(76) Pause Young (Allocation Failure) 630M->521M(673M) 38.989ms
[7.683s][info][gc] GC(77) Pause Young (Allocation Failure) 630M->521M(673M) 27.624ms
[8.103s][info][gc] GC(78) Pause Full (Ergonomics) 521M->456M(815M) 419.071ms
[8.208s][info][gc] GC(79) Pause Young (Allocation Failure) 565M->457M(815M) 26.503ms
[8.288s][info][gc] GC(80) Pause Young (Allocation Failure) 566M->457M(815M) 2.912ms
[8.343s][info][gc] GC(81) Pause Young (Allocation Failure) 566M->457M(815M) 2.797ms
[8.394s][info][gc] GC(82) Pause Young (Allocation Failure) 566M->458M(815M) 1.999ms
[8.445s][info][gc] GC(83) Pause Young (Allocation Failure) 567M->459M(815M) 2.104ms
[8.495s][info][gc] GC(84) Pause Young (Allocation Failure) 568M->460M(815M) 2.288ms
[8.544s][info][gc] GC(85) Pause Young (Allocation Failure) 569M->461M(815M) 2.287ms
[8.623s][info][gc] GC(86) Pause Young (Allocation Failure) 570M->466M(815M) 3.525ms
[8.704s][info][gc] GC(87) Pause Young (Allocation Failure) 575M->478M(815M) 13.888ms
[8.805s][info][gc] GC(88) Pause Young (Allocation Failure) 587M->490M(815M) 10.110ms
[8.895s][info][gc] GC(89) Pause Young (Allocation Failure) 599M->502M(815M) 10.117ms
[8.998s][info][gc] GC(90) Pause Young (Allocation Failure) 611M->514M(812M) 22.632ms
[9.089s][info][gc] GC(91) Pause Young (Allocation Failure) 623M->525M(731M) 8.976ms
[9.189s][info][gc] GC(92) Pause Young (Allocation Failure) 634M->537M(810M) 17.002ms
[9.298s][info][gc] GC(93) Pause Young (Allocation Failure) 654M->549M(810M) 17.940ms
[9.385s][info][gc] GC(94) Pause Young (Allocation Failure) 666M->561M(816M) 10.616ms
[9.610s][info][gc] GC(95) Pause Young (Allocation Failure) 682M->581M(799M) 15.852ms
[9.757s][info][gc] GC(96) Pause Young (Allocation Failure) 702M->581M(815M) 23.296ms
[9.881s][info][gc] GC(97) Pause Young (Allocation Failure) 690M->582M(740M) 17.866ms
[9.991s][info][gc] GC(98) Pause Young (Allocation Failure) 691M->582M(815M) 14.776ms
[10.105s][info][gc] GC(99) Pause Young (Allocation Failure) 697M->582M(813M) 15.411ms
[10.210s][info][gc] GC(100) Pause Young (Allocation Failure) 697M->583M(805M) 15.892ms
[10.323s][info][gc] GC(101) Pause Young (Allocation Failure) 706M->584M(810M) 16.987ms
[10.434s][info][gc] GC(102) Pause Young (Allocation Failure) 707M->585M(805M) 15.153ms
[10.544s][info][gc] GC(103) Pause Young (Allocation Failure) 718M->585M(810M) 14.081ms
[10.625s][info][gc] GC(104) Pause Young (System.gc()) 678M->577M(811M) 13.763ms
[11.017s][info][gc] GC(105) Pause Full (System.gc()) 577M->443M(811M) 391.475ms
===== DaCapo 23.11-chopin h2 starting =====
Starting 100000 requests...
[11.205s][info][gc] GC(106) Pause Young (Allocation Failure) 586M->448M(813M) 3.165ms
[11.325s][info][gc] GC(107) Pause Young (Allocation Failure) 591M->450M(822M) 4.409ms
[11.438s][info][gc] GC(108) Pause Young (Allocation Failure) 601M->453M(823M) 9.033ms
[11.540s][info][gc] GC(109) Pause Young (Allocation Failure) 604M->455M(825M) 5.474ms
[11.649s][info][gc] GC(110) Pause Young (Allocation Failure) 613M->457M(827M) 5.353ms
[11.764s][info][gc] GC(111) Pause Young (Allocation Failure) 615M->459M(826M) 7.079ms
5%[11.891s][info][gc] GC(112) Pause Young (Allocation Failure) 625M->461M(829M) 5.174ms
[12.011s][info][gc] GC(113) Pause Young (Allocation Failure) 627M->462M(827M) 6.522ms
[12.128s][info][gc] GC(114) Pause Young (Allocation Failure) 635M->465M(830M) 5.507ms
[12.250s][info][gc] GC(115) Pause Young (Allocation Failure) 638M->466M(827M) 8.614ms
[12.377s][info][gc] GC(116) Pause Young (Allocation Failure) 646M->467M(830M) 9.650ms
10%[12.484s][info][gc] GC(117) Pause Young (Allocation Failure) 647M->469M(834M) 9.109ms
[12.599s][info][gc] GC(118) Pause Young (Allocation Failure) 658M->471M(835M) 7.971ms
[12.715s][info][gc] GC(119) Pause Young (Allocation Failure) 659M->473M(843M) 17.516ms
[12.813s][info][gc] GC(120) Pause Young (Allocation Failure) 670M->474M(843M) 7.446ms
[12.913s][info][gc] GC(121) Pause Young (Allocation Failure) 672M->476M(854M) 8.548ms
15%[13.018s][info][gc] GC(122) Pause Young (Allocation Failure) 684M->478M(854M) 9.510ms
[13.124s][info][gc] GC(123) Pause Young (Allocation Failure) 686M->480M(865M) 7.576ms
[13.225s][info][gc] GC(124) Pause Young (Allocation Failure) 699M->481M(865M) 6.625ms
[13.335s][info][gc] GC(125) Pause Young (Allocation Failure) 700M->483M(874M) 8.961ms
20%[13.464s][info][gc] GC(126) Pause Young (Allocation Failure) 711M->485M(875M) 25.130ms
[13.569s][info][gc] GC(127) Pause Young (Allocation Failure) 713M->487M(875M) 8.805ms
[13.660s][info][gc] GC(128) Pause Young (Allocation Failure) 715M->489M(862M) 10.694ms
[13.754s][info][gc] GC(129) Pause Young (Allocation Failure) 717M->490M(873M) 9.822ms
25%[13.848s][info][gc] GC(130) Pause Young (Allocation Failure) 716M->493M(874M) 7.722ms
[13.937s][info][gc] GC(131) Pause Young (Allocation Failure) 719M->495M(873M) 10.233ms
[14.028s][info][gc] GC(132) Pause Young (Allocation Failure) 720M->496M(861M) 10.841ms
[14.124s][info][gc] GC(133) Pause Young (Allocation Failure) 721M->498M(873M) 14.246ms
30%[14.218s][info][gc] GC(134) Pause Young (Allocation Failure) 722M->500M(861M) 16.327ms
[14.306s][info][gc] GC(135) Pause Young (Allocation Failure) 724M->501M(872M) 15.606ms
[14.383s][info][gc] GC(136) Pause Young (Allocation Failure) 724M->503M(872M) 9.714ms
[14.467s][info][gc] GC(137) Pause Young (Allocation Failure) 726M->505M(872M) 14.894ms
35%[14.555s][info][gc] GC(138) Pause Young (Allocation Failure) 728M->507M(860M) 16.473ms
[14.641s][info][gc] GC(139) Pause Young (Allocation Failure) 730M->508M(872M) 10.739ms
[14.736s][info][gc] GC(140) Pause Young (Allocation Failure) 731M->510M(872M) 11.981ms
[14.838s][info][gc] GC(141) Pause Young (Allocation Failure) 733M->512M(872M) 18.940ms
40%[14.925s][info][gc] GC(142) Pause Young (Allocation Failure) 737M->514M(872M) 8.539ms
[15.024s][info][gc] GC(143) Pause Young (Allocation Failure) 738M->516M(873M) 12.954ms
[15.111s][info][gc] GC(144) Pause Young (Allocation Failure) 742M->517M(873M) 9.726ms
[15.199s][info][gc] GC(145) Pause Young (Allocation Failure) 743M->519M(873M) 15.076ms
45%[15.275s][info][gc] GC(146) Pause Young (Allocation Failure) 747M->521M(874M) 10.595ms
[15.359s][info][gc] GC(147) Pause Young (Allocation Failure) 749M->523M(874M) 18.015ms
[15.429s][info][gc] GC(148) Pause Young (Allocation Failure) 752M->525M(875M) 8.281ms
[15.501s][info][gc] GC(149) Pause Young (Allocation Failure) 754M->527M(876M) 8.548ms
50%[15.578s][info][gc] GC(150) Pause Young (Allocation Failure) 758M->528M(876M) 9.976ms
[15.650s][info][gc] GC(151) Pause Young (Allocation Failure) 760M->531M(876M) 9.411ms
[15.725s][info][gc] GC(152) Pause Young (Allocation Failure) 763M->533M(876M) 12.898ms
[15.806s][info][gc] GC(153) Pause Young (Allocation Failure) 765M->535M(877M) 13.624ms
55%[15.889s][info][gc] GC(154) Pause Young (Allocation Failure) 768M->536M(877M) 20.919ms
[15.972s][info][gc] GC(155) Pause Young (Allocation Failure) 769M->537M(877M) 14.582ms
[16.049s][info][gc] GC(156) Pause Young (Allocation Failure) 771M->539M(877M) 10.231ms
[16.120s][info][gc] GC(157) Pause Young (Allocation Failure) 773M->541M(878M) 12.557ms
60%[16.190s][info][gc] GC(158) Pause Young (Allocation Failure) 777M->543M(878M) 8.599ms
[16.261s][info][gc] GC(159) Pause Young (Allocation Failure) 778M->545M(878M) 8.693ms
[16.331s][info][gc] GC(160) Pause Young (Allocation Failure) 781M->547M(878M) 9.183ms
65%[16.401s][info][gc] GC(161) Pause Young (Allocation Failure) 783M->549M(879M) 11.338ms
[16.481s][info][gc] GC(162) Pause Young (Allocation Failure) 786M->550M(879M) 8.578ms
[16.559s][info][gc] GC(163) Pause Young (Allocation Failure) 787M->552M(879M) 12.492ms
[16.636s][info][gc] GC(164) Pause Young (Allocation Failure) 790M->554M(879M) 10.101ms
70%[16.710s][info][gc] GC(165) Pause Young (Allocation Failure) 792M->556M(880M) 9.028ms
[16.799s][info][gc] GC(166) Pause Young (Allocation Failure) 795M->558M(880M) 20.541ms
[16.869s][info][gc] GC(167) Pause Young (Allocation Failure) 797M->560M(880M) 10.171ms
[16.938s][info][gc] GC(168) Pause Young (Allocation Failure) 799M->562M(880M) 9.026ms
75%[17.006s][info][gc] GC(169) Pause Young (Allocation Failure) 801M->564M(880M) 9.541ms
[17.079s][info][gc] GC(170) Pause Young (Allocation Failure) 803M->566M(878M) 9.212ms
[17.150s][info][gc] GC(171) Pause Young (Allocation Failure) 805M->568M(880M) 8.837ms
[17.219s][info][gc] GC(172) Pause Young (Allocation Failure) 806M->570M(880M) 10.274ms
80%[17.296s][info][gc] GC(173) Pause Young (Allocation Failure) 808M->572M(880M) 9.239ms
[17.366s][info][gc] GC(174) Pause Young (Allocation Failure) 810M->574M(878M) 9.325ms
[17.468s][info][gc] GC(175) Pause Young (Allocation Failure) 812M->576M(879M) 22.688ms
85%[17.578s][info][gc] GC(176) Pause Young (Allocation Failure) 813M->578M(879M) 13.403ms
[17.664s][info][gc] GC(177) Pause Young (Allocation Failure) 815M->580M(878M) 12.956ms
[17.740s][info][gc] GC(178) Pause Young (Allocation Failure) 816M->582M(879M) 15.011ms
[17.819s][info][gc] GC(179) Pause Young (Allocation Failure) 818M->584M(879M) 14.129ms
90%[17.886s][info][gc] GC(180) Pause Young (Allocation Failure) 820M->585M(876M) 8.547ms
[17.957s][info][gc] GC(181) Pause Young (Allocation Failure) 821M->587M(878M) 12.326ms
[18.037s][info][gc] GC(182) Pause Young (Allocation Failure) 823M->590M(878M) 13.293ms
[18.118s][info][gc] GC(183) Pause Young (Allocation Failure) 826M->591M(879M) 14.173ms
95%[18.188s][info][gc] GC(184) Pause Young (Allocation Failure) 828M->593M(877M) 11.492ms
[18.255s][info][gc] GC(185) Pause Young (Allocation Failure) 830M->595M(879M) 9.554ms
[18.336s][info][gc] GC(186) Pause Young (Allocation Failure) 832M->597M(879M) 12.216ms
[18.461s][info][gc] GC(187) Pause Young (Allocation Failure) 834M->598M(879M) 24.414ms
100%
Completed requests
	Stock level .............   3973 ( 4.0%)
	Order status by name ....   2361 ( 2.4%)
	Order status by ID ......   1609 ( 1.6%)
	Payment by name .........  25847 (25.8%)
	Payment by ID ...........  17220 (17.2%)
	Delivery schedule .......   4029 ( 4.0%)
	New order ...............  44509 (44.5%)
	New order rollback ......    452 ( 0.5%)
===== DaCapo 23.11-chopin h2 PASSED in 7493 msec =====
Resetting database to initial state...[18.759s][info][gc] GC(188) Pause Young (Allocation Failure) 836M->624M(879M) 26.449ms
..[19.227s][info][gc] GC(189) Pause Young (Allocation Failure) 862M->652M(856M) 34.277ms
[19.832s][info][gc] GC(190) Pause Full (Ergonomics) 652M->583M(916M) 605.668ms
[20.132s][info][gc] GC(191) Pause Young (Allocation Failure) 785M->610M(912M) 9.379ms
[20.320s][info][gc] GC(192) Pause Young (Allocation Failure) 808M->633M(914M) 11.418ms
[20.523s][info][gc] GC(193) Pause Young (Allocation Failure) 831M->657M(896M) 20.383ms
[20.713s][info][gc] GC(194) Pause Young (Allocation Failure) 837M->678M(905M) 21.147ms
[20.899s][info][gc] GC(195) Pause Young (Allocation Failure) 858M->698M(858M) 29.303ms
..[21.066s][info][gc] GC(196) Pause Young (Allocation Failure) 831M->710M(869M) 15.168ms
[21.240s][info][gc] GC(197) Pause Young (Allocation Failure) 843M->709M(865M) 10.214ms
[21.403s][info][gc] GC(198) Pause Young (Allocation Failure) 820M->707M(844M) 12.652ms
[21.527s][info][gc] GC(199) Pause Young (Allocation Failure) 818M->703M(869M) 10.521ms
[21.647s][info][gc] GC(200) Pause Young (Allocation Failure) 812M->700M(869M) 10.877ms
[21.770s][info][gc] GC(201) Pause Young (Allocation Failure) 809M->697M(867M) 11.064ms
[21.883s][info][gc] GC(202) Pause Young (Allocation Failure) 806M->693M(828M) 10.193ms
[21.999s][info][gc] GC(203) Pause Young (Allocation Failure) 802M->689M(868M) 9.246ms
.[22.116s][info][gc] GC(204) Pause Young (Allocation Failure) 804M->649M(867M) 4.637ms
[22.186s][info][gc] GC(205) Pause Young (Allocation Failure) 764M->666M(874M) 7.705ms
[22.265s][info][gc] GC(206) Pause Young (Allocation Failure) 784M->682M(819M) 11.059ms
.[22.392s][info][gc] GC(207) Pause Young (Allocation Failure) 799M->685M(873M) 9.342ms
.....[22.462s][info][gc] GC(208) Pause Young (Allocation Failure) 806M->653M(870M) 4.147ms
[22.548s][info][gc] GC(209) Pause Young (Allocation Failure) 774M->681M(875M) 11.725ms
[22.614s][info][gc] GC(210) Pause Young (Allocation Failure) 809M->697M(876M) 10.890ms
[22.677s][info][gc] GC(211) Pause Young (Allocation Failure) 825M->712M(871M) 11.850ms
[22.742s][info][gc] GC(212) Pause Young (Allocation Failure) 835M->726M(868M) 12.566ms
[22.813s][info][gc] GC(213) Pause Young (Allocation Failure) 849M->740M(869M) 15.084ms
[22.903s][info][gc] GC(214) Pause Young (Allocation Failure) 849M->752M(869M) 18.743ms
[23.071s][info][gc] GC(215) Pause Full (Ergonomics) 752M->533M(869M) 168.534ms
[23.143s][info][gc] GC(216) Pause Young (Allocation Failure) 642M->547M(869M) 5.448ms
[23.219s][info][gc] GC(217) Pause Young (Allocation Failure) 656M->560M(869M) 6.782ms
[23.290s][info][gc] GC(218) Pause Young (Allocation Failure) 669M->573M(869M) 7.584ms
[23.359s][info][gc] GC(219) Pause Young (Allocation Failure) 682M->584M(869M) 9.982ms
.[23.516s][info][gc] GC(220) Pause Young (Allocation Failure) 693M->584M(869M) 6.511ms
[23.582s][info][gc] GC(221) Pause Young (Allocation Failure) 693M->582M(869M) 7.007ms
[23.642s][info][gc] GC(222) Pause Young (Allocation Failure) 691M->578M(869M) 8.600ms
.....
===== DaCapo simple tail latency: 50% 190 usec, 90% 1262 usec, 99% 6293 usec, 99.9% 19896 usec, 99.99% 29290 usec, max 42364 usec, measured over 100000 events =====
===== DaCapo metered tail latency: 50% 629822 usec, 90% 916717 usec, 99% 927285 usec, 99.9% 931094 usec, 99.99% 935032 usec, max 942700 usec, measured over 100000 events =====
runAgain
