OpenJDK 64-Bit Server VM warning: Option UseConcMarkSweepGC was deprecated in version 9.0 and will likely be removed in a future release.
[0.001s][warning][gc,ergo] NewSize was set larger than initial heap size, will use initial heap size.
[0.001s][warning][gc,ergo] MaxNewSize (1048576k) is equal to or greater than the entire heap (1001472k).  A new max generation size of 1001408k will be used.
[0.003s][info   ][gc     ] Using Concurrent Mark Sweep
Class name: org.dacapo.harness.H2
Configurations:
short     An SQL relational database engine written in Java
long      H2 executes a TPC-C like benchmark written by Apache as part of the Apache Derby database. The application models: customers, districts, warehouses, purchases and deliveries.
author    TPC-C like workload authored by The Apache Software Foundation, and Database authored by H2
license   Apache License, Version 2.0 covering TPC-C like workload, and Eclipse Public License Version 1.0 covering H2
copyright Copyright (c) 2001-2002, The Apache Software Foundation and H2 Group, H2
url       http://db.apache.org/derby/ and http://www.h2database.com
version   h2 2.2.220 derby 10.15.2.0
sizes     default large small vlarge
Using scaled threading model. 8 processors detected, 8 threads used to drive the workload, in a possible range of [1,1024]
Version: h2 2.2.220 derby 10.15.2.0

Nominal statistics
Key Score  Rank Value Description
AOA:    3 14/18    42 nominal average object size (bytes)
AOL:    5  9/18    64 nominal 90-percentile object size (bytes)
AOM:    9  3/18    32 nominal median object size (bytes)
AOS:   10  1/18    24 nominal 10-percentile object size (bytes)
ARA:    6  8/18  3539 nominal allocation rate (bytes / usec) (6765032248/1911200.0)
BAL:    7  7/19    68 nominal aaload per usec
BAS:    8  4/19     8 nominal aastore per usec
BEF:    6  8/19     7 nominal execution focus / dominance of hot code
BGF:    6  8/19  1060 nominal getfield per usec
BPF:    7  6/19   172 nominal putfield per usec
BUB:    2 17/19    17 nominal thousands of unique bytecodes executed
BUF:    3 14/19     2 nominal thousands of unique function calls
GCA:    5 12/22    98 nominal average post-GC heap size as percent of min heap, when run at 2X min heap with G1 (670/681)
GCC:    3 17/22   558 nominal GC count at 2X heap size (G1)
GCM:    3 16/22    82 nominal median post-GC heap size as percent of min heap, when run at 2X min heap with G1 (564/681)
GCP:    5 11/22     4 nominal percentage of time spent in GC pauses at 2X heap size (G1) (3171/63848)
GLK:    5 12/22     0 nominal percent 10th iteration memory leakage (10 iterations / 1 iterations) (681/679)
GMD:   10  1/22   681 nominal minimum heap size (MB) for default size configuration (with compressed pointers)
GML:   10  1/18 10193 nominal minimum heap size (MB) for large size configuration (with compressed pointers)
GMS:    8  6/22    69 nominal minimum heap size (MB) for small size configuration (with compressed pointers)
GMU:   10  1/22   902 nominal minimum heap size (MB) for default size without compressed pointers
GMV:   10   1/3 20609 nominal minimum heap size (MB) for vlarge size configuration (with compressed pointers)
GSS:    4 14/22    40 nominal heap size sensitivity (slowdown with tight heap, as a percentage) (2691.3/1911.2)
GTO:    1 17/18     9 nominal memory turnover (total alloc bytes / min heap bytes)
PET:    4 15/22     2 nominal execution time (sec)
PKP:    1 21/22     0 nominal percentage of time spent in kernel mode (as percentage of user plus kernel time)
PPE:    8  6/22    24 nominal parallel efficiency (speedup as percentage of ideal speedup for 32 threads)
PSD:    8  6/22     1 nominal standard deviation among invocations at peak performance (as percentage of performance)
PWU:    5 13/22     2 nominal iterations to warm up to within 1.5% of best

Initializing callback
Preparing the H2 database...
TPCC configuration: scale: 16, terminals: 8, transactions: 100000
[1.156s][info   ][gc     ] GC(0) Pause Young (Allocation Failure) 782M->55M(880M) 35.301ms
[2.150s][info   ][gc     ] GC(2) Pause Full (Allocation Failure) 858M->105M(886M) 209.849ms
[2.150s][info   ][gc     ] GC(1) Pause Young (Allocation Failure) 837M->105M(886M) 583.946ms
[2.186s][info   ][gc     ] GC(3) Pause Initial Mark 120M->120M(886M) 34.992ms
[2.186s][info   ][gc     ] GC(3) Concurrent Mark
[2.189s][info   ][gc     ] GC(3) Concurrent Mark 2.734ms
[2.189s][info   ][gc     ] GC(3) Concurrent Preclean
[2.191s][info   ][gc     ] GC(3) Concurrent Preclean 1.926ms
[2.191s][info   ][gc     ] GC(3) Concurrent Abortable Preclean
[2.191s][info   ][gc     ] GC(3) Concurrent Abortable Preclean 0.003ms
[2.236s][info   ][gc     ] GC(3) Pause Remark 120M->120M(886M) 45.205ms
[2.236s][info   ][gc     ] GC(3) Concurrent Sweep
[2.237s][info   ][gc     ] GC(3) Concurrent Sweep 1.168ms
[2.237s][info   ][gc     ] GC(3) Concurrent Reset
[2.237s][info   ][gc     ] GC(3) Concurrent Reset 0.004ms
[3.206s][info   ][gc     ] GC(5) Pause Full (Allocation Failure) 886M->155M(886M) 462.660ms
[3.206s][info   ][gc     ] GC(4) Pause Young (Allocation Failure) 886M->155M(886M) 462.778ms
[3.259s][info   ][gc     ] GC(6) Pause Initial Mark 171M->171M(886M) 53.299ms
[3.260s][info   ][gc     ] GC(6) Concurrent Mark
[3.263s][info   ][gc     ] GC(6) Concurrent Mark 3.085ms
[3.263s][info   ][gc     ] GC(6) Concurrent Preclean
[3.265s][info   ][gc     ] GC(6) Concurrent Preclean 1.884ms
[3.265s][info   ][gc     ] GC(6) Concurrent Abortable Preclean
[3.265s][info   ][gc     ] GC(6) Concurrent Abortable Preclean 0.002ms
[3.332s][info   ][gc     ] GC(6) Pause Remark 186M->186M(886M) 67.277ms
[3.332s][info   ][gc     ] GC(6) Concurrent Sweep
[3.333s][info   ][gc     ] GC(6) Concurrent Sweep 1.190ms
[3.334s][info   ][gc     ] GC(6) Concurrent Reset
[3.334s][info   ][gc     ] GC(6) Concurrent Reset 0.004ms
[4.268s][info   ][gc     ] GC(8) Pause Full (Allocation Failure) 886M->200M(886M) 481.941ms
[4.268s][info   ][gc     ] GC(7) Pause Young (Allocation Failure) 886M->200M(886M) 482.043ms
[4.337s][info   ][gc     ] GC(9) Pause Initial Mark 215M->215M(886M) 68.660ms
[4.337s][info   ][gc     ] GC(9) Concurrent Mark
[4.340s][info   ][gc     ] GC(9) Concurrent Mark 3.309ms
[4.340s][info   ][gc     ] GC(9) Concurrent Preclean
[4.342s][info   ][gc     ] GC(9) Concurrent Preclean 1.921ms
[4.342s][info   ][gc     ] GC(9) Concurrent Abortable Preclean
[4.342s][info   ][gc     ] GC(9) Concurrent Abortable Preclean 0.002ms
[4.429s][info   ][gc     ] GC(9) Pause Remark 215M->215M(886M) 86.742ms
[4.429s][info   ][gc     ] GC(9) Concurrent Sweep
[4.430s][info   ][gc     ] GC(9) Concurrent Sweep 1.064ms
[4.430s][info   ][gc     ] GC(9) Concurrent Reset
[4.430s][info   ][gc     ] GC(9) Concurrent Reset 0.003ms
[5.911s][info   ][gc     ] GC(11) Pause Full (Allocation Failure) 886M->235M(886M) 519.808ms
[5.911s][info   ][gc     ] GC(10) Pause Young (Allocation Failure) 886M->235M(886M) 519.892ms
[5.994s][info   ][gc     ] GC(12) Pause Initial Mark 250M->250M(886M) 81.943ms
[5.994s][info   ][gc     ] GC(12) Concurrent Mark
[5.997s][info   ][gc     ] GC(12) Concurrent Mark 2.860ms
[5.997s][info   ][gc     ] GC(12) Concurrent Preclean
[5.999s][info   ][gc     ] GC(12) Concurrent Preclean 2.042ms
[5.999s][info   ][gc     ] GC(12) Concurrent Abortable Preclean
[5.999s][info   ][gc     ] GC(12) Concurrent Abortable Preclean 0.003ms
[6.101s][info   ][gc     ] GC(12) Pause Remark 265M->265M(886M) 101.700ms
[6.101s][info   ][gc     ] GC(12) Concurrent Sweep
[6.102s][info   ][gc     ] GC(12) Concurrent Sweep 1.165ms
[6.102s][info   ][gc     ] GC(12) Concurrent Reset
[6.102s][info   ][gc     ] GC(12) Concurrent Reset 0.003ms
[7.050s][info   ][gc     ] GC(14) Pause Full (Allocation Failure) 886M->247M(886M) 446.901ms
[7.050s][info   ][gc     ] GC(13) Pause Young (Allocation Failure) 886M->247M(886M) 446.988ms
[7.135s][info   ][gc     ] GC(15) Pause Initial Mark 261M->261M(886M) 84.635ms
[7.135s][info   ][gc     ] GC(15) Concurrent Mark
[7.138s][info   ][gc     ] GC(15) Concurrent Mark 2.930ms
[7.138s][info   ][gc     ] GC(15) Concurrent Preclean
[7.140s][info   ][gc     ] GC(15) Concurrent Preclean 1.982ms
[7.140s][info   ][gc     ] GC(15) Concurrent Abortable Preclean
[7.140s][info   ][gc     ] GC(15) Concurrent Abortable Preclean 0.022ms
[7.248s][info   ][gc     ] GC(15) Pause Remark 261M->261M(886M) 105.892ms
[7.248s][info   ][gc     ] GC(15) Concurrent Sweep
[7.249s][info   ][gc     ] GC(15) Concurrent Sweep 1.200ms
[7.249s][info   ][gc     ] GC(15) Concurrent Reset
[7.249s][info   ][gc     ] GC(15) Concurrent Reset 0.004ms
[8.232s][info   ][gc     ] GC(17) Pause Full (Allocation Failure) 886M->290M(886M) 607.460ms
[8.232s][info   ][gc     ] GC(16) Pause Young (Allocation Failure) 886M->290M(886M) 607.550ms
[8.332s][info   ][gc     ] GC(18) Pause Initial Mark 304M->304M(886M) 100.070ms
[8.332s][info   ][gc     ] GC(18) Concurrent Mark
[8.336s][info   ][gc     ] GC(18) Concurrent Mark 3.519ms
[8.336s][info   ][gc     ] GC(18) Concurrent Preclean
[8.338s][info   ][gc     ] GC(18) Concurrent Preclean 2.033ms
[8.338s][info   ][gc     ] GC(18) Concurrent Abortable Preclean
[8.338s][info   ][gc     ] GC(18) Concurrent Abortable Preclean 0.002ms
[8.462s][info   ][gc     ] GC(18) Pause Remark 318M->318M(886M) 123.831ms
[8.462s][info   ][gc     ] GC(18) Concurrent Sweep
[8.463s][info   ][gc     ] GC(18) Concurrent Sweep 1.099ms
[8.463s][info   ][gc     ] GC(18) Concurrent Reset
[8.463s][info   ][gc     ] GC(18) Concurrent Reset 0.011ms
[9.406s][info   ][gc     ] GC(20) Pause Full (Allocation Failure) 886M->330M(886M) 587.345ms
[9.406s][info   ][gc     ] GC(19) Pause Young (Allocation Failure) 886M->330M(886M) 587.439ms
[9.531s][info   ][gc     ] GC(21) Pause Initial Mark 343M->343M(886M) 124.393ms
[9.531s][info   ][gc     ] GC(21) Concurrent Mark
[9.534s][info   ][gc     ] GC(21) Concurrent Mark 2.870ms
[9.534s][info   ][gc     ] GC(21) Concurrent Preclean
[9.536s][info   ][gc     ] GC(21) Concurrent Preclean 2.008ms
[9.536s][info   ][gc     ] GC(21) Concurrent Abortable Preclean
[9.536s][info   ][gc     ] GC(21) Concurrent Abortable Preclean 0.002ms
[9.682s][info   ][gc     ] GC(21) Pause Remark 356M->356M(886M) 144.780ms
[9.682s][info   ][gc     ] GC(21) Concurrent Sweep
[9.683s][info   ][gc     ] GC(21) Concurrent Sweep 1.080ms
[9.683s][info   ][gc     ] GC(21) Concurrent Reset
[9.683s][info   ][gc     ] GC(21) Concurrent Reset 0.004ms
[10.544s][info   ][gc     ] GC(23) Pause Full (Allocation Failure) 886M->331M(886M) 531.824ms
[10.544s][info   ][gc     ] GC(22) Pause Young (Allocation Failure) 886M->331M(886M) 531.915ms
[10.663s][info   ][gc     ] GC(24) Pause Initial Mark 343M->343M(886M) 118.673ms
[10.663s][info   ][gc     ] GC(24) Concurrent Mark
[10.667s][info   ][gc     ] GC(24) Concurrent Mark 3.932ms
[10.667s][info   ][gc     ] GC(24) Concurrent Preclean
[10.669s][info   ][gc     ] GC(24) Concurrent Preclean 2.220ms
[10.669s][info   ][gc     ] GC(24) Concurrent Abortable Preclean
[10.669s][info   ][gc     ] GC(24) Concurrent Abortable Preclean 0.006ms
[10.814s][info   ][gc     ] GC(24) Pause Remark 356M->356M(886M) 144.423ms
[10.814s][info   ][gc     ] GC(24) Concurrent Sweep
[10.815s][info   ][gc     ] GC(24) Concurrent Sweep 1.075ms
[10.815s][info   ][gc     ] GC(24) Concurrent Reset
[10.815s][info   ][gc     ] GC(24) Concurrent Reset 0.005ms
[11.866s][info   ][gc     ] GC(26) Pause Full (Allocation Failure) 886M->304M(886M) 523.035ms
[11.866s][info   ][gc     ] GC(25) Pause Young (Allocation Failure) 886M->304M(886M) 523.141ms
[11.972s][info   ][gc     ] GC(27) Pause Initial Mark 316M->316M(886M) 105.166ms
[11.972s][info   ][gc     ] GC(27) Concurrent Mark
[11.975s][info   ][gc     ] GC(27) Concurrent Mark 3.585ms
[11.975s][info   ][gc     ] GC(27) Concurrent Preclean
[11.978s][info   ][gc     ] GC(27) Concurrent Preclean 2.154ms
[11.978s][info   ][gc     ] GC(27) Concurrent Abortable Preclean
[11.978s][info   ][gc     ] GC(27) Concurrent Abortable Preclean 0.003ms
[12.108s][info   ][gc     ] GC(27) Pause Remark 328M->328M(886M) 129.824ms
[12.108s][info   ][gc     ] GC(27) Concurrent Sweep
[12.109s][info   ][gc     ] GC(27) Concurrent Sweep 1.114ms
[12.109s][info   ][gc     ] GC(27) Concurrent Reset
[12.109s][info   ][gc     ] GC(27) Concurrent Reset 0.003ms
[12.928s][info   ][gc     ] GC(29) Pause Full (Allocation Failure) 886M->315M(886M) 478.885ms
[12.928s][info   ][gc     ] GC(28) Pause Young (Allocation Failure) 886M->315M(886M) 478.995ms
[13.036s][info   ][gc     ] GC(30) Pause Initial Mark 327M->327M(886M) 107.037ms
[13.036s][info   ][gc     ] GC(30) Concurrent Mark
[13.039s][info   ][gc     ] GC(30) Concurrent Mark 2.852ms
[13.039s][info   ][gc     ] GC(30) Concurrent Preclean
[13.041s][info   ][gc     ] GC(30) Concurrent Preclean 2.188ms
[13.041s][info   ][gc     ] GC(30) Concurrent Abortable Preclean
[13.041s][info   ][gc     ] GC(30) Concurrent Abortable Preclean 0.003ms
[13.178s][info   ][gc     ] GC(30) Pause Remark 327M->327M(886M) 136.527ms
[13.178s][info   ][gc     ] GC(30) Concurrent Sweep
[13.179s][info   ][gc     ] GC(30) Concurrent Sweep 1.305ms
[13.179s][info   ][gc     ] GC(30) Concurrent Reset
[13.179s][info   ][gc     ] GC(30) Concurrent Reset 0.004ms
[14.264s][info   ][gc     ] GC(32) Pause Full (Allocation Failure) 886M->319M(886M) 532.828ms
[14.264s][info   ][gc     ] GC(31) Pause Young (Allocation Failure) 886M->319M(886M) 532.910ms
[14.380s][info   ][gc     ] GC(33) Pause Initial Mark 331M->331M(886M) 115.461ms
[14.380s][info   ][gc     ] GC(33) Concurrent Mark
[14.383s][info   ][gc     ] GC(33) Concurrent Mark 2.746ms
[14.383s][info   ][gc     ] GC(33) Concurrent Preclean
[14.385s][info   ][gc     ] GC(33) Concurrent Preclean 2.261ms
[14.385s][info   ][gc     ] GC(33) Concurrent Abortable Preclean
[14.385s][info   ][gc     ] GC(33) Concurrent Abortable Preclean 0.002ms
[14.523s][info   ][gc     ] GC(33) Pause Remark 342M->342M(886M) 136.812ms
[14.523s][info   ][gc     ] GC(33) Concurrent Sweep
[14.524s][info   ][gc     ] GC(33) Concurrent Sweep 1.057ms
[14.524s][info   ][gc     ] GC(33) Concurrent Reset
[14.524s][info   ][gc     ] GC(33) Concurrent Reset 0.003ms
[15.535s][info   ][gc     ] GC(35) Pause Full (Allocation Failure) 886M->349M(886M) 542.592ms
[15.535s][info   ][gc     ] GC(34) Pause Young (Allocation Failure) 886M->349M(886M) 542.738ms
[15.655s][info   ][gc     ] GC(36) Pause Initial Mark 361M->361M(886M) 119.046ms
[15.655s][info   ][gc     ] GC(36) Concurrent Mark
[15.659s][info   ][gc     ] GC(36) Concurrent Mark 3.741ms
[15.659s][info   ][gc     ] GC(36) Concurrent Preclean
[15.661s][info   ][gc     ] GC(36) Concurrent Preclean 2.027ms
[15.661s][info   ][gc     ] GC(36) Concurrent Abortable Preclean
[15.661s][info   ][gc     ] GC(36) Concurrent Abortable Preclean 0.003ms
[15.807s][info   ][gc     ] GC(36) Pause Remark 384M->384M(886M) 146.059ms
[15.807s][info   ][gc     ] GC(36) Concurrent Sweep
[15.808s][info   ][gc     ] GC(36) Concurrent Sweep 1.100ms
[15.808s][info   ][gc     ] GC(36) Concurrent Reset
[15.808s][info   ][gc     ] GC(36) Concurrent Reset 0.006ms
[16.626s][info   ][gc     ] GC(38) Pause Full (Allocation Failure) 886M->409M(886M) 593.040ms
[16.626s][info   ][gc     ] GC(37) Pause Young (Allocation Failure) 886M->409M(886M) 593.171ms
[16.765s][info   ][gc     ] GC(39) Pause Initial Mark 420M->420M(886M) 138.472ms
[16.765s][info   ][gc     ] GC(39) Concurrent Mark
[16.768s][info   ][gc     ] GC(39) Concurrent Mark 3.249ms
[16.768s][info   ][gc     ] GC(39) Concurrent Preclean
[16.770s][info   ][gc     ] GC(39) Concurrent Preclean 2.079ms
[16.770s][info   ][gc     ] GC(39) Concurrent Abortable Preclean
[16.770s][info   ][gc     ] GC(39) Concurrent Abortable Preclean 0.002ms
[16.943s][info   ][gc     ] GC(39) Pause Remark 431M->431M(886M) 172.864ms
[16.944s][info   ][gc     ] GC(39) Concurrent Sweep
[16.946s][info   ][gc     ] GC(39) Concurrent Sweep 2.479ms
[16.946s][info   ][gc     ] GC(39) Concurrent Reset
[16.946s][info   ][gc     ] GC(39) Concurrent Reset 0.006ms
[18.003s][info   ][gc     ] GC(41) Pause Full (Allocation Failure) 886M->458M(886M) 629.056ms
[18.003s][info   ][gc     ] GC(40) Pause Young (Allocation Failure) 886M->458M(886M) 629.167ms
[18.162s][info   ][gc     ] GC(42) Pause Initial Mark 469M->469M(886M) 158.439ms
[18.163s][info   ][gc     ] GC(42) Concurrent Mark
[18.166s][info   ][gc     ] GC(42) Concurrent Mark 3.227ms
[18.166s][info   ][gc     ] GC(42) Concurrent Preclean
[18.168s][info   ][gc     ] GC(42) Concurrent Preclean 2.263ms
[18.168s][info   ][gc     ] GC(42) Concurrent Abortable Preclean
[18.168s][info   ][gc     ] GC(42) Concurrent Abortable Preclean 0.002ms
[18.359s][info   ][gc     ] GC(42) Pause Remark 469M->469M(886M) 190.916ms
[18.359s][info   ][gc     ] GC(42) Concurrent Sweep
[18.361s][info   ][gc     ] GC(42) Concurrent Sweep 1.225ms
[18.361s][info   ][gc     ] GC(42) Concurrent Reset
[18.361s][info   ][gc     ] GC(42) Concurrent Reset 0.003ms
[19.275s][info   ][gc     ] GC(44) Pause Full (Allocation Failure) 886M->453M(886M) 528.164ms
[19.276s][info   ][gc     ] GC(43) Pause Young (Allocation Failure) 886M->453M(886M) 528.266ms
[19.430s][info   ][gc     ] GC(45) Pause Initial Mark 463M->463M(886M) 153.814ms
[19.430s][info   ][gc     ] GC(45) Concurrent Mark
[19.433s][info   ][gc     ] GC(45) Concurrent Mark 3.194ms
[19.433s][info   ][gc     ] GC(45) Concurrent Preclean
[19.435s][info   ][gc     ] GC(45) Concurrent Preclean 1.994ms
[19.435s][info   ][gc     ] GC(45) Concurrent Abortable Preclean
[19.435s][info   ][gc     ] GC(45) Concurrent Abortable Preclean 0.002ms
[19.628s][info   ][gc     ] GC(45) Pause Remark 473M->473M(886M) 193.063ms
[19.629s][info   ][gc     ] GC(45) Concurrent Sweep
[19.630s][info   ][gc     ] GC(45) Concurrent Sweep 1.108ms
[19.630s][info   ][gc     ] GC(45) Concurrent Reset
[19.630s][info   ][gc     ] GC(45) Concurrent Reset 0.003ms
[20.439s][info   ][gc     ] GC(47) Pause Full (Allocation Failure) 886M->439M(886M) 511.073ms
[20.439s][info   ][gc     ] GC(46) Pause Young (Allocation Failure) 886M->439M(886M) 511.177ms
[20.588s][info   ][gc     ] GC(48) Pause Initial Mark 449M->449M(886M) 148.734ms
[20.589s][info   ][gc     ] GC(48) Concurrent Mark
[20.592s][info   ][gc     ] GC(48) Concurrent Mark 2.955ms
[20.592s][info   ][gc     ] GC(48) Concurrent Preclean
[20.593s][info   ][gc     ] GC(48) Concurrent Preclean 1.976ms
[20.593s][info   ][gc     ] GC(48) Concurrent Abortable Preclean
[20.594s][info   ][gc     ] GC(48) Concurrent Abortable Preclean 0.002ms
[20.779s][info   ][gc     ] GC(48) Pause Remark 458M->458M(886M) 185.402ms
[20.779s][info   ][gc     ] GC(48) Concurrent Sweep
[20.780s][info   ][gc     ] GC(48) Concurrent Sweep 1.187ms
[20.780s][info   ][gc     ] GC(48) Concurrent Reset
[20.780s][info   ][gc     ] GC(48) Concurrent Reset 0.003ms
[21.821s][info   ][gc     ] GC(50) Pause Full (Allocation Failure) 886M->427M(886M) 611.487ms
[21.821s][info   ][gc     ] GC(49) Pause Young (Allocation Failure) 886M->427M(886M) 611.562ms
[21.970s][info   ][gc     ] GC(51) Pause Initial Mark 437M->437M(886M) 148.828ms
[21.970s][info   ][gc     ] GC(51) Concurrent Mark
[21.973s][info   ][gc     ] GC(51) Concurrent Mark 3.008ms
[21.973s][info   ][gc     ] GC(51) Concurrent Preclean
[21.975s][info   ][gc     ] GC(51) Concurrent Preclean 1.893ms
[21.975s][info   ][gc     ] GC(51) Concurrent Abortable Preclean
[21.975s][info   ][gc     ] GC(51) Concurrent Abortable Preclean 0.002ms
[22.152s][info   ][gc     ] GC(51) Pause Remark 446M->446M(886M) 177.017ms
[22.153s][info   ][gc     ] GC(51) Concurrent Sweep
[22.154s][info   ][gc     ] GC(51) Concurrent Sweep 1.112ms
[22.154s][info   ][gc     ] GC(51) Concurrent Reset
[22.154s][info   ][gc     ] GC(51) Concurrent Reset 0.003ms
[23.273s][info   ][gc     ] GC(53) Pause Full (Allocation Failure) 886M->476M(886M) 669.878ms
[23.273s][info   ][gc     ] GC(52) Pause Young (Allocation Failure) 886M->476M(886M) 669.965ms
[23.439s][info   ][gc     ] GC(54) Pause Initial Mark 486M->486M(886M) 165.870ms
[23.440s][info   ][gc     ] GC(54) Concurrent Mark
[23.444s][info   ][gc     ] GC(54) Concurrent Mark 3.907ms
[23.444s][info   ][gc     ] GC(54) Concurrent Preclean
[23.446s][info   ][gc     ] GC(54) Concurrent Preclean 2.235ms
[23.446s][info   ][gc     ] GC(54) Concurrent Abortable Preclean
[23.446s][info   ][gc     ] GC(54) Concurrent Abortable Preclean 0.003ms
[23.651s][info   ][gc     ] GC(54) Pause Remark 495M->495M(886M) 204.858ms
[23.651s][info   ][gc     ] GC(54) Concurrent Sweep
[23.652s][info   ][gc     ] GC(54) Concurrent Sweep 1.552ms
[23.653s][info   ][gc     ] GC(54) Concurrent Reset
[23.653s][info   ][gc     ] GC(54) Concurrent Reset 0.005ms
[24.964s][info   ][gc     ] GC(56) Pause Full (Allocation Failure) 886M->500M(886M) 670.672ms
[24.964s][info   ][gc     ] GC(55) Pause Young (Allocation Failure) 886M->500M(886M) 670.760ms
[25.144s][info   ][gc     ] GC(57) Pause Initial Mark 508M->508M(886M) 179.488ms
[25.145s][info   ][gc     ] GC(57) Concurrent Mark
[25.148s][info   ][gc     ] GC(57) Concurrent Mark 3.674ms
[25.148s][info   ][gc     ] GC(57) Concurrent Preclean
[25.150s][info   ][gc     ] GC(57) Concurrent Preclean 2.023ms
[25.150s][info   ][gc     ] GC(57) Concurrent Abortable Preclean
[25.150s][info   ][gc     ] GC(57) Concurrent Abortable Preclean 0.003ms
[25.356s][info   ][gc     ] GC(57) Pause Remark 508M->508M(886M) 205.988ms
[25.357s][info   ][gc     ] GC(57) Concurrent Sweep
[25.358s][info   ][gc     ] GC(57) Concurrent Sweep 1.055ms
[25.358s][info   ][gc     ] GC(57) Concurrent Reset
[25.358s][info   ][gc     ] GC(57) Concurrent Reset 0.003ms
[26.471s][info   ][gc     ] GC(59) Pause Full (Allocation Failure) 886M->493M(886M) 695.551ms
[26.471s][info   ][gc     ] GC(58) Pause Young (Allocation Failure) 886M->493M(886M) 695.664ms
[26.644s][info   ][gc     ] GC(60) Pause Initial Mark 501M->501M(886M) 172.852ms
[26.644s][info   ][gc     ] GC(60) Concurrent Mark
[26.647s][info   ][gc     ] GC(60) Concurrent Mark 3.024ms
[26.647s][info   ][gc     ] GC(60) Concurrent Preclean
[26.649s][info   ][gc     ] GC(60) Concurrent Preclean 2.073ms
[26.649s][info   ][gc     ] GC(60) Concurrent Abortable Preclean
[26.649s][info   ][gc     ] GC(60) Concurrent Abortable Preclean 0.002ms
[26.861s][info   ][gc     ] GC(60) Pause Remark 501M->501M(886M) 211.241ms
[26.861s][info   ][gc     ] GC(60) Concurrent Sweep
[26.862s][info   ][gc     ] GC(60) Concurrent Sweep 1.042ms
[26.862s][info   ][gc     ] GC(60) Concurrent Reset
[26.862s][info   ][gc     ] GC(60) Concurrent Reset 0.005ms
[27.890s][info   ][gc     ] GC(61) Pause Full (System.gc()) 885M->444M(886M) 658.017ms
[28.045s][info   ][gc     ] GC(62) Pause Initial Mark 444M->444M(886M) 154.661ms
[28.046s][info   ][gc     ] GC(62) Concurrent Mark
===== DaCapo 23.11-chopin h2 starting =====
Starting 100000 requests...
[28.049s][info   ][gc     ] GC(62) Concurrent Mark 3.590ms
[28.054s][info   ][gc     ] GC(62) Concurrent Preclean
[28.059s][info   ][gc     ] GC(62) Concurrent Preclean 5.544ms
[28.059s][info   ][gc     ] GC(62) Concurrent Abortable Preclean
[28.059s][info   ][gc     ] GC(62) Concurrent Abortable Preclean 0.002ms
[28.248s][info   ][gc     ] GC(62) Pause Remark 580M->580M(886M) 188.712ms
[28.249s][info   ][gc     ] GC(62) Concurrent Sweep
[28.251s][info   ][gc     ] GC(62) Concurrent Sweep 1.164ms
[28.251s][info   ][gc     ] GC(62) Concurrent Reset
[28.251s][info   ][gc     ] GC(62) Concurrent Reset 0.006ms
[29.934s][info   ][gc     ] GC(64) Pause Full (Allocation Failure) 886M->449M(886M) 719.581ms
[29.934s][info   ][gc     ] GC(63) Pause Young (Allocation Failure) 886M->449M(886M) 719.782ms
[30.092s][info   ][gc     ] GC(65) Pause Initial Mark 482M->482M(886M) 157.909ms
[30.092s][info   ][gc     ] GC(65) Concurrent Mark
[30.096s][info   ][gc     ] GC(65) Concurrent Mark 3.112ms
[30.096s][info   ][gc     ] GC(65) Concurrent Preclean
[30.098s][info   ][gc     ] GC(65) Concurrent Preclean 2.138ms
[30.098s][info   ][gc     ] GC(65) Concurrent Abortable Preclean
[30.098s][info   ][gc     ] GC(65) Concurrent Abortable Preclean 0.002ms
[30.288s][info   ][gc     ] GC(65) Pause Remark 515M->515M(886M) 188.404ms
[30.288s][info   ][gc     ] GC(65) Concurrent Sweep
[30.289s][info   ][gc     ] GC(65) Concurrent Sweep 1.094ms
[30.289s][info   ][gc     ] GC(65) Concurrent Reset
[30.289s][info   ][gc     ] GC(65) Concurrent Reset 0.006ms
[31.720s][info   ][gc     ] GC(67) Pause Full (Allocation Failure) 886M->451M(886M) 732.248ms
[31.720s][info   ][gc     ] GC(66) Pause Young (Allocation Failure) 886M->451M(886M) 732.332ms
[31.880s][info   ][gc     ] GC(68) Pause Initial Mark 475M->475M(886M) 159.089ms
[31.881s][info   ][gc     ] GC(68) Concurrent Mark
[31.884s][info   ][gc     ] GC(68) Concurrent Mark 3.038ms
[31.884s][info   ][gc     ] GC(68) Concurrent Preclean
[31.886s][info   ][gc     ] GC(68) Concurrent Preclean 2.292ms
[31.886s][info   ][gc     ] GC(68) Concurrent Abortable Preclean
[31.886s][info   ][gc     ] GC(68) Concurrent Abortable Preclean 0.002ms
[32.079s][info   ][gc     ] GC(68) Pause Remark 498M->498M(886M) 192.819ms
[32.079s][info   ][gc     ] GC(68) Concurrent Sweep
[32.081s][info   ][gc     ] GC(68) Concurrent Sweep 1.205ms
[32.081s][info   ][gc     ] GC(68) Concurrent Reset
[32.081s][info   ][gc     ] GC(68) Concurrent Reset 0.004ms
5%[33.500s][info   ][gc     ] GC(70) Pause Full (Allocation Failure) 886M->454M(886M) 745.033ms
[33.501s][info   ][gc     ] GC(69) Pause Young (Allocation Failure) 886M->454M(886M) 745.225ms
[33.659s][info   ][gc     ] GC(71) Pause Initial Mark 471M->471M(886M) 157.647ms
[33.659s][info   ][gc     ] GC(71) Concurrent Mark
[33.664s][info   ][gc     ] GC(71) Concurrent Mark 4.567ms
[33.664s][info   ][gc     ] GC(71) Concurrent Preclean
[33.666s][info   ][gc     ] GC(71) Concurrent Preclean 2.436ms
[33.666s][info   ][gc     ] GC(71) Concurrent Abortable Preclean
[33.666s][info   ][gc     ] GC(71) Concurrent Abortable Preclean 0.003ms
[33.856s][info   ][gc     ] GC(71) Pause Remark 487M->487M(886M) 189.776ms
[33.857s][info   ][gc     ] GC(71) Concurrent Sweep
[33.858s][info   ][gc     ] GC(71) Concurrent Sweep 1.161ms
[33.858s][info   ][gc     ] GC(71) Concurrent Reset
[33.858s][info   ][gc     ] GC(71) Concurrent Reset 0.003ms
[35.255s][info   ][gc     ] GC(73) Pause Full (Allocation Failure) 886M->457M(886M) 742.378ms
[35.255s][info   ][gc     ] GC(72) Pause Young (Allocation Failure) 886M->457M(886M) 742.554ms
[35.417s][info   ][gc     ] GC(74) Pause Initial Mark 466M->466M(886M) 160.921ms
[35.417s][info   ][gc     ] GC(74) Concurrent Mark
[35.420s][info   ][gc     ] GC(74) Concurrent Mark 3.353ms
[35.420s][info   ][gc     ] GC(74) Concurrent Preclean
[35.422s][info   ][gc     ] GC(74) Concurrent Preclean 2.013ms
[35.422s][info   ][gc     ] GC(74) Concurrent Abortable Preclean
[35.422s][info   ][gc     ] GC(74) Concurrent Abortable Preclean 0.004ms
[35.617s][info   ][gc     ] GC(74) Pause Remark 494M->494M(886M) 191.919ms
[35.617s][info   ][gc     ] GC(74) Concurrent Sweep
[35.618s][info   ][gc     ] GC(74) Concurrent Sweep 1.067ms
[35.618s][info   ][gc     ] GC(74) Concurrent Reset
[35.618s][info   ][gc     ] GC(74) Concurrent Reset 0.004ms
10%[36.922s][info   ][gc     ] GC(76) Pause Full (Allocation Failure) 886M->459M(886M) 731.139ms
[36.922s][info   ][gc     ] GC(75) Pause Young (Allocation Failure) 886M->459M(886M) 731.305ms
[37.085s][info   ][gc     ] GC(77) Pause Initial Mark 466M->466M(886M) 161.666ms
[37.085s][info   ][gc     ] GC(77) Concurrent Mark
[37.088s][info   ][gc     ] GC(77) Concurrent Mark 2.976ms
[37.088s][info   ][gc     ] GC(77) Concurrent Preclean
[37.090s][info   ][gc     ] GC(77) Concurrent Preclean 2.163ms
[37.090s][info   ][gc     ] GC(77) Concurrent Abortable Preclean
[37.090s][info   ][gc     ] GC(77) Concurrent Abortable Preclean 0.002ms
[37.286s][info   ][gc     ] GC(77) Pause Remark 488M->488M(886M) 193.561ms
[37.286s][info   ][gc     ] GC(77) Concurrent Sweep
[37.287s][info   ][gc     ] GC(77) Concurrent Sweep 1.131ms
[37.287s][info   ][gc     ] GC(77) Concurrent Reset
[37.287s][info   ][gc     ] GC(77) Concurrent Reset 0.005ms
[38.651s][info   ][gc     ] GC(79) Pause Full (Allocation Failure) 886M->462M(886M) 757.761ms
[38.651s][info   ][gc     ] GC(78) Pause Young (Allocation Failure) 886M->462M(886M) 757.912ms
[38.816s][info   ][gc     ] GC(80) Pause Initial Mark 469M->469M(886M) 163.835ms
[38.816s][info   ][gc     ] GC(80) Concurrent Mark
[38.822s][info   ][gc     ] GC(80) Concurrent Mark 5.410ms
[38.822s][info   ][gc     ] GC(80) Concurrent Preclean
[38.824s][info   ][gc     ] GC(80) Concurrent Preclean 2.062ms
[38.824s][info   ][gc     ] GC(80) Concurrent Abortable Preclean
[38.824s][info   ][gc     ] GC(80) Concurrent Abortable Preclean 0.008ms
[39.020s][info   ][gc     ] GC(80) Pause Remark 487M->487M(886M) 194.931ms
[39.020s][info   ][gc     ] GC(80) Concurrent Sweep
[39.021s][info   ][gc     ] GC(80) Concurrent Sweep 1.221ms
[39.021s][info   ][gc     ] GC(80) Concurrent Reset
[39.021s][info   ][gc     ] GC(80) Concurrent Reset 0.004ms
15%[40.394s][info   ][gc     ] GC(82) Pause Full (Allocation Failure) 886M->464M(886M) 783.800ms
[40.394s][info   ][gc     ] GC(81) Pause Young (Allocation Failure) 886M->464M(886M) 783.891ms
[40.565s][info   ][gc     ] GC(83) Pause Initial Mark 474M->474M(886M) 170.080ms
[40.565s][info   ][gc     ] GC(83) Concurrent Mark
[40.570s][info   ][gc     ] GC(83) Concurrent Mark 4.808ms
[40.570s][info   ][gc     ] GC(83) Concurrent Preclean
[40.573s][info   ][gc     ] GC(83) Concurrent Preclean 2.278ms
[40.573s][info   ][gc     ] GC(83) Concurrent Abortable Preclean
[40.573s][info   ][gc     ] GC(83) Concurrent Abortable Preclean 0.004ms
[40.774s][info   ][gc     ] GC(83) Pause Remark 495M->495M(886M) 201.120ms
[40.774s][info   ][gc     ] GC(83) Concurrent Sweep
[40.775s][info   ][gc     ] GC(83) Concurrent Sweep 1.077ms
[40.775s][info   ][gc     ] GC(83) Concurrent Reset
[40.775s][info   ][gc     ] GC(83) Concurrent Reset 0.007ms
[42.098s][info   ][gc     ] GC(85) Pause Full (Allocation Failure) 886M->467M(886M) 763.870ms
[42.098s][info   ][gc     ] GC(84) Pause Young (Allocation Failure) 886M->467M(886M) 763.984ms
[42.266s][info   ][gc     ] GC(86) Pause Initial Mark 470M->470M(886M) 167.562ms
[42.267s][info   ][gc     ] GC(86) Concurrent Mark
[42.270s][info   ][gc     ] GC(86) Concurrent Mark 3.643ms
[42.270s][info   ][gc     ] GC(86) Concurrent Preclean
[42.273s][info   ][gc     ] GC(86) Concurrent Preclean 2.413ms
[42.273s][info   ][gc     ] GC(86) Concurrent Abortable Preclean
[42.273s][info   ][gc     ] GC(86) Concurrent Abortable Preclean 0.003ms
[42.472s][info   ][gc     ] GC(86) Pause Remark 490M->490M(886M) 199.219ms
[42.472s][info   ][gc     ] GC(86) Concurrent Sweep
[42.473s][info   ][gc     ] GC(86) Concurrent Sweep 1.111ms
[42.474s][info   ][gc     ] GC(86) Concurrent Reset
[42.474s][info   ][gc     ] GC(86) Concurrent Reset 0.005ms
20%[43.780s][info   ][gc     ] GC(88) Pause Full (Allocation Failure) 886M->469M(886M) 757.380ms
[43.780s][info   ][gc     ] GC(87) Pause Young (Allocation Failure) 886M->469M(886M) 757.478ms
[43.948s][info   ][gc     ] GC(89) Pause Initial Mark 473M->473M(886M) 167.054ms
[43.949s][info   ][gc     ] GC(89) Concurrent Mark
[43.954s][info   ][gc     ] GC(89) Concurrent Mark 5.382ms
[43.954s][info   ][gc     ] GC(89) Concurrent Preclean
[43.956s][info   ][gc     ] GC(89) Concurrent Preclean 2.232ms
[43.956s][info   ][gc     ] GC(89) Concurrent Abortable Preclean
[43.956s][info   ][gc     ] GC(89) Concurrent Abortable Preclean 0.002ms
[44.160s][info   ][gc     ] GC(89) Pause Remark 494M->494M(886M) 203.413ms
[44.160s][info   ][gc     ] GC(89) Concurrent Sweep
[44.162s][info   ][gc     ] GC(89) Concurrent Sweep 1.189ms
[44.162s][info   ][gc     ] GC(89) Concurrent Reset
[44.162s][info   ][gc     ] GC(89) Concurrent Reset 0.004ms
[45.453s][info   ][gc     ] GC(91) Pause Full (Allocation Failure) 886M->472M(886M) 743.619ms
[45.453s][info   ][gc     ] GC(90) Pause Young (Allocation Failure) 886M->472M(886M) 743.719ms
[45.624s][info   ][gc     ] GC(92) Pause Initial Mark 473M->473M(886M) 169.977ms
[45.624s][info   ][gc     ] GC(92) Concurrent Mark
[45.634s][info   ][gc     ] GC(92) Concurrent Mark 9.870ms
[45.634s][info   ][gc     ] GC(92) Concurrent Preclean
[45.636s][info   ][gc     ] GC(92) Concurrent Preclean 2.315ms
[45.636s][info   ][gc     ] GC(92) Concurrent Abortable Preclean
[45.636s][info   ][gc     ] GC(92) Concurrent Abortable Preclean 0.003ms
[45.836s][info   ][gc     ] GC(92) Pause Remark 520M->520M(886M) 199.202ms
[45.836s][info   ][gc     ] GC(92) Concurrent Sweep
[45.837s][info   ][gc     ] GC(92) Concurrent Sweep 1.157ms
[45.837s][info   ][gc     ] GC(92) Concurrent Reset
[45.837s][info   ][gc     ] GC(92) Concurrent Reset 0.019ms
25%[47.159s][info   ][gc     ] GC(94) Pause Full (Allocation Failure) 886M->474M(886M) 784.628ms
[47.159s][info   ][gc     ] GC(93) Pause Young (Allocation Failure) 886M->474M(886M) 784.719ms
[47.328s][info   ][gc     ] GC(95) Pause Initial Mark 476M->476M(886M) 169.142ms
[47.328s][info   ][gc     ] GC(95) Concurrent Mark
[47.332s][info   ][gc     ] GC(95) Concurrent Mark 3.879ms
[47.332s][info   ][gc     ] GC(95) Concurrent Preclean
[47.335s][info   ][gc     ] GC(95) Concurrent Preclean 2.194ms
[47.335s][info   ][gc     ] GC(95) Concurrent Abortable Preclean
[47.335s][info   ][gc     ] GC(95) Concurrent Abortable Preclean 0.002ms
[47.538s][info   ][gc     ] GC(95) Pause Remark 501M->501M(886M) 201.698ms
[47.538s][info   ][gc     ] GC(95) Concurrent Sweep
[47.540s][info   ][gc     ] GC(95) Concurrent Sweep 1.127ms
[47.540s][info   ][gc     ] GC(95) Concurrent Reset
[47.540s][info   ][gc     ] GC(95) Concurrent Reset 0.005ms
[48.866s][info   ][gc     ] GC(97) Pause Full (Allocation Failure) 886M->477M(886M) 788.596ms
[48.866s][info   ][gc     ] GC(96) Pause Young (Allocation Failure) 886M->477M(886M) 788.682ms
[49.037s][info   ][gc     ] GC(98) Pause Initial Mark 483M->483M(886M) 170.073ms
[49.037s][info   ][gc     ] GC(98) Concurrent Mark
[49.041s][info   ][gc     ] GC(98) Concurrent Mark 3.410ms
[49.041s][info   ][gc     ] GC(98) Concurrent Preclean
[49.043s][info   ][gc     ] GC(98) Concurrent Preclean 2.088ms
[49.043s][info   ][gc     ] GC(98) Concurrent Abortable Preclean
[49.043s][info   ][gc     ] GC(98) Concurrent Abortable Preclean 0.003ms
[49.249s][info   ][gc     ] GC(98) Pause Remark 501M->501M(886M) 205.521ms
[49.249s][info   ][gc     ] GC(98) Concurrent Sweep
[49.250s][info   ][gc     ] GC(98) Concurrent Sweep 1.192ms
[49.250s][info   ][gc     ] GC(98) Concurrent Reset
[49.250s][info   ][gc     ] GC(98) Concurrent Reset 0.004ms
30%[50.591s][info   ][gc     ] GC(100) Pause Full (Allocation Failure) 886M->479M(886M) 789.373ms
[50.591s][info   ][gc     ] GC(99) Pause Young (Allocation Failure) 886M->479M(886M) 789.478ms
[50.762s][info   ][gc     ] GC(101) Pause Initial Mark 481M->481M(886M) 170.675ms
[50.763s][info   ][gc     ] GC(101) Concurrent Mark
[50.766s][info   ][gc     ] GC(101) Concurrent Mark 3.105ms
[50.766s][info   ][gc     ] GC(101) Concurrent Preclean
[50.768s][info   ][gc     ] GC(101) Concurrent Preclean 2.298ms
[50.768s][info   ][gc     ] GC(101) Concurrent Abortable Preclean
[50.768s][info   ][gc     ] GC(101) Concurrent Abortable Preclean 0.002ms
[50.974s][info   ][gc     ] GC(101) Pause Remark 500M->500M(886M) 205.443ms
[50.974s][info   ][gc     ] GC(101) Concurrent Sweep
[50.975s][info   ][gc     ] GC(101) Concurrent Sweep 1.119ms
[50.975s][info   ][gc     ] GC(101) Concurrent Reset
[50.975s][info   ][gc     ] GC(101) Concurrent Reset 0.003ms
[52.284s][info   ][gc     ] GC(103) Pause Full (Allocation Failure) 886M->482M(886M) 768.625ms
[52.285s][info   ][gc     ] GC(102) Pause Young (Allocation Failure) 886M->482M(886M) 768.726ms
[52.458s][info   ][gc     ] GC(104) Pause Initial Mark 488M->488M(886M) 171.703ms
[52.458s][info   ][gc     ] GC(104) Concurrent Mark
[52.462s][info   ][gc     ] GC(104) Concurrent Mark 4.036ms
[52.462s][info   ][gc     ] GC(104) Concurrent Preclean
[52.464s][info   ][gc     ] GC(104) Concurrent Preclean 2.404ms
[52.464s][info   ][gc     ] GC(104) Concurrent Abortable Preclean
[52.464s][info   ][gc     ] GC(104) Concurrent Abortable Preclean 0.002ms
[52.673s][info   ][gc     ] GC(104) Pause Remark 511M->511M(886M) 207.969ms
[52.673s][info   ][gc     ] GC(104) Concurrent Sweep
[52.674s][info   ][gc     ] GC(104) Concurrent Sweep 1.131ms
[52.674s][info   ][gc     ] GC(104) Concurrent Reset
[52.674s][info   ][gc     ] GC(104) Concurrent Reset 0.003ms
35%[54.008s][info   ][gc     ] GC(106) Pause Full (Allocation Failure) 886M->484M(886M) 800.870ms
[54.009s][info   ][gc     ] GC(105) Pause Young (Allocation Failure) 886M->484M(886M) 800.950ms
[54.185s][info   ][gc     ] GC(107) Pause Initial Mark 487M->487M(886M) 176.075ms
[54.186s][info   ][gc     ] GC(107) Concurrent Mark
[54.192s][info   ][gc     ] GC(107) Concurrent Mark 6.888ms
[54.192s][info   ][gc     ] GC(107) Concurrent Preclean
[54.195s][info   ][gc     ] GC(107) Concurrent Preclean 2.219ms
[54.195s][info   ][gc     ] GC(107) Concurrent Abortable Preclean
[54.195s][info   ][gc     ] GC(107) Concurrent Abortable Preclean 0.003ms
[54.408s][info   ][gc     ] GC(107) Pause Remark 520M->520M(886M) 209.918ms
[54.408s][info   ][gc     ] GC(107) Concurrent Sweep
[54.409s][info   ][gc     ] GC(107) Concurrent Sweep 1.091ms
[54.409s][info   ][gc     ] GC(107) Concurrent Reset
[54.409s][info   ][gc     ] GC(107) Concurrent Reset 0.004ms
[55.749s][info   ][gc     ] GC(109) Pause Full (Allocation Failure) 886M->486M(886M) 785.901ms
[55.750s][info   ][gc     ] GC(108) Pause Young (Allocation Failure) 886M->486M(886M) 785.974ms
[55.927s][info   ][gc     ] GC(110) Pause Initial Mark 487M->487M(886M) 177.201ms
[55.927s][info   ][gc     ] GC(110) Concurrent Mark
[55.937s][info   ][gc     ] GC(110) Concurrent Mark 9.578ms
[55.937s][info   ][gc     ] GC(110) Concurrent Preclean
[55.939s][info   ][gc     ] GC(110) Concurrent Preclean 2.075ms
[55.939s][info   ][gc     ] GC(110) Concurrent Abortable Preclean
[55.939s][info   ][gc     ] GC(110) Concurrent Abortable Preclean 0.002ms
[56.149s][info   ][gc     ] GC(110) Pause Remark 526M->526M(886M) 209.743ms
[56.149s][info   ][gc     ] GC(110) Concurrent Sweep
[56.150s][info   ][gc     ] GC(110) Concurrent Sweep 1.107ms
[56.150s][info   ][gc     ] GC(110) Concurrent Reset
[56.150s][info   ][gc     ] GC(110) Concurrent Reset 0.005ms
[57.513s][info   ][gc     ] GC(112) Pause Full (Allocation Failure) 886M->488M(886M) 817.215ms
[57.513s][info   ][gc     ] GC(111) Pause Young (Allocation Failure) 886M->488M(886M) 817.319ms
[57.688s][info   ][gc     ] GC(113) Pause Initial Mark 490M->490M(886M) 175.029ms
[57.688s][info   ][gc     ] GC(113) Concurrent Mark
[57.693s][info   ][gc     ] GC(113) Concurrent Mark 4.147ms
[57.693s][info   ][gc     ] GC(113) Concurrent Preclean
[57.695s][info   ][gc     ] GC(113) Concurrent Preclean 2.008ms
[57.695s][info   ][gc     ] GC(113) Concurrent Abortable Preclean
[57.695s][info   ][gc     ] GC(113) Concurrent Abortable Preclean 0.002ms
[57.908s][info   ][gc     ] GC(113) Pause Remark 511M->511M(886M) 212.512ms
[57.908s][info   ][gc     ] GC(113) Concurrent Sweep
[57.909s][info   ][gc     ] GC(113) Concurrent Sweep 1.070ms
[57.909s][info   ][gc     ] GC(113) Concurrent Reset
[57.909s][info   ][gc     ] GC(113) Concurrent Reset 0.005ms
40%[59.268s][info   ][gc     ] GC(115) Pause Full (Allocation Failure) 886M->491M(886M) 821.205ms
[59.268s][info   ][gc     ] GC(114) Pause Young (Allocation Failure) 886M->491M(886M) 821.415ms
[59.448s][info   ][gc     ] GC(116) Pause Initial Mark 492M->492M(886M) 179.846ms
[59.449s][info   ][gc     ] GC(116) Concurrent Mark
[59.452s][info   ][gc     ] GC(116) Concurrent Mark 3.021ms
[59.452s][info   ][gc     ] GC(116) Concurrent Preclean
[59.454s][info   ][gc     ] GC(116) Concurrent Preclean 2.429ms
[59.454s][info   ][gc     ] GC(116) Concurrent Abortable Preclean
[59.454s][info   ][gc     ] GC(116) Concurrent Abortable Preclean 0.003ms
[59.665s][info   ][gc     ] GC(116) Pause Remark 515M->515M(886M) 209.996ms
[59.665s][info   ][gc     ] GC(116) Concurrent Sweep
[59.666s][info   ][gc     ] GC(116) Concurrent Sweep 1.233ms
[59.666s][info   ][gc     ] GC(116) Concurrent Reset
[59.666s][info   ][gc     ] GC(116) Concurrent Reset 0.004ms
[61.112s][info   ][gc     ] GC(118) Pause Full (Allocation Failure) 886M->493M(886M) 849.260ms
[61.112s][info   ][gc     ] GC(117) Pause Young (Allocation Failure) 886M->493M(886M) 849.347ms
[61.289s][info   ][gc     ] GC(119) Pause Initial Mark 494M->494M(886M) 176.346ms
[61.289s][info   ][gc     ] GC(119) Concurrent Mark
[61.292s][info   ][gc     ] GC(119) Concurrent Mark 3.305ms
[61.292s][info   ][gc     ] GC(119) Concurrent Preclean
[61.294s][info   ][gc     ] GC(119) Concurrent Preclean 1.991ms
[61.294s][info   ][gc     ] GC(119) Concurrent Abortable Preclean
[61.294s][info   ][gc     ] GC(119) Concurrent Abortable Preclean 0.017ms
[61.506s][info   ][gc     ] GC(119) Pause Remark 516M->516M(886M) 211.292ms
[61.506s][info   ][gc     ] GC(119) Concurrent Sweep
[61.507s][info   ][gc     ] GC(119) Concurrent Sweep 1.177ms
[61.508s][info   ][gc     ] GC(119) Concurrent Reset
[61.508s][info   ][gc     ] GC(119) Concurrent Reset 0.004ms
45%[62.874s][info   ][gc     ] GC(121) Pause Full (Allocation Failure) 886M->495M(886M) 818.229ms
[62.874s][info   ][gc     ] GC(120) Pause Young (Allocation Failure) 886M->495M(886M) 818.336ms
[63.051s][info   ][gc     ] GC(122) Pause Initial Mark 496M->496M(886M) 177.096ms
[63.051s][info   ][gc     ] GC(122) Concurrent Mark
[63.055s][info   ][gc     ] GC(122) Concurrent Mark 3.669ms
[63.055s][info   ][gc     ] GC(122) Concurrent Preclean
[63.057s][info   ][gc     ] GC(122) Concurrent Preclean 2.285ms
[63.057s][info   ][gc     ] GC(122) Concurrent Abortable Preclean
[63.057s][info   ][gc     ] GC(122) Concurrent Abortable Preclean 0.002ms
[63.271s][info   ][gc     ] GC(122) Pause Remark 519M->519M(886M) 213.848ms
[63.272s][info   ][gc     ] GC(122) Concurrent Sweep
[63.273s][info   ][gc     ] GC(122) Concurrent Sweep 1.394ms
[63.273s][info   ][gc     ] GC(122) Concurrent Reset
[63.273s][info   ][gc     ] GC(122) Concurrent Reset 0.005ms
[64.620s][info   ][gc     ] GC(124) Pause Full (Allocation Failure) 886M->497M(886M) 806.603ms
[64.620s][info   ][gc     ] GC(123) Pause Young (Allocation Failure) 886M->497M(886M) 806.688ms
[64.807s][info   ][gc     ] GC(125) Pause Initial Mark 503M->503M(886M) 185.710ms
[64.807s][info   ][gc     ] GC(125) Concurrent Mark
[64.810s][info   ][gc     ] GC(125) Concurrent Mark 2.790ms
[64.810s][info   ][gc     ] GC(125) Concurrent Preclean
[64.812s][info   ][gc     ] GC(125) Concurrent Preclean 2.325ms
[64.812s][info   ][gc     ] GC(125) Concurrent Abortable Preclean
[64.812s][info   ][gc     ] GC(125) Concurrent Abortable Preclean 0.004ms
[65.025s][info   ][gc     ] GC(125) Pause Remark 517M->517M(886M) 212.198ms
[65.025s][info   ][gc     ] GC(125) Concurrent Sweep
[65.026s][info   ][gc     ] GC(125) Concurrent Sweep 1.117ms
[65.026s][info   ][gc     ] GC(125) Concurrent Reset
[65.026s][info   ][gc     ] GC(125) Concurrent Reset 0.006ms
50%[66.447s][info   ][gc     ] GC(127) Pause Full (Allocation Failure) 886M->500M(886M) 867.506ms
[66.448s][info   ][gc     ] GC(126) Pause Young (Allocation Failure) 886M->500M(886M) 867.663ms
[66.629s][info   ][gc     ] GC(128) Pause Initial Mark 501M->501M(886M) 181.162ms
[66.629s][info   ][gc     ] GC(128) Concurrent Mark
[66.635s][info   ][gc     ] GC(128) Concurrent Mark 5.564ms
[66.635s][info   ][gc     ] GC(128) Concurrent Preclean
[66.637s][info   ][gc     ] GC(128) Concurrent Preclean 2.546ms
[66.637s][info   ][gc     ] GC(128) Concurrent Abortable Preclean
[66.638s][info   ][gc     ] GC(128) Concurrent Abortable Preclean 0.003ms
[66.852s][info   ][gc     ] GC(128) Pause Remark 531M->531M(886M) 214.221ms
[66.852s][info   ][gc     ] GC(128) Concurrent Sweep
[66.853s][info   ][gc     ] GC(128) Concurrent Sweep 1.164ms
[66.853s][info   ][gc     ] GC(128) Concurrent Reset
[66.853s][info   ][gc     ] GC(128) Concurrent Reset 0.006ms
[68.242s][info   ][gc     ] GC(130) Pause Full (Allocation Failure) 886M->502M(886M) 852.985ms
[68.242s][info   ][gc     ] GC(129) Pause Young (Allocation Failure) 886M->502M(886M) 853.076ms
[68.422s][info   ][gc     ] GC(131) Pause Initial Mark 503M->503M(886M) 179.227ms
[68.422s][info   ][gc     ] GC(131) Concurrent Mark
[68.429s][info   ][gc     ] GC(131) Concurrent Mark 6.428ms
[68.429s][info   ][gc     ] GC(131) Concurrent Preclean
[68.431s][info   ][gc     ] GC(131) Concurrent Preclean 2.170ms
[68.431s][info   ][gc     ] GC(131) Concurrent Abortable Preclean
[68.431s][info   ][gc     ] GC(131) Concurrent Abortable Preclean 0.002ms
[68.649s][info   ][gc     ] GC(131) Pause Remark 545M->545M(886M) 215.808ms
[68.649s][info   ][gc     ] GC(131) Concurrent Sweep
[68.650s][info   ][gc     ] GC(131) Concurrent Sweep 1.118ms
[68.650s][info   ][gc     ] GC(131) Concurrent Reset
[68.650s][info   ][gc     ] GC(131) Concurrent Reset 0.006ms
55%[69.998s][info   ][gc     ] GC(133) Pause Full (Allocation Failure) 886M->504M(886M) 811.396ms
[69.999s][info   ][gc     ] GC(132) Pause Young (Allocation Failure) 886M->504M(886M) 811.527ms
[70.183s][info   ][gc     ] GC(134) Pause Initial Mark 505M->505M(886M) 184.140ms
[70.183s][info   ][gc     ] GC(134) Concurrent Mark
[70.191s][info   ][gc     ] GC(134) Concurrent Mark 7.430ms
[70.191s][info   ][gc     ] GC(134) Concurrent Preclean
[70.193s][info   ][gc     ] GC(134) Concurrent Preclean 2.487ms
[70.193s][info   ][gc     ] GC(134) Concurrent Abortable Preclean
[70.193s][info   ][gc     ] GC(134) Concurrent Abortable Preclean 0.002ms
[70.413s][info   ][gc     ] GC(134) Pause Remark 526M->526M(886M) 218.711ms
[70.413s][info   ][gc     ] GC(134) Concurrent Sweep
[70.415s][info   ][gc     ] GC(134) Concurrent Sweep 1.214ms
[70.415s][info   ][gc     ] GC(134) Concurrent Reset
[70.415s][info   ][gc     ] GC(134) Concurrent Reset 0.004ms
[71.822s][info   ][gc     ] GC(136) Pause Full (Allocation Failure) 886M->506M(886M) 860.512ms
[71.822s][info   ][gc     ] GC(135) Pause Young (Allocation Failure) 886M->506M(886M) 860.606ms
[72.006s][info   ][gc     ] GC(137) Pause Initial Mark 513M->513M(886M) 182.284ms
[72.006s][info   ][gc     ] GC(137) Concurrent Mark
[72.009s][info   ][gc     ] GC(137) Concurrent Mark 3.040ms
[72.009s][info   ][gc     ] GC(137) Concurrent Preclean
[72.011s][info   ][gc     ] GC(137) Concurrent Preclean 2.015ms
[72.011s][info   ][gc     ] GC(137) Concurrent Abortable Preclean
[72.011s][info   ][gc     ] GC(137) Concurrent Abortable Preclean 0.003ms
[72.231s][info   ][gc     ] GC(137) Pause Remark 528M->528M(886M) 219.492ms
[72.231s][info   ][gc     ] GC(137) Concurrent Sweep
[72.233s][info   ][gc     ] GC(137) Concurrent Sweep 1.536ms
[72.233s][info   ][gc     ] GC(137) Concurrent Reset
[72.233s][info   ][gc     ] GC(137) Concurrent Reset 0.006ms
[73.608s][info   ][gc     ] GC(139) Pause Full (Allocation Failure) 886M->509M(886M) 828.871ms
[73.608s][info   ][gc     ] GC(138) Pause Young (Allocation Failure) 886M->509M(886M) 828.951ms
[73.795s][info   ][gc     ] GC(140) Pause Initial Mark 509M->509M(886M) 186.890ms
[73.795s][info   ][gc     ] GC(140) Concurrent Mark
[73.798s][info   ][gc     ] GC(140) Concurrent Mark 3.007ms
[73.798s][info   ][gc     ] GC(140) Concurrent Preclean
[73.801s][info   ][gc     ] GC(140) Concurrent Preclean 2.304ms
[73.801s][info   ][gc     ] GC(140) Concurrent Abortable Preclean
[73.801s][info   ][gc     ] GC(140) Concurrent Abortable Preclean 0.003ms
[74.021s][info   ][gc     ] GC(140) Pause Remark 529M->529M(886M) 220.218ms
[74.022s][info   ][gc     ] GC(140) Concurrent Sweep
[74.023s][info   ][gc     ] GC(140) Concurrent Sweep 1.142ms
[74.023s][info   ][gc     ] GC(140) Concurrent Reset
[74.023s][info   ][gc     ] GC(140) Concurrent Reset 0.004ms
60%[75.462s][info   ][gc     ] GC(142) Pause Full (Allocation Failure) 886M->511M(886M) 878.431ms
[75.462s][info   ][gc     ] GC(141) Pause Young (Allocation Failure) 886M->511M(886M) 878.560ms
[75.647s][info   ][gc     ] GC(143) Pause Initial Mark 512M->512M(886M) 185.150ms
[75.647s][info   ][gc     ] GC(143) Concurrent Mark
[75.651s][info   ][gc     ] GC(143) Concurrent Mark 3.309ms
[75.651s][info   ][gc     ] GC(143) Concurrent Preclean
[75.653s][info   ][gc     ] GC(143) Concurrent Preclean 2.509ms
[75.653s][info   ][gc     ] GC(143) Concurrent Abortable Preclean
[75.653s][info   ][gc     ] GC(143) Concurrent Abortable Preclean 0.004ms
[75.873s][info   ][gc     ] GC(143) Pause Remark 531M->531M(886M) 218.725ms
[75.873s][info   ][gc     ] GC(143) Concurrent Sweep
[75.874s][info   ][gc     ] GC(143) Concurrent Sweep 1.104ms
[75.874s][info   ][gc     ] GC(143) Concurrent Reset
[75.874s][info   ][gc     ] GC(143) Concurrent Reset 0.004ms
[77.275s][info   ][gc     ] GC(145) Pause Full (Allocation Failure) 886M->513M(886M) 846.948ms
[77.275s][info   ][gc     ] GC(144) Pause Young (Allocation Failure) 886M->513M(886M) 847.043ms
[77.460s][info   ][gc     ] GC(146) Pause Initial Mark 517M->517M(886M) 184.503ms
[77.460s][info   ][gc     ] GC(146) Concurrent Mark
[77.465s][info   ][gc     ] GC(146) Concurrent Mark 4.388ms
[77.465s][info   ][gc     ] GC(146) Concurrent Preclean
[77.467s][info   ][gc     ] GC(146) Concurrent Preclean 2.160ms
[77.467s][info   ][gc     ] GC(146) Concurrent Abortable Preclean
[77.467s][info   ][gc     ] GC(146) Concurrent Abortable Preclean 0.003ms
[77.688s][info   ][gc     ] GC(146) Pause Remark 537M->537M(886M) 220.219ms
[77.688s][info   ][gc     ] GC(146) Concurrent Sweep
[77.689s][info   ][gc     ] GC(146) Concurrent Sweep 1.151ms
[77.689s][info   ][gc     ] GC(146) Concurrent Reset
[77.689s][info   ][gc     ] GC(146) Concurrent Reset 0.004ms
65%[79.108s][info   ][gc     ] GC(148) Pause Full (Allocation Failure) 886M->515M(886M) 877.886ms
[79.108s][info   ][gc     ] GC(147) Pause Young (Allocation Failure) 886M->515M(886M) 877.985ms
[79.300s][info   ][gc     ] GC(149) Pause Initial Mark 520M->520M(886M) 190.697ms
[79.300s][info   ][gc     ] GC(149) Concurrent Mark
[79.303s][info   ][gc     ] GC(149) Concurrent Mark 3.253ms
[79.303s][info   ][gc     ] GC(149) Concurrent Preclean
[79.306s][info   ][gc     ] GC(149) Concurrent Preclean 2.362ms
[79.306s][info   ][gc     ] GC(149) Concurrent Abortable Preclean
[79.306s][info   ][gc     ] GC(149) Concurrent Abortable Preclean 0.002ms
[79.533s][info   ][gc     ] GC(149) Pause Remark 536M->536M(886M) 226.329ms
[79.533s][info   ][gc     ] GC(149) Concurrent Sweep
[79.534s][info   ][gc     ] GC(149) Concurrent Sweep 1.094ms
[79.534s][info   ][gc     ] GC(149) Concurrent Reset
[79.534s][info   ][gc     ] GC(149) Concurrent Reset 0.004ms
[80.943s][info   ][gc     ] GC(151) Pause Full (Allocation Failure) 886M->517M(886M) 884.214ms
[80.943s][info   ][gc     ] GC(150) Pause Young (Allocation Failure) 886M->517M(886M) 884.304ms
[81.137s][info   ][gc     ] GC(152) Pause Initial Mark 522M->522M(886M) 193.897ms
[81.137s][info   ][gc     ] GC(152) Concurrent Mark
[81.142s][info   ][gc     ] GC(152) Concurrent Mark 4.825ms
[81.142s][info   ][gc     ] GC(152) Concurrent Preclean
[81.145s][info   ][gc     ] GC(152) Concurrent Preclean 2.521ms
[81.145s][info   ][gc     ] GC(152) Concurrent Abortable Preclean
[81.145s][info   ][gc     ] GC(152) Concurrent Abortable Preclean 0.003ms
[81.379s][info   ][gc     ] GC(152) Pause Remark 545M->545M(886M) 232.212ms
[81.379s][info   ][gc     ] GC(152) Concurrent Sweep
[81.380s][info   ][gc     ] GC(152) Concurrent Sweep 1.212ms
[81.380s][info   ][gc     ] GC(152) Concurrent Reset
[81.380s][info   ][gc     ] GC(152) Concurrent Reset 0.004ms
70%[82.811s][info   ][gc     ] GC(154) Pause Full (Allocation Failure) 886M->519M(886M) 870.759ms
[82.812s][info   ][gc     ] GC(153) Pause Young (Allocation Failure) 886M->519M(886M) 871.081ms
[83.006s][info   ][gc     ] GC(155) Pause Initial Mark 521M->521M(886M) 193.613ms
[83.006s][info   ][gc     ] GC(155) Concurrent Mark
[83.010s][info   ][gc     ] GC(155) Concurrent Mark 3.475ms
[83.010s][info   ][gc     ] GC(155) Concurrent Preclean
[83.012s][info   ][gc     ] GC(155) Concurrent Preclean 2.268ms
[83.012s][info   ][gc     ] GC(155) Concurrent Abortable Preclean
[83.012s][info   ][gc     ] GC(155) Concurrent Abortable Preclean 0.003ms
[83.241s][info   ][gc     ] GC(155) Pause Remark 544M->544M(886M) 227.703ms
[83.242s][info   ][gc     ] GC(155) Concurrent Sweep
[83.243s][info   ][gc     ] GC(155) Concurrent Sweep 1.067ms
[83.243s][info   ][gc     ] GC(155) Concurrent Reset
[83.243s][info   ][gc     ] GC(155) Concurrent Reset 0.005ms
[84.714s][info   ][gc     ] GC(157) Pause Full (Allocation Failure) 886M->521M(886M) 900.219ms
[84.714s][info   ][gc     ] GC(156) Pause Young (Allocation Failure) 886M->521M(886M) 900.372ms
[84.901s][info   ][gc     ] GC(158) Pause Initial Mark 524M->524M(886M) 186.655ms
[84.901s][info   ][gc     ] GC(158) Concurrent Mark
[84.905s][info   ][gc     ] GC(158) Concurrent Mark 3.429ms
[84.905s][info   ][gc     ] GC(158) Concurrent Preclean
[84.907s][info   ][gc     ] GC(158) Concurrent Preclean 2.356ms
[84.907s][info   ][gc     ] GC(158) Concurrent Abortable Preclean
[84.907s][info   ][gc     ] GC(158) Concurrent Abortable Preclean 0.003ms
[85.134s][info   ][gc     ] GC(158) Pause Remark 544M->544M(886M) 226.273ms
[85.134s][info   ][gc     ] GC(158) Concurrent Sweep
[85.135s][info   ][gc     ] GC(158) Concurrent Sweep 1.135ms
[85.135s][info   ][gc     ] GC(158) Concurrent Reset
[85.135s][info   ][gc     ] GC(158) Concurrent Reset 0.005ms
[86.555s][info   ][gc     ] GC(160) Pause Full (Allocation Failure) 886M->524M(886M) 887.420ms
[86.555s][info   ][gc     ] GC(159) Pause Young (Allocation Failure) 886M->524M(886M) 887.517ms
[86.745s][info   ][gc     ] GC(161) Pause Initial Mark 527M->527M(886M) 189.535ms
[86.745s][info   ][gc     ] GC(161) Concurrent Mark
[86.749s][info   ][gc     ] GC(161) Concurrent Mark 3.719ms
[86.749s][info   ][gc     ] GC(161) Concurrent Preclean
[86.751s][info   ][gc     ] GC(161) Concurrent Preclean 2.147ms
[86.751s][info   ][gc     ] GC(161) Concurrent Abortable Preclean
[86.751s][info   ][gc     ] GC(161) Concurrent Abortable Preclean 0.002ms
[86.976s][info   ][gc     ] GC(161) Pause Remark 547M->547M(886M) 224.667ms
[86.977s][info   ][gc     ] GC(161) Concurrent Sweep
[86.978s][info   ][gc     ] GC(161) Concurrent Sweep 1.214ms
[86.978s][info   ][gc     ] GC(161) Concurrent Reset
[86.978s][info   ][gc     ] GC(161) Concurrent Reset 0.004ms
75%[88.380s][info   ][gc     ] GC(163) Pause Full (Allocation Failure) 886M->526M(886M) 880.470ms
[88.380s][info   ][gc     ] GC(162) Pause Young (Allocation Failure) 886M->526M(886M) 880.617ms
[88.570s][info   ][gc     ] GC(164) Pause Initial Mark 529M->529M(886M) 189.109ms
[88.570s][info   ][gc     ] GC(164) Concurrent Mark
[88.574s][info   ][gc     ] GC(164) Concurrent Mark 4.110ms
[88.574s][info   ][gc     ] GC(164) Concurrent Preclean
[88.577s][info   ][gc     ] GC(164) Concurrent Preclean 2.207ms
[88.577s][info   ][gc     ] GC(164) Concurrent Abortable Preclean
[88.577s][info   ][gc     ] GC(164) Concurrent Abortable Preclean 0.002ms
[88.810s][info   ][gc     ] GC(164) Pause Remark 547M->547M(886M) 232.213ms
[88.810s][info   ][gc     ] GC(164) Concurrent Sweep
[88.811s][info   ][gc     ] GC(164) Concurrent Sweep 1.166ms
[88.811s][info   ][gc     ] GC(164) Concurrent Reset
[88.811s][info   ][gc     ] GC(164) Concurrent Reset 0.006ms
[90.188s][info   ][gc     ] GC(166) Pause Full (Allocation Failure) 886M->528M(886M) 860.960ms
[90.188s][info   ][gc     ] GC(165) Pause Young (Allocation Failure) 886M->528M(886M) 861.055ms
[90.379s][info   ][gc     ] GC(167) Pause Initial Mark 532M->532M(886M) 190.017ms
[90.379s][info   ][gc     ] GC(167) Concurrent Mark
[90.382s][info   ][gc     ] GC(167) Concurrent Mark 3.299ms
[90.383s][info   ][gc     ] GC(167) Concurrent Preclean
[90.385s][info   ][gc     ] GC(167) Concurrent Preclean 2.232ms
[90.385s][info   ][gc     ] GC(167) Concurrent Abortable Preclean
[90.385s][info   ][gc     ] GC(167) Concurrent Abortable Preclean 0.002ms
[90.614s][info   ][gc     ] GC(167) Pause Remark 547M->547M(886M) 229.242ms
[90.615s][info   ][gc     ] GC(167) Concurrent Sweep
[90.616s][info   ][gc     ] GC(167) Concurrent Sweep 1.099ms
[90.616s][info   ][gc     ] GC(167) Concurrent Reset
[90.616s][info   ][gc     ] GC(167) Concurrent Reset 0.004ms
80%[92.014s][info   ][gc     ] GC(169) Pause Full (Allocation Failure) 886M->530M(886M) 875.585ms
[92.014s][info   ][gc     ] GC(168) Pause Young (Allocation Failure) 886M->530M(886M) 875.677ms
[92.205s][info   ][gc     ] GC(170) Pause Initial Mark 535M->535M(886M) 189.688ms
[92.206s][info   ][gc     ] GC(170) Concurrent Mark
[92.215s][info   ][gc     ] GC(170) Concurrent Mark 9.526ms
[92.215s][info   ][gc     ] GC(170) Concurrent Preclean
[92.218s][info   ][gc     ] GC(170) Concurrent Preclean 2.536ms
[92.218s][info   ][gc     ] GC(170) Concurrent Abortable Preclean
[92.218s][info   ][gc     ] GC(170) Concurrent Abortable Preclean 0.003ms
[92.445s][info   ][gc     ] GC(170) Pause Remark 580M->580M(886M) 226.717ms
[92.445s][info   ][gc     ] GC(170) Concurrent Sweep
[92.446s][info   ][gc     ] GC(170) Concurrent Sweep 1.157ms
[92.446s][info   ][gc     ] GC(170) Concurrent Reset
[92.446s][info   ][gc     ] GC(170) Concurrent Reset 0.005ms
[93.855s][info   ][gc     ] GC(172) Pause Full (Allocation Failure) 886M->532M(886M) 878.700ms
[93.856s][info   ][gc     ] GC(171) Pause Young (Allocation Failure) 886M->532M(886M) 878.818ms
[94.050s][info   ][gc     ] GC(173) Pause Initial Mark 533M->533M(886M) 193.833ms
[94.050s][info   ][gc     ] GC(173) Concurrent Mark
[94.054s][info   ][gc     ] GC(173) Concurrent Mark 3.794ms
[94.054s][info   ][gc     ] GC(173) Concurrent Preclean
[94.056s][info   ][gc     ] GC(173) Concurrent Preclean 2.355ms
[94.056s][info   ][gc     ] GC(173) Concurrent Abortable Preclean
[94.056s][info   ][gc     ] GC(173) Concurrent Abortable Preclean 0.003ms
[94.287s][info   ][gc     ] GC(173) Pause Remark 553M->553M(886M) 230.557ms
[94.287s][info   ][gc     ] GC(173) Concurrent Sweep
[94.289s][info   ][gc     ] GC(173) Concurrent Sweep 1.507ms
[94.289s][info   ][gc     ] GC(173) Concurrent Reset
[94.289s][info   ][gc     ] GC(173) Concurrent Reset 0.004ms
[95.738s][info   ][gc     ] GC(175) Pause Full (Allocation Failure) 886M->534M(886M) 874.986ms
[95.738s][info   ][gc     ] GC(174) Pause Young (Allocation Failure) 886M->534M(886M) 875.084ms
[95.931s][info   ][gc     ] GC(176) Pause Initial Mark 536M->536M(886M) 191.670ms
[95.931s][info   ][gc     ] GC(176) Concurrent Mark
[95.934s][info   ][gc     ] GC(176) Concurrent Mark 3.235ms
[95.934s][info   ][gc     ] GC(176) Concurrent Preclean
[95.936s][info   ][gc     ] GC(176) Concurrent Preclean 2.306ms
[95.936s][info   ][gc     ] GC(176) Concurrent Abortable Preclean
[95.936s][info   ][gc     ] GC(176) Concurrent Abortable Preclean 0.002ms
[96.169s][info   ][gc     ] GC(176) Pause Remark 557M->557M(886M) 231.888ms
[96.169s][info   ][gc     ] GC(176) Concurrent Sweep
[96.170s][info   ][gc     ] GC(176) Concurrent Sweep 1.086ms
[96.170s][info   ][gc     ] GC(176) Concurrent Reset
[96.170s][info   ][gc     ] GC(176) Concurrent Reset 0.004ms
85%[97.559s][info   ][gc     ] GC(178) Pause Full (Allocation Failure) 886M->536M(886M) 866.049ms
[97.559s][info   ][gc     ] GC(177) Pause Young (Allocation Failure) 886M->536M(886M) 866.160ms
[97.753s][info   ][gc     ] GC(179) Pause Initial Mark 538M->538M(886M) 193.756ms
[97.753s][info   ][gc     ] GC(179) Concurrent Mark
[97.757s][info   ][gc     ] GC(179) Concurrent Mark 3.497ms
[97.757s][info   ][gc     ] GC(179) Concurrent Preclean
[97.759s][info   ][gc     ] GC(179) Concurrent Preclean 2.017ms
[97.759s][info   ][gc     ] GC(179) Concurrent Abortable Preclean
[97.759s][info   ][gc     ] GC(179) Concurrent Abortable Preclean 0.002ms
[97.992s][info   ][gc     ] GC(179) Pause Remark 567M->567M(886M) 230.144ms
[97.992s][info   ][gc     ] GC(179) Concurrent Sweep
[97.993s][info   ][gc     ] GC(179) Concurrent Sweep 1.098ms
[97.993s][info   ][gc     ] GC(179) Concurrent Reset
[97.993s][info   ][gc     ] GC(179) Concurrent Reset 0.005ms
[99.411s][info   ][gc     ] GC(181) Pause Full (Allocation Failure) 886M->538M(886M) 904.296ms
[99.411s][info   ][gc     ] GC(180) Pause Young (Allocation Failure) 886M->538M(886M) 904.448ms
[99.606s][info   ][gc     ] GC(182) Pause Initial Mark 539M->539M(886M) 194.171ms
[99.606s][info   ][gc     ] GC(182) Concurrent Mark
[99.609s][info   ][gc     ] GC(182) Concurrent Mark 3.289ms
[99.609s][info   ][gc     ] GC(182) Concurrent Preclean
[99.611s][info   ][gc     ] GC(182) Concurrent Preclean 2.026ms
[99.611s][info   ][gc     ] GC(182) Concurrent Abortable Preclean
[99.611s][info   ][gc     ] GC(182) Concurrent Abortable Preclean 0.002ms
[99.862s][info   ][gc     ] GC(182) Pause Remark 559M->559M(886M) 250.682ms
[99.863s][info   ][gc     ] GC(182) Concurrent Sweep
[99.864s][info   ][gc     ] GC(182) Concurrent Sweep 1.094ms
[99.864s][info   ][gc     ] GC(182) Concurrent Reset
[99.864s][info   ][gc     ] GC(182) Concurrent Reset 0.004ms
90%[101.275s][info   ][gc     ] GC(184) Pause Full (Allocation Failure) 886M->540M(886M) 904.001ms
[101.275s][info   ][gc     ] GC(183) Pause Young (Allocation Failure) 886M->540M(886M) 904.108ms
[101.471s][info   ][gc     ] GC(185) Pause Initial Mark 542M->542M(886M) 194.542ms
[101.471s][info   ][gc     ] GC(185) Concurrent Mark
[101.483s][info   ][gc     ] GC(185) Concurrent Mark 11.814ms
[101.483s][info   ][gc     ] GC(185) Concurrent Preclean
[101.485s][info   ][gc     ] GC(185) Concurrent Preclean 2.462ms
[101.485s][info   ][gc     ] GC(185) Concurrent Abortable Preclean
[101.485s][info   ][gc     ] GC(185) Concurrent Abortable Preclean 0.002ms
[101.722s][info   ][gc     ] GC(185) Pause Remark 599M->599M(886M) 234.740ms
[101.722s][info   ][gc     ] GC(185) Concurrent Sweep
[101.723s][info   ][gc     ] GC(185) Concurrent Sweep 1.193ms
[101.723s][info   ][gc     ] GC(185) Concurrent Reset
[101.723s][info   ][gc     ] GC(185) Concurrent Reset 0.005ms
[103.156s][info   ][gc     ] GC(187) Pause Full (Allocation Failure) 886M->542M(886M) 916.383ms
[103.156s][info   ][gc     ] GC(186) Pause Young (Allocation Failure) 886M->542M(886M) 916.469ms
[103.351s][info   ][gc     ] GC(188) Pause Initial Mark 545M->545M(886M) 194.511ms
[103.351s][info   ][gc     ] GC(188) Concurrent Mark
[103.354s][info   ][gc     ] GC(188) Concurrent Mark 3.031ms
[103.354s][info   ][gc     ] GC(188) Concurrent Preclean
[103.356s][info   ][gc     ] GC(188) Concurrent Preclean 2.147ms
[103.356s][info   ][gc     ] GC(188) Concurrent Abortable Preclean
[103.356s][info   ][gc     ] GC(188) Concurrent Abortable Preclean 0.003ms
[103.589s][info   ][gc     ] GC(188) Pause Remark 561M->561M(886M) 232.280ms
[103.589s][info   ][gc     ] GC(188) Concurrent Sweep
[103.590s][info   ][gc     ] GC(188) Concurrent Sweep 1.101ms
[103.590s][info   ][gc     ] GC(188) Concurrent Reset
[103.590s][info   ][gc     ] GC(188) Concurrent Reset 0.009ms
[105.040s][info   ][gc     ] GC(190) Pause Full (Allocation Failure) 886M->544M(886M) 893.513ms
[105.040s][info   ][gc     ] GC(189) Pause Young (Allocation Failure) 886M->544M(886M) 893.604ms
[105.236s][info   ][gc     ] GC(191) Pause Initial Mark 547M->547M(886M) 195.826ms
[105.237s][info   ][gc     ] GC(191) Concurrent Mark
[105.241s][info   ][gc     ] GC(191) Concurrent Mark 4.013ms
[105.241s][info   ][gc     ] GC(191) Concurrent Preclean
[105.243s][info   ][gc     ] GC(191) Concurrent Preclean 2.118ms
[105.243s][info   ][gc     ] GC(191) Concurrent Abortable Preclean
[105.243s][info   ][gc     ] GC(191) Concurrent Abortable Preclean 0.002ms
[105.481s][info   ][gc     ] GC(191) Pause Remark 567M->567M(886M) 237.299ms
[105.481s][info   ][gc     ] GC(191) Concurrent Sweep
[105.482s][info   ][gc     ] GC(191) Concurrent Sweep 1.096ms
[105.482s][info   ][gc     ] GC(191) Concurrent Reset
[105.482s][info   ][gc     ] GC(191) Concurrent Reset 0.004ms
95%[106.902s][info   ][gc     ] GC(193) Pause Full (Allocation Failure) 886M->546M(886M) 906.047ms
[106.902s][info   ][gc     ] GC(192) Pause Young (Allocation Failure) 886M->546M(886M) 906.185ms
[107.100s][info   ][gc     ] GC(194) Pause Initial Mark 549M->549M(886M) 197.179ms
[107.100s][info   ][gc     ] GC(194) Concurrent Mark
[107.104s][info   ][gc     ] GC(194) Concurrent Mark 3.999ms
[107.104s][info   ][gc     ] GC(194) Concurrent Preclean
[107.106s][info   ][gc     ] GC(194) Concurrent Preclean 2.121ms
[107.106s][info   ][gc     ] GC(194) Concurrent Abortable Preclean
[107.106s][info   ][gc     ] GC(194) Concurrent Abortable Preclean 0.003ms
[107.341s][info   ][gc     ] GC(194) Pause Remark 566M->566M(886M) 233.736ms
[107.341s][info   ][gc     ] GC(194) Concurrent Sweep
[107.342s][info   ][gc     ] GC(194) Concurrent Sweep 1.155ms
[107.342s][info   ][gc     ] GC(194) Concurrent Reset
[107.342s][info   ][gc     ] GC(194) Concurrent Reset 0.005ms
[108.782s][info   ][gc     ] GC(196) Pause Full (Allocation Failure) 886M->548M(886M) 918.743ms
[108.782s][info   ][gc     ] GC(195) Pause Young (Allocation Failure) 886M->548M(886M) 918.877ms
[108.981s][info   ][gc     ] GC(197) Pause Initial Mark 552M->552M(886M) 198.767ms
[108.981s][info   ][gc     ] GC(197) Concurrent Mark
[108.985s][info   ][gc     ] GC(197) Concurrent Mark 3.947ms
[108.985s][info   ][gc     ] GC(197) Concurrent Preclean
[108.988s][info   ][gc     ] GC(197) Concurrent Preclean 2.103ms
[108.988s][info   ][gc     ] GC(197) Concurrent Abortable Preclean
[108.988s][info   ][gc     ] GC(197) Concurrent Abortable Preclean 0.002ms
[109.225s][info   ][gc     ] GC(197) Pause Remark 567M->567M(886M) 236.547ms
[109.225s][info   ][gc     ] GC(197) Concurrent Sweep
[109.226s][info   ][gc     ] GC(197) Concurrent Sweep 1.241ms
[109.226s][info   ][gc     ] GC(197) Concurrent Reset
[109.226s][info   ][gc     ] GC(197) Concurrent Reset 0.004ms
[110.532s][info   ][gc     ] GC(199) Pause Full (Allocation Failure) 886M->550M(886M) 946.868ms
[110.532s][info   ][gc     ] GC(198) Pause Young (Allocation Failure) 886M->550M(886M) 947.000ms
[110.731s][info   ][gc     ] GC(200) Pause Initial Mark 551M->551M(886M) 198.102ms
[110.731s][info   ][gc     ] GC(200) Concurrent Mark
[110.734s][info   ][gc     ] GC(200) Concurrent Mark 3.264ms
[110.734s][info   ][gc     ] GC(200) Concurrent Preclean
[110.736s][info   ][gc     ] GC(200) Concurrent Preclean 2.088ms
[110.736s][info   ][gc     ] GC(200) Concurrent Abortable Preclean
[110.736s][info   ][gc     ] GC(200) Concurrent Abortable Preclean 0.002ms
[110.976s][info   ][gc     ] GC(200) Pause Remark 553M->553M(886M) 240.137ms
[110.977s][info   ][gc     ] GC(200) Concurrent Sweep
[110.978s][info   ][gc     ] GC(200) Concurrent Sweep 1.138ms
[110.978s][info   ][gc     ] GC(200) Concurrent Reset
[110.978s][info   ][gc     ] GC(200) Concurrent Reset 0.005ms
100%
Completed requests
	Stock level .............   3973 ( 4.0%)
	Order status by name ....   2361 ( 2.4%)
	Order status by ID ......   1609 ( 1.6%)
	Payment by name .........  25847 (25.8%)
	Payment by ID ...........  17220 (17.2%)
	Delivery schedule .......   4029 ( 4.0%)
	New order ...............  44509 (44.5%)
	New order rollback ......    452 ( 0.5%)
===== DaCapo 23.11-chopin h2 PASSED in 82937 msec =====
Resetting database to initial state.....[112.621s][info   ][gc     ] GC(202) Pause Full (Allocation Failure) 886M->572M(886M) 997.112ms
[112.621s][info   ][gc     ] GC(201) Pause Young (Allocation Failure) 886M->572M(886M) 997.237ms
[112.824s][info   ][gc     ] GC(203) Pause Initial Mark 578M->578M(886M) 202.633ms
[112.824s][info   ][gc     ] GC(203) Concurrent Mark
[112.828s][info   ][gc     ] GC(203) Concurrent Mark 3.527ms
[112.828s][info   ][gc     ] GC(203) Concurrent Preclean
[112.830s][info   ][gc     ] GC(203) Concurrent Preclean 2.069ms
[112.830s][info   ][gc     ] GC(203) Concurrent Abortable Preclean
[112.830s][info   ][gc     ] GC(203) Concurrent Abortable Preclean 0.002ms
[113.076s][info   ][gc     ] GC(203) Pause Remark 578M->578M(886M) 245.655ms
[113.076s][info   ][gc     ] GC(203) Concurrent Sweep
[113.077s][info   ][gc     ] GC(203) Concurrent Sweep 1.202ms
[113.077s][info   ][gc     ] GC(203) Concurrent Reset
[113.077s][info   ][gc     ] GC(203) Concurrent Reset 0.006ms
[114.743s][info   ][gc     ] GC(205) Pause Full (Allocation Failure) 886M->613M(886M) 963.263ms
[114.743s][info   ][gc     ] GC(204) Pause Young (Allocation Failure) 886M->613M(886M) 963.365ms
[114.962s][info   ][gc     ] GC(206) Pause Initial Mark 619M->619M(886M) 218.135ms
[114.962s][info   ][gc     ] GC(206) Concurrent Mark
[114.966s][info   ][gc     ] GC(206) Concurrent Mark 3.486ms
[114.966s][info   ][gc     ] GC(206) Concurrent Preclean
[114.968s][info   ][gc     ] GC(206) Concurrent Preclean 1.992ms
[114.968s][info   ][gc     ] GC(206) Concurrent Abortable Preclean
[114.968s][info   ][gc     ] GC(206) Concurrent Abortable Preclean 0.003ms
[115.237s][info   ][gc     ] GC(206) Pause Remark 619M->619M(886M) 269.246ms
[115.237s][info   ][gc     ] GC(206) Concurrent Sweep
[115.238s][info   ][gc     ] GC(206) Concurrent Sweep 1.070ms
[115.238s][info   ][gc     ] GC(206) Concurrent Reset
[115.238s][info   ][gc     ] GC(206) Concurrent Reset 0.003ms
[116.662s][info   ][gc     ] GC(208) Pause Full (Allocation Failure) 886M->646M(886M) 1013.105ms
[116.663s][info   ][gc     ] GC(207) Pause Young (Allocation Failure) 886M->646M(886M) 1013.223ms
[116.894s][info   ][gc     ] GC(209) Pause Initial Mark 652M->652M(886M) 231.209ms
[116.894s][info   ][gc     ] GC(209) Concurrent Mark
[116.898s][info   ][gc     ] GC(209) Concurrent Mark 3.566ms
[116.898s][info   ][gc     ] GC(209) Concurrent Preclean
[116.900s][info   ][gc     ] GC(209) Concurrent Preclean 2.036ms
[116.900s][info   ][gc     ] GC(209) Concurrent Abortable Preclean
[116.900s][info   ][gc     ] GC(209) Concurrent Abortable Preclean 0.034ms
[117.181s][info   ][gc     ] GC(209) Pause Remark 652M->652M(886M) 280.534ms
[117.181s][info   ][gc     ] GC(209) Concurrent Sweep
[117.182s][info   ][gc     ] GC(209) Concurrent Sweep 1.049ms
[117.182s][info   ][gc     ] GC(209) Concurrent Reset
[117.182s][info   ][gc     ] GC(209) Concurrent Reset 0.004ms
[118.583s][info   ][gc     ] GC(211) Pause Full (Allocation Failure) 886M->674M(886M) 1037.800ms
[118.583s][info   ][gc     ] GC(210) Pause Young (Allocation Failure) 886M->674M(886M) 1037.894ms
[118.823s][info   ][gc     ] GC(212) Pause Initial Mark 680M->680M(886M) 239.976ms
[118.823s][info   ][gc     ] GC(212) Concurrent Mark
[118.826s][info   ][gc     ] GC(212) Concurrent Mark 3.097ms
[118.826s][info   ][gc     ] GC(212) Concurrent Preclean
[118.828s][info   ][gc     ] GC(212) Concurrent Preclean 1.919ms
[118.828s][info   ][gc     ] GC(212) Concurrent Abortable Preclean
[118.828s][info   ][gc     ] GC(212) Concurrent Abortable Preclean 0.002ms
[119.132s][info   ][gc     ] GC(212) Pause Remark 680M->680M(886M) 303.468ms
[119.132s][info   ][gc     ] GC(212) Concurrent Sweep
[119.133s][info   ][gc     ] GC(212) Concurrent Sweep 1.191ms
[119.133s][info   ][gc     ] GC(212) Concurrent Reset
[119.133s][info   ][gc     ] GC(212) Concurrent Reset 0.007ms
[120.531s][info   ][gc     ] GC(214) Pause Full (Allocation Failure) 886M->698M(886M) 1074.735ms
[120.531s][info   ][gc     ] GC(213) Pause Young (Allocation Failure) 886M->698M(886M) 1074.844ms
[120.781s][info   ][gc     ] GC(215) Pause Initial Mark 703M->703M(886M) 248.844ms
[120.781s][info   ][gc     ] GC(215) Concurrent Mark
.[120.784s][info   ][gc     ] GC(215) Concurrent Mark 3.459ms
[120.784s][info   ][gc     ] GC(215) Concurrent Preclean
[120.786s][info   ][gc     ] GC(215) Concurrent Preclean 1.996ms
[120.786s][info   ][gc     ] GC(215) Concurrent Abortable Preclean
[120.786s][info   ][gc     ] GC(215) Concurrent Abortable Preclean 0.003ms
[121.090s][info   ][gc     ] GC(215) Pause Remark 708M->708M(886M) 303.386ms
[121.090s][info   ][gc     ] GC(215) Concurrent Sweep
[121.091s][info   ][gc     ] GC(215) Concurrent Sweep 1.059ms
[121.091s][info   ][gc     ] GC(215) Concurrent Reset
[121.091s][info   ][gc     ] GC(215) Concurrent Reset 0.004ms
.[122.610s][info   ][gc     ] GC(217) Pause Full (Allocation Failure) 886M->671M(886M) 1060.778ms
[122.610s][info   ][gc     ] GC(216) Pause Young (Allocation Failure) 886M->671M(886M) 1060.898ms
[122.849s][info   ][gc     ] GC(218) Pause Initial Mark 676M->676M(886M) 238.287ms
[122.849s][info   ][gc     ] GC(218) Concurrent Mark
[122.852s][info   ][gc     ] GC(218) Concurrent Mark 3.093ms
[122.852s][info   ][gc     ] GC(218) Concurrent Preclean
[122.854s][info   ][gc     ] GC(218) Concurrent Preclean 1.960ms
[122.854s][info   ][gc     ] GC(218) Concurrent Abortable Preclean
[122.854s][info   ][gc     ] GC(218) Concurrent Abortable Preclean 0.002ms
[123.148s][info   ][gc     ] GC(218) Pause Remark 676M->676M(886M) 293.319ms
[123.148s][info   ][gc     ] GC(218) Concurrent Sweep
[123.149s][info   ][gc     ] GC(218) Concurrent Sweep 1.054ms
[123.149s][info   ][gc     ] GC(218) Concurrent Reset
[123.149s][info   ][gc     ] GC(218) Concurrent Reset 0.016ms
[124.554s][info   ][gc     ] GC(220) Pause Full (Allocation Failure) 886M->653M(886M) 995.411ms
[124.554s][info   ][gc     ] GC(219) Pause Young (Allocation Failure) 886M->653M(886M) 995.511ms
[124.783s][info   ][gc     ] GC(221) Pause Initial Mark 657M->657M(886M) 228.976ms
[124.783s][info   ][gc     ] GC(221) Concurrent Mark
[124.787s][info   ][gc     ] GC(221) Concurrent Mark 3.403ms
[124.787s][info   ][gc     ] GC(221) Concurrent Preclean
[124.789s][info   ][gc     ] GC(221) Concurrent Preclean 2.066ms
[124.789s][info   ][gc     ] GC(221) Concurrent Abortable Preclean
[124.789s][info   ][gc     ] GC(221) Concurrent Abortable Preclean 0.003ms
[125.070s][info   ][gc     ] GC(221) Pause Remark 657M->657M(886M) 280.939ms
[125.070s][info   ][gc     ] GC(221) Concurrent Sweep
[125.071s][info   ][gc     ] GC(221) Concurrent Sweep 1.122ms
[125.071s][info   ][gc     ] GC(221) Concurrent Reset
[125.071s][info   ][gc     ] GC(221) Concurrent Reset 0.004ms
[126.365s][info   ][gc     ] GC(223) Pause Full (Allocation Failure) 886M->631M(886M) 927.695ms
[126.365s][info   ][gc     ] GC(222) Pause Young (Allocation Failure) 886M->631M(886M) 927.791ms
[126.587s][info   ][gc     ] GC(224) Pause Initial Mark 636M->636M(886M) 222.408ms
[126.588s][info   ][gc     ] GC(224) Concurrent Mark
[126.591s][info   ][gc     ] GC(224) Concurrent Mark 3.113ms
[126.591s][info   ][gc     ] GC(224) Concurrent Preclean
[126.593s][info   ][gc     ] GC(224) Concurrent Preclean 2.172ms
[126.593s][info   ][gc     ] GC(224) Concurrent Abortable Preclean
[126.593s][info   ][gc     ] GC(224) Concurrent Abortable Preclean 0.003ms
[126.866s][info   ][gc     ] GC(224) Pause Remark 636M->636M(886M) 272.854ms
[126.866s][info   ][gc     ] GC(224) Concurrent Sweep
[126.867s][info   ][gc     ] GC(224) Concurrent Sweep 1.067ms
[126.867s][info   ][gc     ] GC(224) Concurrent Reset
[126.867s][info   ][gc     ] GC(224) Concurrent Reset 0.003ms
[128.130s][info   ][gc     ] GC(226) Pause Full (Allocation Failure) 886M->607M(886M) 885.356ms
[128.130s][info   ][gc     ] GC(225) Pause Young (Allocation Failure) 886M->607M(886M) 885.587ms
[128.342s][info   ][gc     ] GC(227) Pause Initial Mark 611M->611M(886M) 211.541ms
[128.342s][info   ][gc     ] GC(227) Concurrent Mark
[128.346s][info   ][gc     ] GC(227) Concurrent Mark 3.107ms
[128.346s][info   ][gc     ] GC(227) Concurrent Preclean
[128.348s][info   ][gc     ] GC(227) Concurrent Preclean 2.015ms
[128.348s][info   ][gc     ] GC(227) Concurrent Abortable Preclean
[128.348s][info   ][gc     ] GC(227) Concurrent Abortable Preclean 0.004ms
[128.610s][info   ][gc     ] GC(227) Pause Remark 611M->611M(886M) 261.746ms
[128.610s][info   ][gc     ] GC(227) Concurrent Sweep
[128.611s][info   ][gc     ] GC(227) Concurrent Sweep 1.092ms
[128.611s][info   ][gc     ] GC(227) Concurrent Reset
[128.611s][info   ][gc     ] GC(227) Concurrent Reset 0.005ms
.[129.720s][info   ][gc     ] GC(229) Pause Full (Allocation Failure) 886M->463M(886M) 728.057ms
[129.720s][info   ][gc     ] GC(228) Pause Young (Allocation Failure) 886M->463M(886M) 728.182ms
[129.883s][info   ][gc     ] GC(230) Pause Initial Mark 468M->468M(886M) 163.468ms
[129.884s][info   ][gc     ] GC(230) Concurrent Mark
[129.887s][info   ][gc     ] GC(230) Concurrent Mark 3.431ms
[129.887s][info   ][gc     ] GC(230) Concurrent Preclean
[129.889s][info   ][gc     ] GC(230) Concurrent Preclean 2.100ms
[129.889s][info   ][gc     ] GC(230) Concurrent Abortable Preclean
[129.889s][info   ][gc     ] GC(230) Concurrent Abortable Preclean 0.003ms
[130.086s][info   ][gc     ] GC(230) Pause Remark 478M->478M(886M) 196.681ms
[130.086s][info   ][gc     ] GC(230) Concurrent Sweep
[130.087s][info   ][gc     ] GC(230) Concurrent Sweep 1.146ms
[130.087s][info   ][gc     ] GC(230) Concurrent Reset
[130.087s][info   ][gc     ] GC(230) Concurrent Reset 0.003ms
......[131.183s][info   ][gc     ] GC(232) Pause Full (Allocation Failure) 886M->459M(886M) 625.408ms
[131.183s][info   ][gc     ] GC(231) Pause Young (Allocation Failure) 886M->459M(886M) 625.620ms
[131.344s][info   ][gc     ] GC(233) Pause Initial Mark 465M->465M(886M) 159.599ms
[131.344s][info   ][gc     ] GC(233) Concurrent Mark
[131.347s][info   ][gc     ] GC(233) Concurrent Mark 2.791ms
[131.347s][info   ][gc     ] GC(233) Concurrent Preclean
[131.349s][info   ][gc     ] GC(233) Concurrent Preclean 2.030ms
[131.349s][info   ][gc     ] GC(233) Concurrent Abortable Preclean
[131.349s][info   ][gc     ] GC(233) Concurrent Abortable Preclean 0.028ms
[131.544s][info   ][gc     ] GC(233) Pause Remark 471M->471M(886M) 194.936ms
[131.544s][info   ][gc     ] GC(233) Concurrent Sweep
[131.545s][info   ][gc     ] GC(233) Concurrent Sweep 1.045ms
[131.545s][info   ][gc     ] GC(233) Concurrent Reset
[131.545s][info   ][gc     ] GC(233) Concurrent Reset 0.004ms
[132.631s][info   ][gc     ] GC(235) Pause Full (Allocation Failure) 886M->512M(886M) 744.764ms
[132.631s][info   ][gc     ] GC(234) Pause Young (Allocation Failure) 886M->512M(886M) 744.861ms
[132.812s][info   ][gc     ] GC(236) Pause Initial Mark 519M->519M(886M) 180.558ms
[132.812s][info   ][gc     ] GC(236) Concurrent Mark
[132.815s][info   ][gc     ] GC(236) Concurrent Mark 3.258ms
[132.815s][info   ][gc     ] GC(236) Concurrent Preclean
[132.817s][info   ][gc     ] GC(236) Concurrent Preclean 2.089ms
[132.817s][info   ][gc     ] GC(236) Concurrent Abortable Preclean
[132.817s][info   ][gc     ] GC(236) Concurrent Abortable Preclean 0.002ms
[133.042s][info   ][gc     ] GC(236) Pause Remark 526M->526M(886M) 225.082ms
[133.043s][info   ][gc     ] GC(236) Concurrent Sweep
[133.044s][info   ][gc     ] GC(236) Concurrent Sweep 1.160ms
[133.044s][info   ][gc     ] GC(236) Concurrent Reset
[133.044s][info   ][gc     ] GC(236) Concurrent Reset 0.005ms
[134.222s][info   ][gc     ] GC(238) Pause Full (Allocation Failure) 886M->555M(886M) 801.666ms
[134.222s][info   ][gc     ] GC(237) Pause Young (Allocation Failure) 886M->555M(886M) 801.778ms
[134.419s][info   ][gc     ] GC(239) Pause Initial Mark 562M->562M(886M) 196.290ms
[134.419s][info   ][gc     ] GC(239) Concurrent Mark
[134.422s][info   ][gc     ] GC(239) Concurrent Mark 2.911ms
[134.422s][info   ][gc     ] GC(239) Concurrent Preclean
[134.424s][info   ][gc     ] GC(239) Concurrent Preclean 1.960ms
[134.424s][info   ][gc     ] GC(239) Concurrent Abortable Preclean
[134.424s][info   ][gc     ] GC(239) Concurrent Abortable Preclean 0.003ms
[134.660s][info   ][gc     ] GC(239) Pause Remark 562M->562M(886M) 236.457ms
[134.660s][info   ][gc     ] GC(239) Concurrent Sweep
[134.661s][info   ][gc     ] GC(239) Concurrent Sweep 1.057ms
[134.661s][info   ][gc     ] GC(239) Concurrent Reset
[134.661s][info   ][gc     ] GC(239) Concurrent Reset 0.006ms
.[135.977s][info   ][gc     ] GC(241) Pause Full (Allocation Failure) 886M->554M(886M) 771.765ms
[135.977s][info   ][gc     ] GC(240) Pause Young (Allocation Failure) 886M->554M(886M) 771.851ms
[136.172s][info   ][gc     ] GC(242) Pause Initial Mark 561M->561M(886M) 195.359ms
[136.173s][info   ][gc     ] GC(242) Concurrent Mark
[136.176s][info   ][gc     ] GC(242) Concurrent Mark 2.908ms
[136.176s][info   ][gc     ] GC(242) Concurrent Preclean
[136.177s][info   ][gc     ] GC(242) Concurrent Preclean 1.952ms
[136.177s][info   ][gc     ] GC(242) Concurrent Abortable Preclean
[136.177s][info   ][gc     ] GC(242) Concurrent Abortable Preclean 0.002ms
[136.410s][info   ][gc     ] GC(242) Pause Remark 568M->568M(886M) 232.050ms
[136.410s][info   ][gc     ] GC(242) Concurrent Sweep
[136.411s][info   ][gc     ] GC(242) Concurrent Sweep 1.174ms
[136.411s][info   ][gc     ] GC(242) Concurrent Reset
[136.411s][info   ][gc     ] GC(242) Concurrent Reset 0.003ms
...[137.460s][info   ][gc     ] GC(244) Pause Full (Allocation Failure) 886M->429M(886M) 546.385ms
[137.460s][info   ][gc     ] GC(243) Pause Young (Allocation Failure) 886M->429M(886M) 546.474ms
[137.608s][info   ][gc     ] GC(245) Pause Initial Mark 435M->435M(886M) 147.744ms
[137.608s][info   ][gc     ] GC(245) Concurrent Mark
[137.612s][info   ][gc     ] GC(245) Concurrent Mark 3.599ms
[137.612s][info   ][gc     ] GC(245) Concurrent Preclean
[137.614s][info   ][gc     ] GC(245) Concurrent Preclean 2.127ms
[137.614s][info   ][gc     ] GC(245) Concurrent Abortable Preclean
[137.614s][info   ][gc     ] GC(245) Concurrent Abortable Preclean 0.002ms
[137.795s][info   ][gc     ] GC(245) Pause Remark 435M->435M(886M) 181.432ms
[137.796s][info   ][gc     ] GC(245) Concurrent Sweep
[137.797s][info   ][gc     ] GC(245) Concurrent Sweep 1.249ms
[137.797s][info   ][gc     ] GC(245) Concurrent Reset
[137.797s][info   ][gc     ] GC(245) Concurrent Reset 0.003ms
..
===== DaCapo simple tail latency: 50% 311 usec, 90% 7286 usec, 99% 32194 usec, 99.9% 1075224 usec, 99.99% 1196937 usec, max 1366786 usec, measured over 100000 events =====
===== DaCapo metered tail latency: 50% 319 usec, 90% 8282 usec, 99% 172068 usec, 99.9% 1075224 usec, 99.99% 1196937 usec, max 1366786 usec, measured over 100000 events =====
runAgain
