OpenJDK 64-Bit Server VM warning: Option UseConcMarkSweepGC was deprecated in version 9.0 and will likely be removed in a future release.
[0.002s][info][gc] Using Concurrent Mark Sweep
Class name: org.dacapo.harness.Tomcat
Configurations:
short     Tomcat servlet container
long      Runs the tomcat sample web applications
author    Apache Software Foundation
license   Apache License, Version 2.0
copyright Copyright (c) Apache Software Foundation
url       http://tomcat.apache.org
version   tomcat 10.1.11
sizes     default large small
Using scaled threading model. 8 processors detected, 8 threads used to drive the workload, in a possible range of [1,512]
Tomcat is using port 8080. Configure with -Ddacapo.tomcat.port.
[0.194s][info][gc] GC(0) Pause Young (Allocation Failure) 16M->2M(59M) 2.474ms
[0.221s][info][gc] GC(1) Pause Young (Allocation Failure) 18M->3M(59M) 6.488ms
Version: tomcat 10.1.11
[0.277s][info][gc] GC(2) Pause Young (Allocation Failure) 19M->2M(59M) 0.797ms

Nominal statistics
Key Score  Rank Value Description
AOA:    7  7/18    77 nominal average object size (bytes)
AOL:    7  6/18    80 nominal 90-percentile object size (bytes)
AOM:    9  3/18    32 nominal median object size (bytes)
AOS:   10  1/18    24 nominal 10-percentile object size (bytes)
ARA:    8  5/18  5128 nominal allocation rate (bytes / usec) (17515864152/3415100.0)
BAL:    3 15/19     7 nominal aaload per usec
BAS:    4 12/19     0 nominal aastore per usec
BEF:    7  6/19    10 nominal execution focus / dominance of hot code
BGF:    4 13/19   265 nominal getfield per usec
BPF:    5 11/19    76 nominal putfield per usec
BUB:    7  6/19   117 nominal thousands of unique bytecodes executed
BUF:    7  6/19    17 nominal thousands of unique function calls
GCA:    7  7/22   110 nominal average post-GC heap size as percent of min heap, when run at 2X min heap with G1 (21/19)
GCC:    9  4/22  7676 nominal GC count at 2X heap size (G1)
GCM:    7  8/22   105 nominal median post-GC heap size as percent of min heap, when run at 2X min heap with G1 (20/19)
GCP:    7  8/22    10 nominal percentage of time spent in GC pauses at 2X heap size (G1) (4080/39743)
GLK:    5 12/22     0 nominal percent 10th iteration memory leakage (10 iterations / 1 iterations) (19/19)
GMD:    2 19/22    19 nominal minimum heap size (MB) for default size configuration (with compressed pointers)
GML:    3 14/18    31 nominal minimum heap size (MB) for large size configuration (with compressed pointers)
GMS:    5 12/22    13 nominal minimum heap size (MB) for small size configuration (with compressed pointers)
GMU:    2 18/22    23 nominal minimum heap size (MB) for default size without compressed pointers
GSS:   10  2/22  1916 nominal heap size sensitivity (slowdown with tight heap, as a percentage) (68848.7/3415.1)
GTO:    9  3/18   879 nominal memory turnover (total alloc bytes / min heap bytes)
PET:    7  7/22     4 nominal execution time (sec)
PKP:    9  4/22    21 nominal percentage of time spent in kernel mode (as percentage of user plus kernel time)
PPE:   10  1/22    91 nominal parallel efficiency (speedup as percentage of ideal speedup for 32 threads)
PSD:    5 13/22     0 nominal standard deviation among invocations at peak performance (as percentage of performance)
PWU:    5 13/22     2 nominal iterations to warm up to within 1.5% of best

Initializing callback
[0.476s][info][gc] GC(3) Pause Young (Allocation Failure) 19M->5M(59M) 4.505ms
[0.681s][info][gc] GC(4) Pause Young (Allocation Failure) 21M->7M(59M) 4.042ms
[0.795s][info][gc] GC(5) Pause Young (Allocation Failure) 24M->9M(59M) 3.752ms
[0.797s][info][gc] GC(6) Pause Initial Mark 9M->9M(59M) 0.958ms
[0.797s][info][gc] GC(6) Concurrent Mark
[0.808s][info][gc] GC(6) Concurrent Mark 10.573ms
[0.808s][info][gc] GC(6) Concurrent Preclean
[0.808s][info][gc] GC(6) Concurrent Preclean 0.260ms
[0.808s][info][gc] GC(6) Concurrent Abortable Preclean
[0.854s][info][gc] GC(7) Pause Young (Allocation Failure) 25M->10M(59M) 2.926ms
[0.887s][info][gc] GC(8) Pause Young (Allocation Failure) 26M->9M(59M) 0.853ms
[0.887s][info][gc] GC(6) Concurrent Abortable Preclean 79.419ms
[0.889s][info][gc] GC(6) Pause Remark 10M->10M(59M) 1.905ms
[0.890s][info][gc] GC(6) Concurrent Sweep
[0.892s][info][gc] GC(6) Concurrent Sweep 1.992ms
[0.892s][info][gc] GC(6) Concurrent Reset
[0.893s][info][gc] GC(6) Concurrent Reset 1.265ms
[1.017s][info][gc] GC(9) Pause Young (Allocation Failure) 25M->10M(59M) 2.052ms
[1.049s][info][gc] GC(10) Pause Young (Allocation Failure) 26M->11M(59M) 2.519ms
[1.093s][info][gc] GC(11) Pause Young (Allocation Failure) 28M->10M(59M) 3.538ms
Server thread created
[1.114s][info][gc] GC(12) Pause Full (System.gc()) 11M->9M(60M) 19.050ms
===== DaCapo 23.11-chopin tomcat starting =====
Loading web application
Starting 80000 requests...
[1.299s][info][gc] GC(13) Pause Young (Allocation Failure) 26M->12M(60M) 9.308ms
[1.401s][info][gc] GC(14) Pause Young (Allocation Failure) 29M->14M(60M) 3.302ms
[1.453s][info][gc] GC(15) Pause Young (Allocation Failure) 31M->15M(60M) 2.548ms
[1.487s][info][gc] GC(16) Pause Young (Allocation Failure) 32M->17M(60M) 3.695ms
[1.520s][info][gc] GC(17) Pause Young (Allocation Failure) 34M->19M(60M) 4.160ms
[1.551s][info][gc] GC(18) Pause Young (Allocation Failure) 35M->21M(60M) 4.086ms
[1.585s][info][gc] GC(19) Pause Young (Allocation Failure) 37M->23M(60M) 4.968ms
[1.716s][info][gc] GC(20) Pause Young (Allocation Failure) 39M->23M(60M) 3.155ms
[1.890s][info][gc] GC(21) Pause Young (Allocation Failure) 40M->23M(60M) 14.755ms
[1.984s][info][gc] GC(22) Pause Young (Allocation Failure) 40M->24M(60M) 2.062ms
[2.075s][info][gc] GC(23) Pause Young (Allocation Failure) 40M->23M(60M) 0.925ms
[2.143s][info][gc] GC(24) Pause Young (Allocation Failure) 40M->24M(60M) 0.920ms
[2.216s][info][gc] GC(25) Pause Young (Allocation Failure) 40M->24M(60M) 1.087ms
[2.297s][info][gc] GC(26) Pause Young (Allocation Failure) 41M->25M(60M) 2.308ms
[2.403s][info][gc] GC(27) Pause Young (Allocation Failure) 41M->24M(60M) 1.007ms
[2.466s][info][gc] GC(28) Pause Young (Allocation Failure) 41M->24M(60M) 3.013ms
[2.467s][info][gc] GC(29) Pause Initial Mark 24M->24M(60M) 0.678ms
[2.468s][info][gc] GC(29) Concurrent Mark
[2.487s][info][gc] GC(29) Concurrent Mark 19.673ms
[2.487s][info][gc] GC(29) Concurrent Preclean
[2.488s][info][gc] GC(29) Concurrent Preclean 0.689ms
[2.488s][info][gc] GC(29) Concurrent Abortable Preclean
[2.526s][info][gc] GC(30) Pause Young (Allocation Failure) 41M->25M(60M) 2.564ms
[2.564s][info][gc] GC(29) Concurrent Abortable Preclean 76.166ms
[2.583s][info][gc] GC(29) Pause Remark 34M->34M(60M) 17.979ms
[2.583s][info][gc] GC(29) Concurrent Sweep
[2.589s][info][gc] GC(29) Concurrent Sweep 5.633ms
[2.589s][info][gc] GC(29) Concurrent Reset
[2.589s][info][gc] GC(29) Concurrent Reset 0.131ms
[2.620s][info][gc] GC(31) Pause Young (Allocation Failure) 35M->18M(60M) 5.439ms
[2.687s][info][gc] GC(32) Pause Young (Allocation Failure) 35M->17M(60M) 1.211ms
[2.763s][info][gc] GC(33) Pause Young (Allocation Failure) 34M->18M(60M) 10.472ms
[2.831s][info][gc] GC(34) Pause Young (Allocation Failure) 35M->18M(60M) 0.967ms
[2.893s][info][gc] GC(35) Pause Young (Allocation Failure) 35M->18M(60M) 2.099ms
[2.950s][info][gc] GC(36) Pause Young (Allocation Failure) 35M->19M(60M) 0.863ms
[3.022s][info][gc] GC(37) Pause Young (Allocation Failure) 35M->19M(60M) 0.992ms
[3.091s][info][gc] GC(38) Pause Young (Allocation Failure) 36M->18M(60M) 0.708ms
[3.165s][info][gc] GC(39) Pause Young (Allocation Failure) 35M->19M(60M) 1.489ms
[3.249s][info][gc] GC(40) Pause Young (Allocation Failure) 35M->19M(60M) 0.886ms
[3.321s][info][gc] GC(41) Pause Young (Allocation Failure) 35M->18M(60M) 1.272ms
[3.400s][info][gc] GC(42) Pause Young (Allocation Failure) 35M->18M(60M) 1.540ms
[3.470s][info][gc] GC(43) Pause Young (Allocation Failure) 35M->18M(60M) 0.909ms
[3.539s][info][gc] GC(44) Pause Young (Allocation Failure) 35M->18M(60M) 1.574ms
[3.630s][info][gc] GC(45) Pause Young (Allocation Failure) 35M->18M(60M) 1.061ms
[3.726s][info][gc] GC(46) Pause Young (Allocation Failure) 35M->18M(60M) 1.301ms
[3.794s][info][gc] GC(47) Pause Young (Allocation Failure) 35M->18M(60M) 0.852ms
[3.860s][info][gc] GC(48) Pause Young (Allocation Failure) 35M->18M(60M) 1.041ms
[3.930s][info][gc] GC(49) Pause Young (Allocation Failure) 35M->18M(60M) 1.024ms
[3.999s][info][gc] GC(50) Pause Young (Allocation Failure) 35M->18M(60M) 0.884ms
[4.067s][info][gc] GC(51) Pause Young (Allocation Failure) 35M->18M(60M) 0.926ms
[4.155s][info][gc] GC(52) Pause Young (Allocation Failure) 35M->18M(60M) 0.861ms
[4.228s][info][gc] GC(53) Pause Young (Allocation Failure) 35M->18M(60M) 0.749ms
Completing requests: 5%[4.313s][info][gc] GC(54) Pause Young (Allocation Failure) 35M->18M(60M) 1.787ms
[4.389s][info][gc] GC(55) Pause Young (Allocation Failure) 35M->18M(60M) 1.679ms
[4.460s][info][gc] GC(56) Pause Young (Allocation Failure) 35M->18M(60M) 0.732ms
[4.532s][info][gc] GC(57) Pause Young (Allocation Failure) 35M->18M(60M) 1.001ms
[4.608s][info][gc] GC(58) Pause Young (Allocation Failure) 35M->18M(60M) 0.844ms
[4.694s][info][gc] GC(59) Pause Young (Allocation Failure) 35M->18M(60M) 1.023ms
[4.775s][info][gc] GC(60) Pause Young (Allocation Failure) 35M->18M(60M) 0.664ms
[4.854s][info][gc] GC(61) Pause Young (Allocation Failure) 35M->18M(60M) 0.593ms
[4.925s][info][gc] GC(62) Pause Young (Allocation Failure) 35M->18M(60M) 1.015ms
[4.999s][info][gc] GC(63) Pause Young (Allocation Failure) 35M->18M(60M) 1.309ms
[5.072s][info][gc] GC(64) Pause Young (Allocation Failure) 35M->18M(60M) 0.994ms
[5.151s][info][gc] GC(65) Pause Young (Allocation Failure) 35M->18M(60M) 0.694ms
[5.223s][info][gc] GC(66) Pause Young (Allocation Failure) 35M->18M(60M) 1.157ms
[5.297s][info][gc] GC(67) Pause Young (Allocation Failure) 35M->18M(60M) 1.194ms
[5.370s][info][gc] GC(68) Pause Young (Allocation Failure) 35M->18M(60M) 1.651ms
[5.450s][info][gc] GC(69) Pause Young (Allocation Failure) 35M->18M(60M) 0.707ms
[5.526s][info][gc] GC(70) Pause Young (Allocation Failure) 35M->18M(60M) 0.516ms
Completing requests: 10%[5.595s][info][gc] GC(71) Pause Young (Allocation Failure) 35M->18M(60M) 1.532ms
[5.666s][info][gc] GC(72) Pause Young (Allocation Failure) 35M->18M(60M) 0.730ms
[5.737s][info][gc] GC(73) Pause Young (Allocation Failure) 35M->18M(60M) 1.039ms
[5.808s][info][gc] GC(74) Pause Young (Allocation Failure) 35M->18M(60M) 0.743ms
[5.881s][info][gc] GC(75) Pause Young (Allocation Failure) 35M->18M(60M) 0.891ms
[5.958s][info][gc] GC(76) Pause Young (Allocation Failure) 35M->18M(60M) 2.050ms
[6.029s][info][gc] GC(77) Pause Young (Allocation Failure) 35M->18M(60M) 1.114ms
[6.101s][info][gc] GC(78) Pause Young (Allocation Failure) 35M->18M(60M) 1.076ms
[6.173s][info][gc] GC(79) Pause Young (Allocation Failure) 35M->18M(60M) 0.822ms
[6.245s][info][gc] GC(80) Pause Young (Allocation Failure) 35M->18M(60M) 1.056ms
[6.309s][info][gc] GC(81) Pause Young (Allocation Failure) 35M->18M(60M) 1.564ms
[6.371s][info][gc] GC(82) Pause Young (Allocation Failure) 35M->18M(60M) 1.235ms
[6.430s][info][gc] GC(83) Pause Young (Allocation Failure) 35M->18M(60M) 0.709ms
[6.497s][info][gc] GC(84) Pause Young (Allocation Failure) 35M->18M(60M) 1.479ms
[6.569s][info][gc] GC(85) Pause Young (Allocation Failure) 35M->18M(60M) 0.814ms
[6.628s][info][gc] GC(86) Pause Young (Allocation Failure) 35M->18M(60M) 0.875ms
Completing requests: 15%[6.695s][info][gc] GC(87) Pause Young (Allocation Failure) 35M->18M(60M) 2.447ms
[6.760s][info][gc] GC(88) Pause Young (Allocation Failure) 35M->18M(60M) 1.506ms
[6.819s][info][gc] GC(89) Pause Young (Allocation Failure) 35M->18M(60M) 0.904ms
[6.880s][info][gc] GC(90) Pause Young (Allocation Failure) 35M->18M(60M) 2.567ms
[6.940s][info][gc] GC(91) Pause Young (Allocation Failure) 35M->18M(60M) 0.753ms
[7.013s][info][gc] GC(92) Pause Young (Allocation Failure) 35M->18M(60M) 0.858ms
[7.101s][info][gc] GC(93) Pause Young (Allocation Failure) 35M->18M(60M) 1.273ms
[7.174s][info][gc] GC(94) Pause Young (Allocation Failure) 35M->18M(60M) 0.785ms
[7.241s][info][gc] GC(95) Pause Young (Allocation Failure) 35M->18M(60M) 1.111ms
[7.314s][info][gc] GC(96) Pause Young (Allocation Failure) 35M->18M(60M) 0.598ms
[7.387s][info][gc] GC(97) Pause Young (Allocation Failure) 35M->18M(60M) 0.731ms
[7.464s][info][gc] GC(98) Pause Young (Allocation Failure) 35M->18M(60M) 0.884ms
[7.541s][info][gc] GC(99) Pause Young (Allocation Failure) 35M->18M(60M) 1.715ms
[7.617s][info][gc] GC(100) Pause Young (Allocation Failure) 35M->18M(60M) 1.266ms
[7.694s][info][gc] GC(101) Pause Young (Allocation Failure) 35M->18M(60M) 0.713ms
[7.770s][info][gc] GC(102) Pause Young (Allocation Failure) 35M->18M(60M) 0.778ms
[7.841s][info][gc] GC(103) Pause Young (Allocation Failure) 35M->18M(60M) 0.846ms
[7.914s][info][gc] GC(104) Pause Young (Allocation Failure) 35M->18M(60M) 0.695ms
Completing requests: 20%[7.985s][info][gc] GC(105) Pause Young (Allocation Failure) 35M->18M(60M) 0.935ms
[8.103s][info][gc] GC(106) Pause Young (Allocation Failure) 35M->18M(60M) 0.651ms
[8.174s][info][gc] GC(107) Pause Young (Allocation Failure) 35M->18M(60M) 0.643ms
[8.252s][info][gc] GC(108) Pause Young (Allocation Failure) 35M->18M(60M) 2.105ms
[8.321s][info][gc] GC(109) Pause Young (Allocation Failure) 35M->18M(60M) 1.616ms
[8.386s][info][gc] GC(110) Pause Young (Allocation Failure) 35M->18M(60M) 0.885ms
[8.446s][info][gc] GC(111) Pause Young (Allocation Failure) 35M->18M(60M) 0.564ms
[8.512s][info][gc] GC(112) Pause Young (Allocation Failure) 35M->18M(60M) 1.718ms
[8.569s][info][gc] GC(113) Pause Young (Allocation Failure) 35M->18M(60M) 2.264ms
[8.635s][info][gc] GC(114) Pause Young (Allocation Failure) 35M->18M(60M) 1.509ms
[8.694s][info][gc] GC(115) Pause Young (Allocation Failure) 35M->18M(60M) 0.969ms
[8.756s][info][gc] GC(116) Pause Young (Allocation Failure) 35M->18M(60M) 1.042ms
[8.814s][info][gc] GC(117) Pause Young (Allocation Failure) 35M->18M(60M) 0.782ms
[8.874s][info][gc] GC(118) Pause Young (Allocation Failure) 35M->18M(60M) 0.701ms
[8.934s][info][gc] GC(119) Pause Young (Allocation Failure) 35M->18M(60M) 2.788ms
[8.995s][info][gc] GC(120) Pause Young (Allocation Failure) 35M->18M(60M) 0.674ms
Completing requests: 25%[9.060s][info][gc] GC(121) Pause Young (Allocation Failure) 35M->18M(60M) 2.516ms
[9.118s][info][gc] GC(122) Pause Young (Allocation Failure) 35M->18M(60M) 0.804ms
[9.177s][info][gc] GC(123) Pause Young (Allocation Failure) 35M->18M(60M) 1.879ms
[9.238s][info][gc] GC(124) Pause Young (Allocation Failure) 35M->18M(60M) 1.520ms
[9.295s][info][gc] GC(125) Pause Young (Allocation Failure) 35M->18M(60M) 1.917ms
[9.353s][info][gc] GC(126) Pause Young (Allocation Failure) 35M->18M(60M) 1.445ms
[9.418s][info][gc] GC(127) Pause Young (Allocation Failure) 35M->18M(60M) 0.730ms
[9.482s][info][gc] GC(128) Pause Young (Allocation Failure) 35M->18M(60M) 0.874ms
[9.548s][info][gc] GC(129) Pause Young (Allocation Failure) 35M->18M(60M) 2.305ms
[9.608s][info][gc] GC(130) Pause Young (Allocation Failure) 35M->18M(60M) 2.222ms
[9.668s][info][gc] GC(131) Pause Young (Allocation Failure) 35M->18M(60M) 0.679ms
[9.729s][info][gc] GC(132) Pause Young (Allocation Failure) 35M->18M(60M) 1.235ms
[9.791s][info][gc] GC(133) Pause Young (Allocation Failure) 35M->18M(60M) 0.748ms
[9.860s][info][gc] GC(134) Pause Young (Allocation Failure) 35M->18M(60M) 1.284ms
[9.921s][info][gc] GC(135) Pause Young (Allocation Failure) 35M->18M(60M) 1.445ms
[9.984s][info][gc] GC(136) Pause Young (Allocation Failure) 35M->18M(60M) 2.120ms
Completing requests: 30%[10.047s][info][gc] GC(137) Pause Young (Allocation Failure) 35M->18M(60M) 1.442ms
[10.111s][info][gc] GC(138) Pause Young (Allocation Failure) 35M->18M(60M) 0.855ms
[10.172s][info][gc] GC(139) Pause Young (Allocation Failure) 35M->18M(60M) 1.082ms
[10.232s][info][gc] GC(140) Pause Young (Allocation Failure) 35M->18M(60M) 1.255ms
[10.296s][info][gc] GC(141) Pause Young (Allocation Failure) 35M->18M(60M) 0.646ms
[10.357s][info][gc] GC(142) Pause Young (Allocation Failure) 35M->18M(60M) 1.054ms
[10.425s][info][gc] GC(143) Pause Young (Allocation Failure) 35M->18M(60M) 0.967ms
[10.489s][info][gc] GC(144) Pause Young (Allocation Failure) 35M->18M(60M) 0.935ms
[10.551s][info][gc] GC(145) Pause Young (Allocation Failure) 35M->18M(60M) 1.195ms
[10.616s][info][gc] GC(146) Pause Young (Allocation Failure) 35M->18M(60M) 0.869ms
[10.676s][info][gc] GC(147) Pause Young (Allocation Failure) 35M->18M(60M) 0.847ms
[10.737s][info][gc] GC(148) Pause Young (Allocation Failure) 35M->18M(60M) 1.589ms
[10.797s][info][gc] GC(149) Pause Young (Allocation Failure) 35M->18M(60M) 1.207ms
[10.857s][info][gc] GC(150) Pause Young (Allocation Failure) 35M->18M(60M) 1.982ms
[10.916s][info][gc] GC(151) Pause Young (Allocation Failure) 35M->18M(60M) 1.333ms
[10.983s][info][gc] GC(152) Pause Young (Allocation Failure) 35M->18M(60M) 1.148ms
[11.045s][info][gc] GC(153) Pause Young (Allocation Failure) 35M->18M(60M) 1.195ms
Completing requests: 35%[11.110s][info][gc] GC(154) Pause Young (Allocation Failure) 35M->18M(60M) 0.975ms
[11.175s][info][gc] GC(155) Pause Young (Allocation Failure) 35M->18M(60M) 1.741ms
[11.237s][info][gc] GC(156) Pause Young (Allocation Failure) 35M->18M(60M) 1.291ms
[11.300s][info][gc] GC(157) Pause Young (Allocation Failure) 35M->18M(60M) 1.943ms
[11.369s][info][gc] GC(158) Pause Young (Allocation Failure) 35M->18M(60M) 1.203ms
[11.428s][info][gc] GC(159) Pause Young (Allocation Failure) 35M->18M(60M) 1.513ms
[11.491s][info][gc] GC(160) Pause Young (Allocation Failure) 35M->18M(60M) 1.103ms
[11.552s][info][gc] GC(161) Pause Young (Allocation Failure) 35M->18M(60M) 0.949ms
[11.613s][info][gc] GC(162) Pause Young (Allocation Failure) 35M->18M(60M) 1.643ms
[11.671s][info][gc] GC(163) Pause Young (Allocation Failure) 35M->18M(60M) 0.723ms
[11.733s][info][gc] GC(164) Pause Young (Allocation Failure) 35M->18M(60M) 1.736ms
[11.794s][info][gc] GC(165) Pause Young (Allocation Failure) 35M->18M(60M) 0.749ms
[11.854s][info][gc] GC(166) Pause Young (Allocation Failure) 35M->18M(60M) 1.096ms
[11.912s][info][gc] GC(167) Pause Young (Allocation Failure) 35M->18M(60M) 1.114ms
[11.976s][info][gc] GC(168) Pause Young (Allocation Failure) 35M->18M(60M) 2.242ms
[12.043s][info][gc] GC(169) Pause Young (Allocation Failure) 35M->18M(60M) 2.039ms
Completing requests: 40%[12.107s][info][gc] GC(170) Pause Young (Allocation Failure) 35M->18M(60M) 1.163ms
[12.179s][info][gc] GC(171) Pause Young (Allocation Failure) 35M->18M(60M) 0.855ms
[12.251s][info][gc] GC(172) Pause Young (Allocation Failure) 35M->18M(60M) 0.839ms
[12.316s][info][gc] GC(173) Pause Young (Allocation Failure) 35M->18M(60M) 1.458ms
[12.385s][info][gc] GC(174) Pause Young (Allocation Failure) 35M->18M(60M) 1.424ms
[12.447s][info][gc] GC(175) Pause Young (Allocation Failure) 35M->18M(60M) 1.650ms
[12.506s][info][gc] GC(176) Pause Young (Allocation Failure) 35M->18M(60M) 0.769ms
[12.567s][info][gc] GC(177) Pause Young (Allocation Failure) 35M->18M(60M) 0.915ms
[12.634s][info][gc] GC(178) Pause Young (Allocation Failure) 35M->18M(60M) 1.949ms
[12.698s][info][gc] GC(179) Pause Young (Allocation Failure) 35M->18M(60M) 1.196ms
[12.756s][info][gc] GC(180) Pause Young (Allocation Failure) 35M->18M(60M) 1.390ms
[12.817s][info][gc] GC(181) Pause Young (Allocation Failure) 35M->18M(60M) 0.979ms
[12.880s][info][gc] GC(182) Pause Young (Allocation Failure) 35M->18M(60M) 2.317ms
[12.938s][info][gc] GC(183) Pause Young (Allocation Failure) 35M->18M(60M) 0.841ms
[13.003s][info][gc] GC(184) Pause Young (Allocation Failure) 35M->18M(60M) 0.909ms
[13.064s][info][gc] GC(185) Pause Young (Allocation Failure) 35M->18M(60M) 1.392ms
[13.124s][info][gc] GC(186) Pause Young (Allocation Failure) 35M->18M(60M) 0.935ms
[13.186s][info][gc] GC(187) Pause Young (Allocation Failure) 35M->18M(60M) 1.523ms
Completing requests: 45%[13.247s][info][gc] GC(188) Pause Young (Allocation Failure) 35M->18M(60M) 1.167ms
[13.309s][info][gc] GC(189) Pause Young (Allocation Failure) 35M->18M(60M) 1.619ms
[13.374s][info][gc] GC(190) Pause Young (Allocation Failure) 35M->18M(60M) 0.698ms
[13.437s][info][gc] GC(191) Pause Young (Allocation Failure) 35M->18M(60M) 0.996ms
[13.500s][info][gc] GC(192) Pause Young (Allocation Failure) 35M->18M(60M) 0.787ms
[13.565s][info][gc] GC(193) Pause Young (Allocation Failure) 35M->18M(60M) 1.005ms
[13.629s][info][gc] GC(194) Pause Young (Allocation Failure) 35M->18M(60M) 1.536ms
[13.690s][info][gc] GC(195) Pause Young (Allocation Failure) 35M->18M(60M) 0.805ms
[13.748s][info][gc] GC(196) Pause Young (Allocation Failure) 35M->18M(60M) 4.060ms
[13.810s][info][gc] GC(197) Pause Young (Allocation Failure) 35M->18M(60M) 0.737ms
[13.870s][info][gc] GC(198) Pause Young (Allocation Failure) 35M->18M(60M) 1.620ms
[13.933s][info][gc] GC(199) Pause Young (Allocation Failure) 35M->18M(60M) 1.920ms
[13.997s][info][gc] GC(200) Pause Young (Allocation Failure) 35M->18M(60M) 1.203ms
[14.057s][info][gc] GC(201) Pause Young (Allocation Failure) 35M->18M(60M) 1.612ms
[14.118s][info][gc] GC(202) Pause Young (Allocation Failure) 35M->18M(60M) 1.333ms
Completing requests: 50%[14.181s][info][gc] GC(203) Pause Young (Allocation Failure) 35M->18M(60M) 2.421ms
[14.243s][info][gc] GC(204) Pause Young (Allocation Failure) 35M->18M(60M) 0.928ms
[14.306s][info][gc] GC(205) Pause Young (Allocation Failure) 35M->18M(60M) 2.085ms
[14.365s][info][gc] GC(206) Pause Young (Allocation Failure) 35M->18M(60M) 2.059ms
[14.424s][info][gc] GC(207) Pause Young (Allocation Failure) 35M->18M(60M) 0.911ms
[14.480s][info][gc] GC(208) Pause Young (Allocation Failure) 35M->18M(60M) 0.984ms
[14.541s][info][gc] GC(209) Pause Young (Allocation Failure) 35M->18M(60M) 2.355ms
[14.602s][info][gc] GC(210) Pause Young (Allocation Failure) 35M->18M(60M) 1.110ms
[14.663s][info][gc] GC(211) Pause Young (Allocation Failure) 35M->18M(60M) 1.007ms
[14.720s][info][gc] GC(212) Pause Young (Allocation Failure) 35M->18M(60M) 0.931ms
[14.781s][info][gc] GC(213) Pause Young (Allocation Failure) 35M->18M(60M) 2.500ms
[14.843s][info][gc] GC(214) Pause Young (Allocation Failure) 35M->18M(60M) 2.113ms
[14.901s][info][gc] GC(215) Pause Young (Allocation Failure) 35M->18M(60M) 1.093ms
[14.961s][info][gc] GC(216) Pause Young (Allocation Failure) 35M->18M(60M) 2.365ms
[15.021s][info][gc] GC(217) Pause Young (Allocation Failure) 35M->18M(60M) 1.085ms
[15.088s][info][gc] GC(218) Pause Young (Allocation Failure) 35M->18M(60M) 3.287ms
[15.151s][info][gc] GC(219) Pause Young (Allocation Failure) 35M->18M(60M) 2.476ms
[15.216s][info][gc] GC(220) Pause Young (Allocation Failure) 35M->18M(60M) 2.369ms
Completing requests: 55%[15.275s][info][gc] GC(221) Pause Young (Allocation Failure) 35M->18M(60M) 1.549ms
[15.340s][info][gc] GC(222) Pause Young (Allocation Failure) 35M->18M(60M) 2.034ms
[15.398s][info][gc] GC(223) Pause Young (Allocation Failure) 35M->18M(60M) 0.810ms
[15.461s][info][gc] GC(224) Pause Young (Allocation Failure) 35M->18M(60M) 0.805ms
[15.519s][info][gc] GC(225) Pause Young (Allocation Failure) 35M->18M(60M) 1.842ms
[15.577s][info][gc] GC(226) Pause Young (Allocation Failure) 35M->18M(60M) 1.266ms
[15.638s][info][gc] GC(227) Pause Young (Allocation Failure) 35M->18M(60M) 1.040ms
[15.695s][info][gc] GC(228) Pause Young (Allocation Failure) 35M->18M(60M) 1.928ms
[15.754s][info][gc] GC(229) Pause Young (Allocation Failure) 35M->18M(60M) 1.336ms
[15.815s][info][gc] GC(230) Pause Young (Allocation Failure) 35M->18M(60M) 2.205ms
[15.879s][info][gc] GC(231) Pause Young (Allocation Failure) 35M->18M(60M) 0.616ms
[15.941s][info][gc] GC(232) Pause Young (Allocation Failure) 35M->18M(60M) 1.043ms
[15.999s][info][gc] GC(233) Pause Young (Allocation Failure) 35M->18M(60M) 0.793ms
[16.056s][info][gc] GC(234) Pause Young (Allocation Failure) 35M->18M(60M) 0.929ms
[16.118s][info][gc] GC(235) Pause Young (Allocation Failure) 35M->18M(60M) 0.962ms
[16.176s][info][gc] GC(236) Pause Young (Allocation Failure) 35M->18M(60M) 0.841ms
Completing requests: 60%[16.237s][info][gc] GC(237) Pause Young (Allocation Failure) 35M->18M(60M) 4.569ms
[16.296s][info][gc] GC(238) Pause Young (Allocation Failure) 35M->18M(60M) 0.882ms
[16.355s][info][gc] GC(239) Pause Young (Allocation Failure) 35M->18M(60M) 2.104ms
[16.415s][info][gc] GC(240) Pause Young (Allocation Failure) 35M->18M(60M) 0.968ms
[16.473s][info][gc] GC(241) Pause Young (Allocation Failure) 35M->18M(60M) 1.197ms
[16.532s][info][gc] GC(242) Pause Young (Allocation Failure) 35M->18M(60M) 0.998ms
[16.599s][info][gc] GC(243) Pause Young (Allocation Failure) 35M->18M(60M) 1.016ms
[16.664s][info][gc] GC(244) Pause Young (Allocation Failure) 35M->18M(60M) 1.008ms
[16.732s][info][gc] GC(245) Pause Young (Allocation Failure) 35M->18M(60M) 0.854ms
[16.800s][info][gc] GC(246) Pause Young (Allocation Failure) 35M->18M(60M) 3.296ms
[16.868s][info][gc] GC(247) Pause Young (Allocation Failure) 35M->18M(60M) 0.735ms
[16.934s][info][gc] GC(248) Pause Young (Allocation Failure) 35M->18M(60M) 0.753ms
[16.999s][info][gc] GC(249) Pause Young (Allocation Failure) 35M->18M(60M) 1.203ms
[17.057s][info][gc] GC(250) Pause Young (Allocation Failure) 35M->18M(60M) 2.212ms
[17.122s][info][gc] GC(251) Pause Young (Allocation Failure) 35M->18M(60M) 0.727ms
[17.185s][info][gc] GC(252) Pause Young (Allocation Failure) 35M->18M(60M) 2.272ms
[17.242s][info][gc] GC(253) Pause Young (Allocation Failure) 35M->18M(60M) 1.218ms
Completing requests: 65%[17.303s][info][gc] GC(254) Pause Young (Allocation Failure) 35M->18M(60M) 2.986ms
[17.363s][info][gc] GC(255) Pause Young (Allocation Failure) 35M->18M(60M) 1.243ms
[17.422s][info][gc] GC(256) Pause Young (Allocation Failure) 35M->18M(60M) 0.667ms
[17.485s][info][gc] GC(257) Pause Young (Allocation Failure) 35M->18M(60M) 1.373ms
[17.547s][info][gc] GC(258) Pause Young (Allocation Failure) 35M->18M(60M) 0.985ms
[17.609s][info][gc] GC(259) Pause Young (Allocation Failure) 35M->18M(60M) 1.658ms
[17.668s][info][gc] GC(260) Pause Young (Allocation Failure) 35M->18M(60M) 1.947ms
[17.731s][info][gc] GC(261) Pause Young (Allocation Failure) 35M->18M(60M) 2.903ms
[17.796s][info][gc] GC(262) Pause Young (Allocation Failure) 35M->18M(60M) 0.849ms
[17.855s][info][gc] GC(263) Pause Young (Allocation Failure) 35M->18M(60M) 1.945ms
[17.914s][info][gc] GC(264) Pause Young (Allocation Failure) 35M->18M(60M) 0.806ms
[17.974s][info][gc] GC(265) Pause Young (Allocation Failure) 35M->18M(60M) 1.474ms
[18.041s][info][gc] GC(266) Pause Young (Allocation Failure) 35M->18M(60M) 0.899ms
[18.105s][info][gc] GC(267) Pause Young (Allocation Failure) 35M->18M(60M) 0.898ms
[18.166s][info][gc] GC(268) Pause Young (Allocation Failure) 35M->18M(60M) 1.399ms
[18.224s][info][gc] GC(269) Pause Young (Allocation Failure) 35M->18M(60M) 0.840ms
Completing requests: 70%[18.282s][info][gc] GC(270) Pause Young (Allocation Failure) 35M->18M(60M) 0.964ms
[18.343s][info][gc] GC(271) Pause Young (Allocation Failure) 35M->18M(60M) 2.316ms
[18.408s][info][gc] GC(272) Pause Young (Allocation Failure) 35M->18M(60M) 1.198ms
[18.467s][info][gc] GC(273) Pause Young (Allocation Failure) 35M->18M(60M) 1.076ms
[18.529s][info][gc] GC(274) Pause Young (Allocation Failure) 35M->18M(60M) 3.513ms
[18.588s][info][gc] GC(275) Pause Young (Allocation Failure) 35M->18M(60M) 0.898ms
[18.647s][info][gc] GC(276) Pause Young (Allocation Failure) 35M->18M(60M) 2.765ms
[18.709s][info][gc] GC(277) Pause Young (Allocation Failure) 35M->18M(60M) 0.987ms
[18.775s][info][gc] GC(278) Pause Young (Allocation Failure) 35M->18M(60M) 1.316ms
[18.843s][info][gc] GC(279) Pause Young (Allocation Failure) 35M->18M(60M) 1.000ms
[18.910s][info][gc] GC(280) Pause Young (Allocation Failure) 35M->18M(60M) 0.871ms
[18.975s][info][gc] GC(281) Pause Young (Allocation Failure) 35M->18M(60M) 1.012ms
[19.032s][info][gc] GC(282) Pause Young (Allocation Failure) 35M->18M(60M) 1.224ms
[19.093s][info][gc] GC(283) Pause Young (Allocation Failure) 35M->18M(60M) 1.111ms
[19.157s][info][gc] GC(284) Pause Young (Allocation Failure) 35M->18M(60M) 1.242ms
[19.219s][info][gc] GC(285) Pause Young (Allocation Failure) 35M->18M(60M) 0.874ms
Completing requests: 75%[19.288s][info][gc] GC(286) Pause Young (Allocation Failure) 35M->18M(60M) 0.850ms
[19.349s][info][gc] GC(287) Pause Young (Allocation Failure) 35M->18M(60M) 1.564ms
[19.413s][info][gc] GC(288) Pause Young (Allocation Failure) 35M->18M(60M) 0.604ms
[19.480s][info][gc] GC(289) Pause Young (Allocation Failure) 35M->18M(60M) 0.873ms
[19.540s][info][gc] GC(290) Pause Young (Allocation Failure) 35M->18M(60M) 0.757ms
[19.597s][info][gc] GC(291) Pause Young (Allocation Failure) 35M->18M(60M) 0.954ms
[19.659s][info][gc] GC(292) Pause Young (Allocation Failure) 35M->18M(60M) 1.032ms
[19.723s][info][gc] GC(293) Pause Young (Allocation Failure) 35M->18M(60M) 1.852ms
[19.781s][info][gc] GC(294) Pause Young (Allocation Failure) 35M->18M(60M) 2.216ms
[19.840s][info][gc] GC(295) Pause Young (Allocation Failure) 35M->18M(60M) 1.623ms
[19.898s][info][gc] GC(296) Pause Young (Allocation Failure) 35M->18M(60M) 1.909ms
[19.957s][info][gc] GC(297) Pause Young (Allocation Failure) 35M->18M(60M) 1.058ms
[20.014s][info][gc] GC(298) Pause Young (Allocation Failure) 35M->18M(60M) 0.785ms
[20.083s][info][gc] GC(299) Pause Young (Allocation Failure) 35M->18M(60M) 0.956ms
[20.146s][info][gc] GC(300) Pause Young (Allocation Failure) 35M->18M(60M) 1.362ms
[20.207s][info][gc] GC(301) Pause Young (Allocation Failure) 35M->18M(60M) 0.899ms
[20.266s][info][gc] GC(302) Pause Young (Allocation Failure) 35M->18M(60M) 1.945ms
[20.323s][info][gc] GC(303) Pause Young (Allocation Failure) 35M->18M(60M) 1.949ms
Completing requests: 80%[20.383s][info][gc] GC(304) Pause Young (Allocation Failure) 35M->18M(60M) 0.837ms
[20.448s][info][gc] GC(305) Pause Young (Allocation Failure) 35M->18M(60M) 3.435ms
[20.508s][info][gc] GC(306) Pause Young (Allocation Failure) 35M->18M(60M) 0.849ms
[20.567s][info][gc] GC(307) Pause Young (Allocation Failure) 35M->18M(60M) 1.364ms
[20.624s][info][gc] GC(308) Pause Young (Allocation Failure) 35M->18M(60M) 1.035ms
[20.683s][info][gc] GC(309) Pause Young (Allocation Failure) 35M->18M(60M) 1.302ms
[20.746s][info][gc] GC(310) Pause Young (Allocation Failure) 35M->18M(60M) 0.805ms
[20.811s][info][gc] GC(311) Pause Young (Allocation Failure) 35M->18M(60M) 1.052ms
[20.878s][info][gc] GC(312) Pause Young (Allocation Failure) 35M->18M(60M) 0.807ms
[20.942s][info][gc] GC(313) Pause Young (Allocation Failure) 35M->18M(60M) 1.085ms
[21.011s][info][gc] GC(314) Pause Young (Allocation Failure) 35M->18M(60M) 1.924ms
[21.073s][info][gc] GC(315) Pause Young (Allocation Failure) 35M->18M(60M) 1.489ms
[21.133s][info][gc] GC(316) Pause Young (Allocation Failure) 35M->18M(60M) 1.399ms
[21.193s][info][gc] GC(317) Pause Young (Allocation Failure) 35M->18M(60M) 1.575ms
[21.248s][info][gc] GC(318) Pause Young (Allocation Failure) 35M->18M(60M) 0.716ms
[21.306s][info][gc] GC(319) Pause Young (Allocation Failure) 35M->18M(60M) 1.203ms
Completing requests: 85%[21.371s][info][gc] GC(320) Pause Young (Allocation Failure) 35M->18M(60M) 2.032ms
[21.433s][info][gc] GC(321) Pause Young (Allocation Failure) 35M->18M(60M) 0.931ms
[21.500s][info][gc] GC(322) Pause Young (Allocation Failure) 35M->18M(60M) 1.186ms
[21.569s][info][gc] GC(323) Pause Young (Allocation Failure) 35M->18M(60M) 1.177ms
[21.630s][info][gc] GC(324) Pause Young (Allocation Failure) 35M->18M(60M) 0.876ms
[21.691s][info][gc] GC(325) Pause Young (Allocation Failure) 35M->18M(60M) 1.375ms
[21.750s][info][gc] GC(326) Pause Young (Allocation Failure) 35M->18M(60M) 0.998ms
[21.809s][info][gc] GC(327) Pause Young (Allocation Failure) 35M->18M(60M) 1.357ms
[21.869s][info][gc] GC(328) Pause Young (Allocation Failure) 35M->18M(60M) 1.548ms
[21.930s][info][gc] GC(329) Pause Young (Allocation Failure) 35M->18M(60M) 1.363ms
[21.990s][info][gc] GC(330) Pause Young (Allocation Failure) 35M->18M(60M) 1.352ms
[22.055s][info][gc] GC(331) Pause Young (Allocation Failure) 35M->18M(60M) 1.612ms
[22.119s][info][gc] GC(332) Pause Young (Allocation Failure) 35M->18M(60M) 0.871ms
[22.188s][info][gc] GC(333) Pause Young (Allocation Failure) 35M->18M(60M) 1.004ms
[22.247s][info][gc] GC(334) Pause Young (Allocation Failure) 35M->18M(60M) 0.664ms
[22.312s][info][gc] GC(335) Pause Young (Allocation Failure) 35M->18M(60M) 1.270ms
[22.380s][info][gc] GC(336) Pause Young (Allocation Failure) 35M->18M(60M) 0.792ms
Completing requests: 90%[22.437s][info][gc] GC(337) Pause Young (Allocation Failure) 35M->18M(60M) 1.206ms
[22.493s][info][gc] GC(338) Pause Young (Allocation Failure) 35M->18M(60M) 1.590ms
[22.551s][info][gc] GC(339) Pause Young (Allocation Failure) 35M->18M(60M) 1.148ms
[22.613s][info][gc] GC(340) Pause Young (Allocation Failure) 35M->18M(60M) 0.990ms
[22.679s][info][gc] GC(341) Pause Young (Allocation Failure) 35M->18M(60M) 1.656ms
[22.737s][info][gc] GC(342) Pause Young (Allocation Failure) 35M->18M(60M) 1.389ms
[22.797s][info][gc] GC(343) Pause Young (Allocation Failure) 35M->18M(60M) 1.780ms
[22.854s][info][gc] GC(344) Pause Young (Allocation Failure) 35M->18M(60M) 0.844ms
[22.917s][info][gc] GC(345) Pause Young (Allocation Failure) 35M->18M(60M) 1.495ms
[22.974s][info][gc] GC(346) Pause Young (Allocation Failure) 35M->18M(60M) 0.928ms
[23.030s][info][gc] GC(347) Pause Young (Allocation Failure) 35M->18M(60M) 0.755ms
[23.088s][info][gc] GC(348) Pause Young (Allocation Failure) 35M->18M(60M) 1.259ms
[23.147s][info][gc] GC(349) Pause Young (Allocation Failure) 35M->18M(60M) 1.944ms
[23.204s][info][gc] GC(350) Pause Young (Allocation Failure) 35M->18M(60M) 0.973ms
[23.265s][info][gc] GC(351) Pause Young (Allocation Failure) 35M->18M(60M) 1.327ms
[23.323s][info][gc] GC(352) Pause Young (Allocation Failure) 35M->18M(60M) 1.343ms
Completing requests: 95%[23.384s][info][gc] GC(353) Pause Young (Allocation Failure) 35M->18M(60M) 2.325ms
[23.445s][info][gc] GC(354) Pause Young (Allocation Failure) 35M->18M(60M) 2.776ms
[23.510s][info][gc] GC(355) Pause Young (Allocation Failure) 35M->18M(60M) 0.799ms
[23.575s][info][gc] GC(356) Pause Young (Allocation Failure) 35M->18M(60M) 1.551ms
[23.637s][info][gc] GC(357) Pause Young (Allocation Failure) 35M->18M(60M) 0.998ms
[23.701s][info][gc] GC(358) Pause Young (Allocation Failure) 35M->18M(60M) 1.331ms
[23.760s][info][gc] GC(359) Pause Young (Allocation Failure) 35M->18M(60M) 1.162ms
[23.820s][info][gc] GC(360) Pause Young (Allocation Failure) 35M->18M(60M) 0.943ms
[23.882s][info][gc] GC(361) Pause Young (Allocation Failure) 35M->18M(60M) 0.752ms
[23.941s][info][gc] GC(362) Pause Young (Allocation Failure) 35M->18M(60M) 1.233ms
[24.001s][info][gc] GC(363) Pause Young (Allocation Failure) 35M->18M(60M) 2.343ms
[24.061s][info][gc] GC(364) Pause Young (Allocation Failure) 35M->18M(60M) 1.515ms
[24.117s][info][gc] GC(365) Pause Young (Allocation Failure) 35M->18M(60M) 0.865ms
[24.173s][info][gc] GC(366) Pause Young (Allocation Failure) 35M->18M(60M) 1.039ms
[24.230s][info][gc] GC(367) Pause Young (Allocation Failure) 35M->18M(60M) 1.193ms
[24.290s][info][gc] GC(368) Pause Young (Allocation Failure) 35M->18M(60M) 0.852ms
[24.347s][info][gc] GC(369) Pause Young (Allocation Failure) 35M->18M(60M) 1.755ms

Completed requests
Client threads complete ... unloading web application
===== DaCapo 23.11-chopin tomcat PASSED in 23289 msec =====
[24.423s][info][gc] GC(370) Pause Young (Allocation Failure) 35M->19M(60M) 0.747ms
===== DaCapo simple tail latency: 50% 1747 usec, 90% 2525 usec, 99% 14467 usec, 99.9% 45280 usec, 99.99% 99424 usec, max 602866 usec, measured over 80000 events =====
===== DaCapo metered tail latency: 50% 1412287 usec, 90% 2047074 usec, 99% 2115224 usec, 99.9% 2122379 usec, 99.99% 2130533 usec, max 2136663 usec, measured over 80000 events =====
runAgain
Server stopped ... iteration complete
