[0.001s][info][gc] Using Serial
Class name: org.dacapo.harness.GraphChi
Configurations:
short     ALS matrix factorization with GraphChi.
long      The Netflix Challenge dataset is used to drive the GraphChi engine in its ALS matrix factorization mode.  The input data is pre-sharding (sharding is IO intensive, so is excluded from this workload).
author    null
license   Apache License, Version 2.0
copyright Copyright 2012 Aapo Kyrola, Guy Blelloch, Carlos Guestrin / Carnegie Mellon University
url       https://github.com/GraphChi/graphchi-java
version   graphchi 0.2.2
sizes     default large small
Using scaled threading model. 8 processors detected, 8 threads used to drive the workload, in a possible range of [1,unlimited]
[6.753s][info][gc] GC(0) Pause Young (Allocation Failure) 16M->2M(59M) 2.857ms
Version: graphchi 0.2.2

Nominal statistics
Key Score  Rank Value Description
AOA:    8  4/18    97 nominal average object size (bytes)
AOL:    9  2/18    96 nominal 90-percentile object size (bytes)
AOM:    3 13/18    24 nominal median object size (bytes)
AOS:    3 14/18    16 nominal 10-percentile object size (bytes)
ARA:    5 10/18  2825 nominal allocation rate (bytes / usec) (7291380208/2580800.0)
BAL:    9  2/19  2231 nominal aaload per usec
BAS:    6  9/19     1 nominal aastore per usec
BEF:    8  4/19    12 nominal execution focus / dominance of hot code
BGF:    9  3/19  9335 nominal getfield per usec
BPF:    4 13/19    44 nominal putfield per usec
BUB:    0 19/19     8 nominal thousands of unique bytecodes executed
BUF:    2 17/19     1 nominal thousands of unique function calls
GCA:    8  5/22   114 nominal average post-GC heap size as percent of min heap, when run at 2X min heap with G1 (200/175)
GCC:    6 10/22  1277 nominal GC count at 2X heap size (G1)
GCM:    8  6/22   110 nominal median post-GC heap size as percent of min heap, when run at 2X min heap with G1 (193/175)
GCP:    4 14/22     2 nominal percentage of time spent in GC pauses at 2X heap size (G1) (889/31767)
GLK:    5 12/22     0 nominal percent 10th iteration memory leakage (10 iterations / 1 iterations) (175/174)
GMD:    8  5/22   175 nominal minimum heap size (MB) for default size configuration (with compressed pointers)
GML:    9  3/18  1152 nominal minimum heap size (MB) for large size configuration (with compressed pointers)
GMS:   10  2/22   141 nominal minimum heap size (MB) for small size configuration (with compressed pointers)
GMU:    8  6/22   179 nominal minimum heap size (MB) for default size without compressed pointers
GSS:    7  7/22   381 nominal heap size sensitivity (slowdown with tight heap, as a percentage) (12420.2/2580.8)
GTO:    4 11/18    39 nominal memory turnover (total alloc bytes / min heap bytes)
PET:    6  9/22     3 nominal execution time (sec)
PKP:    2 19/22     1 nominal percentage of time spent in kernel mode (as percentage of user plus kernel time)
PPE:    6  9/22    10 nominal parallel efficiency (speedup as percentage of ideal speedup for 32 threads)
PSD:    5 13/22     0 nominal standard deviation among invocations at peak performance (as percentage of performance)
PWU:    5 13/22     2 nominal iterations to warm up to within 1.5% of best

Initializing callback
[10.523s][info][gc] GC(1) Pause Full (System.gc()) 6M->3M(60M) 4.791ms
===== DaCapo 23.11-chopin graphchi starting =====
Found shards -- no need to preprocess
Set latent factor dimension to: 20
Initializing latent factors for 285050 vertices
Creating 1 blocks
[10.615s][info][gc] GC(3) Pause Full (Allocation Failure) 4M->4M(60M) 5.238ms
[10.616s][info][gc] GC(2) Pause Young (Allocation Failure) 9M->4M(60M) 6.671ms
[12.353s][info][gc] GC(4) Pause Young (Allocation Failure) 149M->143M(188M) 6.898ms
[12.362s][info][gc] GC(5) Pause Young (Allocation Failure) 159M->157M(188M) 6.859ms
[12.439s][info][gc] GC(6) Pause Young (Allocation Failure) 174M->164M(188M) 2.650ms
[12.867s][info][gc] GC(7) Pause Young (Allocation Failure) 181M->164M(188M) 0.824ms
[12.871s][info][gc] GC(8) Pause Young (Allocation Failure) 181M->164M(188M) 0.286ms
[12.873s][info][gc] GC(9) Pause Young (Allocation Failure) 181M->164M(188M) 0.223ms
[12.875s][info][gc] GC(10) Pause Young (Allocation Failure) 181M->164M(188M) 0.198ms
[12.877s][info][gc] GC(11) Pause Young (Allocation Failure) 181M->164M(188M) 0.212ms
[12.880s][info][gc] GC(12) Pause Young (Allocation Failure) 181M->164M(188M) 0.218ms
[12.883s][info][gc] GC(13) Pause Young (Allocation Failure) 181M->164M(188M) 0.196ms
[12.885s][info][gc] GC(14) Pause Young (Allocation Failure) 181M->164M(188M) 0.215ms
[12.887s][info][gc] GC(15) Pause Young (Allocation Failure) 181M->164M(188M) 0.213ms
[12.889s][info][gc] GC(16) Pause Young (Allocation Failure) 181M->164M(188M) 0.230ms
[12.892s][info][gc] GC(17) Pause Young (Allocation Failure) 181M->164M(188M) 0.217ms
[12.895s][info][gc] GC(18) Pause Young (Allocation Failure) 181M->164M(188M) 0.224ms
[12.897s][info][gc] GC(19) Pause Young (Allocation Failure) 181M->164M(188M) 0.235ms
[12.900s][info][gc] GC(20) Pause Young (Allocation Failure) 181M->164M(188M) 0.210ms
[12.902s][info][gc] GC(21) Pause Young (Allocation Failure) 181M->164M(188M) 0.218ms
[12.904s][info][gc] GC(22) Pause Young (Allocation Failure) 181M->164M(188M) 0.210ms
[12.906s][info][gc] GC(23) Pause Young (Allocation Failure) 181M->164M(188M) 0.160ms
[12.908s][info][gc] GC(24) Pause Young (Allocation Failure) 181M->164M(188M) 0.129ms
[12.910s][info][gc] GC(25) Pause Young (Allocation Failure) 181M->164M(188M) 0.114ms
[12.912s][info][gc] GC(26) Pause Young (Allocation Failure) 181M->164M(188M) 0.133ms
[12.914s][info][gc] GC(27) Pause Young (Allocation Failure) 181M->164M(188M) 0.117ms
[12.916s][info][gc] GC(28) Pause Young (Allocation Failure) 181M->164M(188M) 0.142ms
[12.918s][info][gc] GC(29) Pause Young (Allocation Failure) 181M->164M(188M) 0.112ms
[12.920s][info][gc] GC(30) Pause Young (Allocation Failure) 181M->164M(188M) 0.110ms
[12.922s][info][gc] GC(31) Pause Young (Allocation Failure) 181M->164M(188M) 0.113ms
[12.924s][info][gc] GC(32) Pause Young (Allocation Failure) 181M->164M(188M) 0.218ms
[12.927s][info][gc] GC(33) Pause Young (Allocation Failure) 181M->164M(188M) 0.135ms
[12.929s][info][gc] GC(34) Pause Young (Allocation Failure) 181M->164M(188M) 0.121ms
[12.931s][info][gc] GC(35) Pause Young (Allocation Failure) 181M->164M(188M) 0.110ms
[12.933s][info][gc] GC(36) Pause Young (Allocation Failure) 181M->164M(188M) 0.164ms
[12.935s][info][gc] GC(37) Pause Young (Allocation Failure) 181M->164M(188M) 0.136ms
[12.937s][info][gc] GC(38) Pause Young (Allocation Failure) 181M->164M(188M) 0.153ms
[12.939s][info][gc] GC(39) Pause Young (Allocation Failure) 181M->164M(188M) 0.136ms
[12.943s][info][gc] GC(40) Pause Young (Allocation Failure) 181M->164M(188M) 0.123ms
[12.947s][info][gc] GC(41) Pause Young (Allocation Failure) 181M->164M(188M) 0.126ms
[12.951s][info][gc] GC(42) Pause Young (Allocation Failure) 181M->164M(188M) 0.243ms
[12.953s][info][gc] GC(43) Pause Young (Allocation Failure) 181M->164M(188M) 0.179ms
[12.955s][info][gc] GC(44) Pause Young (Allocation Failure) 181M->164M(188M) 0.122ms
[12.957s][info][gc] GC(45) Pause Young (Allocation Failure) 181M->164M(188M) 0.169ms
[12.959s][info][gc] GC(46) Pause Young (Allocation Failure) 181M->164M(188M) 0.154ms
[12.961s][info][gc] GC(47) Pause Young (Allocation Failure) 181M->164M(188M) 0.133ms
[12.963s][info][gc] GC(48) Pause Young (Allocation Failure) 181M->164M(188M) 0.160ms
[12.965s][info][gc] GC(49) Pause Young (Allocation Failure) 181M->164M(188M) 0.131ms
[12.968s][info][gc] GC(50) Pause Young (Allocation Failure) 181M->164M(188M) 0.134ms
[12.970s][info][gc] GC(51) Pause Young (Allocation Failure) 181M->164M(188M) 0.142ms
[12.971s][info][gc] GC(52) Pause Young (Allocation Failure) 181M->164M(188M) 0.134ms
[12.973s][info][gc] GC(53) Pause Young (Allocation Failure) 181M->164M(188M) 0.114ms
[12.975s][info][gc] GC(54) Pause Young (Allocation Failure) 181M->164M(188M) 0.170ms
[12.977s][info][gc] GC(55) Pause Young (Allocation Failure) 181M->164M(188M) 0.126ms
[12.978s][info][gc] GC(56) Pause Young (Allocation Failure) 181M->164M(188M) 0.112ms
[12.980s][info][gc] GC(57) Pause Young (Allocation Failure) 181M->164M(188M) 0.142ms
[12.981s][info][gc] GC(58) Pause Young (Allocation Failure) 181M->164M(188M) 0.121ms
[12.983s][info][gc] GC(59) Pause Young (Allocation Failure) 181M->164M(188M) 0.107ms
[12.985s][info][gc] GC(60) Pause Young (Allocation Failure) 181M->164M(188M) 0.101ms
[12.986s][info][gc] GC(61) Pause Young (Allocation Failure) 181M->164M(188M) 0.270ms
[12.988s][info][gc] GC(62) Pause Young (Allocation Failure) 181M->164M(188M) 0.148ms
[12.989s][info][gc] GC(63) Pause Young (Allocation Failure) 181M->164M(188M) 0.139ms
[12.991s][info][gc] GC(64) Pause Young (Allocation Failure) 181M->164M(188M) 0.155ms
[12.993s][info][gc] GC(65) Pause Young (Allocation Failure) 181M->164M(188M) 0.164ms
[13.107s][info][gc] GC(66) Pause Young (Allocation Failure) 181M->164M(188M) 0.177ms
[13.237s][info][gc] GC(67) Pause Young (Allocation Failure) 181M->164M(188M) 0.210ms
[13.297s][info][gc] GC(68) Pause Young (Allocation Failure) 181M->171M(188M) 3.331ms
[13.330s][info][gc] GC(70) Pause Full (Allocation Failure) 187M->165M(203M) 20.720ms
[13.330s][info][gc] GC(69) Pause Young (Allocation Failure) 187M->165M(399M) 30.143ms
[13.406s][info][gc] GC(71) Pause Young (Allocation Failure) 275M->173M(399M) 2.271ms
[13.416s][info][gc] GC(72) Pause Young (Allocation Failure) 283M->173M(399M) 0.649ms
[13.426s][info][gc] GC(73) Pause Young (Allocation Failure) 283M->173M(399M) 0.234ms
[13.435s][info][gc] GC(74) Pause Young (Allocation Failure) 283M->173M(399M) 0.227ms
[13.443s][info][gc] GC(75) Pause Young (Allocation Failure) 283M->173M(399M) 0.231ms
[13.452s][info][gc] GC(76) Pause Young (Allocation Failure) 283M->173M(399M) 0.233ms
[13.460s][info][gc] GC(77) Pause Young (Allocation Failure) 283M->173M(399M) 0.252ms
[13.467s][info][gc] GC(78) Pause Young (Allocation Failure) 283M->173M(399M) 0.239ms
[13.475s][info][gc] GC(79) Pause Young (Allocation Failure) 283M->173M(399M) 0.189ms
[13.670s][info][gc] GC(80) Pause Young (Allocation Failure) 283M->205M(399M) 13.413ms
[13.686s][info][gc] GC(81) Pause Young (Allocation Failure) 315M->205M(399M) 6.032ms
[13.696s][info][gc] GC(82) Pause Young (Allocation Failure) 315M->205M(399M) 0.212ms
[13.704s][info][gc] GC(83) Pause Young (Allocation Failure) 315M->205M(399M) 0.210ms
[13.712s][info][gc] GC(84) Pause Young (Allocation Failure) 315M->205M(399M) 0.241ms
[13.722s][info][gc] GC(85) Pause Young (Allocation Failure) 315M->205M(399M) 0.228ms
[13.730s][info][gc] GC(86) Pause Young (Allocation Failure) 315M->205M(399M) 0.229ms
[13.737s][info][gc] GC(87) Pause Young (Allocation Failure) 315M->205M(399M) 0.228ms
[13.744s][info][gc] GC(88) Pause Young (Allocation Failure) 315M->205M(399M) 0.313ms
[13.975s][info][gc] GC(89) Pause Young (Allocation Failure) 315M->214M(399M) 3.439ms
[14.018s][info][gc] GC(90) Pause Young (Allocation Failure) 324M->233M(399M) 10.088ms
[14.037s][info][gc] GC(91) Pause Young (Allocation Failure) 344M->233M(399M) 7.539ms
[14.047s][info][gc] GC(92) Pause Young (Allocation Failure) 344M->233M(399M) 0.395ms
[14.055s][info][gc] GC(93) Pause Young (Allocation Failure) 344M->233M(399M) 0.228ms
[14.064s][info][gc] GC(94) Pause Young (Allocation Failure) 344M->233M(399M) 0.250ms
[14.072s][info][gc] GC(95) Pause Young (Allocation Failure) 344M->233M(399M) 0.398ms
[14.080s][info][gc] GC(96) Pause Young (Allocation Failure) 344M->233M(399M) 0.201ms
[14.087s][info][gc] GC(97) Pause Young (Allocation Failure) 344M->233M(399M) 0.207ms
[14.095s][info][gc] GC(98) Pause Young (Allocation Failure) 344M->233M(399M) 0.309ms
[14.287s][info][gc] GC(99) Pause Young (Allocation Failure) 344M->265M(399M) 14.185ms
[14.305s][info][gc] GC(100) Pause Young (Allocation Failure) 375M->265M(399M) 6.178ms
[14.315s][info][gc] GC(101) Pause Young (Allocation Failure) 375M->265M(399M) 0.237ms
[14.324s][info][gc] GC(102) Pause Young (Allocation Failure) 375M->265M(399M) 0.222ms
[14.332s][info][gc] GC(103) Pause Young (Allocation Failure) 375M->265M(399M) 0.216ms
[14.341s][info][gc] GC(104) Pause Young (Allocation Failure) 375M->265M(399M) 0.246ms
[14.349s][info][gc] GC(105) Pause Young (Allocation Failure) 375M->265M(399M) 0.219ms
[14.356s][info][gc] GC(106) Pause Young (Allocation Failure) 375M->265M(399M) 0.220ms
[14.364s][info][gc] GC(107) Pause Young (Allocation Failure) 375M->265M(399M) 0.249ms
[14.560s][info][gc] GC(108) Pause Young (Allocation Failure) 375M->265M(399M) 0.214ms
[14.670s][info][gc] GC(110) Pause Full (Allocation Failure) 294M->162M(404M) 33.499ms
[14.670s][info][gc] GC(109) Pause Young (Allocation Failure) 375M->162M(399M) 46.397ms
[14.683s][info][gc] GC(111) Pause Young (Allocation Failure) 272M->162M(399M) 0.294ms
[14.696s][info][gc] GC(112) Pause Young (Allocation Failure) 272M->162M(399M) 0.213ms
[14.707s][info][gc] GC(113) Pause Young (Allocation Failure) 272M->162M(399M) 0.210ms
[14.719s][info][gc] GC(114) Pause Young (Allocation Failure) 273M->162M(399M) 0.202ms
[14.728s][info][gc] GC(115) Pause Young (Allocation Failure) 272M->162M(399M) 0.212ms
[14.738s][info][gc] GC(116) Pause Young (Allocation Failure) 272M->162M(399M) 0.237ms
[14.746s][info][gc] GC(117) Pause Young (Allocation Failure) 272M->162M(399M) 0.236ms
[14.753s][info][gc] GC(118) Pause Young (Allocation Failure) 272M->162M(399M) 0.227ms
[14.943s][info][gc] GC(119) Pause Young (Allocation Failure) 272M->194M(399M) 9.354ms
[14.959s][info][gc] GC(120) Pause Young (Allocation Failure) 304M->194M(399M) 2.838ms
[14.969s][info][gc] GC(121) Pause Young (Allocation Failure) 304M->194M(399M) 0.244ms
[14.977s][info][gc] GC(122) Pause Young (Allocation Failure) 304M->194M(399M) 0.218ms
[14.985s][info][gc] GC(123) Pause Young (Allocation Failure) 304M->194M(399M) 0.324ms
[14.994s][info][gc] GC(124) Pause Young (Allocation Failure) 304M->194M(399M) 0.257ms
[15.002s][info][gc] GC(125) Pause Young (Allocation Failure) 304M->194M(399M) 0.231ms
[15.009s][info][gc] GC(126) Pause Young (Allocation Failure) 304M->194M(399M) 0.274ms
[15.016s][info][gc] GC(127) Pause Young (Allocation Failure) 304M->194M(399M) 0.220ms
[15.162s][info][gc] GC(128) Pause Young (Allocation Failure) 304M->194M(399M) 0.228ms
[15.276s][info][gc] GC(129) Pause Young (Allocation Failure) 304M->223M(399M) 8.960ms
[15.291s][info][gc] GC(130) Pause Young (Allocation Failure) 333M->223M(399M) 2.843ms
[15.300s][info][gc] GC(131) Pause Young (Allocation Failure) 333M->223M(399M) 0.231ms
[15.308s][info][gc] GC(132) Pause Young (Allocation Failure) 333M->223M(399M) 0.241ms
[15.317s][info][gc] GC(133) Pause Young (Allocation Failure) 333M->223M(399M) 0.245ms
[15.325s][info][gc] GC(134) Pause Young (Allocation Failure) 333M->223M(399M) 0.316ms
[15.333s][info][gc] GC(135) Pause Young (Allocation Failure) 333M->223M(399M) 0.264ms
[15.341s][info][gc] GC(136) Pause Young (Allocation Failure) 333M->223M(399M) 0.217ms
[15.349s][info][gc] GC(137) Pause Young (Allocation Failure) 333M->223M(399M) 0.404ms
[15.750s][info][gc] GC(138) Pause Young (Allocation Failure) 333M->254M(399M) 9.139ms
[15.806s][info][gc] GC(139) Pause Young (Allocation Failure) 365M->254M(399M) 3.630ms
[15.816s][info][gc] GC(140) Pause Young (Allocation Failure) 365M->254M(399M) 0.238ms
[15.825s][info][gc] GC(141) Pause Young (Allocation Failure) 365M->254M(399M) 0.237ms
[15.833s][info][gc] GC(142) Pause Young (Allocation Failure) 365M->254M(399M) 0.234ms
[15.841s][info][gc] GC(143) Pause Young (Allocation Failure) 365M->254M(399M) 0.228ms
[15.849s][info][gc] GC(144) Pause Young (Allocation Failure) 365M->254M(399M) 0.233ms
[15.857s][info][gc] GC(145) Pause Young (Allocation Failure) 365M->254M(399M) 0.239ms
[15.864s][info][gc] GC(146) Pause Young (Allocation Failure) 365M->254M(399M) 0.227ms
[15.909s][info][gc] GC(147) Pause Young (Allocation Failure) 365M->254M(399M) 0.246ms
[16.200s][info][gc] GC(148) Pause Young (Allocation Failure) 365M->254M(399M) 0.207ms
[16.285s][info][gc] GC(149) Pause Young (Allocation Failure) 365M->283M(399M) 9.222ms
[16.330s][info][gc] GC(151) Pause Full (Allocation Failure) 283M->163M(407M) 28.971ms
[16.331s][info][gc] GC(150) Pause Young (Allocation Failure) 393M->163M(399M) 34.382ms
[16.341s][info][gc] GC(152) Pause Young (Allocation Failure) 273M->163M(399M) 0.272ms
[16.350s][info][gc] GC(153) Pause Young (Allocation Failure) 274M->163M(399M) 0.365ms
[16.359s][info][gc] GC(154) Pause Young (Allocation Failure) 274M->163M(399M) 0.474ms
[16.367s][info][gc] GC(155) Pause Young (Allocation Failure) 274M->163M(399M) 0.231ms
[16.378s][info][gc] GC(156) Pause Young (Allocation Failure) 274M->163M(399M) 0.253ms
[16.386s][info][gc] GC(157) Pause Young (Allocation Failure) 274M->163M(399M) 0.454ms
[16.394s][info][gc] GC(158) Pause Young (Allocation Failure) 274M->163M(399M) 0.218ms
[16.463s][info][gc] GC(159) Pause Young (Allocation Failure) 274M->163M(399M) 0.229ms
Total edges: 1000000
Left 284808, Right 241
===== DaCapo 23.11-chopin graphchi PASSED in 6038 msec =====
runAgain
