OpenJDK 64-Bit Server VM warning: Option UseConcMarkSweepGC was deprecated in version 9.0 and will likely be removed in a future release.
[0.005s][info][gc] Using Concurrent Mark Sweep
Class name: org.dacapo.harness.GraphChi
Configurations:
short     ALS matrix factorization with GraphChi.
long      The Netflix Challenge dataset is used to drive the GraphChi engine in its ALS matrix factorization mode.  The input data is pre-sharding (sharding is IO intensive, so is excluded from this workload).
author    null
license   Apache License, Version 2.0
copyright Copyright 2012 Aapo Kyrola, Guy Blelloch, Carlos Guestrin / Carnegie Mellon University
url       https://github.com/GraphChi/graphchi-java
version   graphchi 0.2.2
sizes     default large small
Using scaled threading model. 8 processors detected, 8 threads used to drive the workload, in a possible range of [1,unlimited]
[6.879s][info][gc] GC(0) Pause Young (Allocation Failure) 16M->2M(59M) 2.431ms
Version: graphchi 0.2.2

Nominal statistics
Key Score  Rank Value Description
AOA:    8  4/18    97 nominal average object size (bytes)
AOL:    9  2/18    96 nominal 90-percentile object size (bytes)
AOM:    3 13/18    24 nominal median object size (bytes)
AOS:    3 14/18    16 nominal 10-percentile object size (bytes)
ARA:    5 10/18  2825 nominal allocation rate (bytes / usec) (7291380208/2580800.0)
BAL:    9  2/19  2231 nominal aaload per usec
BAS:    6  9/19     1 nominal aastore per usec
BEF:    8  4/19    12 nominal execution focus / dominance of hot code
BGF:    9  3/19  9335 nominal getfield per usec
BPF:    4 13/19    44 nominal putfield per usec
BUB:    0 19/19     8 nominal thousands of unique bytecodes executed
BUF:    2 17/19     1 nominal thousands of unique function calls
GCA:    8  5/22   114 nominal average post-GC heap size as percent of min heap, when run at 2X min heap with G1 (200/175)
GCC:    6 10/22  1277 nominal GC count at 2X heap size (G1)
GCM:    8  6/22   110 nominal median post-GC heap size as percent of min heap, when run at 2X min heap with G1 (193/175)
GCP:    4 14/22     2 nominal percentage of time spent in GC pauses at 2X heap size (G1) (889/31767)
GLK:    5 12/22     0 nominal percent 10th iteration memory leakage (10 iterations / 1 iterations) (175/174)
GMD:    8  5/22   175 nominal minimum heap size (MB) for default size configuration (with compressed pointers)
GML:    9  3/18  1152 nominal minimum heap size (MB) for large size configuration (with compressed pointers)
GMS:   10  2/22   141 nominal minimum heap size (MB) for small size configuration (with compressed pointers)
GMU:    8  6/22   179 nominal minimum heap size (MB) for default size without compressed pointers
GSS:    7  7/22   381 nominal heap size sensitivity (slowdown with tight heap, as a percentage) (12420.2/2580.8)
GTO:    4 11/18    39 nominal memory turnover (total alloc bytes / min heap bytes)
PET:    6  9/22     3 nominal execution time (sec)
PKP:    2 19/22     1 nominal percentage of time spent in kernel mode (as percentage of user plus kernel time)
PPE:    6  9/22    10 nominal parallel efficiency (speedup as percentage of ideal speedup for 32 threads)
PSD:    5 13/22     0 nominal standard deviation among invocations at peak performance (as percentage of performance)
PWU:    5 13/22     2 nominal iterations to warm up to within 1.5% of best

Initializing callback
[10.654s][info][gc] GC(1) Pause Full (System.gc()) 6M->3M(60M) 8.756ms
===== DaCapo 23.11-chopin graphchi starting =====
Found shards -- no need to preprocess
Set latent factor dimension to: 20
Initializing latent factors for 285050 vertices
Creating 1 blocks
[10.768s][info][gc] GC(3) Pause Full (Allocation Failure) 5M->4M(60M) 6.379ms
[10.768s][info][gc] GC(2) Pause Young (Allocation Failure) 9M->4M(60M) 7.567ms
[10.793s][info][gc] GC(4) Pause Initial Mark 132M->132M(188M) 0.177ms
[10.793s][info][gc] GC(4) Concurrent Mark
[10.796s][info][gc] GC(4) Concurrent Mark 2.860ms
[10.796s][info][gc] GC(4) Concurrent Preclean
[10.796s][info][gc] GC(4) Concurrent Preclean 0.388ms
[10.797s][info][gc] GC(4) Pause Remark 133M->133M(188M) 1.028ms
[10.797s][info][gc] GC(4) Concurrent Sweep
[10.798s][info][gc] GC(4) Concurrent Sweep 0.762ms
[10.798s][info][gc] GC(4) Concurrent Reset
[10.798s][info][gc] GC(4) Concurrent Reset 0.132ms
[12.690s][info][gc] GC(5) Pause Young (Allocation Failure) 149M->144M(240M) 29.959ms
[12.692s][info][gc] GC(6) Pause Initial Mark 145M->145M(240M) 0.813ms
[12.692s][info][gc] GC(6) Concurrent Mark
[12.708s][info][gc] GC(7) Pause Young (Allocation Failure) 160M->159M(240M) 13.549ms
[12.713s][info][gc] GC(6) Concurrent Mark 21.103ms
[12.713s][info][gc] GC(6) Concurrent Preclean
[12.717s][info][gc] GC(6) Concurrent Preclean 3.412ms
[12.717s][info][gc] GC(6) Concurrent Abortable Preclean
[12.780s][info][gc] GC(8) Pause Young (Allocation Failure) 176M->167M(240M) 4.836ms
[13.045s][info][gc] GC(9) Pause Young (Allocation Failure) 184M->166M(240M) 0.781ms
[13.075s][info][gc] GC(10) Pause Young (Allocation Failure) 183M->166M(240M) 0.605ms
[13.105s][info][gc] GC(11) Pause Young (Allocation Failure) 183M->166M(240M) 0.419ms
[13.133s][info][gc] GC(12) Pause Young (Allocation Failure) 183M->166M(240M) 0.559ms
[13.150s][info][gc] GC(13) Pause Young (Allocation Failure) 183M->166M(240M) 0.887ms
[13.153s][info][gc] GC(14) Pause Young (Allocation Failure) 183M->166M(240M) 0.632ms
[13.156s][info][gc] GC(15) Pause Young (Allocation Failure) 183M->166M(240M) 0.535ms
[13.159s][info][gc] GC(16) Pause Young (Allocation Failure) 183M->166M(240M) 0.504ms
[13.162s][info][gc] GC(17) Pause Young (Allocation Failure) 183M->166M(240M) 0.482ms
[13.164s][info][gc] GC(18) Pause Young (Allocation Failure) 183M->166M(240M) 0.334ms
[13.167s][info][gc] GC(19) Pause Young (Allocation Failure) 183M->166M(240M) 0.449ms
[13.170s][info][gc] GC(20) Pause Young (Allocation Failure) 183M->166M(240M) 0.464ms
[13.172s][info][gc] GC(21) Pause Young (Allocation Failure) 183M->166M(240M) 0.508ms
[13.175s][info][gc] GC(22) Pause Young (Allocation Failure) 183M->166M(240M) 0.563ms
[13.177s][info][gc] GC(23) Pause Young (Allocation Failure) 183M->166M(240M) 0.498ms
[13.181s][info][gc] GC(24) Pause Young (Allocation Failure) 183M->166M(240M) 0.418ms
[13.183s][info][gc] GC(25) Pause Young (Allocation Failure) 183M->166M(240M) 0.421ms
[13.185s][info][gc] GC(26) Pause Young (Allocation Failure) 183M->166M(240M) 0.488ms
[13.187s][info][gc] GC(27) Pause Young (Allocation Failure) 183M->166M(240M) 0.421ms
[13.189s][info][gc] GC(28) Pause Young (Allocation Failure) 183M->166M(240M) 0.478ms
[13.192s][info][gc] GC(29) Pause Young (Allocation Failure) 183M->166M(240M) 0.605ms
[13.194s][info][gc] GC(30) Pause Young (Allocation Failure) 183M->166M(240M) 0.466ms
[13.197s][info][gc] GC(31) Pause Young (Allocation Failure) 183M->166M(240M) 0.488ms
[13.200s][info][gc] GC(32) Pause Young (Allocation Failure) 183M->166M(240M) 0.542ms
[13.203s][info][gc] GC(33) Pause Young (Allocation Failure) 183M->166M(240M) 0.469ms
[13.205s][info][gc] GC(34) Pause Young (Allocation Failure) 183M->166M(240M) 0.476ms
[13.208s][info][gc] GC(35) Pause Young (Allocation Failure) 183M->166M(240M) 0.653ms
[13.210s][info][gc] GC(36) Pause Young (Allocation Failure) 183M->166M(240M) 0.390ms
[13.212s][info][gc] GC(37) Pause Young (Allocation Failure) 183M->166M(240M) 0.454ms
[13.214s][info][gc] GC(38) Pause Young (Allocation Failure) 183M->166M(240M) 0.368ms
[13.216s][info][gc] GC(39) Pause Young (Allocation Failure) 183M->166M(240M) 0.388ms
[13.218s][info][gc] GC(40) Pause Young (Allocation Failure) 183M->166M(240M) 0.476ms
[13.220s][info][gc] GC(41) Pause Young (Allocation Failure) 183M->166M(240M) 0.485ms
[13.223s][info][gc] GC(42) Pause Young (Allocation Failure) 183M->166M(240M) 0.426ms
[13.226s][info][gc] GC(43) Pause Young (Allocation Failure) 183M->166M(240M) 0.510ms
[13.228s][info][gc] GC(44) Pause Young (Allocation Failure) 183M->166M(240M) 0.417ms
[13.231s][info][gc] GC(45) Pause Young (Allocation Failure) 183M->166M(240M) 0.596ms
[13.233s][info][gc] GC(46) Pause Young (Allocation Failure) 183M->166M(240M) 0.398ms
[13.235s][info][gc] GC(47) Pause Young (Allocation Failure) 183M->166M(240M) 0.486ms
[13.239s][info][gc] GC(48) Pause Young (Allocation Failure) 183M->166M(240M) 0.462ms
[13.241s][info][gc] GC(49) Pause Young (Allocation Failure) 183M->166M(240M) 0.458ms
[13.243s][info][gc] GC(50) Pause Young (Allocation Failure) 183M->166M(240M) 0.447ms
[13.245s][info][gc] GC(51) Pause Young (Allocation Failure) 183M->166M(240M) 0.436ms
[13.248s][info][gc] GC(52) Pause Young (Allocation Failure) 183M->166M(240M) 0.387ms
[13.250s][info][gc] GC(53) Pause Young (Allocation Failure) 183M->166M(240M) 0.478ms
[13.253s][info][gc] GC(54) Pause Young (Allocation Failure) 183M->166M(240M) 0.554ms
[13.255s][info][gc] GC(55) Pause Young (Allocation Failure) 183M->166M(240M) 0.625ms
[13.259s][info][gc] GC(56) Pause Young (Allocation Failure) 183M->166M(240M) 1.674ms
[13.262s][info][gc] GC(57) Pause Young (Allocation Failure) 183M->166M(240M) 0.516ms
[13.264s][info][gc] GC(58) Pause Young (Allocation Failure) 183M->166M(240M) 0.432ms
[13.267s][info][gc] GC(59) Pause Young (Allocation Failure) 183M->166M(240M) 0.486ms
[13.269s][info][gc] GC(60) Pause Young (Allocation Failure) 183M->166M(240M) 0.422ms
[13.271s][info][gc] GC(61) Pause Young (Allocation Failure) 183M->166M(240M) 0.482ms
[13.273s][info][gc] GC(62) Pause Young (Allocation Failure) 183M->166M(240M) 0.451ms
[13.275s][info][gc] GC(63) Pause Young (Allocation Failure) 183M->166M(240M) 0.474ms
[13.277s][info][gc] GC(64) Pause Young (Allocation Failure) 183M->166M(240M) 0.617ms
[13.279s][info][gc] GC(65) Pause Young (Allocation Failure) 183M->166M(240M) 0.470ms
[13.281s][info][gc] GC(66) Pause Young (Allocation Failure) 183M->166M(240M) 0.427ms
[13.284s][info][gc] GC(67) Pause Young (Allocation Failure) 183M->166M(240M) 0.457ms
[13.398s][info][gc] GC(68) Pause Young (Allocation Failure) 183M->166M(240M) 0.467ms
[13.398s][info][gc] GC(6) Concurrent Abortable Preclean 681.263ms
[13.399s][info][gc] GC(6) Pause Remark 166M->166M(240M) 1.287ms
[13.400s][info][gc] GC(6) Concurrent Sweep
[13.405s][info][gc] GC(6) Concurrent Sweep 5.514ms
[13.405s][info][gc] GC(6) Concurrent Reset
[13.406s][info][gc] GC(6) Concurrent Reset 0.383ms
[13.535s][info][gc] GC(69) Pause Young (Allocation Failure) 183M->166M(296M) 0.719ms
[13.608s][info][gc] GC(70) Pause Young (Allocation Failure) 183M->172M(296M) 9.426ms
[13.629s][info][gc] GC(71) Pause Young (Allocation Failure) 189M->190M(296M) 17.904ms
[13.630s][info][gc] GC(72) Pause Initial Mark 192M->192M(296M) 0.477ms
[13.630s][info][gc] GC(72) Concurrent Mark
[13.638s][info][gc] GC(72) Concurrent Mark 7.593ms
[13.638s][info][gc] GC(72) Concurrent Preclean
[13.638s][info][gc] GC(72) Concurrent Preclean 0.596ms
[13.638s][info][gc] GC(72) Concurrent Abortable Preclean
[13.695s][info][gc] GC(73) Pause Young (Allocation Failure) 206M->197M(296M) 10.131ms
[13.699s][info][gc] GC(74) Pause Young (Allocation Failure) 213M->196M(296M) 1.006ms
[13.700s][info][gc] GC(72) Concurrent Abortable Preclean 62.169ms
[13.703s][info][gc] GC(72) Pause Remark 213M->213M(296M) 1.488ms
[13.703s][info][gc] GC(72) Concurrent Sweep
[13.704s][info][gc] GC(75) Pause Young (Allocation Failure) 213M->196M(296M) 1.382ms
[13.708s][info][gc] GC(76) Pause Young (Allocation Failure) 206M->189M(296M) 0.838ms
[13.711s][info][gc] GC(77) Pause Young (Allocation Failure) 198M->182M(296M) 0.547ms
[13.714s][info][gc] GC(78) Pause Young (Allocation Failure) 181M->165M(296M) 0.722ms
[13.718s][info][gc] GC(79) Pause Young (Allocation Failure) 181M->164M(296M) 0.510ms
[13.721s][info][gc] GC(80) Pause Young (Allocation Failure) 181M->164M(296M) 0.842ms
[13.721s][info][gc] GC(72) Concurrent Sweep 17.979ms
[13.721s][info][gc] GC(72) Concurrent Reset
[13.721s][info][gc] GC(72) Concurrent Reset 0.157ms
[13.726s][info][gc] GC(81) Pause Young (Allocation Failure) 181M->164M(296M) 2.799ms
[13.732s][info][gc] GC(82) Pause Young (Allocation Failure) 181M->164M(296M) 2.022ms
[13.734s][info][gc] GC(83) Pause Young (Allocation Failure) 181M->164M(296M) 0.606ms
[13.740s][info][gc] GC(84) Pause Young (Allocation Failure) 181M->164M(296M) 3.429ms
[13.745s][info][gc] GC(85) Pause Young (Allocation Failure) 181M->164M(296M) 2.078ms
[13.753s][info][gc] GC(86) Pause Young (Allocation Failure) 181M->164M(296M) 5.254ms
[13.755s][info][gc] GC(87) Pause Young (Allocation Failure) 181M->164M(296M) 0.654ms
[13.758s][info][gc] GC(88) Pause Young (Allocation Failure) 181M->164M(296M) 0.566ms
[13.761s][info][gc] GC(89) Pause Young (Allocation Failure) 181M->164M(296M) 0.535ms
[13.764s][info][gc] GC(90) Pause Young (Allocation Failure) 181M->164M(296M) 0.663ms
[13.766s][info][gc] GC(91) Pause Young (Allocation Failure) 181M->164M(296M) 0.525ms
[13.768s][info][gc] GC(92) Pause Young (Allocation Failure) 181M->164M(296M) 0.453ms
[13.770s][info][gc] GC(93) Pause Young (Allocation Failure) 181M->164M(296M) 0.504ms
[13.773s][info][gc] GC(94) Pause Young (Allocation Failure) 181M->164M(296M) 0.561ms
[13.775s][info][gc] GC(95) Pause Young (Allocation Failure) 181M->164M(296M) 0.561ms
[13.777s][info][gc] GC(96) Pause Young (Allocation Failure) 181M->164M(296M) 0.501ms
[13.781s][info][gc] GC(97) Pause Young (Allocation Failure) 181M->164M(296M) 0.675ms
[13.784s][info][gc] GC(98) Pause Young (Allocation Failure) 181M->164M(296M) 0.664ms
[13.786s][info][gc] GC(99) Pause Young (Allocation Failure) 181M->164M(296M) 0.652ms
[13.790s][info][gc] GC(100) Pause Young (Allocation Failure) 181M->164M(296M) 0.556ms
[13.793s][info][gc] GC(101) Pause Young (Allocation Failure) 181M->164M(296M) 0.506ms
[13.795s][info][gc] GC(102) Pause Young (Allocation Failure) 181M->164M(296M) 0.556ms
[13.799s][info][gc] GC(103) Pause Young (Allocation Failure) 181M->164M(296M) 0.604ms
[13.801s][info][gc] GC(104) Pause Young (Allocation Failure) 181M->164M(296M) 0.532ms
[13.803s][info][gc] GC(105) Pause Young (Allocation Failure) 181M->164M(296M) 0.714ms
[13.807s][info][gc] GC(106) Pause Young (Allocation Failure) 181M->164M(296M) 0.556ms
[13.809s][info][gc] GC(107) Pause Young (Allocation Failure) 181M->164M(296M) 0.561ms
[13.812s][info][gc] GC(108) Pause Young (Allocation Failure) 181M->164M(296M) 0.529ms
[13.814s][info][gc] GC(109) Pause Young (Allocation Failure) 181M->164M(296M) 0.589ms
[13.817s][info][gc] GC(110) Pause Young (Allocation Failure) 181M->164M(296M) 0.565ms
[13.820s][info][gc] GC(111) Pause Young (Allocation Failure) 181M->164M(296M) 0.630ms
[13.823s][info][gc] GC(112) Pause Young (Allocation Failure) 181M->164M(296M) 0.582ms
[13.825s][info][gc] GC(113) Pause Young (Allocation Failure) 181M->164M(296M) 0.590ms
[13.827s][info][gc] GC(114) Pause Young (Allocation Failure) 181M->164M(296M) 0.686ms
[13.829s][info][gc] GC(115) Pause Young (Allocation Failure) 181M->164M(296M) 0.681ms
[13.832s][info][gc] GC(116) Pause Young (Allocation Failure) 181M->164M(296M) 0.753ms
[13.834s][info][gc] GC(117) Pause Young (Allocation Failure) 181M->164M(296M) 0.567ms
[13.837s][info][gc] GC(118) Pause Young (Allocation Failure) 181M->164M(296M) 0.501ms
[13.839s][info][gc] GC(119) Pause Young (Allocation Failure) 181M->164M(296M) 0.590ms
[13.841s][info][gc] GC(120) Pause Young (Allocation Failure) 181M->164M(296M) 0.409ms
[13.843s][info][gc] GC(121) Pause Young (Allocation Failure) 181M->164M(296M) 0.551ms
[13.847s][info][gc] GC(122) Pause Young (Allocation Failure) 181M->164M(296M) 0.523ms
[13.849s][info][gc] GC(123) Pause Young (Allocation Failure) 181M->164M(296M) 0.613ms
[13.851s][info][gc] GC(124) Pause Young (Allocation Failure) 181M->164M(296M) 0.559ms
[13.853s][info][gc] GC(125) Pause Young (Allocation Failure) 181M->164M(296M) 0.653ms
[13.855s][info][gc] GC(126) Pause Young (Allocation Failure) 181M->164M(296M) 0.603ms
[13.857s][info][gc] GC(127) Pause Young (Allocation Failure) 181M->164M(296M) 0.683ms
[13.859s][info][gc] GC(128) Pause Young (Allocation Failure) 181M->164M(296M) 0.524ms
[13.862s][info][gc] GC(129) Pause Young (Allocation Failure) 181M->164M(296M) 0.611ms
[13.865s][info][gc] GC(130) Pause Young (Allocation Failure) 181M->164M(296M) 1.519ms
[13.867s][info][gc] GC(131) Pause Young (Allocation Failure) 181M->164M(296M) 0.552ms
[13.870s][info][gc] GC(132) Pause Young (Allocation Failure) 181M->164M(296M) 0.467ms
[13.900s][info][gc] GC(133) Pause Young (Allocation Failure) 181M->164M(296M) 0.893ms
[14.026s][info][gc] GC(134) Pause Young (Allocation Failure) 180M->164M(296M) 0.523ms
[14.052s][info][gc] GC(135) Pause Young (Allocation Failure) 181M->182M(296M) 21.726ms
[14.058s][info][gc] GC(136) Pause Young (Allocation Failure) 196M->192M(296M) 3.853ms
[14.059s][info][gc] GC(137) Pause Initial Mark 195M->195M(296M) 0.520ms
[14.059s][info][gc] GC(137) Concurrent Mark
[14.075s][info][gc] GC(137) Concurrent Mark 15.507ms
[14.075s][info][gc] GC(137) Concurrent Preclean
[14.075s][info][gc] GC(137) Concurrent Preclean 0.592ms
[14.075s][info][gc] GC(137) Concurrent Abortable Preclean
[14.095s][info][gc] GC(138) Pause Young (Allocation Failure) 209M->198M(296M) 5.269ms
[14.099s][info][gc] GC(139) Pause Young (Allocation Failure) 214M->197M(296M) 1.086ms
[14.099s][info][gc] GC(137) Concurrent Abortable Preclean 23.391ms
[14.101s][info][gc] GC(137) Pause Remark 197M->197M(296M) 1.384ms
[14.101s][info][gc] GC(137) Concurrent Sweep
[14.103s][info][gc] GC(140) Pause Young (Allocation Failure) 214M->197M(296M) 0.681ms
[14.106s][info][gc] GC(141) Pause Young (Allocation Failure) 213M->197M(296M) 0.579ms
[14.109s][info][gc] GC(142) Pause Young (Allocation Failure) 205M->189M(296M) 0.531ms
[14.112s][info][gc] GC(143) Pause Young (Allocation Failure) 200M->183M(296M) 0.622ms
[14.114s][info][gc] GC(137) Concurrent Sweep 13.694ms
[14.115s][info][gc] GC(144) Pause Young (Allocation Failure) 183M->166M(296M) 0.647ms
[14.116s][info][gc] GC(137) Concurrent Reset
[14.116s][info][gc] GC(137) Concurrent Reset 0.189ms
[14.120s][info][gc] GC(145) Pause Young (Allocation Failure) 183M->166M(296M) 2.582ms
[14.123s][info][gc] GC(146) Pause Young (Allocation Failure) 183M->166M(296M) 0.576ms
[14.126s][info][gc] GC(147) Pause Young (Allocation Failure) 183M->166M(296M) 0.603ms
[14.128s][info][gc] GC(148) Pause Young (Allocation Failure) 183M->166M(296M) 0.465ms
[14.131s][info][gc] GC(149) Pause Young (Allocation Failure) 183M->166M(296M) 0.628ms
[14.133s][info][gc] GC(150) Pause Young (Allocation Failure) 183M->166M(296M) 0.436ms
[14.136s][info][gc] GC(151) Pause Young (Allocation Failure) 183M->166M(296M) 0.755ms
[14.139s][info][gc] GC(152) Pause Young (Allocation Failure) 183M->166M(296M) 0.903ms
[14.144s][info][gc] GC(153) Pause Young (Allocation Failure) 183M->166M(296M) 3.157ms
[14.146s][info][gc] GC(154) Pause Young (Allocation Failure) 183M->166M(296M) 0.531ms
[14.153s][info][gc] GC(155) Pause Young (Allocation Failure) 183M->166M(296M) 3.422ms
[14.156s][info][gc] GC(156) Pause Young (Allocation Failure) 183M->166M(296M) 1.512ms
[14.159s][info][gc] GC(157) Pause Young (Allocation Failure) 183M->166M(296M) 0.519ms
[14.161s][info][gc] GC(158) Pause Young (Allocation Failure) 183M->166M(296M) 0.589ms
[14.166s][info][gc] GC(159) Pause Young (Allocation Failure) 183M->166M(296M) 4.056ms
[14.170s][info][gc] GC(160) Pause Young (Allocation Failure) 183M->166M(296M) 0.499ms
[14.173s][info][gc] GC(161) Pause Young (Allocation Failure) 183M->166M(296M) 0.656ms
[14.175s][info][gc] GC(162) Pause Young (Allocation Failure) 183M->166M(296M) 0.412ms
[14.177s][info][gc] GC(163) Pause Young (Allocation Failure) 183M->166M(296M) 0.589ms
[14.181s][info][gc] GC(164) Pause Young (Allocation Failure) 183M->166M(296M) 2.045ms
[14.184s][info][gc] GC(165) Pause Young (Allocation Failure) 183M->166M(296M) 0.601ms
[14.186s][info][gc] GC(166) Pause Young (Allocation Failure) 183M->166M(296M) 0.965ms
[14.189s][info][gc] GC(167) Pause Young (Allocation Failure) 183M->166M(296M) 0.551ms
[14.192s][info][gc] GC(168) Pause Young (Allocation Failure) 183M->166M(296M) 0.628ms
[14.194s][info][gc] GC(169) Pause Young (Allocation Failure) 183M->166M(296M) 0.626ms
[14.197s][info][gc] GC(170) Pause Young (Allocation Failure) 183M->166M(296M) 0.776ms
[14.201s][info][gc] GC(171) Pause Young (Allocation Failure) 183M->166M(296M) 0.515ms
[14.204s][info][gc] GC(172) Pause Young (Allocation Failure) 183M->166M(296M) 0.753ms
[14.206s][info][gc] GC(173) Pause Young (Allocation Failure) 183M->166M(296M) 0.544ms
[14.209s][info][gc] GC(174) Pause Young (Allocation Failure) 183M->166M(296M) 0.588ms
[14.211s][info][gc] GC(175) Pause Young (Allocation Failure) 183M->166M(296M) 0.536ms
[14.215s][info][gc] GC(176) Pause Young (Allocation Failure) 183M->166M(296M) 0.551ms
[14.218s][info][gc] GC(177) Pause Young (Allocation Failure) 183M->166M(296M) 0.580ms
[14.220s][info][gc] GC(178) Pause Young (Allocation Failure) 183M->166M(296M) 0.599ms
[14.222s][info][gc] GC(179) Pause Young (Allocation Failure) 183M->166M(296M) 0.587ms
[14.226s][info][gc] GC(180) Pause Young (Allocation Failure) 183M->166M(296M) 0.499ms
[14.228s][info][gc] GC(181) Pause Young (Allocation Failure) 183M->166M(296M) 0.487ms
[14.230s][info][gc] GC(182) Pause Young (Allocation Failure) 183M->166M(296M) 0.466ms
[14.234s][info][gc] GC(183) Pause Young (Allocation Failure) 183M->166M(296M) 0.477ms
[14.236s][info][gc] GC(184) Pause Young (Allocation Failure) 183M->166M(296M) 0.405ms
[14.238s][info][gc] GC(185) Pause Young (Allocation Failure) 183M->166M(296M) 0.500ms
[14.242s][info][gc] GC(186) Pause Young (Allocation Failure) 183M->166M(296M) 0.467ms
[14.244s][info][gc] GC(187) Pause Young (Allocation Failure) 183M->166M(296M) 0.579ms
[14.246s][info][gc] GC(188) Pause Young (Allocation Failure) 183M->166M(296M) 0.661ms
[14.248s][info][gc] GC(189) Pause Young (Allocation Failure) 183M->166M(296M) 0.571ms
[14.250s][info][gc] GC(190) Pause Young (Allocation Failure) 183M->166M(296M) 0.412ms
[14.252s][info][gc] GC(191) Pause Young (Allocation Failure) 183M->166M(296M) 0.502ms
[14.254s][info][gc] GC(192) Pause Young (Allocation Failure) 183M->166M(296M) 0.551ms
[14.256s][info][gc] GC(193) Pause Young (Allocation Failure) 183M->166M(296M) 0.570ms
[14.260s][info][gc] GC(194) Pause Young (Allocation Failure) 183M->166M(296M) 0.527ms
[14.262s][info][gc] GC(195) Pause Young (Allocation Failure) 183M->166M(296M) 0.664ms
[14.264s][info][gc] GC(196) Pause Young (Allocation Failure) 183M->166M(296M) 0.499ms
[14.266s][info][gc] GC(197) Pause Young (Allocation Failure) 183M->166M(296M) 0.431ms
[14.322s][info][gc] GC(198) Pause Young (Allocation Failure) 183M->166M(296M) 0.824ms
[14.467s][info][gc] GC(199) Pause Young (Allocation Failure) 183M->166M(296M) 0.531ms
[14.524s][info][gc] GC(200) Pause Young (Allocation Failure) 183M->178M(296M) 13.270ms
[14.540s][info][gc] GC(201) Pause Young (Allocation Failure) 194M->191M(296M) 13.051ms
[14.569s][info][gc] GC(202) Pause Young (Allocation Failure) 208M->196M(296M) 4.406ms
[14.572s][info][gc] GC(203) Pause Young (Allocation Failure) 213M->196M(296M) 0.647ms
[14.581s][info][gc] GC(204) Pause Young (Allocation Failure) 213M->196M(296M) 7.168ms
[14.584s][info][gc] GC(205) Pause Young (Allocation Failure) 213M->196M(296M) 0.884ms
[14.586s][info][gc] GC(206) Pause Young (Allocation Failure) 213M->196M(296M) 0.581ms
[14.590s][info][gc] GC(207) Pause Young (Allocation Failure) 213M->196M(296M) 1.509ms
[14.592s][info][gc] GC(208) Pause Young (Allocation Failure) 213M->196M(296M) 0.462ms
[14.596s][info][gc] GC(209) Pause Young (Allocation Failure) 213M->196M(296M) 0.529ms
[14.599s][info][gc] GC(210) Pause Young (Allocation Failure) 213M->196M(296M) 0.478ms
[14.601s][info][gc] GC(211) Pause Young (Allocation Failure) 213M->196M(296M) 0.487ms
[14.604s][info][gc] GC(212) Pause Young (Allocation Failure) 213M->196M(296M) 0.698ms
[14.608s][info][gc] GC(213) Pause Young (Allocation Failure) 213M->196M(296M) 0.634ms
[14.610s][info][gc] GC(214) Pause Young (Allocation Failure) 213M->196M(296M) 0.565ms
[14.613s][info][gc] GC(215) Pause Young (Allocation Failure) 213M->196M(296M) 0.474ms
[14.615s][info][gc] GC(216) Pause Young (Allocation Failure) 213M->196M(296M) 0.450ms
[14.617s][info][gc] GC(217) Pause Young (Allocation Failure) 213M->196M(296M) 0.442ms
[14.619s][info][gc] GC(218) Pause Young (Allocation Failure) 213M->196M(296M) 0.548ms
[14.622s][info][gc] GC(219) Pause Young (Allocation Failure) 213M->196M(296M) 0.466ms
[14.624s][info][gc] GC(220) Pause Young (Allocation Failure) 213M->196M(296M) 0.543ms
[14.626s][info][gc] GC(221) Pause Young (Allocation Failure) 213M->196M(296M) 0.555ms
[14.629s][info][gc] GC(222) Pause Young (Allocation Failure) 213M->196M(296M) 0.457ms
[14.631s][info][gc] GC(223) Pause Young (Allocation Failure) 213M->196M(296M) 0.664ms
[14.634s][info][gc] GC(224) Pause Young (Allocation Failure) 213M->196M(296M) 0.500ms
[14.637s][info][gc] GC(225) Pause Young (Allocation Failure) 213M->196M(296M) 0.444ms
[14.639s][info][gc] GC(226) Pause Young (Allocation Failure) 213M->196M(296M) 0.532ms
[14.641s][info][gc] GC(227) Pause Young (Allocation Failure) 213M->196M(296M) 0.609ms
[14.644s][info][gc] GC(228) Pause Young (Allocation Failure) 213M->196M(296M) 0.602ms
[14.646s][info][gc] GC(229) Pause Young (Allocation Failure) 213M->196M(296M) 0.534ms
[14.648s][info][gc] GC(230) Pause Young (Allocation Failure) 213M->196M(296M) 0.379ms
[14.650s][info][gc] GC(231) Pause Young (Allocation Failure) 213M->196M(296M) 0.448ms
[14.652s][info][gc] GC(232) Pause Young (Allocation Failure) 213M->196M(296M) 0.482ms
[14.654s][info][gc] GC(233) Pause Young (Allocation Failure) 213M->196M(296M) 0.547ms
[14.657s][info][gc] GC(234) Pause Young (Allocation Failure) 213M->196M(296M) 0.496ms
[14.661s][info][gc] GC(235) Pause Young (Allocation Failure) 213M->196M(296M) 0.434ms
[14.663s][info][gc] GC(236) Pause Young (Allocation Failure) 213M->196M(296M) 0.538ms
[14.665s][info][gc] GC(237) Pause Young (Allocation Failure) 213M->196M(296M) 0.462ms
[14.667s][info][gc] GC(238) Pause Young (Allocation Failure) 213M->196M(296M) 0.496ms
[14.669s][info][gc] GC(239) Pause Young (Allocation Failure) 213M->196M(296M) 0.542ms
[14.673s][info][gc] GC(240) Pause Young (Allocation Failure) 213M->196M(296M) 0.537ms
[14.675s][info][gc] GC(241) Pause Young (Allocation Failure) 213M->196M(296M) 0.533ms
[14.677s][info][gc] GC(242) Pause Young (Allocation Failure) 213M->196M(296M) 0.658ms
[14.680s][info][gc] GC(243) Pause Young (Allocation Failure) 213M->196M(296M) 0.987ms
[14.682s][info][gc] GC(244) Pause Young (Allocation Failure) 213M->196M(296M) 0.818ms
[14.686s][info][gc] GC(245) Pause Young (Allocation Failure) 213M->196M(296M) 0.543ms
[14.688s][info][gc] GC(246) Pause Young (Allocation Failure) 213M->196M(296M) 0.455ms
[14.690s][info][gc] GC(247) Pause Young (Allocation Failure) 213M->196M(296M) 0.489ms
[14.693s][info][gc] GC(248) Pause Young (Allocation Failure) 213M->196M(296M) 0.476ms
[14.695s][info][gc] GC(249) Pause Young (Allocation Failure) 213M->196M(296M) 0.449ms
[14.697s][info][gc] GC(250) Pause Young (Allocation Failure) 213M->196M(296M) 0.525ms
[14.699s][info][gc] GC(251) Pause Young (Allocation Failure) 213M->196M(296M) 0.602ms
[14.701s][info][gc] GC(252) Pause Young (Allocation Failure) 213M->196M(296M) 0.505ms
[14.703s][info][gc] GC(253) Pause Young (Allocation Failure) 213M->196M(296M) 0.668ms
[14.705s][info][gc] GC(254) Pause Young (Allocation Failure) 213M->196M(296M) 0.636ms
[14.708s][info][gc] GC(255) Pause Young (Allocation Failure) 213M->196M(296M) 0.782ms
[14.710s][info][gc] GC(256) Pause Young (Allocation Failure) 213M->196M(296M) 0.577ms
[14.712s][info][gc] GC(257) Pause Young (Allocation Failure) 213M->196M(296M) 0.551ms
[14.714s][info][gc] GC(258) Pause Young (Allocation Failure) 213M->196M(296M) 0.592ms
[14.716s][info][gc] GC(259) Pause Young (Allocation Failure) 213M->196M(296M) 0.517ms
[14.718s][info][gc] GC(260) Pause Young (Allocation Failure) 213M->196M(296M) 0.576ms
[14.720s][info][gc] GC(261) Pause Young (Allocation Failure) 213M->196M(296M) 0.516ms
[14.773s][info][gc] GC(262) Pause Young (Allocation Failure) 213M->196M(296M) 0.567ms
[14.873s][info][gc] GC(263) Pause Young (Allocation Failure) 213M->201M(296M) 5.054ms
[14.894s][info][gc] GC(264) Pause Young (Allocation Failure) 218M->218M(296M) 18.074ms
[14.895s][info][gc] GC(265) Pause Initial Mark 221M->221M(296M) 0.325ms
[14.895s][info][gc] GC(265) Concurrent Mark
[14.901s][info][gc] GC(265) Concurrent Mark 6.793ms
[14.901s][info][gc] GC(265) Concurrent Preclean
[14.902s][info][gc] GC(265) Concurrent Preclean 0.540ms
[14.902s][info][gc] GC(265) Concurrent Abortable Preclean
[14.926s][info][gc] GC(266) Pause Young (Allocation Failure) 235M->230M(296M) 5.590ms
[14.933s][info][gc] GC(267) Pause Young (Allocation Failure) 246M->229M(296M) 0.753ms
[14.936s][info][gc] GC(268) Pause Young (Allocation Failure) 246M->229M(296M) 0.624ms
[14.938s][info][gc] GC(269) Pause Young (Allocation Failure) 246M->229M(296M) 0.555ms
[14.941s][info][gc] GC(270) Pause Young (Allocation Failure) 246M->229M(296M) 0.593ms
[14.944s][info][gc] GC(271) Pause Young (Allocation Failure) 246M->229M(296M) 0.546ms
[14.947s][info][gc] GC(272) Pause Young (Allocation Failure) 246M->229M(296M) 0.684ms
[14.950s][info][gc] GC(273) Pause Young (Allocation Failure) 246M->229M(296M) 0.523ms
[14.953s][info][gc] GC(274) Pause Young (Allocation Failure) 246M->229M(296M) 0.967ms
[14.956s][info][gc] GC(275) Pause Young (Allocation Failure) 246M->229M(296M) 0.850ms
[14.958s][info][gc] GC(276) Pause Young (Allocation Failure) 246M->229M(296M) 0.529ms
[14.962s][info][gc] GC(277) Pause Young (Allocation Failure) 246M->229M(296M) 0.501ms
[14.966s][info][gc] GC(278) Pause Young (Allocation Failure) 246M->229M(296M) 0.540ms
[14.969s][info][gc] GC(279) Pause Young (Allocation Failure) 246M->229M(296M) 0.668ms
[14.972s][info][gc] GC(280) Pause Young (Allocation Failure) 246M->229M(296M) 0.635ms
[14.974s][info][gc] GC(281) Pause Young (Allocation Failure) 246M->229M(296M) 0.763ms
[14.977s][info][gc] GC(282) Pause Young (Allocation Failure) 246M->229M(296M) 0.575ms
[14.979s][info][gc] GC(283) Pause Young (Allocation Failure) 246M->229M(296M) 0.571ms
[14.981s][info][gc] GC(284) Pause Young (Allocation Failure) 246M->229M(296M) 0.525ms
[14.984s][info][gc] GC(285) Pause Young (Allocation Failure) 246M->229M(296M) 0.636ms
[14.986s][info][gc] GC(286) Pause Young (Allocation Failure) 246M->229M(296M) 0.520ms
[14.988s][info][gc] GC(287) Pause Young (Allocation Failure) 246M->229M(296M) 0.515ms
[14.991s][info][gc] GC(288) Pause Young (Allocation Failure) 246M->229M(296M) 0.605ms
[14.993s][info][gc] GC(289) Pause Young (Allocation Failure) 246M->229M(296M) 0.558ms
[14.995s][info][gc] GC(290) Pause Young (Allocation Failure) 246M->229M(296M) 0.586ms
[14.997s][info][gc] GC(291) Pause Young (Allocation Failure) 246M->229M(296M) 0.661ms
[15.000s][info][gc] GC(292) Pause Young (Allocation Failure) 246M->229M(296M) 0.718ms
[15.002s][info][gc] GC(293) Pause Young (Allocation Failure) 246M->229M(296M) 0.525ms
[15.004s][info][gc] GC(294) Pause Young (Allocation Failure) 246M->229M(296M) 0.520ms
[15.006s][info][gc] GC(295) Pause Young (Allocation Failure) 246M->229M(296M) 0.549ms
[15.010s][info][gc] GC(296) Pause Young (Allocation Failure) 246M->229M(296M) 0.508ms
[15.013s][info][gc] GC(297) Pause Young (Allocation Failure) 246M->229M(296M) 0.492ms
[15.015s][info][gc] GC(298) Pause Young (Allocation Failure) 246M->229M(296M) 0.610ms
[15.018s][info][gc] GC(299) Pause Young (Allocation Failure) 246M->229M(296M) 0.535ms
[15.020s][info][gc] GC(300) Pause Young (Allocation Failure) 246M->229M(296M) 0.560ms
[15.022s][info][gc] GC(301) Pause Young (Allocation Failure) 246M->229M(296M) 0.581ms
[15.024s][info][gc] GC(302) Pause Young (Allocation Failure) 246M->229M(296M) 0.612ms
[15.027s][info][gc] GC(303) Pause Young (Allocation Failure) 246M->229M(296M) 0.601ms
[15.029s][info][gc] GC(304) Pause Young (Allocation Failure) 246M->229M(296M) 0.476ms
[15.031s][info][gc] GC(305) Pause Young (Allocation Failure) 246M->229M(296M) 0.414ms
[15.035s][info][gc] GC(306) Pause Young (Allocation Failure) 246M->229M(296M) 0.484ms
[15.037s][info][gc] GC(307) Pause Young (Allocation Failure) 246M->229M(296M) 0.408ms
[15.039s][info][gc] GC(308) Pause Young (Allocation Failure) 246M->229M(296M) 0.563ms
[15.041s][info][gc] GC(309) Pause Young (Allocation Failure) 246M->229M(296M) 0.642ms
[15.043s][info][gc] GC(310) Pause Young (Allocation Failure) 246M->229M(296M) 0.529ms
[15.045s][info][gc] GC(311) Pause Young (Allocation Failure) 246M->229M(296M) 0.538ms
[15.047s][info][gc] GC(312) Pause Young (Allocation Failure) 246M->229M(296M) 0.433ms
[15.051s][info][gc] GC(313) Pause Young (Allocation Failure) 246M->229M(296M) 0.515ms
[15.053s][info][gc] GC(314) Pause Young (Allocation Failure) 246M->229M(296M) 0.755ms
[15.055s][info][gc] GC(315) Pause Young (Allocation Failure) 246M->229M(296M) 0.713ms
[15.057s][info][gc] GC(316) Pause Young (Allocation Failure) 246M->229M(296M) 0.499ms
[15.059s][info][gc] GC(317) Pause Young (Allocation Failure) 246M->229M(296M) 0.410ms
[15.061s][info][gc] GC(318) Pause Young (Allocation Failure) 246M->229M(296M) 0.511ms
[15.063s][info][gc] GC(319) Pause Young (Allocation Failure) 246M->229M(296M) 0.700ms
[15.065s][info][gc] GC(320) Pause Young (Allocation Failure) 246M->229M(296M) 0.595ms
[15.067s][info][gc] GC(321) Pause Young (Allocation Failure) 246M->229M(296M) 0.533ms
[15.069s][info][gc] GC(322) Pause Young (Allocation Failure) 246M->229M(296M) 0.504ms
[15.071s][info][gc] GC(323) Pause Young (Allocation Failure) 246M->229M(296M) 0.483ms
[15.073s][info][gc] GC(324) Pause Young (Allocation Failure) 246M->229M(296M) 0.484ms
[15.076s][info][gc] GC(325) Pause Young (Allocation Failure) 246M->229M(296M) 0.714ms
[15.079s][info][gc] GC(326) Pause Young (Allocation Failure) 246M->229M(296M) 0.513ms
[15.157s][info][gc] GC(327) Pause Young (Allocation Failure) 246M->229M(296M) 0.609ms
[15.273s][info][gc] GC(328) Pause Young (Allocation Failure) 246M->229M(296M) 0.558ms
[15.274s][info][gc] GC(265) Concurrent Abortable Preclean 371.606ms
[15.275s][info][gc] GC(265) Pause Remark 229M->229M(296M) 1.137ms
[15.275s][info][gc] GC(265) Concurrent Sweep
[15.290s][info][gc] GC(265) Concurrent Sweep 14.806ms
[15.290s][info][gc] GC(265) Concurrent Reset
[15.290s][info][gc] GC(265) Concurrent Reset 0.146ms
[15.313s][info][gc] GC(329) Pause Young (Allocation Failure) 183M->182M(297M) 17.837ms
[15.335s][info][gc] GC(330) Pause Young (Allocation Failure) 196M->194M(297M) 7.178ms
[15.336s][info][gc] GC(331) Pause Initial Mark 196M->196M(297M) 0.404ms
[15.336s][info][gc] GC(331) Concurrent Mark
[15.346s][info][gc] GC(331) Concurrent Mark 10.043ms
[15.346s][info][gc] GC(331) Concurrent Preclean
[15.347s][info][gc] GC(331) Concurrent Preclean 0.578ms
[15.347s][info][gc] GC(331) Concurrent Abortable Preclean
[15.353s][info][gc] GC(332) Pause Young (Allocation Failure) 210M->196M(297M) 2.912ms
[15.356s][info][gc] GC(333) Pause Young (Allocation Failure) 213M->196M(297M) 0.724ms
[15.359s][info][gc] GC(334) Pause Young (Allocation Failure) 213M->196M(297M) 0.568ms
[15.361s][info][gc] GC(335) Pause Young (Allocation Failure) 213M->196M(297M) 0.613ms
[15.364s][info][gc] GC(336) Pause Young (Allocation Failure) 213M->196M(297M) 0.584ms
[15.367s][info][gc] GC(337) Pause Young (Allocation Failure) 213M->196M(297M) 0.679ms
[15.370s][info][gc] GC(338) Pause Young (Allocation Failure) 213M->196M(297M) 0.652ms
[15.373s][info][gc] GC(339) Pause Young (Allocation Failure) 213M->196M(297M) 0.516ms
[15.376s][info][gc] GC(340) Pause Young (Allocation Failure) 213M->196M(297M) 0.521ms
[15.382s][info][gc] GC(341) Pause Young (Allocation Failure) 213M->196M(297M) 2.267ms
[15.384s][info][gc] GC(342) Pause Young (Allocation Failure) 213M->196M(297M) 0.486ms
[15.387s][info][gc] GC(343) Pause Young (Allocation Failure) 213M->196M(297M) 0.576ms
[15.390s][info][gc] GC(344) Pause Young (Allocation Failure) 213M->196M(297M) 0.674ms
[15.392s][info][gc] GC(345) Pause Young (Allocation Failure) 213M->196M(297M) 0.542ms
[15.398s][info][gc] GC(346) Pause Young (Allocation Failure) 213M->196M(297M) 3.752ms
[15.400s][info][gc] GC(347) Pause Young (Allocation Failure) 213M->196M(297M) 0.440ms
[15.403s][info][gc] GC(348) Pause Young (Allocation Failure) 213M->196M(297M) 0.536ms
[15.405s][info][gc] GC(349) Pause Young (Allocation Failure) 213M->196M(297M) 0.571ms
[15.407s][info][gc] GC(350) Pause Young (Allocation Failure) 213M->196M(297M) 0.564ms
[15.409s][info][gc] GC(351) Pause Young (Allocation Failure) 213M->196M(297M) 0.483ms
[15.411s][info][gc] GC(352) Pause Young (Allocation Failure) 213M->196M(297M) 0.477ms
[15.413s][info][gc] GC(353) Pause Young (Allocation Failure) 213M->196M(297M) 0.472ms
[15.416s][info][gc] GC(354) Pause Young (Allocation Failure) 213M->196M(297M) 0.658ms
[15.418s][info][gc] GC(355) Pause Young (Allocation Failure) 213M->196M(297M) 0.438ms
[15.420s][info][gc] GC(356) Pause Young (Allocation Failure) 213M->196M(297M) 0.478ms
[15.422s][info][gc] GC(357) Pause Young (Allocation Failure) 213M->196M(297M) 0.593ms
[15.425s][info][gc] GC(358) Pause Young (Allocation Failure) 213M->196M(297M) 0.479ms
[15.427s][info][gc] GC(359) Pause Young (Allocation Failure) 213M->196M(297M) 0.640ms
[15.430s][info][gc] GC(360) Pause Young (Allocation Failure) 213M->196M(297M) 0.777ms
[15.435s][info][gc] GC(361) Pause Young (Allocation Failure) 213M->196M(297M) 0.577ms
[15.438s][info][gc] GC(362) Pause Young (Allocation Failure) 213M->196M(297M) 0.528ms
[15.440s][info][gc] GC(363) Pause Young (Allocation Failure) 213M->196M(297M) 0.553ms
[15.442s][info][gc] GC(364) Pause Young (Allocation Failure) 213M->196M(297M) 0.487ms
[15.445s][info][gc] GC(365) Pause Young (Allocation Failure) 213M->196M(297M) 0.444ms
[15.446s][info][gc] GC(366) Pause Young (Allocation Failure) 213M->196M(297M) 0.445ms
[15.449s][info][gc] GC(367) Pause Young (Allocation Failure) 213M->196M(297M) 0.444ms
[15.451s][info][gc] GC(368) Pause Young (Allocation Failure) 213M->196M(297M) 0.485ms
[15.454s][info][gc] GC(369) Pause Young (Allocation Failure) 213M->196M(297M) 0.412ms
[15.456s][info][gc] GC(370) Pause Young (Allocation Failure) 213M->196M(297M) 0.550ms
[15.458s][info][gc] GC(371) Pause Young (Allocation Failure) 213M->196M(297M) 0.471ms
[15.460s][info][gc] GC(372) Pause Young (Allocation Failure) 213M->196M(297M) 0.445ms
[15.462s][info][gc] GC(373) Pause Young (Allocation Failure) 213M->196M(297M) 0.608ms
[15.464s][info][gc] GC(374) Pause Young (Allocation Failure) 213M->196M(297M) 0.500ms
[15.466s][info][gc] GC(375) Pause Young (Allocation Failure) 213M->196M(297M) 0.588ms
[15.470s][info][gc] GC(376) Pause Young (Allocation Failure) 213M->196M(297M) 0.512ms
[15.473s][info][gc] GC(377) Pause Young (Allocation Failure) 213M->196M(297M) 0.527ms
[15.475s][info][gc] GC(378) Pause Young (Allocation Failure) 213M->196M(297M) 0.485ms
[15.477s][info][gc] GC(379) Pause Young (Allocation Failure) 213M->196M(297M) 0.488ms
[15.479s][info][gc] GC(380) Pause Young (Allocation Failure) 213M->196M(297M) 0.529ms
[15.483s][info][gc] GC(381) Pause Young (Allocation Failure) 213M->196M(297M) 0.604ms
[15.485s][info][gc] GC(382) Pause Young (Allocation Failure) 213M->196M(297M) 0.425ms
[15.487s][info][gc] GC(383) Pause Young (Allocation Failure) 213M->196M(297M) 0.519ms
[15.489s][info][gc] GC(384) Pause Young (Allocation Failure) 213M->196M(297M) 0.545ms
[15.491s][info][gc] GC(385) Pause Young (Allocation Failure) 213M->196M(297M) 0.494ms
[15.493s][info][gc] GC(386) Pause Young (Allocation Failure) 213M->196M(297M) 0.489ms
[15.495s][info][gc] GC(387) Pause Young (Allocation Failure) 213M->196M(297M) 0.614ms
[15.497s][info][gc] GC(388) Pause Young (Allocation Failure) 213M->196M(297M) 0.473ms
[15.500s][info][gc] GC(389) Pause Young (Allocation Failure) 213M->196M(297M) 0.554ms
[15.502s][info][gc] GC(390) Pause Young (Allocation Failure) 213M->196M(297M) 0.569ms
[15.505s][info][gc] GC(391) Pause Young (Allocation Failure) 213M->196M(297M) 0.539ms
[15.581s][info][gc] GC(392) Pause Young (Allocation Failure) 213M->196M(297M) 0.632ms
[15.656s][info][gc] GC(393) Pause Young (Allocation Failure) 213M->205M(297M) 9.673ms
[15.656s][info][gc] GC(331) Concurrent Abortable Preclean 309.152ms
[15.658s][info][gc] GC(331) Pause Remark 206M->206M(297M) 1.657ms
[15.658s][info][gc] GC(331) Concurrent Sweep
[15.675s][info][gc] GC(394) Pause Young (Allocation Failure) 222M->222M(297M) 15.463ms
[15.688s][info][gc] GC(331) Concurrent Sweep 30.109ms
[15.688s][info][gc] GC(331) Concurrent Reset
[15.688s][info][gc] GC(331) Concurrent Reset 0.168ms
[15.708s][info][gc] GC(395) Pause Young (Allocation Failure) 207M->198M(333M) 3.327ms
[15.710s][info][gc] GC(396) Pause Young (Allocation Failure) 215M->197M(333M) 0.622ms
[15.714s][info][gc] GC(397) Pause Young (Allocation Failure) 214M->197M(333M) 1.247ms
[15.720s][info][gc] GC(398) Pause Young (Allocation Failure) 214M->197M(333M) 3.383ms
[15.723s][info][gc] GC(399) Pause Young (Allocation Failure) 214M->197M(333M) 0.651ms
[15.725s][info][gc] GC(400) Pause Young (Allocation Failure) 214M->197M(333M) 0.535ms
[15.729s][info][gc] GC(401) Pause Young (Allocation Failure) 214M->197M(333M) 1.248ms
[15.732s][info][gc] GC(402) Pause Young (Allocation Failure) 214M->197M(333M) 0.669ms
[15.734s][info][gc] GC(403) Pause Young (Allocation Failure) 214M->197M(333M) 0.607ms
[15.737s][info][gc] GC(404) Pause Young (Allocation Failure) 214M->197M(333M) 0.538ms
[15.739s][info][gc] GC(405) Pause Young (Allocation Failure) 214M->197M(333M) 0.678ms
[15.742s][info][gc] GC(406) Pause Young (Allocation Failure) 214M->197M(333M) 0.536ms
[15.745s][info][gc] GC(407) Pause Young (Allocation Failure) 214M->197M(333M) 0.562ms
[15.748s][info][gc] GC(408) Pause Young (Allocation Failure) 214M->197M(333M) 0.558ms
[15.750s][info][gc] GC(409) Pause Young (Allocation Failure) 214M->197M(333M) 0.546ms
[15.753s][info][gc] GC(410) Pause Young (Allocation Failure) 214M->197M(333M) 0.695ms
[15.755s][info][gc] GC(411) Pause Young (Allocation Failure) 214M->197M(333M) 0.535ms
[15.758s][info][gc] GC(412) Pause Young (Allocation Failure) 214M->197M(333M) 0.547ms
[15.760s][info][gc] GC(413) Pause Young (Allocation Failure) 214M->197M(333M) 0.640ms
[15.764s][info][gc] GC(414) Pause Young (Allocation Failure) 214M->197M(333M) 0.666ms
[15.767s][info][gc] GC(415) Pause Young (Allocation Failure) 214M->197M(333M) 0.576ms
[15.769s][info][gc] GC(416) Pause Young (Allocation Failure) 214M->197M(333M) 0.537ms
[15.771s][info][gc] GC(417) Pause Young (Allocation Failure) 214M->197M(333M) 0.524ms
[15.773s][info][gc] GC(418) Pause Young (Allocation Failure) 214M->197M(333M) 0.683ms
[15.775s][info][gc] GC(419) Pause Young (Allocation Failure) 214M->197M(333M) 0.688ms
[15.779s][info][gc] GC(420) Pause Young (Allocation Failure) 214M->197M(333M) 0.577ms
[15.781s][info][gc] GC(421) Pause Young (Allocation Failure) 214M->197M(333M) 0.489ms
[15.783s][info][gc] GC(422) Pause Young (Allocation Failure) 214M->197M(333M) 0.677ms
[15.785s][info][gc] GC(423) Pause Young (Allocation Failure) 214M->197M(333M) 0.543ms
[15.788s][info][gc] GC(424) Pause Young (Allocation Failure) 214M->197M(333M) 0.751ms
[15.790s][info][gc] GC(425) Pause Young (Allocation Failure) 214M->197M(333M) 0.484ms
[15.792s][info][gc] GC(426) Pause Young (Allocation Failure) 214M->197M(333M) 0.675ms
[15.796s][info][gc] GC(427) Pause Young (Allocation Failure) 214M->197M(333M) 0.710ms
[15.798s][info][gc] GC(428) Pause Young (Allocation Failure) 214M->197M(333M) 0.719ms
[15.800s][info][gc] GC(429) Pause Young (Allocation Failure) 214M->197M(333M) 0.600ms
[15.803s][info][gc] GC(430) Pause Young (Allocation Failure) 214M->197M(333M) 0.532ms
[15.805s][info][gc] GC(431) Pause Young (Allocation Failure) 214M->197M(333M) 0.576ms
[15.807s][info][gc] GC(432) Pause Young (Allocation Failure) 214M->197M(333M) 0.648ms
[15.811s][info][gc] GC(433) Pause Young (Allocation Failure) 214M->197M(333M) 0.522ms
[15.813s][info][gc] GC(434) Pause Young (Allocation Failure) 214M->197M(333M) 0.456ms
[15.815s][info][gc] GC(435) Pause Young (Allocation Failure) 214M->197M(333M) 0.649ms
[15.817s][info][gc] GC(436) Pause Young (Allocation Failure) 214M->197M(333M) 0.598ms
[15.819s][info][gc] GC(437) Pause Young (Allocation Failure) 214M->197M(333M) 0.500ms
[15.821s][info][gc] GC(438) Pause Young (Allocation Failure) 214M->197M(333M) 0.544ms
[15.823s][info][gc] GC(439) Pause Young (Allocation Failure) 214M->197M(333M) 0.681ms
[15.825s][info][gc] GC(440) Pause Young (Allocation Failure) 214M->197M(333M) 0.607ms
[15.828s][info][gc] GC(441) Pause Young (Allocation Failure) 214M->197M(333M) 0.863ms
[15.831s][info][gc] GC(442) Pause Young (Allocation Failure) 214M->197M(333M) 0.503ms
[15.833s][info][gc] GC(443) Pause Young (Allocation Failure) 214M->197M(333M) 0.514ms
[15.835s][info][gc] GC(444) Pause Young (Allocation Failure) 214M->197M(333M) 0.637ms
[15.839s][info][gc] GC(445) Pause Young (Allocation Failure) 214M->197M(333M) 0.737ms
[15.841s][info][gc] GC(446) Pause Young (Allocation Failure) 214M->197M(333M) 0.579ms
[15.843s][info][gc] GC(447) Pause Young (Allocation Failure) 214M->197M(333M) 0.625ms
[15.845s][info][gc] GC(448) Pause Young (Allocation Failure) 214M->197M(333M) 0.411ms
[15.847s][info][gc] GC(449) Pause Young (Allocation Failure) 214M->197M(333M) 0.512ms
[15.849s][info][gc] GC(450) Pause Young (Allocation Failure) 214M->197M(333M) 0.575ms
[15.851s][info][gc] GC(451) Pause Young (Allocation Failure) 214M->197M(333M) 0.504ms
[15.853s][info][gc] GC(452) Pause Young (Allocation Failure) 214M->197M(333M) 0.502ms
[15.855s][info][gc] GC(453) Pause Young (Allocation Failure) 214M->197M(333M) 0.490ms
[15.857s][info][gc] GC(454) Pause Young (Allocation Failure) 214M->197M(333M) 0.504ms
[15.864s][info][gc] GC(455) Pause Young (Allocation Failure) 214M->197M(333M) 0.535ms
[15.990s][info][gc] GC(456) Pause Young (Allocation Failure) 214M->197M(333M) 0.484ms
[16.077s][info][gc] GC(457) Pause Young (Allocation Failure) 214M->203M(333M) 5.654ms
[16.099s][info][gc] GC(458) Pause Young (Allocation Failure) 219M->220M(333M) 18.513ms
[16.100s][info][gc] GC(459) Pause Initial Mark 220M->220M(333M) 0.739ms
[16.100s][info][gc] GC(459) Concurrent Mark
[16.107s][info][gc] GC(459) Concurrent Mark 7.036ms
[16.107s][info][gc] GC(459) Concurrent Preclean
[16.107s][info][gc] GC(459) Concurrent Preclean 0.608ms
[16.107s][info][gc] GC(459) Concurrent Abortable Preclean
[16.132s][info][gc] GC(460) Pause Young (Allocation Failure) 237M->228M(333M) 7.241ms
[16.133s][info][gc] GC(459) Concurrent Abortable Preclean 25.864ms
[16.136s][info][gc] GC(459) Pause Remark 243M->243M(333M) 1.801ms
[16.136s][info][gc] GC(459) Concurrent Sweep
[16.137s][info][gc] GC(461) Pause Young (Allocation Failure) 245M->227M(333M) 0.627ms
[16.140s][info][gc] GC(462) Pause Young (Allocation Failure) 238M->221M(333M) 0.749ms
[16.143s][info][gc] GC(463) Pause Young (Allocation Failure) 230M->214M(333M) 0.648ms
[16.146s][info][gc] GC(464) Pause Young (Allocation Failure) 214M->197M(333M) 0.636ms
[16.148s][info][gc] GC(465) Pause Young (Allocation Failure) 205M->188M(333M) 0.541ms
[16.151s][info][gc] GC(466) Pause Young (Allocation Failure) 199M->182M(333M) 0.834ms
[16.154s][info][gc] GC(467) Pause Young (Allocation Failure) 187M->170M(333M) 0.642ms
[16.157s][info][gc] GC(468) Pause Young (Allocation Failure) 185M->169M(333M) 0.599ms
[16.158s][info][gc] GC(459) Concurrent Sweep 22.521ms
[16.158s][info][gc] GC(459) Concurrent Reset
[16.159s][info][gc] GC(459) Concurrent Reset 0.172ms
[16.159s][info][gc] GC(469) Pause Young (Allocation Failure) 181M->164M(333M) 0.688ms
[16.161s][info][gc] GC(470) Pause Young (Allocation Failure) 181M->164M(333M) 0.501ms
[16.164s][info][gc] GC(471) Pause Young (Allocation Failure) 181M->164M(333M) 0.715ms
[16.167s][info][gc] GC(472) Pause Young (Allocation Failure) 181M->164M(333M) 0.743ms
[16.171s][info][gc] GC(473) Pause Young (Allocation Failure) 181M->164M(333M) 0.664ms
[16.174s][info][gc] GC(474) Pause Young (Allocation Failure) 181M->164M(333M) 0.527ms
[16.176s][info][gc] GC(475) Pause Young (Allocation Failure) 181M->164M(333M) 0.700ms
[16.180s][info][gc] GC(476) Pause Young (Allocation Failure) 181M->164M(333M) 0.527ms
[16.183s][info][gc] GC(477) Pause Young (Allocation Failure) 181M->164M(333M) 0.528ms
[16.186s][info][gc] GC(478) Pause Young (Allocation Failure) 181M->164M(333M) 0.509ms
[16.189s][info][gc] GC(479) Pause Young (Allocation Failure) 181M->164M(333M) 0.998ms
[16.192s][info][gc] GC(480) Pause Young (Allocation Failure) 181M->164M(333M) 0.711ms
[16.194s][info][gc] GC(481) Pause Young (Allocation Failure) 181M->164M(333M) 0.434ms
[16.196s][info][gc] GC(482) Pause Young (Allocation Failure) 181M->164M(333M) 0.538ms
[16.199s][info][gc] GC(483) Pause Young (Allocation Failure) 181M->164M(333M) 0.607ms
[16.201s][info][gc] GC(484) Pause Young (Allocation Failure) 181M->164M(333M) 0.614ms
[16.203s][info][gc] GC(485) Pause Young (Allocation Failure) 181M->164M(333M) 0.574ms
[16.205s][info][gc] GC(486) Pause Young (Allocation Failure) 181M->164M(333M) 0.493ms
[16.208s][info][gc] GC(487) Pause Young (Allocation Failure) 181M->164M(333M) 0.700ms
[16.210s][info][gc] GC(488) Pause Young (Allocation Failure) 181M->164M(333M) 0.540ms
[16.212s][info][gc] GC(489) Pause Young (Allocation Failure) 181M->164M(333M) 0.666ms
[16.214s][info][gc] GC(490) Pause Young (Allocation Failure) 181M->164M(333M) 0.554ms
[16.216s][info][gc] GC(491) Pause Young (Allocation Failure) 181M->164M(333M) 0.555ms
[16.218s][info][gc] GC(492) Pause Young (Allocation Failure) 181M->164M(333M) 0.799ms
[16.220s][info][gc] GC(493) Pause Young (Allocation Failure) 181M->164M(333M) 0.551ms
[16.223s][info][gc] GC(494) Pause Young (Allocation Failure) 181M->164M(333M) 0.572ms
[16.226s][info][gc] GC(495) Pause Young (Allocation Failure) 181M->164M(333M) 0.489ms
[16.229s][info][gc] GC(496) Pause Young (Allocation Failure) 181M->164M(333M) 0.521ms
[16.231s][info][gc] GC(497) Pause Young (Allocation Failure) 181M->164M(333M) 0.492ms
[16.233s][info][gc] GC(498) Pause Young (Allocation Failure) 181M->164M(333M) 0.677ms
[16.237s][info][gc] GC(499) Pause Young (Allocation Failure) 181M->164M(333M) 0.601ms
[16.239s][info][gc] GC(500) Pause Young (Allocation Failure) 181M->164M(333M) 0.482ms
[16.241s][info][gc] GC(501) Pause Young (Allocation Failure) 181M->164M(333M) 0.544ms
[16.245s][info][gc] GC(502) Pause Young (Allocation Failure) 181M->164M(333M) 0.564ms
[16.246s][info][gc] GC(503) Pause Young (Allocation Failure) 181M->164M(333M) 0.463ms
[16.249s][info][gc] GC(504) Pause Young (Allocation Failure) 181M->164M(333M) 0.781ms
[16.251s][info][gc] GC(505) Pause Young (Allocation Failure) 181M->164M(333M) 0.438ms
[16.253s][info][gc] GC(506) Pause Young (Allocation Failure) 181M->164M(333M) 0.567ms
[16.255s][info][gc] GC(507) Pause Young (Allocation Failure) 181M->164M(333M) 0.516ms
[16.257s][info][gc] GC(508) Pause Young (Allocation Failure) 181M->164M(333M) 0.465ms
[16.259s][info][gc] GC(509) Pause Young (Allocation Failure) 181M->164M(333M) 0.522ms
[16.261s][info][gc] GC(510) Pause Young (Allocation Failure) 181M->164M(333M) 0.639ms
[16.263s][info][gc] GC(511) Pause Young (Allocation Failure) 181M->164M(333M) 0.414ms
[16.265s][info][gc] GC(512) Pause Young (Allocation Failure) 181M->164M(333M) 0.502ms
[16.267s][info][gc] GC(513) Pause Young (Allocation Failure) 181M->164M(333M) 0.635ms
[16.269s][info][gc] GC(514) Pause Young (Allocation Failure) 181M->164M(333M) 0.526ms
[16.271s][info][gc] GC(515) Pause Young (Allocation Failure) 181M->164M(333M) 0.547ms
[16.273s][info][gc] GC(516) Pause Young (Allocation Failure) 181M->164M(333M) 0.654ms
[16.275s][info][gc] GC(517) Pause Young (Allocation Failure) 181M->164M(333M) 0.572ms
[16.277s][info][gc] GC(518) Pause Young (Allocation Failure) 181M->164M(333M) 0.550ms
[16.279s][info][gc] GC(519) Pause Young (Allocation Failure) 181M->164M(333M) 0.600ms
[16.304s][info][gc] GC(520) Pause Young (Allocation Failure) 181M->164M(333M) 0.420ms
[16.422s][info][gc] GC(521) Pause Young (Allocation Failure) 181M->164M(333M) 0.677ms
[16.448s][info][gc] GC(522) Pause Young (Allocation Failure) 181M->182M(333M) 21.995ms
[16.456s][info][gc] GC(523) Pause Young (Allocation Failure) 199M->195M(333M) 2.721ms
[16.552s][info][gc] GC(524) Pause Young (Allocation Failure) 211M->198M(333M) 4.878ms
[16.554s][info][gc] GC(525) Pause Young (Allocation Failure) 214M->197M(333M) 0.633ms
[16.557s][info][gc] GC(526) Pause Young (Allocation Failure) 214M->197M(333M) 0.547ms
[16.561s][info][gc] GC(527) Pause Young (Allocation Failure) 214M->197M(333M) 0.563ms
[16.563s][info][gc] GC(528) Pause Young (Allocation Failure) 214M->197M(333M) 0.598ms
[16.566s][info][gc] GC(529) Pause Young (Allocation Failure) 214M->197M(333M) 0.448ms
[16.568s][info][gc] GC(530) Pause Young (Allocation Failure) 214M->197M(333M) 0.566ms
[16.571s][info][gc] GC(531) Pause Young (Allocation Failure) 214M->197M(333M) 0.608ms
[16.573s][info][gc] GC(532) Pause Young (Allocation Failure) 214M->197M(333M) 0.576ms
[16.576s][info][gc] GC(533) Pause Young (Allocation Failure) 214M->197M(333M) 0.670ms
[16.578s][info][gc] GC(534) Pause Young (Allocation Failure) 214M->197M(333M) 0.545ms
[16.581s][info][gc] GC(535) Pause Young (Allocation Failure) 214M->197M(333M) 0.555ms
[16.583s][info][gc] GC(536) Pause Young (Allocation Failure) 214M->197M(333M) 0.534ms
[16.586s][info][gc] GC(537) Pause Young (Allocation Failure) 214M->197M(333M) 0.477ms
[16.588s][info][gc] GC(538) Pause Young (Allocation Failure) 214M->197M(333M) 0.598ms
[16.591s][info][gc] GC(539) Pause Young (Allocation Failure) 214M->197M(333M) 0.555ms
[16.593s][info][gc] GC(540) Pause Young (Allocation Failure) 214M->197M(333M) 0.585ms
[16.595s][info][gc] GC(541) Pause Young (Allocation Failure) 214M->197M(333M) 0.523ms
[16.597s][info][gc] GC(542) Pause Young (Allocation Failure) 214M->197M(333M) 0.593ms
[16.600s][info][gc] GC(543) Pause Young (Allocation Failure) 214M->197M(333M) 0.669ms
[16.603s][info][gc] GC(544) Pause Young (Allocation Failure) 214M->197M(333M) 0.511ms
[16.606s][info][gc] GC(545) Pause Young (Allocation Failure) 214M->197M(333M) 0.648ms
[16.609s][info][gc] GC(546) Pause Young (Allocation Failure) 214M->197M(333M) 0.580ms
[16.612s][info][gc] GC(547) Pause Young (Allocation Failure) 214M->197M(333M) 0.719ms
[16.614s][info][gc] GC(548) Pause Young (Allocation Failure) 214M->197M(333M) 0.595ms
[16.617s][info][gc] GC(549) Pause Young (Allocation Failure) 214M->197M(333M) 0.510ms
[16.619s][info][gc] GC(550) Pause Young (Allocation Failure) 214M->197M(333M) 0.510ms
[16.621s][info][gc] GC(551) Pause Young (Allocation Failure) 214M->197M(333M) 0.490ms
[16.623s][info][gc] GC(552) Pause Young (Allocation Failure) 214M->197M(333M) 0.652ms
[16.625s][info][gc] GC(553) Pause Young (Allocation Failure) 214M->197M(333M) 0.593ms
[16.627s][info][gc] GC(554) Pause Young (Allocation Failure) 214M->197M(333M) 0.645ms
[16.631s][info][gc] GC(555) Pause Young (Allocation Failure) 214M->197M(333M) 0.745ms
[16.633s][info][gc] GC(556) Pause Young (Allocation Failure) 214M->197M(333M) 0.486ms
[16.635s][info][gc] GC(557) Pause Young (Allocation Failure) 214M->197M(333M) 0.503ms
[16.639s][info][gc] GC(558) Pause Young (Allocation Failure) 214M->197M(333M) 0.566ms
[16.641s][info][gc] GC(559) Pause Young (Allocation Failure) 214M->197M(333M) 0.534ms
[16.643s][info][gc] GC(560) Pause Young (Allocation Failure) 214M->197M(333M) 0.483ms
[16.645s][info][gc] GC(561) Pause Young (Allocation Failure) 214M->197M(333M) 0.453ms
[16.647s][info][gc] GC(562) Pause Young (Allocation Failure) 214M->197M(333M) 0.565ms
[16.651s][info][gc] GC(563) Pause Young (Allocation Failure) 214M->197M(333M) 0.495ms
[16.653s][info][gc] GC(564) Pause Young (Allocation Failure) 214M->197M(333M) 0.485ms
[16.655s][info][gc] GC(565) Pause Young (Allocation Failure) 214M->197M(333M) 0.471ms
[16.657s][info][gc] GC(566) Pause Young (Allocation Failure) 214M->197M(333M) 0.488ms
[16.659s][info][gc] GC(567) Pause Young (Allocation Failure) 214M->197M(333M) 0.559ms
[16.661s][info][gc] GC(568) Pause Young (Allocation Failure) 214M->197M(333M) 0.520ms
[16.663s][info][gc] GC(569) Pause Young (Allocation Failure) 214M->197M(333M) 0.421ms
[16.666s][info][gc] GC(570) Pause Young (Allocation Failure) 214M->197M(333M) 0.513ms
[16.669s][info][gc] GC(571) Pause Young (Allocation Failure) 214M->197M(333M) 0.555ms
[16.670s][info][gc] GC(572) Pause Young (Allocation Failure) 214M->197M(333M) 0.545ms
[16.674s][info][gc] GC(573) Pause Young (Allocation Failure) 214M->197M(333M) 0.385ms
[16.676s][info][gc] GC(574) Pause Young (Allocation Failure) 214M->197M(333M) 0.542ms
[16.678s][info][gc] GC(575) Pause Young (Allocation Failure) 214M->197M(333M) 0.553ms
[16.681s][info][gc] GC(576) Pause Young (Allocation Failure) 214M->197M(333M) 0.438ms
[16.683s][info][gc] GC(577) Pause Young (Allocation Failure) 214M->197M(333M) 0.725ms
[16.685s][info][gc] GC(578) Pause Young (Allocation Failure) 214M->197M(333M) 0.544ms
[16.687s][info][gc] GC(579) Pause Young (Allocation Failure) 214M->197M(333M) 0.515ms
[16.689s][info][gc] GC(580) Pause Young (Allocation Failure) 214M->197M(333M) 0.464ms
[16.691s][info][gc] GC(581) Pause Young (Allocation Failure) 214M->197M(333M) 0.650ms
[16.693s][info][gc] GC(582) Pause Young (Allocation Failure) 214M->197M(333M) 0.454ms
[16.695s][info][gc] GC(583) Pause Young (Allocation Failure) 214M->197M(333M) 0.529ms
[16.767s][info][gc] GC(584) Pause Young (Allocation Failure) 214M->197M(333M) 0.787ms
[16.860s][info][gc] GC(585) Pause Young (Allocation Failure) 214M->197M(333M) 0.586ms
[16.905s][info][gc] GC(586) Pause Young (Allocation Failure) 214M->197M(333M) 0.859ms
[16.950s][info][gc] GC(587) Pause Young (Allocation Failure) 214M->197M(333M) 0.619ms
[16.955s][info][gc] GC(588) Pause Young (Allocation Failure) 214M->197M(333M) 0.648ms
[17.006s][info][gc] GC(589) Pause Young (Allocation Failure) 214M->197M(333M) 0.622ms
[17.010s][info][gc] GC(590) Pause Young (Allocation Failure) 214M->197M(333M) 0.528ms
[17.039s][info][gc] GC(591) Pause Young (Allocation Failure) 214M->197M(333M) 0.751ms
[17.058s][info][gc] GC(592) Pause Young (Allocation Failure) 214M->197M(333M) 0.763ms
[17.087s][info][gc] GC(593) Pause Young (Allocation Failure) 214M->197M(333M) 0.612ms
[17.112s][info][gc] GC(594) Pause Young (Allocation Failure) 214M->214M(333M) 21.048ms
[17.114s][info][gc] GC(595) Pause Initial Mark 215M->215M(333M) 1.135ms
[17.114s][info][gc] GC(595) Concurrent Mark
[17.121s][info][gc] GC(595) Concurrent Mark 7.134ms
[17.121s][info][gc] GC(595) Concurrent Preclean
[17.121s][info][gc] GC(595) Concurrent Preclean 0.635ms
[17.121s][info][gc] GC(595) Concurrent Abortable Preclean
[17.142s][info][gc] GC(596) Pause Young (Allocation Failure) 231M->227M(333M) 4.452ms
[17.148s][info][gc] GC(597) Pause Young (Allocation Failure) 244M->227M(333M) 3.140ms
[17.150s][info][gc] GC(595) Concurrent Abortable Preclean 28.432ms
[17.151s][info][gc] GC(598) Pause Young (Allocation Failure) 244M->227M(333M) 1.387ms
[17.153s][info][gc] GC(595) Pause Remark 227M->227M(333M) 1.100ms
[17.153s][info][gc] GC(595) Concurrent Sweep
[17.156s][info][gc] GC(599) Pause Young (Allocation Failure) 237M->221M(333M) 0.652ms
[17.158s][info][gc] GC(600) Pause Young (Allocation Failure) 231M->214M(333M) 0.517ms
[17.161s][info][gc] GC(601) Pause Young (Allocation Failure) 220M->203M(333M) 0.766ms
[17.164s][info][gc] GC(602) Pause Young (Allocation Failure) 217M->200M(333M) 0.612ms
[17.167s][info][gc] GC(603) Pause Young (Allocation Failure) 214M->197M(333M) 0.471ms
[17.170s][info][gc] GC(604) Pause Young (Allocation Failure) 205M->188M(333M) 0.533ms
[17.179s][info][gc] GC(605) Pause Young (Allocation Failure) 198M->182M(333M) 7.091ms
[17.183s][info][gc] GC(606) Pause Young (Allocation Failure) 183M->166M(333M) 1.909ms
[17.184s][info][gc] GC(595) Concurrent Sweep 30.592ms
[17.184s][info][gc] GC(595) Concurrent Reset
[17.184s][info][gc] GC(595) Concurrent Reset 0.141ms
[17.186s][info][gc] GC(607) Pause Young (Allocation Failure) 181M->164M(333M) 0.588ms
[17.188s][info][gc] GC(608) Pause Young (Allocation Failure) 181M->164M(333M) 0.464ms
[17.190s][info][gc] GC(609) Pause Young (Allocation Failure) 181M->164M(333M) 0.507ms
[17.194s][info][gc] GC(610) Pause Young (Allocation Failure) 181M->164M(333M) 0.503ms
[17.197s][info][gc] GC(611) Pause Young (Allocation Failure) 181M->164M(333M) 0.534ms
[17.200s][info][gc] GC(612) Pause Young (Allocation Failure) 181M->164M(333M) 0.478ms
[17.202s][info][gc] GC(613) Pause Young (Allocation Failure) 181M->164M(333M) 0.728ms
[17.205s][info][gc] GC(614) Pause Young (Allocation Failure) 181M->164M(333M) 0.665ms
[17.208s][info][gc] GC(615) Pause Young (Allocation Failure) 181M->164M(333M) 0.513ms
[17.211s][info][gc] GC(616) Pause Young (Allocation Failure) 181M->164M(333M) 0.569ms
[17.213s][info][gc] GC(617) Pause Young (Allocation Failure) 181M->164M(333M) 0.627ms
[17.217s][info][gc] GC(618) Pause Young (Allocation Failure) 181M->164M(333M) 0.728ms
[17.220s][info][gc] GC(619) Pause Young (Allocation Failure) 181M->164M(333M) 0.685ms
[17.222s][info][gc] GC(620) Pause Young (Allocation Failure) 181M->164M(333M) 0.399ms
[17.224s][info][gc] GC(621) Pause Young (Allocation Failure) 181M->164M(333M) 0.456ms
[17.227s][info][gc] GC(622) Pause Young (Allocation Failure) 181M->164M(333M) 0.613ms
[17.229s][info][gc] GC(623) Pause Young (Allocation Failure) 181M->164M(333M) 0.496ms
[17.231s][info][gc] GC(624) Pause Young (Allocation Failure) 181M->164M(333M) 0.481ms
[17.233s][info][gc] GC(625) Pause Young (Allocation Failure) 181M->164M(333M) 0.502ms
[17.236s][info][gc] GC(626) Pause Young (Allocation Failure) 181M->164M(333M) 0.851ms
[17.239s][info][gc] GC(627) Pause Young (Allocation Failure) 181M->164M(333M) 0.610ms
[17.242s][info][gc] GC(628) Pause Young (Allocation Failure) 181M->164M(333M) 0.583ms
[17.244s][info][gc] GC(629) Pause Young (Allocation Failure) 181M->164M(333M) 0.528ms
[17.247s][info][gc] GC(630) Pause Young (Allocation Failure) 181M->164M(333M) 0.617ms
[17.249s][info][gc] GC(631) Pause Young (Allocation Failure) 181M->164M(333M) 0.573ms
[17.251s][info][gc] GC(632) Pause Young (Allocation Failure) 181M->164M(333M) 0.561ms
[17.253s][info][gc] GC(633) Pause Young (Allocation Failure) 181M->164M(333M) 0.528ms
[17.255s][info][gc] GC(634) Pause Young (Allocation Failure) 181M->164M(333M) 0.512ms
[17.258s][info][gc] GC(635) Pause Young (Allocation Failure) 181M->164M(333M) 0.601ms
[17.262s][info][gc] GC(636) Pause Young (Allocation Failure) 181M->164M(333M) 0.532ms
[17.264s][info][gc] GC(637) Pause Young (Allocation Failure) 181M->164M(333M) 0.479ms
[17.265s][info][gc] GC(638) Pause Young (Allocation Failure) 181M->164M(333M) 0.432ms
[17.268s][info][gc] GC(639) Pause Young (Allocation Failure) 181M->164M(333M) 1.058ms
[17.270s][info][gc] GC(640) Pause Young (Allocation Failure) 181M->164M(333M) 0.668ms
[17.273s][info][gc] GC(641) Pause Young (Allocation Failure) 181M->164M(333M) 0.505ms
[17.275s][info][gc] GC(642) Pause Young (Allocation Failure) 181M->164M(333M) 0.665ms
[17.277s][info][gc] GC(643) Pause Young (Allocation Failure) 181M->164M(333M) 0.537ms
[17.279s][info][gc] GC(644) Pause Young (Allocation Failure) 181M->164M(333M) 0.573ms
[17.281s][info][gc] GC(645) Pause Young (Allocation Failure) 181M->164M(333M) 0.550ms
[17.283s][info][gc] GC(646) Pause Young (Allocation Failure) 181M->164M(333M) 0.459ms
[17.285s][info][gc] GC(647) Pause Young (Allocation Failure) 181M->164M(333M) 0.926ms
[17.288s][info][gc] GC(648) Pause Young (Allocation Failure) 181M->164M(333M) 0.883ms
[17.290s][info][gc] GC(649) Pause Young (Allocation Failure) 181M->164M(333M) 0.518ms
[17.292s][info][gc] GC(650) Pause Young (Allocation Failure) 181M->164M(333M) 0.699ms
[17.294s][info][gc] GC(651) Pause Young (Allocation Failure) 181M->164M(333M) 0.773ms
[17.297s][info][gc] GC(652) Pause Young (Allocation Failure) 181M->164M(333M) 0.674ms
[17.299s][info][gc] GC(653) Pause Young (Allocation Failure) 181M->164M(333M) 0.670ms
[17.301s][info][gc] GC(654) Pause Young (Allocation Failure) 181M->164M(333M) 0.773ms
[17.304s][info][gc] GC(655) Pause Young (Allocation Failure) 181M->164M(333M) 0.514ms
[17.308s][info][gc] GC(656) Pause Young (Allocation Failure) 181M->164M(333M) 0.471ms
[17.337s][info][gc] GC(657) Pause Young (Allocation Failure) 181M->164M(333M) 0.833ms
[17.375s][info][gc] GC(658) Pause Young (Allocation Failure) 181M->164M(333M) 0.939ms
[17.379s][info][gc] GC(659) Pause Young (Allocation Failure) 181M->164M(333M) 0.632ms
[17.408s][info][gc] GC(660) Pause Young (Allocation Failure) 181M->164M(333M) 0.705ms
[17.444s][info][gc] GC(661) Pause Young (Allocation Failure) 181M->164M(333M) 0.587ms
[17.468s][info][gc] GC(662) Pause Young (Allocation Failure) 181M->164M(333M) 0.476ms
Total edges: 1000000
Left 284808, Right 241
===== DaCapo 23.11-chopin graphchi PASSED in 6828 msec =====
runAgain
