[0.004s][info][gc] Using G1
Class name: org.dacapo.harness.Kafka
Configurations:
short     Apache Kafka® is a distributed streaming platform.
long      Apache Kafka® aims to provide a unified, high-throughput, low-latency platform for handling real-time data feeds.
author    Apache Software Foundation
license   Apache License, Version 2.0
copyright Copyright (c) Apache Software Foundation
url       https://kafka.apache.org/
version   kafka 3.3.1
sizes     default large small
Using scaled threading model. 8 processors detected, 8 threads used to drive the workload, in a possible range of [1,unlimited]
Version: kafka 3.3.1

Nominal statistics
Key Score  Rank Value Description
AOA:    4 11/18    54 nominal average object size (bytes)
AOL:    4 12/18    48 nominal 90-percentile object size (bytes)
AOM:    9  3/18    32 nominal median object size (bytes)
AOS:    3 14/18    16 nominal 10-percentile object size (bytes)
ARA:    2 15/18   595 nominal allocation rate (bytes / usec) (3026868936/5085700.0)
BAL:    2 16/19     1 nominal aaload per usec
BAS:    4 12/19     0 nominal aastore per usec
BEF:    3 14/19     3 nominal execution focus / dominance of hot code
BGF:    2 17/19    92 nominal getfield per usec
BPF:    2 16/19    25 nominal putfield per usec
BUB:    8  4/19   128 nominal thousands of unique bytecodes executed
BUF:    8  4/19    21 nominal thousands of unique function calls
GCA:    3 17/22    87 nominal average post-GC heap size as percent of min heap, when run at 2X min heap with G1 (172/196)
GCC:    2 19/22   247 nominal GC count at 2X heap size (G1)
GCM:    4 14/22    87 nominal median post-GC heap size as percent of min heap, when run at 2X min heap with G1 (171/196)
GCP:    1 21/22     0 nominal percentage of time spent in GC pauses at 2X heap size (G1) (450/55640)
GLK:    5 12/22     0 nominal percent 10th iteration memory leakage (10 iterations / 1 iterations) (196/196)
GMD:    9  3/22   191 nominal minimum heap size (MB) for default size configuration (with compressed pointers)
GML:    7  6/18   305 nominal minimum heap size (MB) for large size configuration (with compressed pointers)
GMS:   10  1/22   157 nominal minimum heap size (MB) for small size configuration (with compressed pointers)
GMU:    9  4/22   203 nominal minimum heap size (MB) for default size without compressed pointers
GSS:    1 21/22     0 nominal heap size sensitivity (slowdown with tight heap, as a percentage) (5099/5085.7)
GTO:    3 14/18    14 nominal memory turnover (total alloc bytes / min heap bytes)
PET:    9  3/22     6 nominal execution time (sec)
PKP:   10  2/22    31 nominal percentage of time spent in kernel mode (as percentage of user plus kernel time)
PPE:    1 20/22     3 nominal parallel efficiency (speedup as percentage of ideal speedup for 32 threads)
PSD:    8  6/22     1 nominal standard deviation among invocations at peak performance (as percentage of performance)
PWU:    7  7/22     5 nominal iterations to warm up to within 1.5% of best

Initializing callback
[0.710s][info][gc] GC(0) Pause Young (Normal) (G1 Evacuation Pause) 24M->5M(62M) 3.118ms
Starting Zookeeper...
Starting Kafka Server...
[0.970s][info][gc] GC(1) Pause Young (Normal) (G1 Evacuation Pause) 34M->9M(62M) 5.249ms
[1.038s][info][gc] GC(2) Pause Young (Concurrent Start) (Metadata GC Threshold) 20M->9M(62M) 2.425ms
[1.038s][info][gc] GC(3) Concurrent Cycle
[1.051s][info][gc] GC(3) Pause Remark 10M->10M(62M) 9.537ms
[1.054s][info][gc] GC(3) Pause Cleanup 10M->10M(62M) 0.192ms
[1.054s][info][gc] GC(3) Concurrent Cycle 16.716ms
[1.208s][info][gc] GC(4) Pause Young (Normal) (G1 Evacuation Pause) 34M->9M(62M) 1.302ms
[1.411s][info][gc] GC(5) Pause Young (Normal) (G1 Evacuation Pause) 37M->10M(62M) 1.548ms
[1.430s][info][gc] GC(6) Pause Young (Concurrent Start) (G1 Humongous Allocation) 13M->10M(62M) 1.818ms
[1.430s][info][gc] GC(7) Concurrent Cycle
[1.452s][info][gc] GC(7) Pause Remark 139M->139M(191M) 2.133ms
[1.455s][info][gc] GC(7) Pause Cleanup 141M->141M(191M) 0.177ms
[1.456s][info][gc] GC(7) Concurrent Cycle 26.150ms
[1.543s][info][gc] GC(8) Pause Young (Normal) (G1 Evacuation Pause) 158M->140M(191M) 1.818ms
[1.648s][info][gc] GC(9) Pause Young (Concurrent Start) (G1 Evacuation Pause) 159M->142M(191M) 5.121ms
[1.648s][info][gc] GC(10) Concurrent Cycle
[1.657s][info][gc] GC(10) Pause Remark 143M->143M(191M) 1.831ms
[1.661s][info][gc] GC(10) Pause Cleanup 143M->143M(191M) 0.616ms
[1.662s][info][gc] GC(10) Concurrent Cycle 13.907ms
[1.703s][info][gc] GC(11) Pause Full (System.gc()) 149M->141M(242M) 8.227ms
===== DaCapo 23.11-chopin kafka starting =====
[1.707s][info][gc] GC(12) Pause Young (Concurrent Start) (G1 Humongous Allocation) 142M->142M(242M) 1.395ms
[1.708s][info][gc] GC(13) Concurrent Cycle
[1.718s][info][gc] GC(13) Pause Remark 152M->152M(242M) 3.009ms
Trogdor is running the workload....
[1.723s][info][gc] GC(13) Pause Cleanup 153M->153M(242M) 0.197ms
[1.723s][info][gc] GC(13) Concurrent Cycle 15.592ms
[1.918s][info][gc] GC(14) Pause Young (Normal) (G1 Evacuation Pause) 193M->152M(242M) 2.399ms
[2.188s][info][gc] GC(15) Pause Young (Concurrent Start) (G1 Evacuation Pause) 197M->153M(242M) 7.795ms
[2.188s][info][gc] GC(16) Concurrent Cycle
[2.198s][info][gc] GC(16) Pause Remark 154M->154M(242M) 3.317ms
[2.202s][info][gc] GC(16) Pause Cleanup 155M->155M(242M) 0.176ms
[2.203s][info][gc] GC(16) Concurrent Cycle 14.677ms
[2.613s][info][gc] GC(17) Pause Young (Normal) (G1 Evacuation Pause) 198M->156M(242M) 5.018ms
Starting 1000000 requests...
[2.950s][info][gc] GC(18) Pause Young (Concurrent Start) (G1 Evacuation Pause) 200M->164M(242M) 8.460ms
[2.951s][info][gc] GC(19) Concurrent Cycle
[2.965s][info][gc] GC(19) Pause Remark 172M->172M(242M) 4.366ms
[2.979s][info][gc] GC(19) Pause Cleanup 176M->176M(242M) 0.549ms
[2.979s][info][gc] GC(19) Concurrent Cycle 28.686ms
[3.024s][info][gc] GC(20) Pause Young (Normal) (G1 Evacuation Pause) 199M->175M(242M) 5.225ms
[3.055s][info][gc] GC(21) Pause Young (Concurrent Start) (G1 Evacuation Pause) 200M->183M(242M) 4.790ms
[3.055s][info][gc] GC(22) Concurrent Cycle
[3.075s][info][gc] GC(22) Pause Remark 192M->192M(242M) 6.261ms
[3.087s][info][gc] GC(23) Pause Young (Normal) (G1 Evacuation Pause) 201M->191M(242M) 2.783ms
[3.095s][info][gc] GC(24) Pause Young (Normal) (G1 Evacuation Pause) 203M->198M(242M) 3.256ms
[3.097s][info][gc] GC(22) Pause Cleanup 200M->200M(242M) 0.181ms
[3.097s][info][gc] GC(22) Concurrent Cycle 41.730ms
[3.136s][info][gc] GC(25) Pause Young (Normal) (G1 Evacuation Pause) 208M->200M(242M) 2.054ms
[3.186s][info][gc] GC(26) Pause Young (Concurrent Start) (G1 Evacuation Pause) 210M->200M(242M) 2.704ms
[3.186s][info][gc] GC(27) Concurrent Cycle
[3.203s][info][gc] GC(27) Pause Remark 204M->204M(242M) 2.926ms
[3.215s][info][gc] GC(27) Pause Cleanup 206M->206M(242M) 0.350ms
[3.215s][info][gc] GC(27) Concurrent Cycle 29.302ms
[3.244s][info][gc] GC(28) Pause Young (Normal) (G1 Evacuation Pause) 211M->200M(242M) 1.983ms
[3.286s][info][gc] GC(29) Pause Young (Concurrent Start) (G1 Evacuation Pause) 211M->201M(242M) 2.803ms
[3.286s][info][gc] GC(30) Concurrent Cycle
[3.304s][info][gc] GC(30) Pause Remark 205M->205M(242M) 3.921ms
[3.314s][info][gc] GC(30) Pause Cleanup 207M->207M(242M) 0.224ms
[3.314s][info][gc] GC(30) Concurrent Cycle 28.458ms
5%[3.332s][info][gc] GC(31) Pause Young (Prepare Mixed) (G1 Evacuation Pause) 211M->200M(242M) 2.055ms
[3.369s][info][gc] GC(32) Pause Young (Mixed) (G1 Evacuation Pause) 211M->198M(242M) 2.107ms
[3.389s][info][gc] GC(33) Pause Young (Concurrent Start) (G1 Evacuation Pause) 209M->200M(303M) 2.676ms
[3.389s][info][gc] GC(34) Concurrent Cycle
[3.406s][info][gc] GC(34) Pause Remark 208M->208M(303M) 4.288ms
[3.414s][info][gc] GC(34) Pause Cleanup 214M->214M(303M) 0.514ms
[3.415s][info][gc] GC(34) Concurrent Cycle 25.549ms
[3.483s][info][gc] GC(35) Pause Young (Prepare Mixed) (G1 Evacuation Pause) 246M->200M(303M) 2.475ms
[3.498s][info][gc] GC(36) Pause Young (Mixed) (G1 Evacuation Pause) 212M->199M(303M) 2.735ms
10%[3.601s][info][gc] GC(37) Pause Young (Concurrent Start) (G1 Evacuation Pause) 249M->200M(303M) 3.452ms
[3.602s][info][gc] GC(38) Concurrent Cycle
[3.617s][info][gc] GC(38) Pause Remark 205M->205M(303M) 3.602ms
[3.625s][info][gc] GC(38) Pause Cleanup 207M->207M(303M) 0.505ms
[3.626s][info][gc] GC(38) Concurrent Cycle 24.256ms
[3.718s][info][gc] GC(39) Pause Young (Prepare Mixed) (G1 Evacuation Pause) 250M->198M(335M) 1.983ms
[3.773s][info][gc] GC(40) Pause Young (Mixed) (G1 Evacuation Pause) 213M->199M(335M) 2.258ms
15%[3.923s][info][gc] GC(41) Pause Young (Concurrent Start) (G1 Evacuation Pause) 266M->198M(335M) 3.878ms
[3.923s][info][gc] GC(42) Concurrent Cycle
[3.941s][info][gc] GC(42) Pause Remark 201M->201M(335M) 7.158ms
[3.951s][info][gc] GC(42) Pause Cleanup 201M->201M(335M) 0.595ms
[3.952s][info][gc] GC(42) Concurrent Cycle 28.926ms
20%[4.158s][info][gc] GC(43) Pause Young (Normal) (G1 Evacuation Pause) 284M->198M(335M) 2.567ms
25%[4.366s][info][gc] GC(44) Pause Young (Normal) (G1 Evacuation Pause) 287M->199M(335M) 4.463ms
30%[4.572s][info][gc] GC(45) Pause Young (Normal) (G1 Evacuation Pause) 288M->199M(335M) 2.592ms
[4.776s][info][gc] GC(46) Pause Young (Normal) (G1 Evacuation Pause) 289M->200M(335M) 2.446ms
35%[4.997s][info][gc] GC(47) Pause Young (Normal) (G1 Evacuation Pause) 290M->198M(335M) 2.815ms
40%[5.264s][info][gc] GC(48) Pause Young (Normal) (G1 Evacuation Pause) 290M->199M(335M) 1.736ms
45%[5.470s][info][gc] GC(49) Pause Young (Normal) (G1 Evacuation Pause) 292M->200M(335M) 1.975ms
50%[5.703s][info][gc] GC(50) Pause Young (Normal) (G1 Evacuation Pause) 292M->199M(335M) 3.167ms
55%[5.964s][info][gc] GC(51) Pause Young (Normal) (G1 Evacuation Pause) 292M->199M(335M) 2.106ms
60%[6.178s][info][gc] GC(52) Pause Young (Normal) (G1 Evacuation Pause) 293M->200M(335M) 3.301ms
65%[6.391s][info][gc] GC(53) Pause Young (Normal) (G1 Evacuation Pause) 293M->199M(335M) 2.157ms
70%[6.664s][info][gc] GC(54) Pause Young (Normal) (G1 Evacuation Pause) 293M->200M(335M) 2.011ms
75%[6.875s][info][gc] GC(55) Pause Young (Normal) (G1 Evacuation Pause) 293M->200M(335M) 2.587ms
80%[7.089s][info][gc] GC(56) Pause Young (Normal) (G1 Evacuation Pause) 293M->199M(335M) 2.337ms
85%[7.362s][info][gc] GC(57) Pause Young (Normal) (G1 Evacuation Pause) 293M->199M(335M) 2.408ms
90%[7.572s][info][gc] GC(58) Pause Young (Normal) (G1 Evacuation Pause) 293M->200M(335M) 2.591ms
95%[7.783s][info][gc] GC(59) Pause Young (Normal) (G1 Evacuation Pause) 293M->200M(335M) 2.727ms
100%
Completed requests
Finished
===== DaCapo 23.11-chopin kafka PASSED in 6336 msec =====
[8.055s][info][gc] GC(60) Pause Young (Normal) (G1 Evacuation Pause) 297M->203M(335M) 1.738ms
===== DaCapo simple tail latency: 50% 10394 usec, 90% 40217 usec, 99% 241176 usec, 99.9% 265525 usec, 99.99% 266703 usec, max 266815 usec, measured over 1000000 events =====
[8.267s][info][gc] GC(61) Pause Young (Normal) (G1 Evacuation Pause) 298M->207M(335M) 2.162ms
===== DaCapo metered tail latency: 50% 118466 usec, 90% 199787 usec, 99% 247967 usec, 99.9% 265525 usec, 99.99% 266703 usec, max 266815 usec, measured over 1000000 events =====
runAgain
