[0.004s][info][gc] Using Serial
Class name: org.dacapo.harness.Kafka
Configurations:
short     Apache Kafka® is a distributed streaming platform.
long      Apache Kafka® aims to provide a unified, high-throughput, low-latency platform for handling real-time data feeds.
author    Apache Software Foundation
license   Apache License, Version 2.0
copyright Copyright (c) Apache Software Foundation
url       https://kafka.apache.org/
version   kafka 3.3.1
sizes     default large small
Using scaled threading model. 8 processors detected, 8 threads used to drive the workload, in a possible range of [1,unlimited]
Version: kafka 3.3.1
[0.559s][info][gc] GC(0) Pause Young (Allocation Failure) 16M->2M(59M) 2.484ms

Nominal statistics
Key Score  Rank Value Description
AOA:    4 11/18    54 nominal average object size (bytes)
AOL:    4 12/18    48 nominal 90-percentile object size (bytes)
AOM:    9  3/18    32 nominal median object size (bytes)
AOS:    3 14/18    16 nominal 10-percentile object size (bytes)
ARA:    2 15/18   595 nominal allocation rate (bytes / usec) (3026868936/5085700.0)
BAL:    2 16/19     1 nominal aaload per usec
BAS:    4 12/19     0 nominal aastore per usec
BEF:    3 14/19     3 nominal execution focus / dominance of hot code
BGF:    2 17/19    92 nominal getfield per usec
BPF:    2 16/19    25 nominal putfield per usec
BUB:    8  4/19   128 nominal thousands of unique bytecodes executed
BUF:    8  4/19    21 nominal thousands of unique function calls
GCA:    3 17/22    87 nominal average post-GC heap size as percent of min heap, when run at 2X min heap with G1 (172/196)
GCC:    2 19/22   247 nominal GC count at 2X heap size (G1)
GCM:    4 14/22    87 nominal median post-GC heap size as percent of min heap, when run at 2X min heap with G1 (171/196)
GCP:    1 21/22     0 nominal percentage of time spent in GC pauses at 2X heap size (G1) (450/55640)
GLK:    5 12/22     0 nominal percent 10th iteration memory leakage (10 iterations / 1 iterations) (196/196)
GMD:    9  3/22   191 nominal minimum heap size (MB) for default size configuration (with compressed pointers)
GML:    7  6/18   305 nominal minimum heap size (MB) for large size configuration (with compressed pointers)
GMS:   10  1/22   157 nominal minimum heap size (MB) for small size configuration (with compressed pointers)
GMU:    9  4/22   203 nominal minimum heap size (MB) for default size without compressed pointers
GSS:    1 21/22     0 nominal heap size sensitivity (slowdown with tight heap, as a percentage) (5099/5085.7)
GTO:    3 14/18    14 nominal memory turnover (total alloc bytes / min heap bytes)
PET:    9  3/22     6 nominal execution time (sec)
PKP:   10  2/22    31 nominal percentage of time spent in kernel mode (as percentage of user plus kernel time)
PPE:    1 20/22     3 nominal parallel efficiency (speedup as percentage of ideal speedup for 32 threads)
PSD:    8  6/22     1 nominal standard deviation among invocations at peak performance (as percentage of performance)
PWU:    7  7/22     5 nominal iterations to warm up to within 1.5% of best

Initializing callback
Starting Zookeeper...
[0.701s][info][gc] GC(1) Pause Young (Allocation Failure) 18M->7M(59M) 3.910ms
Starting Kafka Server...
[0.819s][info][gc] GC(2) Pause Young (Allocation Failure) 23M->8M(59M) 3.050ms
[0.899s][info][gc] GC(3) Pause Full (Metadata GC Threshold) 22M->8M(60M) 9.631ms
[0.994s][info][gc] GC(4) Pause Young (Allocation Failure) 25M->9M(60M) 1.047ms
[1.098s][info][gc] GC(5) Pause Young (Allocation Failure) 25M->9M(60M) 1.471ms
[1.203s][info][gc] GC(6) Pause Young (Allocation Failure) 26M->10M(60M) 1.849ms
[1.238s][info][gc] GC(8) Pause Full (Allocation Failure) 10M->10M(60M) 10.328ms
[1.238s][info][gc] GC(7) Pause Young (Allocation Failure) 13M->10M(60M) 12.098ms
[1.331s][info][gc] GC(9) Pause Young (Allocation Failure) 154M->139M(188M) 1.493ms
[1.399s][info][gc] GC(10) Pause Young (Allocation Failure) 155M->139M(188M) 1.719ms
[1.525s][info][gc] GC(11) Pause Full (System.gc()) 156M->141M(342M) 23.069ms
===== DaCapo 23.11-chopin kafka starting =====
Trogdor is running the workload....
[1.946s][info][gc] GC(12) Pause Young (Allocation Failure) 236M->152M(342M) 10.451ms
Starting 1000000 requests...
[2.673s][info][gc] GC(13) Pause Young (Allocation Failure) 247M->164M(342M) 23.347ms
[2.915s][info][gc] GC(14) Pause Young (Allocation Failure) 259M->170M(342M) 8.374ms
5%[3.084s][info][gc] GC(15) Pause Young (Allocation Failure) 265M->171M(342M) 5.069ms
10%[3.296s][info][gc] GC(16) Pause Young (Allocation Failure) 266M->172M(342M) 2.980ms
15%[3.508s][info][gc] GC(17) Pause Young (Allocation Failure) 267M->173M(342M) 5.184ms
20%[3.731s][info][gc] GC(18) Pause Young (Allocation Failure) 267M->171M(342M) 2.216ms
25%[3.987s][info][gc] GC(19) Pause Young (Allocation Failure) 265M->171M(342M) 3.165ms
30%[4.197s][info][gc] GC(20) Pause Young (Allocation Failure) 266M->173M(342M) 4.701ms
35%[4.409s][info][gc] GC(21) Pause Young (Allocation Failure) 267M->172M(342M) 3.608ms
40%[4.682s][info][gc] GC(22) Pause Young (Allocation Failure) 266M->171M(342M) 2.863ms
[4.891s][info][gc] GC(23) Pause Young (Allocation Failure) 266M->172M(342M) 3.069ms
45%[5.105s][info][gc] GC(24) Pause Young (Allocation Failure) 266M->172M(342M) 4.212ms
50%[5.383s][info][gc] GC(25) Pause Young (Allocation Failure) 266M->171M(342M) 2.923ms
55%[5.593s][info][gc] GC(26) Pause Young (Allocation Failure) 266M->172M(342M) 4.803ms
60%[5.812s][info][gc] GC(27) Pause Young (Allocation Failure) 267M->172M(342M) 3.724ms
65%[6.085s][info][gc] GC(28) Pause Young (Allocation Failure) 266M->171M(342M) 3.063ms
70%[6.297s][info][gc] GC(29) Pause Young (Allocation Failure) 266M->173M(342M) 4.828ms
75%[6.510s][info][gc] GC(30) Pause Young (Allocation Failure) 267M->172M(342M) 4.047ms
80%[6.784s][info][gc] GC(31) Pause Young (Allocation Failure) 266M->172M(342M) 3.590ms
85%[6.999s][info][gc] GC(32) Pause Young (Allocation Failure) 266M->172M(342M) 4.425ms
90%[7.215s][info][gc] GC(33) Pause Young (Allocation Failure) 267M->172M(342M) 4.009ms
95%[7.484s][info][gc] GC(34) Pause Young (Allocation Failure) 266M->172M(342M) 3.944ms
100%
Completed requests
Finished
[7.704s][info][gc] GC(35) Pause Full (Metadata GC Threshold) 245M->155M(375M) 64.945ms
===== DaCapo 23.11-chopin kafka PASSED in 6113 msec =====
===== DaCapo simple tail latency: 50% 11845 usec, 90% 29627 usec, 99% 132955 usec, 99.9% 150681 usec, 99.99% 151563 usec, max 151796 usec, measured over 1000000 events =====
[7.918s][info][gc] GC(36) Pause Young (Allocation Failure) 259M->163M(375M) 2.946ms
===== DaCapo metered tail latency: 50% 75686 usec, 90% 115300 usec, 99% 175438 usec, 99.9% 179197 usec, 99.99% 180232 usec, max 180977 usec, measured over 1000000 events =====
runAgain
