[0.009s][info][gc] Using Parallel
Class name: org.dacapo.harness.Lusearch
Configurations:
short     A text search tool
long      Text search of keywords over a corpus of data comprising the works of Shakespeare and the King James bible
author    Lucene Project Management Committee
license   Apache License, Version 2.0
copyright Apache Software Foundation, Apache license v2.0
url       http://lucene.apache.org/
version   lucene 9.7.0
sizes     default large small
Using scaled threading model. 10 processors detected, 10 threads used to drive the workload, in a possible range of [1,2048]
[2.309s][info][gc] GC(0) Pause Young (Allocation Failure) 39M->2M(148M) 5.472ms
[2.353s][info][gc] GC(1) Pause Young (Allocation Failure) 41M->2M(148M) 1.887ms
[2.380s][info][gc] GC(2) Pause Young (Allocation Failure) 41M->2M(148M) 2.053ms
Version: lucene 9.7.0

Nominal statistics
Key Score  Rank Value Description
AOA:    6  8/18    76 nominal average object size (bytes)
AOL:    9  2/18    96 nominal 90-percentile object size (bytes)
AOM:    3 13/18    24 nominal median object size (bytes)
AOS:   10  1/18    24 nominal 10-percentile object size (bytes)
ARA:    9  3/18 10505 nominal allocation rate (bytes / usec) (24619905928/2343600.0)
BAL:    8  5/19   118 nominal aaload per usec
BAS:    9  2/19    55 nominal aastore per usec
BEF:    9  3/19    14 nominal execution focus / dominance of hot code
BGF:    8  4/19  5520 nominal getfield per usec
BPF:    9  3/19   714 nominal putfield per usec
BUB:    4 13/19    25 nominal thousands of unique bytecodes executed
BUF:    3 14/19     2 nominal thousands of unique function calls
GCA:    2 19/22    80 nominal average post-GC heap size as percent of min heap, when run at 2X min heap with G1 (17/21)
GCC:   10  1/22 17270 nominal GC count at 2X heap size (G1)
GCM:    1 20/22    66 nominal median post-GC heap size as percent of min heap, when run at 2X min heap with G1 (14/21)
GCP:    9  3/22    19 nominal percentage of time spent in GC pauses at 2X heap size (G1) (6675/35050)
GLK:    5 12/22     0 nominal percent 10th iteration memory leakage (10 iterations / 1 iterations) (21/21)
GMD:    2 18/22    21 nominal minimum heap size (MB) for default size configuration (with compressed pointers)
GML:    4 11/18    89 nominal minimum heap size (MB) for large size configuration (with compressed pointers)
GMS:    2 18/22     5 nominal minimum heap size (MB) for small size configuration (with compressed pointers)
GMU:    2 19/22    21 nominal minimum heap size (MB) for default size without compressed pointers
GSS:    6 10/22   185 nominal heap size sensitivity (slowdown with tight heap, as a percentage) (6702.5/2343.6)
GTO:   10  1/18  1118 nominal memory turnover (total alloc bytes / min heap bytes)
PET:    6  9/22     3 nominal execution time (sec)
PKP:    8  5/22    16 nominal percentage of time spent in kernel mode (as percentage of user plus kernel time)
PPE:    8  5/22    31 nominal parallel efficiency (speedup as percentage of ideal speedup for 32 threads)
PSD:    5 13/22     0 nominal standard deviation among invocations at peak performance (as percentage of performance)
PWU:    5 13/22     2 nominal iterations to warm up to within 1.5% of best

Initializing callback
[2.430s][info][gc] GC(3) Pause Young (System.gc()) 34M->3M(187M) 2.483ms
[2.448s][info][gc] GC(4) Pause Full (System.gc()) 3M->3M(187M) 16.232ms
===== DaCapo 23.11-chopin lusearch starting =====
Starting 524288 requests...
[3.265s][info][gc] GC(5) Pause Young (Allocation Failure) 81M->9M(187M) 10.739ms
[3.588s][info][gc] GC(6) Pause Young (Allocation Failure) 87M->9M(264M) 3.780ms
[5.064s][info][gc] GC(7) Pause Young (Allocation Failure) 164M->9M(265M) 8.762ms
[5.400s][info][gc] GC(8) Pause Young (Allocation Failure) 164M->9M(420M) 8.621ms
[6.964s][info][gc] GC(9) Pause Young (Allocation Failure) 318M->9M(420M) 6.165ms
[7.614s][info][gc] GC(10) Pause Young (Allocation Failure) 318M->9M(599M) 4.703ms
Completing query batches: 5%[9.798s][info][gc] GC(11) Pause Young (Allocation Failure) 504M->9M(722M) 5.328ms
[11.573s][info][gc] GC(12) Pause Young (Allocation Failure) 620M->9M(687M) 4.371ms
Completing query batches: 10%[13.316s][info][gc] GC(13) Pause Young (Allocation Failure) 592M->9M(659M) 3.148ms
[14.508s][info][gc] GC(14) Pause Young (Allocation Failure) 564M->9M(634M) 9.398ms
Completing query batches: 15%[16.213s][info][gc] GC(15) Pause Young (Allocation Failure) 539M->9M(610M) 4.107ms
[17.619s][info][gc] GC(16) Pause Young (Allocation Failure) 515M->9M(587M) 7.465ms
Completing query batches: 20%[19.279s][info][gc] GC(17) Pause Young (Allocation Failure) 492M->9M(564M) 21.468ms
[20.550s][info][gc] GC(18) Pause Young (Allocation Failure) 470M->9M(544M) 18.523ms
[21.796s][info][gc] GC(19) Pause Young (Allocation Failure) 449M->9M(523M) 7.333ms
Completing query batches: 25%[23.049s][info][gc] GC(20) Pause Young (Allocation Failure) 429M->9M(504M) 16.111ms
[23.550s][info][gc] GC(21) Pause Young (Allocation Failure) 409M->9M(670M) 8.478ms
[25.503s][info][gc] GC(22) Pause Young (Allocation Failure) 570M->9M(639M) 8.924ms
Completing query batches: 30%[28.755s][info][gc] GC(23) Pause Young (Allocation Failure) 544M->9M(614M) 4.782ms
[31.775s][info][gc] GC(24) Pause Young (Allocation Failure) 520M->9M(819M) 112.238ms
Completing query batches: 35%[34.703s][info][gc] GC(25) Pause Young (Allocation Failure) 724M->9M(861M) 25.657ms
Completing query batches: 40%[38.425s][info][gc] GC(26) Pause Young (Allocation Failure) 762M->9M(821M) 7.539ms
[41.868s][info][gc] GC(27) Pause Young (Allocation Failure) 726M->9M(787M) 13.533ms
Completing query batches: 45%[44.247s][info][gc] GC(28) Pause Young (Allocation Failure) 692M->9M(755M) 35.343ms
[47.312s][info][gc] GC(29) Pause Young (Allocation Failure) 660M->10M(728M) 7.246ms
Completing query batches: 50%[49.543s][info][gc] GC(30) Pause Young (Allocation Failure) 630M->10M(696M) 5.537ms
[51.954s][info][gc] GC(31) Pause Young (Allocation Failure) 601M->10M(668M) 23.135ms
Completing query batches: 55%[53.287s][info][gc] GC(32) Pause Young (Allocation Failure) 574M->10M(642M) 19.215ms
[55.494s][info][gc] GC(33) Pause Young (Allocation Failure) 548M->10M(617M) 4.911ms
Completing query batches: 60%[58.027s][info][gc] GC(34) Pause Young (Allocation Failure) 523M->9M(593M) 6.294ms
[60.166s][info][gc] GC(35) Pause Young (Allocation Failure) 499M->10M(573M) 8.449ms
Completing query batches: 65%[62.333s][info][gc] GC(36) Pause Young (Allocation Failure) 477M->10M(549M) 58.557ms
[64.671s][info][gc] GC(37) Pause Young (Allocation Failure) 455M->9M(661M) 51.103ms
[67.783s][info][gc] GC(38) Pause Young (Allocation Failure) 566M->10M(635M) 3.809ms
Completing query batches: 70%[69.830s][info][gc] GC(39) Pause Young (Allocation Failure) 541M->10M(611M) 4.048ms
[72.272s][info][gc] GC(40) Pause Young (Allocation Failure) 516M->10M(587M) 24.714ms
Completing query batches: 75%[74.946s][info][gc] GC(41) Pause Young (Allocation Failure) 493M->10M(565M) 2.602ms
[75.885s][info][gc] GC(42) Pause Young (Allocation Failure) 471M->10M(544M) 3.105ms
[77.672s][info][gc] GC(43) Pause Young (Allocation Failure) 450M->10M(524M) 3.412ms
Completing query batches: 80%[79.596s][info][gc] GC(44) Pause Young (Allocation Failure) 430M->9M(616M) 63.811ms
[80.897s][info][gc] GC(45) Pause Young (Allocation Failure) 522M->10M(594M) 2.894ms
Completing query batches: 85%[82.825s][info][gc] GC(46) Pause Young (Allocation Failure) 499M->10M(701M) 95.929ms
[85.409s][info][gc] GC(47) Pause Young (Allocation Failure) 607M->10M(833M) 30.820ms
Completing query batches: 90%[88.568s][info][gc] GC(48) Pause Young (Allocation Failure) 738M->10M(882M) 23.224ms
[91.024s][info][gc] GC(49) Pause Young (Allocation Failure) 787M->10M(882M) 7.647ms
Completing query batches: 95%[94.344s][info][gc] GC(50) Pause Young (Allocation Failure) 787M->10M(845M) 5.411ms
Completing query batches: 100%
Completed requests
===== DaCapo 23.11-chopin lusearch PASSED in 94172 msec =====
===== DaCapo simple tail latency: 50% 36 usec, 90% 600 usec, 99% 28405 usec, 99.9% 72876 usec, 99.99% 146436 usec, max 295225 usec, measured over 524288 events =====
===== DaCapo metered tail latency: 50% 145 usec, 90% 655239 usec, 99% 1163618 usec, 99.9% 1382325 usec, 99.99% 1419727 usec, max 1455501 usec, measured over 524288 events =====
runAgain
