OpenJDK 64-Bit Server VM warning: Option UseConcMarkSweepGC was deprecated in version 9.0 and will likely be removed in a future release.
[0.076s][info][gc] Using Concurrent Mark Sweep
Class name: org.dacapo.harness.GraphChi
Configurations:
short     ALS matrix factorization with GraphChi.
long      The Netflix Challenge dataset is used to drive the GraphChi engine in its ALS matrix factorization mode.  The input data is pre-sharding (sharding is IO intensive, so is excluded from this workload).
author    null
license   Apache License, Version 2.0
copyright Copyright 2012 Aapo Kyrola, Guy Blelloch, Carlos Guestrin / Carnegie Mellon University
url       https://github.com/GraphChi/graphchi-java
version   graphchi 0.2.2
sizes     default large small
Using scaled threading model. 10 processors detected, 10 threads used to drive the workload, in a possible range of [1,unlimited]
Version: graphchi 0.2.2

Nominal statistics
Key Score  Rank Value Description
AOA:    8  4/18    97 nominal average object size (bytes)
AOL:    9  2/18    96 nominal 90-percentile object size (bytes)
AOM:    3 13/18    24 nominal median object size (bytes)
AOS:    3 14/18    16 nominal 10-percentile object size (bytes)
ARA:    5 10/18  2825 nominal allocation rate (bytes / usec) (7291380208/2580800.0)
BAL:    9  2/19  2231 nominal aaload per usec
BAS:    6  9/19     1 nominal aastore per usec
BEF:    8  4/19    12 nominal execution focus / dominance of hot code
BGF:    9  3/19  9335 nominal getfield per usec
BPF:    4 13/19    44 nominal putfield per usec
BUB:    0 19/19     8 nominal thousands of unique bytecodes executed
BUF:    2 17/19     1 nominal thousands of unique function calls
GCA:    8  5/22   114 nominal average post-GC heap size as percent of min heap, when run at 2X min heap with G1 (200/175)
GCC:    6 10/22  1277 nominal GC count at 2X heap size (G1)
GCM:    8  6/22   110 nominal median post-GC heap size as percent of min heap, when run at 2X min heap with G1 (193/175)
GCP:    4 14/22     2 nominal percentage of time spent in GC pauses at 2X heap size (G1) (889/31767)
GLK:    5 12/22     0 nominal percent 10th iteration memory leakage (10 iterations / 1 iterations) (175/174)
GMD:    8  5/22   175 nominal minimum heap size (MB) for default size configuration (with compressed pointers)
GML:    9  3/18  1152 nominal minimum heap size (MB) for large size configuration (with compressed pointers)
GMS:   10  2/22   141 nominal minimum heap size (MB) for small size configuration (with compressed pointers)
GMU:    8  6/22   179 nominal minimum heap size (MB) for default size without compressed pointers
GSS:    7  7/22   381 nominal heap size sensitivity (slowdown with tight heap, as a percentage) (12420.2/2580.8)
GTO:    4 11/18    39 nominal memory turnover (total alloc bytes / min heap bytes)
PET:    6  9/22     3 nominal execution time (sec)
PKP:    2 19/22     1 nominal percentage of time spent in kernel mode (as percentage of user plus kernel time)
PPE:    6  9/22    10 nominal parallel efficiency (speedup as percentage of ideal speedup for 32 threads)
PSD:    5 13/22     0 nominal standard deviation among invocations at peak performance (as percentage of performance)
PWU:    5 13/22     2 nominal iterations to warm up to within 1.5% of best

Initializing callback
[10.017s][info][gc] GC(0) Pause Full (System.gc()) 22M->3M(148M) 21.268ms
===== DaCapo 23.11-chopin graphchi starting =====
Found shards -- no need to preprocess
Set latent factor dimension to: 20
Initializing latent factors for 285050 vertices
Creating 1 blocks
[10.185s][info][gc] GC(2) Pause Full (Allocation Failure) 4M->4M(148M) 9.725ms
[10.185s][info][gc] GC(1) Pause Young (Allocation Failure) 10M->4M(148M) 13.532ms
[10.229s][info][gc] GC(3) Pause Initial Mark 132M->132M(276M) 0.251ms
[10.229s][info][gc] GC(3) Concurrent Mark
[10.304s][info][gc] GC(3) Concurrent Mark 74.248ms
[10.304s][info][gc] GC(3) Concurrent Preclean
[10.305s][info][gc] GC(3) Concurrent Preclean 0.714ms
[10.306s][info][gc] GC(3) Pause Remark 133M->133M(276M) 1.381ms
[10.307s][info][gc] GC(3) Concurrent Sweep
[10.308s][info][gc] GC(3) Concurrent Sweep 1.249ms
[10.308s][info][gc] GC(3) Concurrent Reset
[10.311s][info][gc] GC(3) Concurrent Reset 2.837ms
[10.935s][info][gc] GC(4) Pause Young (Allocation Failure) 174M->164M(276M) 118.153ms
[10.939s][info][gc] GC(5) Pause Initial Mark 164M->164M(276M) 2.194ms
[10.940s][info][gc] GC(5) Concurrent Mark
[10.958s][info][gc] GC(5) Concurrent Mark 17.992ms
[10.958s][info][gc] GC(5) Concurrent Preclean
[10.959s][info][gc] GC(5) Concurrent Preclean 1.021ms
[10.959s][info][gc] GC(5) Concurrent Abortable Preclean
[11.605s][info][gc] GC(5) Concurrent Abortable Preclean 646.346ms
[11.638s][info][gc] GC(6) Pause Young (Allocation Failure) 205M->167M(276M) 9.048ms
[11.646s][info][gc] GC(5) Pause Remark 168M->168M(276M) 6.118ms
[11.646s][info][gc] GC(5) Concurrent Sweep
[11.653s][info][gc] GC(5) Concurrent Sweep 7.485ms
[11.654s][info][gc] GC(5) Concurrent Reset
[11.657s][info][gc] GC(5) Concurrent Reset 2.978ms
[11.986s][info][gc] GC(7) Pause Young (Allocation Failure) 209M->167M(320M) 2.607ms
[12.000s][info][gc] GC(8) Pause Young (Allocation Failure) 208M->167M(320M) 1.519ms
[12.011s][info][gc] GC(9) Pause Young (Allocation Failure) 208M->167M(320M) 1.598ms
[12.023s][info][gc] GC(10) Pause Young (Allocation Failure) 208M->167M(320M) 1.688ms
[12.039s][info][gc] GC(11) Pause Young (Allocation Failure) 208M->167M(320M) 1.558ms
[12.053s][info][gc] GC(12) Pause Young (Allocation Failure) 208M->167M(320M) 1.360ms
[12.066s][info][gc] GC(13) Pause Young (Allocation Failure) 208M->167M(320M) 2.122ms
[12.077s][info][gc] GC(14) Pause Young (Allocation Failure) 208M->167M(320M) 1.347ms
[12.085s][info][gc] GC(15) Pause Young (Allocation Failure) 208M->167M(320M) 1.360ms
[12.096s][info][gc] GC(16) Pause Young (Allocation Failure) 208M->167M(320M) 1.517ms
[12.106s][info][gc] GC(17) Pause Young (Allocation Failure) 208M->167M(320M) 1.554ms
[12.118s][info][gc] GC(18) Pause Young (Allocation Failure) 208M->167M(320M) 5.122ms
[12.130s][info][gc] GC(19) Pause Young (Allocation Failure) 208M->167M(320M) 6.069ms
[12.138s][info][gc] GC(20) Pause Young (Allocation Failure) 208M->167M(320M) 2.266ms
[12.149s][info][gc] GC(21) Pause Young (Allocation Failure) 208M->167M(320M) 1.997ms
[12.167s][info][gc] GC(22) Pause Young (Allocation Failure) 208M->167M(320M) 10.217ms
[12.197s][info][gc] GC(23) Pause Young (Allocation Failure) 208M->167M(320M) 22.502ms
[12.211s][info][gc] GC(24) Pause Young (Allocation Failure) 208M->167M(320M) 3.304ms
[12.221s][info][gc] GC(25) Pause Young (Allocation Failure) 208M->167M(320M) 1.418ms
[12.237s][info][gc] GC(26) Pause Young (Allocation Failure) 208M->167M(320M) 0.628ms
[12.247s][info][gc] GC(27) Pause Young (Allocation Failure) 208M->167M(320M) 1.749ms
[12.264s][info][gc] GC(28) Pause Young (Allocation Failure) 208M->167M(320M) 1.578ms
[12.273s][info][gc] GC(29) Pause Young (Allocation Failure) 208M->167M(320M) 3.128ms
[12.749s][info][gc] GC(30) Pause Young (Allocation Failure) 208M->167M(320M) 78.663ms
[12.975s][info][gc] GC(31) Pause Young (Allocation Failure) 208M->197M(320M) 106.989ms
[13.050s][info][gc] GC(32) Pause Young (Allocation Failure) 238M->197M(320M) 59.682ms
[13.124s][info][gc] GC(33) Pause Young (Allocation Failure) 238M->197M(320M) 56.909ms
[13.143s][info][gc] GC(34) Pause Young (Allocation Failure) 238M->197M(320M) 5.709ms
[13.214s][info][gc] GC(35) Pause Young (Allocation Failure) 238M->197M(320M) 60.203ms
[13.241s][info][gc] GC(36) Pause Young (Allocation Failure) 238M->197M(320M) 15.453ms
[13.307s][info][gc] GC(37) Pause Young (Allocation Failure) 238M->197M(320M) 55.611ms
[13.318s][info][gc] GC(38) Pause Young (Allocation Failure) 238M->197M(320M) 1.786ms
[13.328s][info][gc] GC(39) Pause Young (Allocation Failure) 238M->197M(320M) 0.637ms
[13.336s][info][gc] GC(40) Pause Young (Allocation Failure) 238M->197M(320M) 0.875ms
[13.351s][info][gc] GC(41) Pause Young (Allocation Failure) 238M->197M(320M) 1.060ms
[13.359s][info][gc] GC(42) Pause Young (Allocation Failure) 238M->197M(320M) 0.793ms
[13.371s][info][gc] GC(43) Pause Young (Allocation Failure) 238M->197M(320M) 5.115ms
[13.386s][info][gc] GC(44) Pause Young (Allocation Failure) 238M->197M(320M) 1.515ms
[13.399s][info][gc] GC(45) Pause Young (Allocation Failure) 238M->197M(320M) 0.792ms
[13.419s][info][gc] GC(46) Pause Young (Allocation Failure) 238M->197M(320M) 10.358ms
[13.429s][info][gc] GC(47) Pause Young (Allocation Failure) 238M->197M(320M) 1.436ms
[13.440s][info][gc] GC(48) Pause Young (Allocation Failure) 238M->197M(320M) 2.684ms
[13.474s][info][gc] GC(49) Pause Young (Allocation Failure) 238M->197M(320M) 24.680ms
[13.491s][info][gc] GC(50) Pause Young (Allocation Failure) 238M->197M(320M) 3.794ms
[13.500s][info][gc] GC(51) Pause Young (Allocation Failure) 238M->197M(320M) 0.925ms
[13.512s][info][gc] GC(52) Pause Young (Allocation Failure) 238M->197M(320M) 1.308ms
[13.528s][info][gc] GC(53) Pause Young (Allocation Failure) 238M->197M(320M) 1.351ms
[13.538s][info][gc] GC(54) Pause Young (Allocation Failure) 238M->197M(320M) 1.537ms
[13.547s][info][gc] GC(55) Pause Young (Allocation Failure) 238M->197M(320M) 2.150ms
[13.819s][info][gc] GC(56) Pause Young (Allocation Failure) 238M->213M(320M) 118.770ms
[13.964s][info][gc] GC(57) Pause Young (Allocation Failure) 255M->230M(320M) 106.374ms
[14.025s][info][gc] GC(58) Pause Young (Allocation Failure) 271M->231M(320M) 45.850ms
[14.027s][info][gc] GC(59) Pause Initial Mark 231M->231M(320M) 0.340ms
[14.027s][info][gc] GC(59) Concurrent Mark
[14.043s][info][gc] GC(60) Pause Young (Allocation Failure) 272M->230M(320M) 0.744ms
[14.067s][info][gc] GC(61) Pause Young (Allocation Failure) 271M->230M(320M) 13.842ms
[14.094s][info][gc] GC(59) Concurrent Mark 67.356ms
[14.098s][info][gc] GC(62) Pause Young (Allocation Failure) 271M->230M(320M) 3.049ms
[14.098s][info][gc] GC(59) Concurrent Preclean
[14.098s][info][gc] GC(59) Concurrent Preclean 0.514ms
[14.100s][info][gc] GC(59) Pause Remark 230M->230M(320M) 1.149ms
[14.100s][info][gc] GC(59) Concurrent Sweep
[14.111s][info][gc] GC(63) Pause Young (Allocation Failure) 254M->213M(320M) 1.788ms
[14.123s][info][gc] GC(59) Concurrent Sweep 22.800ms
[14.133s][info][gc] GC(64) Pause Young (Allocation Failure) 208M->167M(320M) 9.898ms
[14.154s][info][gc] GC(65) Pause Young (Allocation Failure) 208M->167M(320M) 11.986ms
[14.154s][info][gc] GC(59) Concurrent Reset
[14.157s][info][gc] GC(59) Concurrent Reset 2.573ms
[14.212s][info][gc] GC(66) Pause Young (Allocation Failure) 208M->167M(325M) 45.525ms
[14.229s][info][gc] GC(67) Pause Young (Allocation Failure) 208M->167M(325M) 8.393ms
[14.264s][info][gc] GC(68) Pause Young (Allocation Failure) 208M->167M(325M) 28.629ms
[14.290s][info][gc] GC(69) Pause Young (Allocation Failure) 208M->167M(325M) 5.639ms
[14.300s][info][gc] GC(70) Pause Young (Allocation Failure) 208M->167M(325M) 1.211ms
[14.311s][info][gc] GC(71) Pause Young (Allocation Failure) 208M->167M(325M) 0.962ms
[14.325s][info][gc] GC(72) Pause Young (Allocation Failure) 208M->167M(325M) 0.697ms
[14.336s][info][gc] GC(73) Pause Young (Allocation Failure) 208M->167M(325M) 1.438ms
[14.345s][info][gc] GC(74) Pause Young (Allocation Failure) 208M->167M(325M) 1.020ms
[14.358s][info][gc] GC(75) Pause Young (Allocation Failure) 208M->167M(325M) 1.543ms
[14.371s][info][gc] GC(76) Pause Young (Allocation Failure) 208M->167M(325M) 0.821ms
[14.379s][info][gc] GC(77) Pause Young (Allocation Failure) 208M->167M(325M) 1.196ms
[14.387s][info][gc] GC(78) Pause Young (Allocation Failure) 208M->167M(325M) 1.058ms
[14.400s][info][gc] GC(79) Pause Young (Allocation Failure) 208M->167M(325M) 2.544ms
[14.412s][info][gc] GC(80) Pause Young (Allocation Failure) 208M->167M(325M) 5.316ms
[14.429s][info][gc] GC(81) Pause Young (Allocation Failure) 208M->167M(325M) 10.536ms
[14.523s][info][gc] GC(82) Pause Young (Allocation Failure) 208M->167M(325M) 14.137ms
[14.823s][info][gc] GC(83) Pause Young (Allocation Failure) 208M->191M(325M) 156.405ms
[14.971s][info][gc] GC(84) Pause Young (Allocation Failure) 232M->199M(325M) 96.717ms
[15.043s][info][gc] GC(85) Pause Young (Allocation Failure) 240M->198M(325M) 58.562ms
[15.056s][info][gc] GC(86) Pause Young (Allocation Failure) 239M->197M(325M) 1.293ms
[15.068s][info][gc] GC(87) Pause Young (Allocation Failure) 239M->197M(325M) 1.059ms
[15.076s][info][gc] GC(88) Pause Young (Allocation Failure) 239M->197M(325M) 1.177ms
[15.088s][info][gc] GC(89) Pause Young (Allocation Failure) 239M->197M(325M) 0.714ms
[15.098s][info][gc] GC(90) Pause Young (Allocation Failure) 239M->197M(325M) 1.297ms
[15.110s][info][gc] GC(91) Pause Young (Allocation Failure) 239M->197M(325M) 1.499ms
[15.133s][info][gc] GC(92) Pause Young (Allocation Failure) 239M->197M(325M) 13.191ms
[15.145s][info][gc] GC(93) Pause Young (Allocation Failure) 239M->197M(325M) 0.654ms
[15.153s][info][gc] GC(94) Pause Young (Allocation Failure) 239M->197M(325M) 1.261ms
[15.164s][info][gc] GC(95) Pause Young (Allocation Failure) 239M->197M(325M) 1.270ms
[15.172s][info][gc] GC(96) Pause Young (Allocation Failure) 239M->197M(325M) 1.414ms
[15.189s][info][gc] GC(97) Pause Young (Allocation Failure) 239M->197M(325M) 6.506ms
[15.203s][info][gc] GC(98) Pause Young (Allocation Failure) 239M->197M(325M) 1.651ms
[15.211s][info][gc] GC(99) Pause Young (Allocation Failure) 239M->197M(325M) 0.943ms
[15.219s][info][gc] GC(100) Pause Young (Allocation Failure) 239M->197M(325M) 1.387ms
[15.232s][info][gc] GC(101) Pause Young (Allocation Failure) 239M->197M(325M) 1.093ms
[15.241s][info][gc] GC(102) Pause Young (Allocation Failure) 239M->197M(325M) 0.888ms
[15.258s][info][gc] GC(103) Pause Young (Allocation Failure) 239M->197M(325M) 5.830ms
[15.270s][info][gc] GC(104) Pause Young (Allocation Failure) 239M->197M(325M) 1.179ms
[15.281s][info][gc] GC(105) Pause Young (Allocation Failure) 239M->197M(325M) 1.381ms
[15.293s][info][gc] GC(106) Pause Young (Allocation Failure) 239M->197M(325M) 1.675ms
[15.323s][info][gc] GC(107) Pause Young (Allocation Failure) 239M->197M(325M) 18.752ms
[15.554s][info][gc] GC(108) Pause Young (Allocation Failure) 238M->197M(325M) 70.319ms
[15.714s][info][gc] GC(109) Pause Young (Allocation Failure) 238M->230M(325M) 104.515ms
[15.717s][info][gc] GC(110) Pause Initial Mark 231M->231M(325M) 1.664ms
[15.717s][info][gc] GC(110) Concurrent Mark
[15.763s][info][gc] GC(111) Pause Young (Allocation Failure) 271M->230M(325M) 29.296ms
[15.782s][info][gc] GC(112) Pause Young (Allocation Failure) 271M->230M(325M) 1.928ms
[15.792s][info][gc] GC(110) Concurrent Mark 75.082ms
[15.792s][info][gc] GC(110) Concurrent Preclean
[15.837s][info][gc] GC(113) Pause Young (Allocation Failure) 271M->230M(325M) 43.336ms
[15.838s][info][gc] GC(110) Concurrent Preclean 45.177ms
[15.854s][info][gc] GC(110) Pause Remark 233M->233M(325M) 15.239ms
[15.854s][info][gc] GC(110) Concurrent Sweep
[15.866s][info][gc] GC(114) Pause Young (Allocation Failure) 258M->217M(325M) 0.610ms
[15.882s][info][gc] GC(115) Pause Young (Allocation Failure) 248M->207M(325M) 4.952ms
[15.892s][info][gc] GC(110) Concurrent Sweep 37.856ms
[15.896s][info][gc] GC(116) Pause Young (Allocation Failure) 209M->168M(325M) 0.877ms
[15.897s][info][gc] GC(110) Concurrent Reset
[15.904s][info][gc] GC(110) Concurrent Reset 7.124ms
[15.909s][info][gc] GC(117) Pause Young (Allocation Failure) 209M->168M(326M) 0.708ms
[15.929s][info][gc] GC(118) Pause Young (Allocation Failure) 209M->168M(326M) 13.012ms
[15.943s][info][gc] GC(119) Pause Young (Allocation Failure) 209M->168M(326M) 6.008ms
[15.959s][info][gc] GC(120) Pause Young (Allocation Failure) 209M->168M(326M) 2.591ms
[15.969s][info][gc] GC(121) Pause Young (Allocation Failure) 209M->168M(326M) 1.246ms
[15.977s][info][gc] GC(122) Pause Young (Allocation Failure) 209M->168M(326M) 1.301ms
[15.987s][info][gc] GC(123) Pause Young (Allocation Failure) 209M->168M(326M) 1.447ms
[16.001s][info][gc] GC(124) Pause Young (Allocation Failure) 209M->168M(326M) 0.788ms
[16.009s][info][gc] GC(125) Pause Young (Allocation Failure) 209M->168M(326M) 1.373ms
[16.019s][info][gc] GC(126) Pause Young (Allocation Failure) 209M->168M(326M) 1.452ms
[16.031s][info][gc] GC(127) Pause Young (Allocation Failure) 209M->168M(326M) 0.845ms
[16.038s][info][gc] GC(128) Pause Young (Allocation Failure) 209M->168M(326M) 1.316ms
[16.049s][info][gc] GC(129) Pause Young (Allocation Failure) 209M->168M(326M) 1.168ms
[16.059s][info][gc] GC(130) Pause Young (Allocation Failure) 209M->168M(326M) 0.832ms
[16.071s][info][gc] GC(131) Pause Young (Allocation Failure) 209M->168M(326M) 1.287ms
[16.088s][info][gc] GC(132) Pause Young (Allocation Failure) 209M->168M(326M) 6.335ms
[16.098s][info][gc] GC(133) Pause Young (Allocation Failure) 209M->168M(326M) 1.341ms
[16.111s][info][gc] GC(134) Pause Young (Allocation Failure) 209M->168M(326M) 1.271ms
[16.420s][info][gc] GC(135) Pause Young (Allocation Failure) 208M->169M(326M) 89.441ms
[16.515s][info][gc] GC(136) Pause Young (Allocation Failure) 210M->197M(326M) 48.776ms
[16.571s][info][gc] GC(137) Pause Young (Allocation Failure) 239M->197M(326M) 36.775ms
[16.621s][info][gc] GC(138) Pause Young (Allocation Failure) 239M->197M(326M) 38.535ms
[16.654s][info][gc] GC(139) Pause Young (Allocation Failure) 239M->197M(326M) 21.278ms
[16.697s][info][gc] GC(140) Pause Young (Allocation Failure) 239M->197M(326M) 33.166ms
[16.718s][info][gc] GC(141) Pause Young (Allocation Failure) 239M->197M(326M) 6.087ms
[16.750s][info][gc] GC(142) Pause Young (Allocation Failure) 239M->197M(326M) 23.818ms
[16.801s][info][gc] GC(143) Pause Young (Allocation Failure) 239M->197M(326M) 41.572ms
[16.849s][info][gc] GC(144) Pause Young (Allocation Failure) 239M->197M(326M) 37.352ms
[16.859s][info][gc] GC(145) Pause Young (Allocation Failure) 239M->197M(326M) 0.678ms
[16.867s][info][gc] GC(146) Pause Young (Allocation Failure) 239M->197M(326M) 1.275ms
[16.875s][info][gc] GC(147) Pause Young (Allocation Failure) 239M->197M(326M) 0.842ms
[16.889s][info][gc] GC(148) Pause Young (Allocation Failure) 239M->197M(326M) 0.686ms
[16.915s][info][gc] GC(149) Pause Young (Allocation Failure) 239M->197M(326M) 10.148ms
[16.931s][info][gc] GC(150) Pause Young (Allocation Failure) 239M->197M(326M) 5.642ms
[16.946s][info][gc] GC(151) Pause Young (Allocation Failure) 239M->197M(326M) 5.414ms
[16.971s][info][gc] GC(152) Pause Young (Allocation Failure) 239M->197M(326M) 15.814ms
[16.983s][info][gc] GC(153) Pause Young (Allocation Failure) 239M->197M(326M) 4.256ms
[16.995s][info][gc] GC(154) Pause Young (Allocation Failure) 239M->197M(326M) 2.173ms
[17.010s][info][gc] GC(155) Pause Young (Allocation Failure) 239M->197M(326M) 1.973ms
[17.020s][info][gc] GC(156) Pause Young (Allocation Failure) 239M->197M(326M) 1.289ms
[17.032s][info][gc] GC(157) Pause Young (Allocation Failure) 239M->197M(326M) 1.753ms
[17.044s][info][gc] GC(158) Pause Young (Allocation Failure) 239M->197M(326M) 1.255ms
[17.057s][info][gc] GC(159) Pause Young (Allocation Failure) 239M->197M(326M) 1.237ms
[17.067s][info][gc] GC(160) Pause Young (Allocation Failure) 239M->197M(326M) 2.527ms
[17.354s][info][gc] GC(161) Pause Young (Allocation Failure) 239M->213M(326M) 128.386ms
[17.429s][info][gc] GC(162) Pause Young (Allocation Failure) 254M->230M(326M) 36.737ms
[17.434s][info][gc] GC(163) Pause Initial Mark 241M->241M(326M) 1.264ms
[17.439s][info][gc] GC(163) Concurrent Mark
[17.510s][info][gc] GC(164) Pause Young (Allocation Failure) 271M->231M(326M) 56.967ms
[17.522s][info][gc] GC(163) Concurrent Mark 83.385ms
[17.525s][info][gc] GC(163) Concurrent Preclean
[17.526s][info][gc] GC(163) Concurrent Preclean 2.089ms
[17.527s][info][gc] GC(163) Concurrent Abortable Preclean
[17.565s][info][gc] GC(165) Pause Young (Allocation Failure) 272M->231M(326M) 38.237ms
[17.629s][info][gc] GC(166) Pause Young (Allocation Failure) 272M->230M(326M) 53.055ms
[17.665s][info][gc] GC(167) Pause Young (Allocation Failure) 271M->230M(326M) 24.910ms
[17.681s][info][gc] GC(168) Pause Young (Allocation Failure) 271M->230M(326M) 5.438ms
[17.694s][info][gc] GC(169) Pause Young (Allocation Failure) 271M->230M(326M) 5.611ms
[17.717s][info][gc] GC(170) Pause Young (Allocation Failure) 271M->230M(326M) 15.837ms
[17.745s][info][gc] GC(171) Pause Young (Allocation Failure) 271M->230M(326M) 20.336ms
[17.774s][info][gc] GC(172) Pause Young (Allocation Failure) 271M->230M(326M) 20.358ms
[17.786s][info][gc] GC(173) Pause Young (Allocation Failure) 271M->230M(326M) 5.648ms
[17.805s][info][gc] GC(174) Pause Young (Allocation Failure) 271M->230M(326M) 8.803ms
[17.846s][info][gc] GC(175) Pause Young (Allocation Failure) 271M->230M(326M) 26.540ms
[17.867s][info][gc] GC(176) Pause Young (Allocation Failure) 271M->230M(326M) 12.812ms
[17.910s][info][gc] GC(177) Pause Young (Allocation Failure) 271M->230M(326M) 34.669ms
[17.930s][info][gc] GC(178) Pause Young (Allocation Failure) 271M->230M(326M) 13.424ms
[17.954s][info][gc] GC(179) Pause Young (Allocation Failure) 271M->230M(326M) 15.492ms
[17.965s][info][gc] GC(180) Pause Young (Allocation Failure) 271M->230M(326M) 2.980ms
[17.980s][info][gc] GC(181) Pause Young (Allocation Failure) 271M->230M(326M) 7.862ms
[17.998s][info][gc] GC(182) Pause Young (Allocation Failure) 271M->230M(326M) 12.363ms
[18.015s][info][gc] GC(183) Pause Young (Allocation Failure) 271M->230M(326M) 7.064ms
[18.033s][info][gc] GC(184) Pause Young (Allocation Failure) 271M->230M(326M) 11.477ms
[18.054s][info][gc] GC(185) Pause Young (Allocation Failure) 271M->230M(326M) 14.041ms
[18.065s][info][gc] GC(186) Pause Young (Allocation Failure) 271M->230M(326M) 3.791ms
[18.193s][info][gc] GC(163) Concurrent Abortable Preclean 666.782ms
[18.241s][info][gc] GC(187) Pause Young (Allocation Failure) 271M->230M(326M) 99.014ms
[18.314s][info][gc] GC(163) Pause Remark 230M->230M(326M) 71.953ms
[18.315s][info][gc] GC(163) Concurrent Sweep
[18.331s][info][gc] GC(163) Concurrent Sweep 16.454ms
[18.331s][info][gc] GC(163) Concurrent Reset
[18.334s][info][gc] GC(163) Concurrent Reset 2.341ms
[18.616s][info][gc] GC(188) Pause Young (Allocation Failure) 209M->191M(326M) 148.125ms
[18.690s][info][gc] GC(189) Pause Young (Allocation Failure) 232M->199M(326M) 31.445ms
[18.718s][info][gc] GC(190) Pause Young (Allocation Failure) 240M->198M(326M) 12.993ms
[18.763s][info][gc] GC(191) Pause Young (Allocation Failure) 239M->198M(326M) 34.526ms
[18.776s][info][gc] GC(192) Pause Young (Allocation Failure) 239M->198M(326M) 2.220ms
[18.813s][info][gc] GC(193) Pause Young (Allocation Failure) 239M->198M(326M) 29.379ms
[18.857s][info][gc] GC(194) Pause Young (Allocation Failure) 239M->198M(326M) 33.865ms
[18.867s][info][gc] GC(195) Pause Young (Allocation Failure) 239M->198M(326M) 1.649ms
[18.877s][info][gc] GC(196) Pause Young (Allocation Failure) 239M->198M(326M) 1.108ms
[18.887s][info][gc] GC(197) Pause Young (Allocation Failure) 239M->198M(326M) 2.511ms
[18.897s][info][gc] GC(198) Pause Young (Allocation Failure) 239M->198M(326M) 0.773ms
[18.909s][info][gc] GC(199) Pause Young (Allocation Failure) 239M->198M(326M) 1.233ms
[18.917s][info][gc] GC(200) Pause Young (Allocation Failure) 239M->197M(326M) 2.203ms
[18.928s][info][gc] GC(201) Pause Young (Allocation Failure) 239M->198M(326M) 2.409ms
[18.936s][info][gc] GC(202) Pause Young (Allocation Failure) 239M->198M(326M) 1.693ms
[18.945s][info][gc] GC(203) Pause Young (Allocation Failure) 239M->198M(326M) 1.234ms
[18.954s][info][gc] GC(204) Pause Young (Allocation Failure) 239M->198M(326M) 1.101ms
[18.963s][info][gc] GC(205) Pause Young (Allocation Failure) 239M->198M(326M) 0.740ms
[18.982s][info][gc] GC(206) Pause Young (Allocation Failure) 239M->198M(326M) 12.252ms
[19.013s][info][gc] GC(207) Pause Young (Allocation Failure) 239M->198M(326M) 24.860ms
[19.031s][info][gc] GC(208) Pause Young (Allocation Failure) 239M->198M(326M) 8.103ms
[19.055s][info][gc] GC(209) Pause Young (Allocation Failure) 239M->198M(326M) 16.054ms
[19.083s][info][gc] GC(210) Pause Young (Allocation Failure) 239M->198M(326M) 21.148ms
[19.103s][info][gc] GC(211) Pause Young (Allocation Failure) 239M->198M(326M) 11.817ms
[19.125s][info][gc] GC(212) Pause Young (Allocation Failure) 239M->198M(326M) 13.671ms
[19.390s][info][gc] GC(213) Pause Young (Allocation Failure) 239M->200M(326M) 110.930ms
[19.547s][info][gc] GC(214) Pause Young (Allocation Failure) 241M->231M(326M) 52.820ms
[19.551s][info][gc] GC(215) Pause Initial Mark 231M->231M(326M) 0.880ms
[19.551s][info][gc] GC(215) Concurrent Mark
[19.560s][info][gc] GC(215) Concurrent Mark 8.973ms
[19.560s][info][gc] GC(215) Concurrent Preclean
[19.560s][info][gc] GC(215) Concurrent Preclean 0.464ms
[19.631s][info][gc] GC(215) Pause Remark 232M->232M(326M) 69.586ms
[19.631s][info][gc] GC(215) Concurrent Sweep
[19.657s][info][gc] GC(215) Concurrent Sweep 25.659ms
[19.657s][info][gc] GC(215) Concurrent Reset
[19.660s][info][gc] GC(215) Concurrent Reset 2.589ms
[20.135s][info][gc] GC(216) Pause Young (Allocation Failure) 209M->168M(326M) 97.777ms
[20.264s][info][gc] GC(217) Pause Young (Allocation Failure) 209M->168M(326M) 40.774ms
[20.297s][info][gc] GC(218) Pause Young (Allocation Failure) 209M->168M(326M) 20.906ms
[20.331s][info][gc] GC(219) Pause Young (Allocation Failure) 209M->168M(326M) 23.668ms
[20.397s][info][gc] GC(220) Pause Young (Allocation Failure) 209M->168M(326M) 52.035ms
[20.417s][info][gc] GC(221) Pause Young (Allocation Failure) 209M->168M(326M) 11.056ms
[20.448s][info][gc] GC(222) Pause Young (Allocation Failure) 209M->168M(326M) 23.639ms
[20.469s][info][gc] GC(223) Pause Young (Allocation Failure) 209M->168M(326M) 11.065ms
[20.486s][info][gc] GC(224) Pause Young (Allocation Failure) 209M->168M(326M) 8.027ms
[20.520s][info][gc] GC(225) Pause Young (Allocation Failure) 209M->168M(326M) 24.772ms
[20.550s][info][gc] GC(226) Pause Young (Allocation Failure) 209M->168M(326M) 20.718ms
[20.561s][info][gc] GC(227) Pause Young (Allocation Failure) 209M->168M(326M) 4.192ms
[20.580s][info][gc] GC(228) Pause Young (Allocation Failure) 209M->168M(326M) 10.241ms
[20.602s][info][gc] GC(229) Pause Young (Allocation Failure) 209M->168M(326M) 12.800ms
[20.658s][info][gc] GC(230) Pause Young (Allocation Failure) 209M->168M(326M) 50.300ms
[20.672s][info][gc] GC(231) Pause Young (Allocation Failure) 209M->168M(326M) 3.755ms
[20.681s][info][gc] GC(232) Pause Young (Allocation Failure) 209M->168M(326M) 1.278ms
[20.689s][info][gc] GC(233) Pause Young (Allocation Failure) 209M->168M(326M) 0.951ms
[20.699s][info][gc] GC(234) Pause Young (Allocation Failure) 209M->168M(326M) 0.695ms
[20.707s][info][gc] GC(235) Pause Young (Allocation Failure) 209M->168M(326M) 0.869ms
[20.714s][info][gc] GC(236) Pause Young (Allocation Failure) 209M->168M(326M) 1.525ms
[20.723s][info][gc] GC(237) Pause Young (Allocation Failure) 209M->168M(326M) 1.273ms
[20.739s][info][gc] GC(238) Pause Young (Allocation Failure) 209M->168M(326M) 5.411ms
[20.749s][info][gc] GC(239) Pause Young (Allocation Failure) 209M->168M(326M) 1.450ms
[21.073s][info][gc] GC(240) Pause Young (Allocation Failure) 209M->168M(326M) 107.304ms
[21.213s][info][gc] GC(241) Pause Young (Allocation Failure) 209M->168M(326M) 56.339ms
[21.433s][info][gc] GC(242) Pause Young (Allocation Failure) 209M->168M(326M) 138.616ms
[21.563s][info][gc] GC(243) Pause Young (Allocation Failure) 209M->168M(326M) 57.665ms
[21.652s][info][gc] GC(244) Pause Young (Allocation Failure) 209M->198M(326M) 41.832ms
[21.697s][info][gc] GC(245) Pause Young (Allocation Failure) 239M->198M(326M) 22.872ms
[21.733s][info][gc] GC(246) Pause Young (Allocation Failure) 239M->198M(326M) 24.856ms
[21.755s][info][gc] GC(247) Pause Young (Allocation Failure) 239M->198M(326M) 12.420ms
[21.816s][info][gc] GC(248) Pause Young (Allocation Failure) 239M->198M(326M) 51.157ms
[21.853s][info][gc] GC(249) Pause Young (Allocation Failure) 239M->198M(326M) 27.098ms
[21.875s][info][gc] GC(250) Pause Young (Allocation Failure) 239M->198M(326M) 15.364ms
[21.887s][info][gc] GC(251) Pause Young (Allocation Failure) 239M->198M(326M) 1.662ms
[21.948s][info][gc] GC(252) Pause Young (Allocation Failure) 239M->198M(326M) 52.784ms
[21.965s][info][gc] GC(253) Pause Young (Allocation Failure) 239M->198M(326M) 3.879ms
[21.973s][info][gc] GC(254) Pause Young (Allocation Failure) 239M->198M(326M) 1.480ms
[21.982s][info][gc] GC(255) Pause Young (Allocation Failure) 239M->198M(326M) 1.103ms
[21.993s][info][gc] GC(256) Pause Young (Allocation Failure) 239M->198M(326M) 1.139ms
[22.001s][info][gc] GC(257) Pause Young (Allocation Failure) 239M->198M(326M) 1.093ms
[22.008s][info][gc] GC(258) Pause Young (Allocation Failure) 239M->198M(326M) 0.801ms
[22.018s][info][gc] GC(259) Pause Young (Allocation Failure) 239M->198M(326M) 1.344ms
[22.025s][info][gc] GC(260) Pause Young (Allocation Failure) 239M->198M(326M) 0.777ms
[22.033s][info][gc] GC(261) Pause Young (Allocation Failure) 239M->198M(326M) 1.383ms
[22.041s][info][gc] GC(262) Pause Young (Allocation Failure) 239M->198M(326M) 2.005ms
[22.049s][info][gc] GC(263) Pause Young (Allocation Failure) 239M->198M(326M) 1.132ms
[22.058s][info][gc] GC(264) Pause Young (Allocation Failure) 239M->198M(326M) 1.210ms
[22.065s][info][gc] GC(265) Pause Young (Allocation Failure) 239M->198M(326M) 0.960ms
[22.075s][info][gc] GC(266) Pause Young (Allocation Failure) 239M->198M(326M) 2.170ms
[22.082s][info][gc] GC(267) Pause Young (Allocation Failure) 239M->198M(326M) 1.120ms
[22.091s][info][gc] GC(268) Pause Young (Allocation Failure) 239M->198M(326M) 1.344ms
[22.243s][info][gc] GC(269) Pause Young (Allocation Failure) 239M->198M(326M) 84.802ms
[22.346s][info][gc] GC(270) Pause Young (Allocation Failure) 239M->198M(326M) 47.403ms
Total edges: 1000000
Left 284808, Right 241
===== DaCapo 23.11-chopin graphchi PASSED in 12428 msec =====
runAgain
