OpenJDK 64-Bit Server VM warning: Option UseConcMarkSweepGC was deprecated in version 9.0 and will likely be removed in a future release.
[0.017s][info][gc] Using Concurrent Mark Sweep
Class name: org.dacapo.harness.Tomcat
Configurations:
short     Tomcat servlet container
long      Runs the tomcat sample web applications
author    Apache Software Foundation
license   Apache License, Version 2.0
copyright Copyright (c) Apache Software Foundation
url       http://tomcat.apache.org
version   tomcat 10.1.11
sizes     default large small
Using scaled threading model. 10 processors detected, 10 threads used to drive the workload, in a possible range of [1,512]
Tomcat is using port 8080. Configure with -Ddacapo.tomcat.port.
[0.495s][info][gc] GC(0) Pause Young (Allocation Failure) 41M->2M(148M) 3.869ms
Version: tomcat 10.1.11

Nominal statistics
Key Score  Rank Value Description
AOA:    7  7/18    77 nominal average object size (bytes)
AOL:    7  6/18    80 nominal 90-percentile object size (bytes)
AOM:    9  3/18    32 nominal median object size (bytes)
AOS:   10  1/18    24 nominal 10-percentile object size (bytes)
ARA:    8  5/18  5128 nominal allocation rate (bytes / usec) (17515864152/3415100.0)
BAL:    3 15/19     7 nominal aaload per usec
BAS:    4 12/19     0 nominal aastore per usec
BEF:    7  6/19    10 nominal execution focus / dominance of hot code
BGF:    4 13/19   265 nominal getfield per usec
BPF:    5 11/19    76 nominal putfield per usec
BUB:    7  6/19   117 nominal thousands of unique bytecodes executed
BUF:    7  6/19    17 nominal thousands of unique function calls
GCA:    7  7/22   110 nominal average post-GC heap size as percent of min heap, when run at 2X min heap with G1 (21/19)
GCC:    9  4/22  7676 nominal GC count at 2X heap size (G1)
GCM:    7  8/22   105 nominal median post-GC heap size as percent of min heap, when run at 2X min heap with G1 (20/19)
GCP:    7  8/22    10 nominal percentage of time spent in GC pauses at 2X heap size (G1) (4080/39743)
GLK:    5 12/22     0 nominal percent 10th iteration memory leakage (10 iterations / 1 iterations) (19/19)
GMD:    2 19/22    19 nominal minimum heap size (MB) for default size configuration (with compressed pointers)
GML:    3 14/18    31 nominal minimum heap size (MB) for large size configuration (with compressed pointers)
GMS:    5 12/22    13 nominal minimum heap size (MB) for small size configuration (with compressed pointers)
GMU:    2 18/22    23 nominal minimum heap size (MB) for default size without compressed pointers
GSS:   10  2/22  1916 nominal heap size sensitivity (slowdown with tight heap, as a percentage) (68848.7/3415.1)
GTO:    9  3/18   879 nominal memory turnover (total alloc bytes / min heap bytes)
PET:    7  7/22     4 nominal execution time (sec)
PKP:    9  4/22    21 nominal percentage of time spent in kernel mode (as percentage of user plus kernel time)
PPE:   10  1/22    91 nominal parallel efficiency (speedup as percentage of ideal speedup for 32 threads)
PSD:    5 13/22     0 nominal standard deviation among invocations at peak performance (as percentage of performance)
PWU:    5 13/22     2 nominal iterations to warm up to within 1.5% of best

Initializing callback
[1.329s][info][gc] GC(1) Pause Young (Allocation Failure) 43M->6M(148M) 12.361ms
[1.818s][info][gc] GC(2) Pause Young (Allocation Failure) 47M->11M(148M) 21.492ms
[2.095s][info][gc] GC(3) Pause Young (Allocation Failure) 53M->11M(148M) 5.774ms
Server thread created
[2.315s][info][gc] GC(4) Pause Full (System.gc()) 35M->9M(148M) 43.866ms
===== DaCapo 23.11-chopin tomcat starting =====
Loading web application
Starting 80000 requests...
[2.962s][info][gc] GC(5) Pause Young (Allocation Failure) 50M->14M(148M) 62.128ms
[3.252s][info][gc] GC(6) Pause Young (Allocation Failure) 55M->22M(148M) 119.880ms
[3.432s][info][gc] GC(7) Pause Young (Allocation Failure) 63M->24M(148M) 63.104ms
[4.369s][info][gc] GC(8) Pause Young (Allocation Failure) 65M->22M(148M) 156.498ms
[4.375s][info][gc] GC(9) Pause Initial Mark 23M->23M(148M) 1.569ms
[4.375s][info][gc] GC(9) Concurrent Mark
[4.396s][info][gc] GC(9) Concurrent Mark 21.251ms
[4.396s][info][gc] GC(9) Concurrent Preclean
[4.397s][info][gc] GC(9) Concurrent Preclean 0.930ms
[4.397s][info][gc] GC(9) Concurrent Abortable Preclean
[4.762s][info][gc] GC(9) Concurrent Abortable Preclean 364.687ms
[4.816s][info][gc] GC(9) Pause Remark 48M->48M(148M) 53.230ms
[4.816s][info][gc] GC(9) Concurrent Sweep
[4.880s][info][gc] GC(9) Concurrent Sweep 63.972ms
[4.881s][info][gc] GC(9) Concurrent Reset
[4.884s][info][gc] GC(9) Concurrent Reset 3.436ms
[5.211s][info][gc] GC(10) Pause Young (Allocation Failure) 58M->18M(148M) 79.441ms
[5.769s][info][gc] GC(11) Pause Young (Allocation Failure) 59M->18M(148M) 40.913ms
[6.274s][info][gc] GC(12) Pause Young (Allocation Failure) 59M->18M(148M) 57.880ms
[6.789s][info][gc] GC(13) Pause Young (Allocation Failure) 59M->20M(148M) 7.432ms
[7.218s][info][gc] GC(14) Pause Young (Allocation Failure) 61M->19M(148M) 7.520ms
[7.787s][info][gc] GC(15) Pause Young (Allocation Failure) 60M->19M(148M) 3.628ms
[10.575s][info][gc] GC(16) Pause Young (Allocation Failure) 61M->19M(148M) 232.092ms
[11.275s][info][gc] GC(17) Pause Young (Allocation Failure) 60M->19M(148M) 2.852ms
[12.000s][info][gc] GC(18) Pause Young (Allocation Failure) 60M->19M(148M) 2.577ms
[12.874s][info][gc] GC(19) Pause Young (Allocation Failure) 60M->19M(148M) 26.915ms
[13.425s][info][gc] GC(20) Pause Young (Allocation Failure) 60M->18M(148M) 26.513ms
[14.154s][info][gc] GC(21) Pause Young (Allocation Failure) 60M->18M(148M) 36.078ms
Completing requests: 5%[14.674s][info][gc] GC(22) Pause Young (Allocation Failure) 59M->18M(148M) 47.904ms
[15.260s][info][gc] GC(23) Pause Young (Allocation Failure) 59M->18M(148M) 69.887ms
[15.745s][info][gc] GC(24) Pause Young (Allocation Failure) 59M->18M(148M) 44.654ms
[16.225s][info][gc] GC(25) Pause Young (Allocation Failure) 59M->18M(148M) 34.499ms
[16.691s][info][gc] GC(26) Pause Young (Allocation Failure) 59M->18M(148M) 44.837ms
[17.620s][info][gc] GC(27) Pause Young (Allocation Failure) 59M->18M(148M) 41.883ms
Completing requests: 10%[19.302s][info][gc] GC(28) Pause Young (Allocation Failure) 59M->18M(148M) 81.237ms
[20.095s][info][gc] GC(29) Pause Young (Allocation Failure) 59M->18M(148M) 67.451ms
[20.667s][info][gc] GC(30) Pause Young (Allocation Failure) 59M->18M(148M) 81.707ms
[21.859s][info][gc] GC(31) Pause Young (Allocation Failure) 59M->18M(148M) 428.023ms
[22.603s][info][gc] GC(32) Pause Young (Allocation Failure) 59M->18M(148M) 72.129ms
[23.488s][info][gc] GC(33) Pause Young (Allocation Failure) 59M->18M(148M) 93.275ms
[24.505s][info][gc] GC(34) Pause Young (Allocation Failure) 59M->18M(148M) 126.278ms
Completing requests: 15%[25.436s][info][gc] GC(35) Pause Young (Allocation Failure) 59M->18M(148M) 117.407ms
[26.310s][info][gc] GC(36) Pause Young (Allocation Failure) 59M->18M(148M) 41.121ms
[27.148s][info][gc] GC(37) Pause Young (Allocation Failure) 59M->18M(148M) 65.138ms
[28.045s][info][gc] GC(38) Pause Young (Allocation Failure) 59M->18M(148M) 50.509ms
[28.887s][info][gc] GC(39) Pause Young (Allocation Failure) 59M->18M(148M) 60.078ms
[29.756s][info][gc] GC(40) Pause Young (Allocation Failure) 59M->18M(148M) 100.426ms
Completing requests: 20%[30.656s][info][gc] GC(41) Pause Young (Allocation Failure) 59M->18M(148M) 49.120ms
[31.435s][info][gc] GC(42) Pause Young (Allocation Failure) 59M->18M(148M) 54.345ms
[32.291s][info][gc] GC(43) Pause Young (Allocation Failure) 59M->18M(148M) 50.198ms
[33.086s][info][gc] GC(44) Pause Young (Allocation Failure) 59M->18M(148M) 99.697ms
[34.204s][info][gc] GC(45) Pause Young (Allocation Failure) 59M->18M(148M) 81.054ms
[35.207s][info][gc] GC(46) Pause Young (Allocation Failure) 59M->18M(148M) 71.907ms
[35.966s][info][gc] GC(47) Pause Young (Allocation Failure) 59M->18M(148M) 146.098ms
Completing requests: 25%[36.747s][info][gc] GC(48) Pause Young (Allocation Failure) 59M->18M(148M) 55.590ms
[37.645s][info][gc] GC(49) Pause Young (Allocation Failure) 59M->18M(148M) 78.472ms
[38.185s][info][gc] GC(50) Pause Young (Allocation Failure) 59M->18M(148M) 64.716ms
[38.879s][info][gc] GC(51) Pause Young (Allocation Failure) 59M->18M(148M) 64.703ms
[39.595s][info][gc] GC(52) Pause Young (Allocation Failure) 59M->18M(148M) 52.686ms
[40.225s][info][gc] GC(53) Pause Young (Allocation Failure) 59M->18M(148M) 72.474ms
[40.789s][info][gc] GC(54) Pause Young (Allocation Failure) 59M->18M(148M) 67.528ms
Completing requests: 30%[41.336s][info][gc] GC(55) Pause Young (Allocation Failure) 59M->18M(148M) 83.594ms
[42.016s][info][gc] GC(56) Pause Young (Allocation Failure) 59M->18M(148M) 80.017ms
[42.603s][info][gc] GC(57) Pause Young (Allocation Failure) 59M->18M(148M) 67.580ms
[43.132s][info][gc] GC(58) Pause Young (Allocation Failure) 59M->18M(148M) 64.592ms
[43.919s][info][gc] GC(59) Pause Young (Allocation Failure) 59M->18M(148M) 93.585ms
[44.725s][info][gc] GC(60) Pause Young (Allocation Failure) 59M->18M(148M) 52.946ms
[45.445s][info][gc] GC(61) Pause Young (Allocation Failure) 59M->18M(148M) 60.554ms
Completing requests: 35%[45.960s][info][gc] GC(62) Pause Young (Allocation Failure) 59M->18M(148M) 66.318ms
[46.568s][info][gc] GC(63) Pause Young (Allocation Failure) 59M->18M(148M) 93.269ms
[47.098s][info][gc] GC(64) Pause Young (Allocation Failure) 59M->18M(148M) 60.942ms
[47.546s][info][gc] GC(65) Pause Young (Allocation Failure) 59M->18M(148M) 61.744ms
[48.085s][info][gc] GC(66) Pause Young (Allocation Failure) 59M->18M(148M) 51.460ms
[48.694s][info][gc] GC(67) Pause Young (Allocation Failure) 59M->18M(148M) 58.576ms
Completing requests: 40%[49.146s][info][gc] GC(68) Pause Young (Allocation Failure) 59M->18M(148M) 47.489ms
[49.761s][info][gc] GC(69) Pause Young (Allocation Failure) 59M->18M(148M) 72.601ms
[50.731s][info][gc] GC(70) Pause Young (Allocation Failure) 59M->18M(148M) 57.225ms
[51.544s][info][gc] GC(71) Pause Young (Allocation Failure) 59M->18M(148M) 48.161ms
[52.194s][info][gc] GC(72) Pause Young (Allocation Failure) 59M->18M(148M) 25.796ms
[53.035s][info][gc] GC(73) Pause Young (Allocation Failure) 59M->18M(148M) 31.222ms
[53.649s][info][gc] GC(74) Pause Young (Allocation Failure) 59M->18M(148M) 83.915ms
Completing requests: 45%[54.216s][info][gc] GC(75) Pause Young (Allocation Failure) 59M->18M(148M) 65.792ms
[54.864s][info][gc] GC(76) Pause Young (Allocation Failure) 59M->18M(148M) 79.880ms
[55.321s][info][gc] GC(77) Pause Young (Allocation Failure) 59M->18M(148M) 70.122ms
[55.879s][info][gc] GC(78) Pause Young (Allocation Failure) 59M->18M(148M) 50.434ms
[56.280s][info][gc] GC(79) Pause Young (Allocation Failure) 59M->18M(148M) 42.450ms
[56.853s][info][gc] GC(80) Pause Young (Allocation Failure) 59M->18M(148M) 51.463ms
[57.600s][info][gc] GC(81) Pause Young (Allocation Failure) 59M->18M(148M) 50.691ms
Completing requests: 50%[58.696s][info][gc] GC(82) Pause Young (Allocation Failure) 59M->18M(148M) 97.623ms
[59.351s][info][gc] GC(83) Pause Young (Allocation Failure) 59M->18M(148M) 80.318ms
[59.995s][info][gc] GC(84) Pause Young (Allocation Failure) 59M->18M(148M) 73.402ms
[60.546s][info][gc] GC(85) Pause Young (Allocation Failure) 59M->18M(148M) 56.639ms
[61.101s][info][gc] GC(86) Pause Young (Allocation Failure) 59M->18M(148M) 50.522ms
[61.578s][info][gc] GC(87) Pause Young (Allocation Failure) 59M->18M(148M) 62.342ms
Completing requests: 55%[62.306s][info][gc] GC(88) Pause Young (Allocation Failure) 59M->18M(148M) 72.206ms
[62.816s][info][gc] GC(89) Pause Young (Allocation Failure) 59M->18M(148M) 41.212ms
[63.246s][info][gc] GC(90) Pause Young (Allocation Failure) 59M->18M(148M) 40.176ms
[63.636s][info][gc] GC(91) Pause Young (Allocation Failure) 59M->18M(148M) 61.902ms
[64.195s][info][gc] GC(92) Pause Young (Allocation Failure) 59M->18M(148M) 82.720ms
[64.649s][info][gc] GC(93) Pause Young (Allocation Failure) 59M->18M(148M) 68.404ms
[65.258s][info][gc] GC(94) Pause Young (Allocation Failure) 59M->18M(148M) 50.724ms
Completing requests: 60%[65.733s][info][gc] GC(95) Pause Young (Allocation Failure) 59M->18M(148M) 38.277ms
[66.446s][info][gc] GC(96) Pause Young (Allocation Failure) 59M->18M(148M) 75.225ms
[67.181s][info][gc] GC(97) Pause Young (Allocation Failure) 59M->18M(148M) 61.803ms
[68.055s][info][gc] GC(98) Pause Young (Allocation Failure) 59M->18M(148M) 67.498ms
[68.851s][info][gc] GC(99) Pause Young (Allocation Failure) 59M->18M(148M) 64.061ms
[69.360s][info][gc] GC(100) Pause Young (Allocation Failure) 59M->18M(148M) 46.181ms
[70.016s][info][gc] GC(101) Pause Young (Allocation Failure) 59M->18M(148M) 82.739ms
Completing requests: 65%[70.573s][info][gc] GC(102) Pause Young (Allocation Failure) 59M->18M(148M) 92.244ms
[71.203s][info][gc] GC(103) Pause Young (Allocation Failure) 59M->18M(148M) 66.805ms
[71.706s][info][gc] GC(104) Pause Young (Allocation Failure) 59M->18M(148M) 66.962ms
[72.265s][info][gc] GC(105) Pause Young (Allocation Failure) 59M->18M(148M) 137.301ms
[72.721s][info][gc] GC(106) Pause Young (Allocation Failure) 59M->18M(148M) 61.074ms
[73.105s][info][gc] GC(107) Pause Young (Allocation Failure) 59M->18M(148M) 42.030ms
Completing requests: 70%[73.601s][info][gc] GC(108) Pause Young (Allocation Failure) 59M->18M(148M) 76.379ms
[74.266s][info][gc] GC(109) Pause Young (Allocation Failure) 59M->18M(148M) 71.700ms
[74.749s][info][gc] GC(110) Pause Young (Allocation Failure) 59M->18M(148M) 19.821ms
[75.254s][info][gc] GC(111) Pause Young (Allocation Failure) 59M->18M(148M) 71.043ms
[76.077s][info][gc] GC(112) Pause Young (Allocation Failure) 59M->18M(148M) 54.821ms
[77.188s][info][gc] GC(113) Pause Young (Allocation Failure) 59M->18M(148M) 229.867ms
[77.873s][info][gc] GC(114) Pause Young (Allocation Failure) 59M->18M(148M) 58.637ms
Completing requests: 75%[78.512s][info][gc] GC(115) Pause Young (Allocation Failure) 59M->18M(148M) 65.858ms
[78.955s][info][gc] GC(116) Pause Young (Allocation Failure) 59M->18M(148M) 47.686ms
[79.735s][info][gc] GC(117) Pause Young (Allocation Failure) 59M->18M(148M) 30.564ms
[80.425s][info][gc] GC(118) Pause Young (Allocation Failure) 59M->18M(148M) 78.728ms
[80.993s][info][gc] GC(119) Pause Young (Allocation Failure) 59M->18M(148M) 53.066ms
[81.555s][info][gc] GC(120) Pause Young (Allocation Failure) 59M->18M(148M) 83.224ms
[82.121s][info][gc] GC(121) Pause Young (Allocation Failure) 59M->18M(148M) 66.123ms
Completing requests: 80%[82.767s][info][gc] GC(122) Pause Young (Allocation Failure) 59M->18M(148M) 64.825ms
[83.216s][info][gc] GC(123) Pause Young (Allocation Failure) 59M->18M(148M) 37.045ms
[83.586s][info][gc] GC(124) Pause Young (Allocation Failure) 59M->18M(148M) 33.545ms
[84.018s][info][gc] GC(125) Pause Young (Allocation Failure) 59M->18M(148M) 47.064ms
[84.674s][info][gc] GC(126) Pause Young (Allocation Failure) 59M->18M(148M) 95.987ms
[85.257s][info][gc] GC(127) Pause Young (Allocation Failure) 59M->18M(148M) 37.037ms
Completing requests: 85%[85.933s][info][gc] GC(128) Pause Young (Allocation Failure) 59M->18M(148M) 66.119ms
[86.817s][info][gc] GC(129) Pause Young (Allocation Failure) 59M->18M(148M) 82.130ms
[87.694s][info][gc] GC(130) Pause Young (Allocation Failure) 60M->18M(148M) 82.058ms
[88.165s][info][gc] GC(131) Pause Young (Allocation Failure) 59M->18M(148M) 46.323ms
[88.718s][info][gc] GC(132) Pause Young (Allocation Failure) 59M->18M(148M) 42.798ms
[89.250s][info][gc] GC(133) Pause Young (Allocation Failure) 59M->18M(148M) 54.612ms
[89.860s][info][gc] GC(134) Pause Young (Allocation Failure) 59M->18M(148M) 64.576ms
Completing requests: 90%[90.302s][info][gc] GC(135) Pause Young (Allocation Failure) 59M->18M(148M) 62.191ms
[90.663s][info][gc] GC(136) Pause Young (Allocation Failure) 59M->18M(148M) 37.068ms
[91.272s][info][gc] GC(137) Pause Young (Allocation Failure) 59M->18M(148M) 73.089ms
[92.076s][info][gc] GC(138) Pause Young (Allocation Failure) 59M->18M(148M) 68.360ms
[92.666s][info][gc] GC(139) Pause Young (Allocation Failure) 59M->18M(148M) 67.498ms
[93.103s][info][gc] GC(140) Pause Young (Allocation Failure) 59M->18M(148M) 27.231ms
Completing requests: 95%[93.746s][info][gc] GC(141) Pause Young (Allocation Failure) 59M->18M(148M) 91.374ms
[94.609s][info][gc] GC(142) Pause Young (Allocation Failure) 59M->18M(148M) 58.815ms
[95.306s][info][gc] GC(143) Pause Young (Allocation Failure) 59M->18M(148M) 64.801ms
[96.039s][info][gc] GC(144) Pause Young (Allocation Failure) 59M->18M(148M) 65.190ms
[96.606s][info][gc] GC(145) Pause Young (Allocation Failure) 59M->18M(148M) 29.105ms
[97.120s][info][gc] GC(146) Pause Young (Allocation Failure) 59M->18M(148M) 81.752ms
[97.600s][info][gc] GC(147) Pause Young (Allocation Failure) 59M->18M(148M) 50.550ms

Completed requests
Client threads complete ... unloading web application
===== DaCapo 23.11-chopin tomcat PASSED in 95553 msec =====
===== DaCapo simple tail latency: 50% 4984 usec, 90% 24866 usec, 99% 100630 usec, 99.9% 243076 usec, 99.99% 1293995 usec, max 1313708 usec, measured over 80000 events =====
===== DaCapo metered tail latency: 50% 6976524 usec, 90% 9708227 usec, 99% 10460985 usec, 99.9% 10577864 usec, 99.99% 10605160 usec, max 10662215 usec, measured over 80000 events =====
runAgain
Server stopped ... iteration complete
