[0.005s][info][gc] Using Epsilon
[0.005s][warning][gc,init] Consider enabling -XX:+AlwaysPreTouch to avoid memory commit hiccups
Class name: org.dacapo.harness.H2
Configurations:
short     An SQL relational database engine written in Java
long      H2 executes a TPC-C like benchmark written by Apache as part of the Apache Derby database. The application models: customers, districts, warehouses, purchases and deliveries.
author    TPC-C like workload authored by The Apache Software Foundation, and Database authored by H2
license   Apache License, Version 2.0 covering TPC-C like workload, and Eclipse Public License Version 1.0 covering H2
copyright Copyright (c) 2001-2002, The Apache Software Foundation and H2 Group, H2
url       http://db.apache.org/derby/ and http://www.h2database.com
version   h2 2.2.220 derby 10.15.2.0
sizes     default large small vlarge
Using scaled threading model. 8 processors detected, 8 threads used to drive the workload, in a possible range of [1,1024]
Version: h2 2.2.220 derby 10.15.2.0

Nominal statistics
Key Score  Rank Value Description
AOA:    3 14/18    42 nominal average object size (bytes)
AOL:    5  9/18    64 nominal 90-percentile object size (bytes)
AOM:    9  3/18    32 nominal median object size (bytes)
AOS:   10  1/18    24 nominal 10-percentile object size (bytes)
ARA:    6  8/18  3539 nominal allocation rate (bytes / usec) (6765032248/1911200.0)
BAL:    7  7/19    68 nominal aaload per usec
BAS:    8  4/19     8 nominal aastore per usec
BEF:    6  8/19     7 nominal execution focus / dominance of hot code
BGF:    6  8/19  1060 nominal getfield per usec
BPF:    7  6/19   172 nominal putfield per usec
BUB:    2 17/19    17 nominal thousands of unique bytecodes executed
BUF:    3 14/19     2 nominal thousands of unique function calls
GCA:    5 12/22    98 nominal average post-GC heap size as percent of min heap, when run at 2X min heap with G1 (670/681)
GCC:    3 17/22   558 nominal GC count at 2X heap size (G1)
GCM:    3 16/22    82 nominal median post-GC heap size as percent of min heap, when run at 2X min heap with G1 (564/681)
GCP:    5 11/22     4 nominal percentage of time spent in GC pauses at 2X heap size (G1) (3171/63848)
GLK:    5 12/22     0 nominal percent 10th iteration memory leakage (10 iterations / 1 iterations) (681/679)
GMD:   10  1/22   681 nominal minimum heap size (MB) for default size configuration (with compressed pointers)
GML:   10  1/18 10193 nominal minimum heap size (MB) for large size configuration (with compressed pointers)
GMS:    8  6/22    69 nominal minimum heap size (MB) for small size configuration (with compressed pointers)
GMU:   10  1/22   902 nominal minimum heap size (MB) for default size without compressed pointers
GMV:   10   1/3 20609 nominal minimum heap size (MB) for vlarge size configuration (with compressed pointers)
GSS:    4 14/22    40 nominal heap size sensitivity (slowdown with tight heap, as a percentage) (2691.3/1911.2)
GTO:    1 17/18     9 nominal memory turnover (total alloc bytes / min heap bytes)
PET:    4 15/22     2 nominal execution time (sec)
PKP:    1 21/22     0 nominal percentage of time spent in kernel mode (as percentage of user plus kernel time)
PPE:    8  6/22    24 nominal parallel efficiency (speedup as percentage of ideal speedup for 32 threads)
PSD:    8  6/22     1 nominal standard deviation among invocations at peak performance (as percentage of performance)
PWU:    5 13/22     2 nominal iterations to warm up to within 1.5% of best

Initializing callback
Preparing the H2 database...
TPCC configuration: scale: 16, terminals: 8, transactions: 100000
[1.206s][info   ][gc     ] Heap: 1024M reserved, 1024M (100.00%) committed, 55292K (5.27%) used
[1.454s][info   ][gc     ] Heap: 1024M reserved, 1024M (100.00%) committed, 105M (10.35%) used
[1.652s][info   ][gc     ] Heap: 1024M reserved, 1024M (100.00%) committed, 157M (15.43%) used
[1.797s][info   ][gc     ] Heap: 1024M reserved, 1024M (100.00%) committed, 209M (20.51%) used
[1.888s][info   ][gc     ] Heap: 1024M reserved, 1024M (100.00%) committed, 261M (25.59%) used
[1.982s][info   ][gc     ] Heap: 1024M reserved, 1024M (100.00%) committed, 313M (30.66%) used
[2.063s][info   ][gc     ] Heap: 1024M reserved, 1024M (100.00%) committed, 365M (35.74%) used
[2.136s][info   ][gc     ] Heap: 1024M reserved, 1024M (100.00%) committed, 417M (40.82%) used
[2.223s][info   ][gc     ] Heap: 1024M reserved, 1024M (100.00%) committed, 469M (45.90%) used
[2.286s][info   ][gc     ] Heap: 1024M reserved, 1024M (100.00%) committed, 521M (50.98%) used
[2.353s][info   ][gc     ] Heap: 1024M reserved, 1024M (100.00%) committed, 573M (56.05%) used
[2.414s][info   ][gc     ] Heap: 1024M reserved, 1024M (100.00%) committed, 625M (61.13%) used
[2.489s][info   ][gc     ] Heap: 1024M reserved, 1024M (100.00%) committed, 677M (66.21%) used
[2.550s][info   ][gc     ] Heap: 1024M reserved, 1024M (100.00%) committed, 729M (71.29%) used
[2.594s][info   ][gc     ] Heap: 1024M reserved, 1024M (100.00%) committed, 781M (76.37%) used
[2.648s][info   ][gc     ] Heap: 1024M reserved, 1024M (100.00%) committed, 833M (81.45%) used
[2.700s][info   ][gc     ] Heap: 1024M reserved, 1024M (100.00%) committed, 885M (86.52%) used
[2.746s][info   ][gc     ] Heap: 1024M reserved, 1024M (100.00%) committed, 937M (91.60%) used
[2.799s][info   ][gc     ] Heap: 1024M reserved, 1024M (100.00%) committed, 989M (96.68%) used
[2.836s][info   ][gc     ] GC(0) Step 0: Prologue 0.028ms
[3.097s][info   ][gc     ] GC(0) Step 1: Mark 260.435ms
[3.256s][info   ][gc     ] GC(0) Step 2: Calculate new locations 158.863ms
[3.651s][info   ][gc     ] GC(0) Step 3: Adjust pointers 395.570ms
[3.803s][info   ][gc     ] GC(0) Step 4: Move objects 151.227ms
[3.803s][info   ][gc     ] GC(0) Step 5: Epilogue 0.815ms
[3.803s][info   ][gc     ] GC(0) GC Stats: 7625 (0.35%) reachable from roots, 2190945 (99.65%) reachable from heap, 2167351 (98.58%) moved, 1523 (0.07%) markwords preserved
[3.803s][info   ][gc     ] GC(0) Heap: 1024M reserved, 1024M (100.00%) committed, 77787K (7.42%) used
[3.803s][info   ][gc     ] GC(0) Lisp2-style Mark-Compact (Allocation Failure) 1021M->75M(1024M) 967.234ms
[3.804s][info   ][gc     ] Heap: 1024M reserved, 1024M (100.00%) committed, 81883K (7.81%) used
[3.837s][info   ][gc     ] Heap: 1024M reserved, 1024M (100.00%) committed, 131M (12.89%) used
[3.871s][info   ][gc     ] Heap: 1024M reserved, 1024M (100.00%) committed, 183M (17.97%) used
[3.904s][info   ][gc     ] Heap: 1024M reserved, 1024M (100.00%) committed, 235M (23.04%) used
[3.941s][info   ][gc     ] Heap: 1024M reserved, 1024M (100.00%) committed, 287M (28.12%) used
[3.975s][info   ][gc     ] Heap: 1024M reserved, 1024M (100.00%) committed, 339M (33.20%) used
[4.008s][info   ][gc     ] Heap: 1024M reserved, 1024M (100.00%) committed, 391M (38.28%) used
[4.041s][info   ][gc     ] Heap: 1024M reserved, 1024M (100.00%) committed, 443M (43.36%) used
[4.077s][info   ][gc     ] Heap: 1024M reserved, 1024M (100.00%) committed, 495M (48.43%) used
[4.109s][info   ][gc     ] Heap: 1024M reserved, 1024M (100.00%) committed, 547M (53.51%) used
[4.142s][info   ][gc     ] Heap: 1024M reserved, 1024M (100.00%) committed, 599M (58.59%) used
[4.176s][info   ][gc     ] Heap: 1024M reserved, 1024M (100.00%) committed, 651M (63.67%) used
[4.208s][info   ][gc     ] Heap: 1024M reserved, 1024M (100.00%) committed, 703M (68.75%) used
[4.239s][info   ][gc     ] Heap: 1024M reserved, 1024M (100.00%) committed, 755M (73.82%) used
[4.270s][info   ][gc     ] Heap: 1024M reserved, 1024M (100.00%) committed, 807M (78.90%) used
[4.308s][info   ][gc     ] Heap: 1024M reserved, 1024M (100.00%) committed, 859M (83.98%) used
[4.338s][info   ][gc     ] Heap: 1024M reserved, 1024M (100.00%) committed, 911M (89.06%) used
[4.370s][info   ][gc     ] Heap: 1024M reserved, 1024M (100.00%) committed, 963M (94.14%) used
[4.400s][info   ][gc     ] Heap: 1024M reserved, 1024M (100.00%) committed, 1015M (99.22%) used
[4.408s][info   ][gc     ] GC(1) Step 0: Prologue 0.024ms
[4.777s][info   ][gc     ] GC(1) Step 1: Mark 368.829ms
[4.975s][info   ][gc     ] GC(1) Step 2: Calculate new locations 198.285ms
[5.479s][info   ][gc     ] GC(1) Step 3: Adjust pointers 503.487ms
[5.664s][info   ][gc     ] GC(1) Step 4: Move objects 185.042ms
[5.665s][info   ][gc     ] GC(1) Step 5: Epilogue 0.617ms
[5.665s][info   ][gc     ] GC(1) GC Stats: 7632 (0.19%) reachable from roots, 4050905 (99.81%) reachable from heap, 3084317 (76.00%) moved, 0 (0.00%) markwords preserved
[5.665s][info   ][gc     ] GC(1) Heap: 1024M reserved, 1024M (100.00%) committed, 138M (13.50%) used
[5.665s][info   ][gc     ] GC(1) Lisp2-style Mark-Compact (Allocation Failure) 1023M->138M(1024M) 1256.689ms
[5.665s][info   ][gc     ] Heap: 1024M reserved, 1024M (100.00%) committed, 142M (13.90%) used
[5.701s][info   ][gc     ] Heap: 1024M reserved, 1024M (100.00%) committed, 197M (19.28%) used
[5.732s][info   ][gc     ] Heap: 1024M reserved, 1024M (100.00%) committed, 249M (24.36%) used
[5.762s][info   ][gc     ] Heap: 1024M reserved, 1024M (100.00%) committed, 301M (29.44%) used
[5.795s][info   ][gc     ] Heap: 1024M reserved, 1024M (100.00%) committed, 353M (34.51%) used
[5.826s][info   ][gc     ] Heap: 1024M reserved, 1024M (100.00%) committed, 405M (39.59%) used
[5.857s][info   ][gc     ] Heap: 1024M reserved, 1024M (100.00%) committed, 457M (44.67%) used
[5.886s][info   ][gc     ] Heap: 1024M reserved, 1024M (100.00%) committed, 509M (49.75%) used
[5.920s][info   ][gc     ] Heap: 1024M reserved, 1024M (100.00%) committed, 561M (54.83%) used
[5.948s][info   ][gc     ] Heap: 1024M reserved, 1024M (100.00%) committed, 613M (59.91%) used
[5.977s][info   ][gc     ] Heap: 1024M reserved, 1024M (100.00%) committed, 665M (64.98%) used
[6.006s][info   ][gc     ] Heap: 1024M reserved, 1024M (100.00%) committed, 717M (70.06%) used
[6.038s][info   ][gc     ] Heap: 1024M reserved, 1024M (100.00%) committed, 769M (75.14%) used
[6.067s][info   ][gc     ] Heap: 1024M reserved, 1024M (100.00%) committed, 821M (80.22%) used
[6.096s][info   ][gc     ] Heap: 1024M reserved, 1024M (100.00%) committed, 873M (85.30%) used
[6.125s][info   ][gc     ] Heap: 1024M reserved, 1024M (100.00%) committed, 925M (90.37%) used
[6.156s][info   ][gc     ] Heap: 1024M reserved, 1024M (100.00%) committed, 977M (95.45%) used
[6.182s][info   ][gc     ] GC(2) Step 0: Prologue 0.030ms
[6.664s][info   ][gc     ] GC(2) Step 1: Mark 482.150ms
[6.906s][info   ][gc     ] GC(2) Step 2: Calculate new locations 242.061ms
[7.529s][info   ][gc     ] GC(2) Step 3: Adjust pointers 622.556ms
[7.747s][info   ][gc     ] GC(2) Step 4: Move objects 218.265ms
[7.748s][info   ][gc     ] GC(2) Step 5: Epilogue 0.629ms
[7.748s][info   ][gc     ] GC(2) GC Stats: 7629 (0.13%) reachable from roots, 5800173 (99.87%) reachable from heap, 3722248 (64.09%) moved, 0 (0.00%) markwords preserved
[7.748s][info   ][gc     ] GC(2) Heap: 1024M reserved, 1024M (100.00%) committed, 196M (19.20%) used
[7.748s][info   ][gc     ] GC(2) Lisp2-style Mark-Compact (Allocation Failure) 1021M->196M(1024M) 1566.043ms
[7.748s][info   ][gc     ] Heap: 1024M reserved, 1024M (100.00%) committed, 200M (19.59%) used
[7.780s][info   ][gc     ] Heap: 1024M reserved, 1024M (100.00%) committed, 255M (24.97%) used
[7.808s][info   ][gc     ] Heap: 1024M reserved, 1024M (100.00%) committed, 307M (30.05%) used
[7.839s][info   ][gc     ] Heap: 1024M reserved, 1024M (100.00%) committed, 359M (35.13%) used
[7.868s][info   ][gc     ] Heap: 1024M reserved, 1024M (100.00%) committed, 411M (40.21%) used
[7.896s][info   ][gc     ] Heap: 1024M reserved, 1024M (100.00%) committed, 463M (45.28%) used
[8.025s][info   ][gc     ] Heap: 1024M reserved, 1024M (100.00%) committed, 515M (50.36%) used
[8.119s][info   ][gc     ] Heap: 1024M reserved, 1024M (100.00%) committed, 567M (55.44%) used
[8.198s][info   ][gc     ] Heap: 1024M reserved, 1024M (100.00%) committed, 619M (60.52%) used
[8.240s][info   ][gc     ] Heap: 1024M reserved, 1024M (100.00%) committed, 671M (65.60%) used
[8.345s][info   ][gc     ] Heap: 1024M reserved, 1024M (100.00%) committed, 723M (70.67%) used
[8.407s][info   ][gc     ] Heap: 1024M reserved, 1024M (100.00%) committed, 775M (75.75%) used
[8.436s][info   ][gc     ] Heap: 1024M reserved, 1024M (100.00%) committed, 827M (80.83%) used
[8.456s][info   ][gc     ] Heap: 1024M reserved, 1024M (100.00%) committed, 879M (85.91%) used
[8.478s][info   ][gc     ] Heap: 1024M reserved, 1024M (100.00%) committed, 931M (90.99%) used
[8.501s][info   ][gc     ] Heap: 1024M reserved, 1024M (100.00%) committed, 983M (96.06%) used
[8.517s][info   ][gc     ] GC(3) Step 0: Prologue 0.027ms
[9.131s][info   ][gc     ] GC(3) Step 1: Mark 613.917ms
[9.438s][info   ][gc     ] GC(3) Step 2: Calculate new locations 306.723ms
[10.371s][info   ][gc     ] GC(3) Step 3: Adjust pointers 932.219ms
[10.674s][info   ][gc     ] GC(3) Step 4: Move objects 303.128ms
[10.675s][info   ][gc     ] GC(3) Step 5: Epilogue 0.914ms
[10.675s][info   ][gc     ] GC(3) GC Stats: 7663 (0.11%) reachable from roots, 7216988 (99.89%) reachable from heap, 7156431 (99.06%) moved, 106 (0.00%) markwords preserved
[10.675s][info   ][gc     ] GC(3) Heap: 1024M reserved, 1024M (100.00%) committed, 242M (23.69%) used
[10.675s][info   ][gc     ] GC(3) Lisp2-style Mark-Compact (Allocation Failure) 1023M->242M(1024M) 2157.395ms
[10.675s][info   ][gc     ] Heap: 1024M reserved, 1024M (100.00%) committed, 246M (24.08%) used
[10.695s][info   ][gc     ] Heap: 1024M reserved, 1024M (100.00%) committed, 301M (29.46%) used
[10.716s][info   ][gc     ] Heap: 1024M reserved, 1024M (100.00%) committed, 353M (34.54%) used
[10.735s][info   ][gc     ] Heap: 1024M reserved, 1024M (100.00%) committed, 405M (39.62%) used
[10.781s][info   ][gc     ] Heap: 1024M reserved, 1024M (100.00%) committed, 457M (44.70%) used
[10.804s][info   ][gc     ] Heap: 1024M reserved, 1024M (100.00%) committed, 509M (49.77%) used
[10.833s][info   ][gc     ] Heap: 1024M reserved, 1024M (100.00%) committed, 561M (54.85%) used
[10.871s][info   ][gc     ] Heap: 1024M reserved, 1024M (100.00%) committed, 613M (59.93%) used
[10.907s][info   ][gc     ] Heap: 1024M reserved, 1024M (100.00%) committed, 665M (65.01%) used
[10.946s][info   ][gc     ] Heap: 1024M reserved, 1024M (100.00%) committed, 717M (70.09%) used
[10.966s][info   ][gc     ] Heap: 1024M reserved, 1024M (100.00%) committed, 769M (75.16%) used
[10.985s][info   ][gc     ] Heap: 1024M reserved, 1024M (100.00%) committed, 821M (80.24%) used
[11.006s][info   ][gc     ] Heap: 1024M reserved, 1024M (100.00%) committed, 873M (85.32%) used
[11.024s][info   ][gc     ] Heap: 1024M reserved, 1024M (100.00%) committed, 925M (90.40%) used
[11.045s][info   ][gc     ] Heap: 1024M reserved, 1024M (100.00%) committed, 977M (95.48%) used
[11.063s][info   ][gc     ] GC(4) Step 0: Prologue 0.028ms
[11.724s][info   ][gc     ] GC(4) Step 1: Mark 660.963ms
[12.011s][info   ][gc     ] GC(4) Step 2: Calculate new locations 286.160ms
[12.552s][info   ][gc     ] GC(4) Step 3: Adjust pointers 541.190ms
[12.762s][info   ][gc     ] GC(4) Step 4: Move objects 210.207ms
[12.763s][info   ][gc     ] GC(4) Step 5: Epilogue 0.642ms
[12.764s][info   ][gc     ] GC(4) GC Stats: 7669 (0.10%) reachable from roots, 7818772 (99.90%) reachable from heap, 1505159 (19.23%) moved, 2 (0.00%) markwords preserved
[12.764s][info   ][gc     ] GC(4) Heap: 1024M reserved, 1024M (100.00%) committed, 264M (25.83%) used
[12.764s][info   ][gc     ] GC(4) Lisp2-style Mark-Compact (Allocation Failure) 1021M->264M(1024M) 1700.354ms
[12.764s][info   ][gc     ] Heap: 1024M reserved, 1024M (100.00%) committed, 268M (26.22%) used
[12.784s][info   ][gc     ] Heap: 1024M reserved, 1024M (100.00%) committed, 323M (31.60%) used
[12.803s][info   ][gc     ] Heap: 1024M reserved, 1024M (100.00%) committed, 375M (36.68%) used
[12.822s][info   ][gc     ] Heap: 1024M reserved, 1024M (100.00%) committed, 427M (41.76%) used
[12.842s][info   ][gc     ] Heap: 1024M reserved, 1024M (100.00%) committed, 479M (46.84%) used
[12.860s][info   ][gc     ] Heap: 1024M reserved, 1024M (100.00%) committed, 531M (51.92%) used
[12.879s][info   ][gc     ] Heap: 1024M reserved, 1024M (100.00%) committed, 583M (57.00%) used
[12.898s][info   ][gc     ] Heap: 1024M reserved, 1024M (100.00%) committed, 635M (62.07%) used
[12.917s][info   ][gc     ] Heap: 1024M reserved, 1024M (100.00%) committed, 687M (67.15%) used
[12.934s][info   ][gc     ] Heap: 1024M reserved, 1024M (100.00%) committed, 739M (72.23%) used
[12.953s][info   ][gc     ] Heap: 1024M reserved, 1024M (100.00%) committed, 791M (77.31%) used
[12.971s][info   ][gc     ] Heap: 1024M reserved, 1024M (100.00%) committed, 843M (82.39%) used
[12.990s][info   ][gc     ] Heap: 1024M reserved, 1024M (100.00%) committed, 895M (87.46%) used
[13.009s][info   ][gc     ] Heap: 1024M reserved, 1024M (100.00%) committed, 947M (92.54%) used
[13.028s][info   ][gc     ] Heap: 1024M reserved, 1024M (100.00%) committed, 999M (97.62%) used
[13.038s][info   ][gc     ] GC(5) Step 0: Prologue 0.032ms
[13.849s][info   ][gc     ] GC(5) Step 1: Mark 810.663ms
[14.209s][info   ][gc     ] GC(5) Step 2: Calculate new locations 360.284ms
[14.854s][info   ][gc     ] GC(5) Step 3: Adjust pointers 645.298ms
[15.122s][info   ][gc     ] GC(5) Step 4: Move objects 267.214ms
[15.122s][info   ][gc     ] GC(5) Step 5: Epilogue 0.736ms
[15.122s][info   ][gc     ] GC(5) GC Stats: 7669 (0.08%) reachable from roots, 9487549 (99.92%) reachable from heap, 1885213 (19.85%) moved, 0 (0.00%) markwords preserved
[15.122s][info   ][gc     ] GC(5) Heap: 1024M reserved, 1024M (100.00%) committed, 317M (31.02%) used
[15.122s][info   ][gc     ] GC(5) Lisp2-style Mark-Compact (Allocation Failure) 1023M->317M(1024M) 2084.621ms
[15.123s][info   ][gc     ] Heap: 1024M reserved, 1024M (100.00%) committed, 321M (31.42%) used
[15.142s][info   ][gc     ] Heap: 1024M reserved, 1024M (100.00%) committed, 376M (36.80%) used
[15.160s][info   ][gc     ] Heap: 1024M reserved, 1024M (100.00%) committed, 428M (41.88%) used
[15.179s][info   ][gc     ] Heap: 1024M reserved, 1024M (100.00%) committed, 480M (46.96%) used
[15.197s][info   ][gc     ] Heap: 1024M reserved, 1024M (100.00%) committed, 532M (52.03%) used
[15.215s][info   ][gc     ] Heap: 1024M reserved, 1024M (100.00%) committed, 584M (57.11%) used
[15.233s][info   ][gc     ] Heap: 1024M reserved, 1024M (100.00%) committed, 636M (62.19%) used
[15.252s][info   ][gc     ] Heap: 1024M reserved, 1024M (100.00%) committed, 688M (67.27%) used
[15.270s][info   ][gc     ] Heap: 1024M reserved, 1024M (100.00%) committed, 740M (72.35%) used
[15.292s][info   ][gc     ] Heap: 1024M reserved, 1024M (100.00%) committed, 792M (77.42%) used
[15.314s][info   ][gc     ] Heap: 1024M reserved, 1024M (100.00%) committed, 844M (82.50%) used
[15.337s][info   ][gc     ] Heap: 1024M reserved, 1024M (100.00%) committed, 896M (87.58%) used
[15.358s][info   ][gc     ] Heap: 1024M reserved, 1024M (100.00%) committed, 948M (92.66%) used
[15.380s][info   ][gc     ] Heap: 1024M reserved, 1024M (100.00%) committed, 1000M (97.74%) used
[15.390s][info   ][gc     ] GC(6) Step 0: Prologue 0.029ms
[16.175s][info   ][gc     ] GC(6) Step 1: Mark 785.009ms
[16.547s][info   ][gc     ] GC(6) Step 2: Calculate new locations 371.485ms
[17.790s][info   ][gc     ] GC(6) Step 3: Adjust pointers 1243.237ms
[18.166s][info   ][gc     ] GC(6) Step 4: Move objects 375.790ms
[18.167s][info   ][gc     ] GC(6) Step 5: Epilogue 0.657ms
[18.167s][info   ][gc     ] GC(6) GC Stats: 7660 (0.08%) reachable from roots, 10058225 (99.92%) reachable from heap, 9999972 (99.35%) moved, 193 (0.00%) markwords preserved
[18.167s][info   ][gc     ] GC(6) Heap: 1024M reserved, 1024M (100.00%) committed, 336M (32.83%) used
[18.167s][info   ][gc     ] GC(6) Lisp2-style Mark-Compact (Allocation Failure) 1020M->336M(1024M) 2776.631ms
[18.167s][info   ][gc     ] Heap: 1024M reserved, 1024M (100.00%) committed, 340M (33.22%) used
[18.189s][info   ][gc     ] Heap: 1024M reserved, 1024M (100.00%) committed, 395M (38.60%) used
[18.211s][info   ][gc     ] Heap: 1024M reserved, 1024M (100.00%) committed, 447M (43.68%) used
[18.232s][info   ][gc     ] Heap: 1024M reserved, 1024M (100.00%) committed, 499M (48.76%) used
[18.254s][info   ][gc     ] Heap: 1024M reserved, 1024M (100.00%) committed, 551M (53.84%) used
[18.274s][info   ][gc     ] Heap: 1024M reserved, 1024M (100.00%) committed, 603M (58.92%) used
[18.342s][info   ][gc     ] Heap: 1024M reserved, 1024M (100.00%) committed, 655M (63.99%) used
[18.382s][info   ][gc     ] Heap: 1024M reserved, 1024M (100.00%) committed, 707M (69.07%) used
[18.424s][info   ][gc     ] Heap: 1024M reserved, 1024M (100.00%) committed, 759M (74.15%) used
[18.498s][info   ][gc     ] Heap: 1024M reserved, 1024M (100.00%) committed, 811M (79.24%) used
[18.521s][info   ][gc     ] Heap: 1024M reserved, 1024M (100.00%) committed, 863M (84.32%) used
[18.640s][info   ][gc     ] Heap: 1024M reserved, 1024M (100.00%) committed, 915M (89.40%) used
[18.678s][info   ][gc     ] Heap: 1024M reserved, 1024M (100.00%) committed, 967M (94.48%) used
[18.694s][info   ][gc     ] Heap: 1024M reserved, 1024M (100.00%) committed, 1019M (99.56%) used
[18.698s][info   ][gc     ] GC(7) Step 0: Prologue 0.028ms
[19.413s][info   ][gc     ] GC(7) Step 1: Mark 715.712ms
[19.735s][info   ][gc     ] GC(7) Step 2: Calculate new locations 321.254ms
[20.865s][info   ][gc     ] GC(7) Step 3: Adjust pointers 1130.006ms
[21.184s][info   ][gc     ] GC(7) Step 4: Move objects 319.570ms
[21.185s][info   ][gc     ] GC(7) Step 5: Epilogue 0.919ms
[21.185s][info   ][gc     ] GC(7) GC Stats: 7793 (0.09%) reachable from roots, 8851933 (99.91%) reachable from heap, 8790014 (99.21%) moved, 93 (0.00%) markwords preserved
[21.185s][info   ][gc     ] GC(7) Heap: 1024M reserved, 1024M (100.00%) committed, 305M (29.87%) used
[21.185s][info   ][gc     ] GC(7) Lisp2-style Mark-Compact (Allocation Failure) 1023M->305M(1024M) 2487.917ms
[21.186s][info   ][gc     ] Heap: 1024M reserved, 1024M (100.00%) committed, 309M (30.26%) used
[21.198s][info   ][gc     ] Heap: 1024M reserved, 1024M (100.00%) committed, 365M (35.65%) used
[21.208s][info   ][gc     ] Heap: 1024M reserved, 1024M (100.00%) committed, 417M (40.72%) used
[21.219s][info   ][gc     ] Heap: 1024M reserved, 1024M (100.00%) committed, 469M (45.80%) used
[21.339s][info   ][gc     ] Heap: 1024M reserved, 1024M (100.00%) committed, 521M (50.88%) used
[21.406s][info   ][gc     ] Heap: 1024M reserved, 1024M (100.00%) committed, 573M (55.96%) used
[21.431s][info   ][gc     ] Heap: 1024M reserved, 1024M (100.00%) committed, 625M (61.04%) used
[21.454s][info   ][gc     ] Heap: 1024M reserved, 1024M (100.00%) committed, 677M (66.12%) used
[21.480s][info   ][gc     ] Heap: 1024M reserved, 1024M (100.00%) committed, 729M (71.19%) used
[21.496s][info   ][gc     ] Heap: 1024M reserved, 1024M (100.00%) committed, 781M (76.27%) used
[21.520s][info   ][gc     ] Heap: 1024M reserved, 1024M (100.00%) committed, 833M (81.35%) used
[21.546s][info   ][gc     ] Heap: 1024M reserved, 1024M (100.00%) committed, 885M (86.43%) used
[21.684s][info   ][gc     ] Heap: 1024M reserved, 1024M (100.00%) committed, 937M (91.54%) used
[21.736s][info   ][gc     ] Heap: 1024M reserved, 1024M (100.00%) committed, 989M (96.62%) used
[21.763s][info   ][gc     ] GC(8) Step 0: Prologue 0.043ms
[22.543s][info   ][gc     ] GC(8) Step 1: Mark 780.683ms
[22.868s][info   ][gc     ] GC(8) Step 2: Calculate new locations 324.217ms
[23.596s][info   ][gc     ] GC(8) Step 3: Adjust pointers 727.931ms
[23.841s][info   ][gc     ] GC(8) Step 4: Move objects 244.873ms
[23.841s][info   ][gc     ] GC(8) Step 5: Epilogue 0.628ms
[23.841s][info   ][gc     ] GC(8) GC Stats: 7783 (0.08%) reachable from roots, 9699283 (99.92%) reachable from heap, 3379206 (34.81%) moved, 9 (0.00%) markwords preserved
[23.841s][info   ][gc     ] GC(8) Heap: 1024M reserved, 1024M (100.00%) committed, 332M (32.45%) used
[23.841s][info   ][gc     ] GC(8) Lisp2-style Mark-Compact (Allocation Failure) 1021M->332M(1024M) 2078.763ms
[23.842s][info   ][gc     ] Heap: 1024M reserved, 1024M (100.00%) committed, 336M (32.84%) used
[23.873s][info   ][gc     ] Heap: 1024M reserved, 1024M (100.00%) committed, 391M (38.23%) used
[23.902s][info   ][gc     ] Heap: 1024M reserved, 1024M (100.00%) committed, 443M (43.31%) used
[23.929s][info   ][gc     ] Heap: 1024M reserved, 1024M (100.00%) committed, 495M (48.38%) used
[23.959s][info   ][gc     ] Heap: 1024M reserved, 1024M (100.00%) committed, 547M (53.46%) used
[24.032s][info   ][gc     ] Heap: 1024M reserved, 1024M (100.00%) committed, 599M (58.57%) used
[24.084s][info   ][gc     ] Heap: 1024M reserved, 1024M (100.00%) committed, 651M (63.65%) used
[24.125s][info   ][gc     ] Heap: 1024M reserved, 1024M (100.00%) committed, 703M (68.73%) used
[24.153s][info   ][gc     ] Heap: 1024M reserved, 1024M (100.00%) committed, 755M (73.81%) used
[24.185s][info   ][gc     ] Heap: 1024M reserved, 1024M (100.00%) committed, 807M (78.89%) used
[24.210s][info   ][gc     ] Heap: 1024M reserved, 1024M (100.00%) committed, 859M (83.97%) used
[24.264s][info   ][gc     ] Heap: 1024M reserved, 1024M (100.00%) committed, 911M (89.04%) used
[24.300s][info   ][gc     ] Heap: 1024M reserved, 1024M (100.00%) committed, 963M (94.12%) used
[24.378s][info   ][gc     ] Heap: 1024M reserved, 1024M (100.00%) committed, 1015M (99.20%) used
[24.389s][info   ][gc     ] GC(9) Step 0: Prologue 0.029ms
[25.171s][info   ][gc     ] GC(9) Step 1: Mark 781.650ms
[25.485s][info   ][gc     ] GC(9) Step 2: Calculate new locations 314.576ms
[26.209s][info   ][gc     ] GC(9) Step 3: Adjust pointers 723.808ms
[26.450s][info   ][gc     ] GC(9) Step 4: Move objects 240.348ms
[26.450s][info   ][gc     ] GC(9) Step 5: Epilogue 0.464ms
[26.450s][info   ][gc     ] GC(9) GC Stats: 7794 (0.08%) reachable from roots, 9724884 (99.92%) reachable from heap, 3420338 (35.14%) moved, 10 (0.00%) markwords preserved
[26.450s][info   ][gc     ] GC(9) Heap: 1024M reserved, 1024M (100.00%) committed, 337M (32.91%) used
[26.450s][info   ][gc     ] GC(9) Lisp2-style Mark-Compact (Allocation Failure) 1023M->337M(1024M) 2061.310ms
[26.451s][info   ][gc     ] Heap: 1024M reserved, 1024M (100.00%) committed, 341M (33.30%) used
[26.490s][info   ][gc     ] Heap: 1024M reserved, 1024M (100.00%) committed, 396M (38.69%) used
[26.530s][info   ][gc     ] Heap: 1024M reserved, 1024M (100.00%) committed, 448M (43.76%) used
[26.544s][info   ][gc     ] Heap: 1024M reserved, 1024M (100.00%) committed, 500M (48.84%) used
[26.558s][info   ][gc     ] Heap: 1024M reserved, 1024M (100.00%) committed, 552M (53.92%) used
[26.571s][info   ][gc     ] Heap: 1024M reserved, 1024M (100.00%) committed, 604M (59.00%) used
[26.584s][info   ][gc     ] Heap: 1024M reserved, 1024M (100.00%) committed, 656M (64.08%) used
[26.598s][info   ][gc     ] Heap: 1024M reserved, 1024M (100.00%) committed, 708M (69.16%) used
[26.611s][info   ][gc     ] Heap: 1024M reserved, 1024M (100.00%) committed, 760M (74.23%) used
[26.624s][info   ][gc     ] Heap: 1024M reserved, 1024M (100.00%) committed, 812M (79.31%) used
[26.637s][info   ][gc     ] Heap: 1024M reserved, 1024M (100.00%) committed, 864M (84.39%) used
[26.651s][info   ][gc     ] Heap: 1024M reserved, 1024M (100.00%) committed, 916M (89.47%) used
[26.664s][info   ][gc     ] Heap: 1024M reserved, 1024M (100.00%) committed, 968M (94.55%) used
[26.677s][info   ][gc     ] Heap: 1024M reserved, 1024M (100.00%) committed, 1020M (99.62%) used
[26.678s][info   ][gc     ] GC(10) Step 0: Prologue 0.033ms
[27.678s][info   ][gc     ] GC(10) Step 1: Mark 999.607ms
[28.072s][info   ][gc     ] GC(10) Step 2: Calculate new locations 394.423ms
[28.971s][info   ][gc     ] GC(10) Step 3: Adjust pointers 899.000ms
[29.285s][info   ][gc     ] GC(10) Step 4: Move objects 313.543ms
[29.286s][info   ][gc     ] GC(10) Step 5: Epilogue 0.664ms
[29.286s][info   ][gc     ] GC(10) GC Stats: 7800 (0.07%) reachable from roots, 11658138 (99.93%) reachable from heap, 5417428 (46.44%) moved, 9 (0.00%) markwords preserved
[29.286s][info   ][gc     ] GC(10) Heap: 1024M reserved, 1024M (100.00%) committed, 399M (38.99%) used
[29.286s][info   ][gc     ] GC(10) Lisp2-style Mark-Compact (Allocation Failure) 1020M->399M(1024M) 2607.676ms
[29.286s][info   ][gc     ] Heap: 1024M reserved, 1024M (100.00%) committed, 403M (39.38%) used
[29.300s][info   ][gc     ] Heap: 1024M reserved, 1024M (100.00%) committed, 458M (44.77%) used
[29.313s][info   ][gc     ] Heap: 1024M reserved, 1024M (100.00%) committed, 510M (49.85%) used
[29.326s][info   ][gc     ] Heap: 1024M reserved, 1024M (100.00%) committed, 562M (54.92%) used
[29.338s][info   ][gc     ] Heap: 1024M reserved, 1024M (100.00%) committed, 614M (60.00%) used
[29.350s][info   ][gc     ] Heap: 1024M reserved, 1024M (100.00%) committed, 666M (65.08%) used
[29.363s][info   ][gc     ] Heap: 1024M reserved, 1024M (100.00%) committed, 718M (70.16%) used
[29.419s][info   ][gc     ] Heap: 1024M reserved, 1024M (100.00%) committed, 773M (75.55%) used
[29.458s][info   ][gc     ] Heap: 1024M reserved, 1024M (100.00%) committed, 825M (80.63%) used
[29.497s][info   ][gc     ] Heap: 1024M reserved, 1024M (100.00%) committed, 877M (85.71%) used
[29.537s][info   ][gc     ] Heap: 1024M reserved, 1024M (100.00%) committed, 929M (90.78%) used
[29.576s][info   ][gc     ] Heap: 1024M reserved, 1024M (100.00%) committed, 981M (95.86%) used
[29.607s][info   ][gc     ] GC(11) Step 0: Prologue 0.033ms
[30.636s][info   ][gc     ] GC(11) Step 1: Mark 1028.476ms
[31.076s][info   ][gc     ] GC(11) Step 2: Calculate new locations 440.387ms
[32.099s][info   ][gc     ] GC(11) Step 3: Adjust pointers 1022.145ms
[32.467s][info   ][gc     ] GC(11) Step 4: Move objects 367.962ms
[32.468s][info   ][gc     ] GC(11) Step 5: Epilogue 1.131ms
[32.468s][info   ][gc     ] GC(11) GC Stats: 7811 (0.06%) reachable from roots, 13465846 (99.94%) reachable from heap, 7141969 (53.01%) moved, 10 (0.00%) markwords preserved
[32.468s][info   ][gc     ] GC(11) Heap: 1024M reserved, 1024M (100.00%) committed, 458M (44.78%) used
[32.468s][info   ][gc     ] GC(11) Lisp2-style Mark-Compact (Allocation Failure) 1021M->458M(1024M) 2860.528ms
[32.468s][info   ][gc     ] Heap: 1024M reserved, 1024M (100.00%) committed, 462M (45.17%) used
[32.509s][info   ][gc     ] Heap: 1024M reserved, 1024M (100.00%) committed, 517M (50.56%) used
[32.546s][info   ][gc     ] Heap: 1024M reserved, 1024M (100.00%) committed, 569M (55.63%) used
[32.584s][info   ][gc     ] Heap: 1024M reserved, 1024M (100.00%) committed, 621M (60.71%) used
[32.622s][info   ][gc     ] Heap: 1024M reserved, 1024M (100.00%) committed, 673M (65.79%) used
[32.658s][info   ][gc     ] Heap: 1024M reserved, 1024M (100.00%) committed, 725M (70.87%) used
[32.686s][info   ][gc     ] Heap: 1024M reserved, 1024M (100.00%) committed, 777M (75.95%) used
[32.715s][info   ][gc     ] Heap: 1024M reserved, 1024M (100.00%) committed, 829M (81.03%) used
[32.744s][info   ][gc     ] Heap: 1024M reserved, 1024M (100.00%) committed, 881M (86.10%) used
[32.771s][info   ][gc     ] Heap: 1024M reserved, 1024M (100.00%) committed, 933M (91.18%) used
[32.798s][info   ][gc     ] Heap: 1024M reserved, 1024M (100.00%) committed, 985M (96.26%) used
[32.820s][info   ][gc     ] GC(12) Step 0: Prologue 0.033ms
[33.752s][info   ][gc     ] GC(12) Step 1: Mark 932.042ms
[34.144s][info   ][gc     ] GC(12) Step 2: Calculate new locations 391.445ms
[34.992s][info   ][gc     ] GC(12) Step 3: Adjust pointers 848.615ms
[35.277s][info   ][gc     ] GC(12) Step 4: Move objects 284.869ms
[35.278s][info   ][gc     ] GC(12) Step 5: Epilogue 0.508ms
[35.278s][info   ][gc     ] GC(12) GC Stats: 7810 (0.06%) reachable from roots, 13145800 (99.94%) reachable from heap, 3683223 (28.00%) moved, 1 (0.00%) markwords preserved
[35.278s][info   ][gc     ] GC(12) Heap: 1024M reserved, 1024M (100.00%) committed, 448M (43.83%) used
[35.278s][info   ][gc     ] GC(12) Lisp2-style Mark-Compact (Allocation Failure) 1021M->448M(1024M) 2457.933ms
[35.278s][info   ][gc     ] Heap: 1024M reserved, 1024M (100.00%) committed, 452M (44.22%) used
[35.307s][info   ][gc     ] Heap: 1024M reserved, 1024M (100.00%) committed, 507M (49.60%) used
[35.335s][info   ][gc     ] Heap: 1024M reserved, 1024M (100.00%) committed, 559M (54.68%) used
[35.361s][info   ][gc     ] Heap: 1024M reserved, 1024M (100.00%) committed, 611M (59.76%) used
[35.387s][info   ][gc     ] Heap: 1024M reserved, 1024M (100.00%) committed, 663M (64.84%) used
[35.413s][info   ][gc     ] Heap: 1024M reserved, 1024M (100.00%) committed, 715M (69.92%) used
[35.467s][info   ][gc     ] Heap: 1024M reserved, 1024M (100.00%) committed, 768M (75.01%) used
[35.510s][info   ][gc     ] Heap: 1024M reserved, 1024M (100.00%) committed, 820M (80.09%) used
[35.552s][info   ][gc     ] Heap: 1024M reserved, 1024M (100.00%) committed, 872M (85.16%) used
[35.599s][info   ][gc     ] Heap: 1024M reserved, 1024M (100.00%) committed, 924M (90.24%) used
[35.642s][info   ][gc     ] Heap: 1024M reserved, 1024M (100.00%) committed, 976M (95.32%) used
[35.665s][info   ][gc     ] GC(13) Step 0: Prologue 0.032ms
[36.606s][info   ][gc     ] GC(13) Step 1: Mark 940.865ms
[36.975s][info   ][gc     ] GC(13) Step 2: Calculate new locations 368.537ms
[37.768s][info   ][gc     ] GC(13) Step 3: Adjust pointers 792.952ms
[38.020s][info   ][gc     ] GC(13) Step 4: Move objects 252.586ms
[38.021s][info   ][gc     ] GC(13) Step 5: Epilogue 0.643ms
[38.021s][info   ][gc     ] GC(13) GC Stats: 7820 (0.07%) reachable from roots, 11872111 (99.93%) reachable from heap, 2409535 (20.28%) moved, 0 (0.00%) markwords preserved
[38.021s][info   ][gc     ] GC(13) Heap: 1024M reserved, 1024M (100.00%) committed, 412M (40.26%) used
[38.021s][info   ][gc     ] GC(13) Lisp2-style Mark-Compact (Allocation Failure) 1020M->412M(1024M) 2356.022ms
[38.021s][info   ][gc     ] Heap: 1024M reserved, 1024M (100.00%) committed, 416M (40.65%) used
[38.066s][info   ][gc     ] Heap: 1024M reserved, 1024M (100.00%) committed, 471M (46.04%) used
[38.106s][info   ][gc     ] Heap: 1024M reserved, 1024M (100.00%) committed, 523M (51.12%) used
[38.149s][info   ][gc     ] Heap: 1024M reserved, 1024M (100.00%) committed, 575M (56.19%) used
[38.188s][info   ][gc     ] Heap: 1024M reserved, 1024M (100.00%) committed, 627M (61.27%) used
[38.231s][info   ][gc     ] Heap: 1024M reserved, 1024M (100.00%) committed, 679M (66.35%) used
[38.274s][info   ][gc     ] Heap: 1024M reserved, 1024M (100.00%) committed, 731M (71.43%) used
[38.300s][info   ][gc     ] Heap: 1024M reserved, 1024M (100.00%) committed, 783M (76.51%) used
[38.342s][info   ][gc     ] Heap: 1024M reserved, 1024M (100.00%) committed, 835M (81.59%) used
[38.381s][info   ][gc     ] Heap: 1024M reserved, 1024M (100.00%) committed, 887M (86.66%) used
[38.422s][info   ][gc     ] Heap: 1024M reserved, 1024M (100.00%) committed, 939M (91.74%) used
[38.464s][info   ][gc     ] Heap: 1024M reserved, 1024M (100.00%) committed, 991M (96.82%) used
[38.481s][info   ][gc     ] GC(14) Step 0: Prologue 0.033ms
[39.608s][info   ][gc     ] GC(14) Step 1: Mark 1127.209ms
[40.059s][info   ][gc     ] GC(14) Step 2: Calculate new locations 450.639ms
[40.992s][info   ][gc     ] GC(14) Step 3: Adjust pointers 933.629ms
[41.295s][info   ][gc     ] GC(14) Step 4: Move objects 302.920ms
[41.296s][info   ][gc     ] GC(14) Step 5: Epilogue 0.672ms
[41.296s][info   ][gc     ] GC(14) GC Stats: 7817 (0.06%) reachable from roots, 14001414 (99.94%) reachable from heap, 2554276 (18.23%) moved, 0 (0.00%) markwords preserved
[41.296s][info   ][gc     ] GC(14) Heap: 1024M reserved, 1024M (100.00%) committed, 477M (46.59%) used
[41.296s][info   ][gc     ] GC(14) Lisp2-style Mark-Compact (Allocation Failure) 1023M->477M(1024M) 2815.517ms
[41.296s][info   ][gc     ] Heap: 1024M reserved, 1024M (100.00%) committed, 481M (46.98%) used
[41.339s][info   ][gc     ] Heap: 1024M reserved, 1024M (100.00%) committed, 536M (52.37%) used
[41.482s][info   ][gc     ] Heap: 1024M reserved, 1024M (100.00%) committed, 588M (57.48%) used
[41.527s][info   ][gc     ] Heap: 1024M reserved, 1024M (100.00%) committed, 640M (62.56%) used
[41.576s][info   ][gc     ] Heap: 1024M reserved, 1024M (100.00%) committed, 692M (67.64%) used
[41.623s][info   ][gc     ] Heap: 1024M reserved, 1024M (100.00%) committed, 744M (72.72%) used
[41.671s][info   ][gc     ] Heap: 1024M reserved, 1024M (100.00%) committed, 796M (77.79%) used
[41.719s][info   ][gc     ] Heap: 1024M reserved, 1024M (100.00%) committed, 848M (82.87%) used
[41.766s][info   ][gc     ] Heap: 1024M reserved, 1024M (100.00%) committed, 900M (87.95%) used
[41.813s][info   ][gc     ] Heap: 1024M reserved, 1024M (100.00%) committed, 952M (93.03%) used
[41.860s][info   ][gc     ] Heap: 1024M reserved, 1024M (100.00%) committed, 1004M (98.11%) used
[41.877s][info   ][gc     ] GC(15) Step 0: Prologue 0.029ms
[42.964s][info   ][gc     ] GC(15) Step 1: Mark 1086.967ms
[43.428s][info   ][gc     ] GC(15) Step 2: Calculate new locations 464.213ms
[44.699s][info   ][gc     ] GC(15) Step 3: Adjust pointers 1270.824ms
[45.089s][info   ][gc     ] GC(15) Step 4: Move objects 389.502ms
[45.089s][info   ][gc     ] GC(15) Step 5: Epilogue 0.421ms
[45.090s][info   ][gc     ] GC(15) GC Stats: 8182 (0.06%) reachable from roots, 14855970 (99.94%) reachable from heap, 8531791 (57.40%) moved, 10 (0.00%) markwords preserved
[45.090s][info   ][gc     ] GC(15) Heap: 1024M reserved, 1024M (100.00%) committed, 500M (48.90%) used
[45.090s][info   ][gc     ] GC(15) Lisp2-style Mark-Compact (Allocation Failure) 1020M->500M(1024M) 3212.417ms
[45.090s][info   ][gc     ] Heap: 1024M reserved, 1024M (100.00%) committed, 504M (49.30%) used
[45.140s][info   ][gc     ] Heap: 1024M reserved, 1024M (100.00%) committed, 559M (54.68%) used
[45.182s][info   ][gc     ] Heap: 1024M reserved, 1024M (100.00%) committed, 611M (59.76%) used
[45.222s][info   ][gc     ] Heap: 1024M reserved, 1024M (100.00%) committed, 663M (64.84%) used
[45.261s][info   ][gc     ] Heap: 1024M reserved, 1024M (100.00%) committed, 715M (69.91%) used
[45.299s][info   ][gc     ] Heap: 1024M reserved, 1024M (100.00%) committed, 767M (74.99%) used
[45.339s][info   ][gc     ] Heap: 1024M reserved, 1024M (100.00%) committed, 819M (80.07%) used
[45.378s][info   ][gc     ] Heap: 1024M reserved, 1024M (100.00%) committed, 871M (85.15%) used
[45.418s][info   ][gc     ] Heap: 1024M reserved, 1024M (100.00%) committed, 923M (90.23%) used
[45.458s][info   ][gc     ] Heap: 1024M reserved, 1024M (100.00%) committed, 975M (95.30%) used
[45.497s][info   ][gc     ] GC(16) Step 0: Prologue 0.031ms
[46.502s][info   ][gc     ] GC(16) Step 1: Mark 1005.367ms
[46.957s][info   ][gc     ] GC(16) Step 2: Calculate new locations 454.377ms
[48.199s][info   ][gc     ] GC(16) Step 3: Adjust pointers 1241.696ms
[48.576s][info   ][gc     ] GC(16) Step 4: Move objects 377.334ms
[48.577s][info   ][gc     ] GC(16) Step 5: Epilogue 0.647ms
[48.577s][info   ][gc     ] GC(16) GC Stats: 8185 (0.06%) reachable from roots, 14384930 (99.94%) reachable from heap, 8061540 (56.01%) moved, 10 (0.00%) markwords preserved
[48.577s][info   ][gc     ] GC(16) Heap: 1024M reserved, 1024M (100.00%) committed, 486M (47.50%) used
[48.577s][info   ][gc     ] GC(16) Lisp2-style Mark-Compact (Allocation Failure) 1023M->486M(1024M) 3079.897ms
[48.577s][info   ][gc     ] Heap: 1024M reserved, 1024M (100.00%) committed, 490M (47.89%) used
[48.617s][info   ][gc     ] Heap: 1024M reserved, 1024M (100.00%) committed, 545M (53.28%) used
[48.655s][info   ][gc     ] Heap: 1024M reserved, 1024M (100.00%) committed, 597M (58.35%) used
[48.706s][info   ][gc     ] GC(17) Step 0: Prologue 0.046ms
[49.713s][info   ][gc     ] GC(17) Step 1: Mark 1006.533ms
[50.150s][info   ][gc     ] GC(17) Step 2: Calculate new locations 437.333ms
[52.028s][info   ][gc     ] GC(17) Step 3: Adjust pointers 1877.395ms
[52.462s][info   ][gc     ] GC(17) Step 4: Move objects 434.311ms
[52.463s][info   ][gc     ] GC(17) Step 5: Epilogue 0.413ms
[52.463s][info   ][gc     ] GC(17) GC Stats: 8176 (0.06%) reachable from roots, 12883248 (99.94%) reachable from heap, 12830604 (99.53%) moved, 433 (0.00%) markwords preserved
[52.463s][info   ][gc     ] GC(17) Heap: 1024M reserved, 1024M (100.00%) committed, 445M (43.51%) used
[52.463s][info   ][gc     ] GC(17) Lisp2-style Mark-Compact (System.gc()) 645M->445M(1024M) 3756.461ms
[52.463s][info   ][gc     ] Heap: 1024M reserved, 1024M (100.00%) committed, 445M (43.51%) used
===== DaCapo 23.11-chopin h2 starting =====
Starting 100000 requests...
[52.652s][info   ][gc     ] Heap: 1024M reserved, 1024M (100.00%) committed, 497M (48.54%) used
[52.737s][info   ][gc     ] Heap: 1024M reserved, 1024M (100.00%) committed, 548M (53.55%) used
[52.820s][info   ][gc     ] Heap: 1024M reserved, 1024M (100.00%) committed, 600M (58.61%) used
[52.886s][info   ][gc     ] Heap: 1024M reserved, 1024M (100.00%) committed, 651M (63.62%) used
[52.955s][info   ][gc     ] Heap: 1024M reserved, 1024M (100.00%) committed, 704M (68.76%) used
[53.007s][info   ][gc     ] Heap: 1024M reserved, 1024M (100.00%) committed, 757M (73.95%) used
[53.073s][info   ][gc     ] Heap: 1024M reserved, 1024M (100.00%) committed, 810M (79.17%) used
[53.132s][info   ][gc     ] Heap: 1024M reserved, 1024M (100.00%) committed, 862M (84.24%) used
[53.184s][info   ][gc     ] Heap: 1024M reserved, 1024M (100.00%) committed, 914M (89.32%) used
[53.233s][info   ][gc     ] Heap: 1024M reserved, 1024M (100.00%) committed, 966M (94.40%) used
[53.279s][info   ][gc     ] Heap: 1024M reserved, 1024M (100.00%) committed, 1018M (99.48%) used
[53.296s][info   ][gc     ] GC(18) Step 0: Prologue 0.275ms
[54.290s][info   ][gc     ] GC(18) Step 1: Mark 994.057ms
[54.744s][info   ][gc     ] GC(18) Step 2: Calculate new locations 453.530ms
[56.589s][info   ][gc     ] GC(18) Step 3: Adjust pointers 1845.030ms
[57.042s][info   ][gc     ] GC(18) Step 4: Move objects 453.144ms
[57.043s][info   ][gc     ] GC(18) Step 5: Epilogue 0.540ms
[57.043s][info   ][gc     ] GC(18) GC Stats: 8985 (0.07%) reachable from roots, 13017999 (99.93%) reachable from heap, 12957891 (99.47%) moved, 432 (0.00%) markwords preserved
[57.043s][info   ][gc     ] GC(18) Heap: 1024M reserved, 1024M (100.00%) committed, 450M (44.02%) used
[57.043s][info   ][gc     ] GC(18) Lisp2-style Mark-Compact (Allocation Failure) 1022M->450M(1024M) 3746.958ms
[57.043s][info   ][gc     ] Heap: 1024M reserved, 1024M (100.00%) committed, 454M (44.41%) used
[57.092s][info   ][gc     ] Heap: 1024M reserved, 1024M (100.00%) committed, 506M (49.43%) used
[57.137s][info   ][gc     ] Heap: 1024M reserved, 1024M (100.00%) committed, 557M (54.48%) used
[57.182s][info   ][gc     ] Heap: 1024M reserved, 1024M (100.00%) committed, 610M (59.58%) used
[57.231s][info   ][gc     ] Heap: 1024M reserved, 1024M (100.00%) committed, 662M (64.70%) used
[57.272s][info   ][gc     ] Heap: 1024M reserved, 1024M (100.00%) committed, 715M (69.84%) used
[57.316s][info   ][gc     ] Heap: 1024M reserved, 1024M (100.00%) committed, 769M (75.12%) used
[57.365s][info   ][gc     ] Heap: 1024M reserved, 1024M (100.00%) committed, 823M (80.46%) used
5%[57.413s][info   ][gc     ] Heap: 1024M reserved, 1024M (100.00%) committed, 875M (85.53%) used
[57.463s][info   ][gc     ] Heap: 1024M reserved, 1024M (100.00%) committed, 927M (90.61%) used
[57.503s][info   ][gc     ] Heap: 1024M reserved, 1024M (100.00%) committed, 979M (95.69%) used
[57.544s][info   ][gc     ] GC(19) Step 0: Prologue 0.457ms
[58.599s][info   ][gc     ] GC(19) Step 1: Mark 1054.804ms
[59.053s][info   ][gc     ] GC(19) Step 2: Calculate new locations 454.171ms
[60.891s][info   ][gc     ] GC(19) Step 3: Adjust pointers 1837.329ms
[61.340s][info   ][gc     ] GC(19) Step 4: Move objects 449.506ms
[61.341s][info   ][gc     ] GC(19) Step 5: Epilogue 0.551ms
[61.341s][info   ][gc     ] GC(19) GC Stats: 9075 (0.07%) reachable from roots, 13114794 (99.93%) reachable from heap, 12966817 (98.80%) moved, 441 (0.00%) markwords preserved
[61.341s][info   ][gc     ] GC(19) Heap: 1024M reserved, 1024M (100.00%) committed, 454M (44.36%) used
[61.341s][info   ][gc     ] GC(19) Lisp2-style Mark-Compact (Allocation Failure) 1023M->454M(1024M) 3797.192ms
[61.341s][info   ][gc     ] Heap: 1024M reserved, 1024M (100.00%) committed, 458M (44.75%) used
[61.389s][info   ][gc     ] Heap: 1024M reserved, 1024M (100.00%) committed, 509M (49.78%) used
[61.432s][info   ][gc     ] Heap: 1024M reserved, 1024M (100.00%) committed, 561M (54.82%) used
[61.474s][info   ][gc     ] Heap: 1024M reserved, 1024M (100.00%) committed, 614M (60.04%) used
[61.514s][info   ][gc     ] Heap: 1024M reserved, 1024M (100.00%) committed, 666M (65.07%) used
[61.556s][info   ][gc     ] Heap: 1024M reserved, 1024M (100.00%) committed, 719M (70.23%) used
[61.605s][info   ][gc     ] Heap: 1024M reserved, 1024M (100.00%) committed, 773M (75.56%) used
[61.652s][info   ][gc     ] Heap: 1024M reserved, 1024M (100.00%) committed, 827M (80.81%) used
[61.693s][info   ][gc     ] Heap: 1024M reserved, 1024M (100.00%) committed, 879M (85.88%) used
[61.738s][info   ][gc     ] Heap: 1024M reserved, 1024M (100.00%) committed, 931M (90.95%) used
[61.785s][info   ][gc     ] Heap: 1024M reserved, 1024M (100.00%) committed, 983M (96.03%) used
[61.822s][info   ][gc     ] GC(20) Step 0: Prologue 0.461ms
[62.897s][info   ][gc     ] GC(20) Step 1: Mark 1075.705ms
[63.354s][info   ][gc     ] GC(20) Step 2: Calculate new locations 456.782ms
[65.353s][info   ][gc     ] GC(20) Step 3: Adjust pointers 1998.264ms
[65.813s][info   ][gc     ] GC(20) Step 4: Move objects 460.029ms
[65.813s][info   ][gc     ] GC(20) Step 5: Epilogue 0.546ms
[65.813s][info   ][gc     ] GC(20) GC Stats: 9183 (0.07%) reachable from roots, 13212488 (99.93%) reachable from heap, 13187377 (99.74%) moved, 1376 (0.01%) markwords preserved
[65.813s][info   ][gc     ] GC(20) Heap: 1024M reserved, 1024M (100.00%) committed, 457M (44.71%) used
[65.813s][info   ][gc     ] GC(20) Lisp2-style Mark-Compact (Allocation Failure) 1023M->457M(1024M) 3992.254ms
[65.814s][info   ][gc     ] Heap: 1024M reserved, 1024M (100.00%) committed, 461M (45.10%) used
[65.856s][info   ][gc     ] Heap: 1024M reserved, 1024M (100.00%) committed, 513M (50.12%) used
[65.895s][info   ][gc     ] Heap: 1024M reserved, 1024M (100.00%) committed, 564M (55.13%) used
[65.934s][info   ][gc     ] Heap: 1024M reserved, 1024M (100.00%) committed, 617M (60.27%) used
10%[65.975s][info   ][gc     ] Heap: 1024M reserved, 1024M (100.00%) committed, 670M (65.44%) used
[66.014s][info   ][gc     ] Heap: 1024M reserved, 1024M (100.00%) committed, 722M (70.59%) used
[66.048s][info   ][gc     ] Heap: 1024M reserved, 1024M (100.00%) committed, 777M (75.91%) used
[66.088s][info   ][gc     ] Heap: 1024M reserved, 1024M (100.00%) committed, 830M (81.15%) used
[66.130s][info   ][gc     ] Heap: 1024M reserved, 1024M (100.00%) committed, 882M (86.22%) used
[66.169s][info   ][gc     ] Heap: 1024M reserved, 1024M (100.00%) committed, 934M (91.30%) used
[66.209s][info   ][gc     ] Heap: 1024M reserved, 1024M (100.00%) committed, 986M (96.38%) used
[66.235s][info   ][gc     ] GC(21) Step 0: Prologue 0.427ms
[67.337s][info   ][gc     ] GC(21) Step 1: Mark 1101.808ms
[67.793s][info   ][gc     ] GC(21) Step 2: Calculate new locations 456.840ms
[69.690s][info   ][gc     ] GC(21) Step 3: Adjust pointers 1896.923ms
[70.152s][info   ][gc     ] GC(21) Step 4: Move objects 460.929ms
[70.152s][info   ][gc     ] GC(21) Step 5: Epilogue 0.655ms
[70.152s][info   ][gc     ] GC(21) GC Stats: 8973 (0.07%) reachable from roots, 13304533 (99.93%) reachable from heap, 13156751 (98.82%) moved, 347 (0.00%) markwords preserved
[70.152s][info   ][gc     ] GC(21) Heap: 1024M reserved, 1024M (100.00%) committed, 460M (45.01%) used
[70.152s][info   ][gc     ] GC(21) Lisp2-style Mark-Compact (Allocation Failure) 1022M->460M(1024M) 3917.992ms
[70.152s][info   ][gc     ] Heap: 1024M reserved, 1024M (100.00%) committed, 460M (45.01%) used
[70.190s][info   ][gc     ] Heap: 1024M reserved, 1024M (100.00%) committed, 512M (50.09%) used
[70.226s][info   ][gc     ] Heap: 1024M reserved, 1024M (100.00%) committed, 565M (55.20%) used
[70.264s][info   ][gc     ] Heap: 1024M reserved, 1024M (100.00%) committed, 617M (60.32%) used
[70.300s][info   ][gc     ] Heap: 1024M reserved, 1024M (100.00%) committed, 670M (65.48%) used
[70.337s][info   ][gc     ] Heap: 1024M reserved, 1024M (100.00%) committed, 725M (70.81%) used
[70.373s][info   ][gc     ] Heap: 1024M reserved, 1024M (100.00%) committed, 779M (76.11%) used
[70.407s][info   ][gc     ] Heap: 1024M reserved, 1024M (100.00%) committed, 834M (81.45%) used
[70.442s][info   ][gc     ] Heap: 1024M reserved, 1024M (100.00%) committed, 886M (86.53%) used
[70.480s][info   ][gc     ] Heap: 1024M reserved, 1024M (100.00%) committed, 938M (91.60%) used
15%[70.518s][info   ][gc     ] Heap: 1024M reserved, 1024M (100.00%) committed, 990M (96.68%) used
[70.543s][info   ][gc     ] GC(22) Step 0: Prologue 0.422ms
[71.643s][info   ][gc     ] GC(22) Step 1: Mark 1100.331ms
[72.107s][info   ][gc     ] GC(22) Step 2: Calculate new locations 463.395ms
[74.005s][info   ][gc     ] GC(22) Step 3: Adjust pointers 1897.904ms
[74.470s][info   ][gc     ] GC(22) Step 4: Move objects 465.550ms
[74.471s][info   ][gc     ] GC(22) Step 5: Epilogue 0.632ms
[74.471s][info   ][gc     ] GC(22) GC Stats: 9085 (0.07%) reachable from roots, 13392663 (99.93%) reachable from heap, 13244779 (98.83%) moved, 463 (0.00%) markwords preserved
[74.471s][info   ][gc     ] GC(22) Heap: 1024M reserved, 1024M (100.00%) committed, 463M (45.29%) used
[74.471s][info   ][gc     ] GC(22) Lisp2-style Mark-Compact (Allocation Failure) 1022M->463M(1024M) 3928.594ms
[74.471s][info   ][gc     ] Heap: 1024M reserved, 1024M (100.00%) committed, 463M (45.29%) used
[74.505s][info   ][gc     ] Heap: 1024M reserved, 1024M (100.00%) committed, 515M (50.33%) used
[74.540s][info   ][gc     ] Heap: 1024M reserved, 1024M (100.00%) committed, 566M (55.36%) used
[74.574s][info   ][gc     ] Heap: 1024M reserved, 1024M (100.00%) committed, 619M (60.45%) used
[74.608s][info   ][gc     ] Heap: 1024M reserved, 1024M (100.00%) committed, 670M (65.50%) used
[74.641s][info   ][gc     ] Heap: 1024M reserved, 1024M (100.00%) committed, 722M (70.59%) used
[74.672s][info   ][gc     ] Heap: 1024M reserved, 1024M (100.00%) committed, 776M (75.82%) used
[74.710s][info   ][gc     ] Heap: 1024M reserved, 1024M (100.00%) committed, 829M (80.96%) used
[74.746s][info   ][gc     ] Heap: 1024M reserved, 1024M (100.00%) committed, 880M (86.02%) used
[74.780s][info   ][gc     ] Heap: 1024M reserved, 1024M (100.00%) committed, 932M (91.10%) used
[74.814s][info   ][gc     ] Heap: 1024M reserved, 1024M (100.00%) committed, 984M (96.18%) used
[74.845s][info   ][gc     ] GC(23) Step 0: Prologue 0.335ms
[75.961s][info   ][gc     ] GC(23) Step 1: Mark 1116.434ms
[76.428s][info   ][gc     ] GC(23) Step 2: Calculate new locations 467.299ms
[78.342s][info   ][gc     ] GC(23) Step 3: Adjust pointers 1913.890ms
[78.806s][info   ][gc     ] GC(23) Step 4: Move objects 463.792ms
[78.807s][info   ][gc     ] GC(23) Step 5: Epilogue 0.590ms
[78.808s][info   ][gc     ] GC(23) GC Stats: 9199 (0.07%) reachable from roots, 13488575 (99.93%) reachable from heap, 13340300 (98.83%) moved, 569 (0.00%) markwords preserved
[78.808s][info   ][gc     ] GC(23) Heap: 1024M reserved, 1024M (100.00%) committed, 467M (45.62%) used
[78.808s][info   ][gc     ] GC(23) Lisp2-style Mark-Compact (Allocation Failure) 1020M->467M(1024M) 3963.637ms
[78.808s][info   ][gc     ] Heap: 1024M reserved, 1024M (100.00%) committed, 467M (45.62%) used
[78.808s][info   ][gc     ] Heap: 1024M reserved, 1024M (100.00%) committed, 467M (45.62%) used
[78.842s][info   ][gc     ] Heap: 1024M reserved, 1024M (100.00%) committed, 518M (50.63%) used
[78.876s][info   ][gc     ] Heap: 1024M reserved, 1024M (100.00%) committed, 570M (55.74%) used
[78.911s][info   ][gc     ] Heap: 1024M reserved, 1024M (100.00%) committed, 623M (60.88%) used
[78.940s][info   ][gc     ] Heap: 1024M reserved, 1024M (100.00%) committed, 676M (66.04%) used
[78.974s][info   ][gc     ] Heap: 1024M reserved, 1024M (100.00%) committed, 728M (71.10%) used
[79.010s][info   ][gc     ] Heap: 1024M reserved, 1024M (100.00%) committed, 781M (76.37%) used
20%[79.039s][info   ][gc     ] Heap: 1024M reserved, 1024M (100.00%) committed, 836M (81.66%) used
[79.072s][info   ][gc     ] Heap: 1024M reserved, 1024M (100.00%) committed, 888M (86.74%) used
[79.108s][info   ][gc     ] Heap: 1024M reserved, 1024M (100.00%) committed, 940M (91.82%) used
[79.143s][info   ][gc     ] Heap: 1024M reserved, 1024M (100.00%) committed, 992M (96.90%) used
[79.200s][info   ][gc     ] GC(24) Step 0: Prologue 0.561ms
[80.319s][info   ][gc     ] GC(24) Step 1: Mark 1118.731ms
[80.778s][info   ][gc     ] GC(24) Step 2: Calculate new locations 458.936ms
[82.672s][info   ][gc     ] GC(24) Step 3: Adjust pointers 1894.714ms
[83.139s][info   ][gc     ] GC(24) Step 4: Move objects 466.496ms
[83.140s][info   ][gc     ] GC(24) Step 5: Epilogue 0.797ms
[83.140s][info   ][gc     ] GC(24) GC Stats: 9297 (0.07%) reachable from roots, 13583801 (99.93%) reachable from heap, 13435958 (98.84%) moved, 658 (0.00%) markwords preserved
[83.140s][info   ][gc     ] GC(24) Heap: 1024M reserved, 1024M (100.00%) committed, 470M (45.94%) used
[83.140s][info   ][gc     ] GC(24) Lisp2-style Mark-Compact (Allocation Failure) 1020M->470M(1024M) 3940.630ms
[83.140s][info   ][gc     ] Heap: 1024M reserved, 1024M (100.00%) committed, 470M (45.94%) used
[83.167s][info   ][gc     ] Heap: 1024M reserved, 1024M (100.00%) committed, 521M (50.95%) used
[83.195s][info   ][gc     ] Heap: 1024M reserved, 1024M (100.00%) committed, 573M (56.00%) used
[83.222s][info   ][gc     ] Heap: 1024M reserved, 1024M (100.00%) committed, 625M (61.04%) used
[83.251s][info   ][gc     ] Heap: 1024M reserved, 1024M (100.00%) committed, 677M (66.13%) used
[83.273s][info   ][gc     ] Heap: 1024M reserved, 1024M (100.00%) committed, 728M (71.16%) used
[83.303s][info   ][gc     ] Heap: 1024M reserved, 1024M (100.00%) committed, 780M (76.27%) used
[83.330s][info   ][gc     ] Heap: 1024M reserved, 1024M (100.00%) committed, 835M (81.60%) used
[83.359s][info   ][gc     ] Heap: 1024M reserved, 1024M (100.00%) committed, 887M (86.67%) used
[83.388s][info   ][gc     ] Heap: 1024M reserved, 1024M (100.00%) committed, 939M (91.75%) used
[83.422s][info   ][gc     ] Heap: 1024M reserved, 1024M (100.00%) committed, 991M (96.83%) used
[83.442s][info   ][gc     ] GC(25) Step 0: Prologue 0.411ms
[84.620s][info   ][gc     ] GC(25) Step 1: Mark 1177.482ms
[85.099s][info   ][gc     ] GC(25) Step 2: Calculate new locations 479.468ms
[87.040s][info   ][gc     ] GC(25) Step 3: Adjust pointers 1940.575ms
[87.535s][info   ][gc     ] GC(25) Step 4: Move objects 495.132ms
[87.536s][info   ][gc     ] GC(25) Step 5: Epilogue 0.633ms
[87.536s][info   ][gc     ] GC(25) GC Stats: 9385 (0.07%) reachable from roots, 13676044 (99.93%) reachable from heap, 13528228 (98.85%) moved, 750 (0.01%) markwords preserved
[87.536s][info   ][gc     ] GC(25) Heap: 1024M reserved, 1024M (100.00%) committed, 473M (46.25%) used
[87.536s][info   ][gc     ] GC(25) Lisp2-style Mark-Compact (Allocation Failure) 1023M->473M(1024M) 4094.161ms
[87.536s][info   ][gc     ] Heap: 1024M reserved, 1024M (100.00%) committed, 473M (46.25%) used
[87.564s][info   ][gc     ] Heap: 1024M reserved, 1024M (100.00%) committed, 524M (51.25%) used
[87.592s][info   ][gc     ] Heap: 1024M reserved, 1024M (100.00%) committed, 576M (56.32%) used
25%[87.620s][info   ][gc     ] Heap: 1024M reserved, 1024M (100.00%) committed, 628M (61.36%) used
[87.645s][info   ][gc     ] Heap: 1024M reserved, 1024M (100.00%) committed, 680M (66.48%) used
[87.674s][info   ][gc     ] Heap: 1024M reserved, 1024M (100.00%) committed, 734M (71.75%) used
[87.698s][info   ][gc     ] Heap: 1024M reserved, 1024M (100.00%) committed, 788M (76.96%) used
[87.725s][info   ][gc     ] Heap: 1024M reserved, 1024M (100.00%) committed, 842M (82.29%) used
[87.745s][info   ][gc     ] Heap: 1024M reserved, 1024M (100.00%) committed, 894M (87.37%) used
[87.773s][info   ][gc     ] Heap: 1024M reserved, 1024M (100.00%) committed, 946M (92.45%) used
[87.804s][info   ][gc     ] Heap: 1024M reserved, 1024M (100.00%) committed, 998M (97.53%) used
[87.818s][info   ][gc     ] GC(26) Step 0: Prologue 0.428ms
[88.924s][info   ][gc     ] GC(26) Step 1: Mark 1106.341ms
[89.392s][info   ][gc     ] GC(26) Step 2: Calculate new locations 467.729ms
[91.301s][info   ][gc     ] GC(26) Step 3: Adjust pointers 1909.028ms
[91.766s][info   ][gc     ] GC(26) Step 4: Move objects 464.965ms
[91.767s][info   ][gc     ] GC(26) Step 5: Epilogue 0.670ms
[91.767s][info   ][gc     ] GC(26) GC Stats: 9432 (0.07%) reachable from roots, 13773556 (99.93%) reachable from heap, 13625642 (98.86%) moved, 836 (0.01%) markwords preserved
[91.767s][info   ][gc     ] GC(26) Heap: 1024M reserved, 1024M (100.00%) committed, 477M (46.59%) used
[91.767s][info   ][gc     ] GC(26) Lisp2-style Mark-Compact (Allocation Failure) 1022M->477M(1024M) 3949.519ms
[91.767s][info   ][gc     ] Heap: 1024M reserved, 1024M (100.00%) committed, 477M (46.59%) used
[91.790s][info   ][gc     ] Heap: 1024M reserved, 1024M (100.00%) committed, 528M (51.59%) used
[91.813s][info   ][gc     ] Heap: 1024M reserved, 1024M (100.00%) committed, 580M (56.68%) used
[91.835s][info   ][gc     ] Heap: 1024M reserved, 1024M (100.00%) committed, 632M (61.78%) used
[91.858s][info   ][gc     ] Heap: 1024M reserved, 1024M (100.00%) committed, 684M (66.83%) used
[91.878s][info   ][gc     ] Heap: 1024M reserved, 1024M (100.00%) committed, 736M (71.96%) used
[91.900s][info   ][gc     ] Heap: 1024M reserved, 1024M (100.00%) committed, 789M (77.12%) used
[91.924s][info   ][gc     ] Heap: 1024M reserved, 1024M (100.00%) committed, 842M (82.26%) used
[91.944s][info   ][gc     ] Heap: 1024M reserved, 1024M (100.00%) committed, 894M (87.32%) used
[91.968s][info   ][gc     ] Heap: 1024M reserved, 1024M (100.00%) committed, 946M (92.40%) used
30%[91.991s][info   ][gc     ] Heap: 1024M reserved, 1024M (100.00%) committed, 998M (97.48%) used
[92.007s][info   ][gc     ] GC(27) Step 0: Prologue 0.270ms
[93.126s][info   ][gc     ] GC(27) Step 1: Mark 1118.985ms
[93.591s][info   ][gc     ] GC(27) Step 2: Calculate new locations 465.546ms
[95.494s][info   ][gc     ] GC(27) Step 3: Adjust pointers 1902.686ms
[95.990s][info   ][gc     ] GC(27) Step 4: Move objects 495.685ms
[95.991s][info   ][gc     ] GC(27) Step 5: Epilogue 0.687ms
[95.991s][info   ][gc     ] GC(27) GC Stats: 9597 (0.07%) reachable from roots, 13861146 (99.93%) reachable from heap, 13713277 (98.86%) moved, 922 (0.01%) markwords preserved
[95.991s][info   ][gc     ] GC(27) Heap: 1024M reserved, 1024M (100.00%) committed, 479M (46.87%) used
[95.991s][info   ][gc     ] GC(27) Lisp2-style Mark-Compact (Allocation Failure) 1022M->479M(1024M) 3984.208ms
[95.991s][info   ][gc     ] Heap: 1024M reserved, 1024M (100.00%) committed, 479M (46.87%) used
[96.016s][info   ][gc     ] Heap: 1024M reserved, 1024M (100.00%) committed, 531M (51.92%) used
[96.047s][info   ][gc     ] Heap: 1024M reserved, 1024M (100.00%) committed, 583M (57.00%) used
[96.076s][info   ][gc     ] Heap: 1024M reserved, 1024M (100.00%) committed, 636M (62.13%) used
[96.104s][info   ][gc     ] Heap: 1024M reserved, 1024M (100.00%) committed, 688M (67.24%) used
[96.129s][info   ][gc     ] Heap: 1024M reserved, 1024M (100.00%) committed, 740M (72.30%) used
[96.157s][info   ][gc     ] Heap: 1024M reserved, 1024M (100.00%) committed, 792M (77.43%) used
[96.183s][info   ][gc     ] Heap: 1024M reserved, 1024M (100.00%) committed, 845M (82.58%) used
[96.212s][info   ][gc     ] Heap: 1024M reserved, 1024M (100.00%) committed, 897M (87.60%) used
[96.232s][info   ][gc     ] Heap: 1024M reserved, 1024M (100.00%) committed, 949M (92.68%) used
[96.263s][info   ][gc     ] Heap: 1024M reserved, 1024M (100.00%) committed, 1001M (97.76%) used
[96.276s][info   ][gc     ] GC(28) Step 0: Prologue 0.729ms
[97.515s][info   ][gc     ] GC(28) Step 1: Mark 1238.365ms
[98.003s][info   ][gc     ] GC(28) Step 2: Calculate new locations 488.711ms
[100.071s][info   ][gc     ] GC(28) Step 3: Adjust pointers 2066.962ms
[100.559s][info   ][gc     ] GC(28) Step 4: Move objects 488.828ms
[100.560s][info   ][gc     ] GC(28) Step 5: Epilogue 0.678ms
[100.560s][info   ][gc     ] GC(28) GC Stats: 9626 (0.07%) reachable from roots, 13948928 (99.93%) reachable from heap, 13800709 (98.87%) moved, 1006 (0.01%) markwords preserved
[100.560s][info   ][gc     ] GC(28) Heap: 1024M reserved, 1024M (100.00%) committed, 482M (47.15%) used
[100.560s][info   ][gc     ] GC(28) Lisp2-style Mark-Compact (Allocation Failure) 1021M->482M(1024M) 4284.758ms
[100.560s][info   ][gc     ] Heap: 1024M reserved, 1024M (100.00%) committed, 482M (47.15%) used
[100.581s][info   ][gc     ] Heap: 1024M reserved, 1024M (100.00%) committed, 534M (52.20%) used
[100.605s][info   ][gc     ] Heap: 1024M reserved, 1024M (100.00%) committed, 586M (57.29%) used
[100.627s][info   ][gc     ] Heap: 1024M reserved, 1024M (100.00%) committed, 639M (62.43%) used
[100.648s][info   ][gc     ] Heap: 1024M reserved, 1024M (100.00%) committed, 691M (67.56%) used
[100.669s][info   ][gc     ] Heap: 1024M reserved, 1024M (100.00%) committed, 743M (72.63%) used
[100.692s][info   ][gc     ] Heap: 1024M reserved, 1024M (100.00%) committed, 797M (77.87%) used
35%[100.716s][info   ][gc     ] Heap: 1024M reserved, 1024M (100.00%) committed, 851M (83.20%) used
[100.742s][info   ][gc     ] Heap: 1024M reserved, 1024M (100.00%) committed, 903M (88.28%) used
[100.764s][info   ][gc     ] Heap: 1024M reserved, 1024M (100.00%) committed, 955M (93.36%) used
[100.789s][info   ][gc     ] Heap: 1024M reserved, 1024M (100.00%) committed, 1007M (98.43%) used
[100.799s][info   ][gc     ] GC(29) Step 0: Prologue 0.436ms
[102.008s][info   ][gc     ] GC(29) Step 1: Mark 1208.867ms
[102.488s][info   ][gc     ] GC(29) Step 2: Calculate new locations 479.758ms
[104.567s][info   ][gc     ] GC(29) Step 3: Adjust pointers 2078.754ms
[105.057s][info   ][gc     ] GC(29) Step 4: Move objects 489.656ms
[105.057s][info   ][gc     ] GC(29) Step 5: Epilogue 0.760ms
[105.057s][info   ][gc     ] GC(29) GC Stats: 9745 (0.07%) reachable from roots, 14037265 (99.93%) reachable from heap, 13889229 (98.88%) moved, 1116 (0.01%) markwords preserved
[105.057s][info   ][gc     ] GC(29) Heap: 1024M reserved, 1024M (100.00%) committed, 485M (47.45%) used
[105.057s][info   ][gc     ] GC(29) Lisp2-style Mark-Compact (Allocation Failure) 1023M->485M(1024M) 4258.630ms
[105.058s][info   ][gc     ] Heap: 1024M reserved, 1024M (100.00%) committed, 485M (47.45%) used
[105.079s][info   ][gc     ] Heap: 1024M reserved, 1024M (100.00%) committed, 538M (52.55%) used
[105.079s][info   ][gc     ] Heap: 1024M reserved, 1024M (100.00%) committed, 537M (52.48%) used
[105.101s][info   ][gc     ] Heap: 1024M reserved, 1024M (100.00%) committed, 589M (57.58%) used
[105.122s][info   ][gc     ] Heap: 1024M reserved, 1024M (100.00%) committed, 642M (62.74%) used
[105.142s][info   ][gc     ] Heap: 1024M reserved, 1024M (100.00%) committed, 695M (67.94%) used
[105.162s][info   ][gc     ] Heap: 1024M reserved, 1024M (100.00%) committed, 747M (72.95%) used
[105.181s][info   ][gc     ] Heap: 1024M reserved, 1024M (100.00%) committed, 801M (78.23%) used
[105.209s][info   ][gc     ] Heap: 1024M reserved, 1024M (100.00%) committed, 855M (83.50%) used
[105.231s][info   ][gc     ] Heap: 1024M reserved, 1024M (100.00%) committed, 906M (88.57%) used
[105.251s][info   ][gc     ] Heap: 1024M reserved, 1024M (100.00%) committed, 958M (93.65%) used
[105.276s][info   ][gc     ] Heap: 1024M reserved, 1024M (100.00%) committed, 1010M (98.73%) used
[105.282s][info   ][gc     ] GC(30) Step 0: Prologue 0.475ms
[106.507s][info   ][gc     ] GC(30) Step 1: Mark 1224.417ms
[106.999s][info   ][gc     ] GC(30) Step 2: Calculate new locations 492.763ms
[109.064s][info   ][gc     ] GC(30) Step 3: Adjust pointers 2064.299ms
[109.579s][info   ][gc     ] GC(30) Step 4: Move objects 514.793ms
[109.579s][info   ][gc     ] GC(30) Step 5: Epilogue 0.692ms
[109.579s][info   ][gc     ] GC(30) GC Stats: 9902 (0.07%) reachable from roots, 14133723 (99.93%) reachable from heap, 13985907 (98.88%) moved, 1217 (0.01%) markwords preserved
[109.579s][info   ][gc     ] GC(30) Heap: 1024M reserved, 1024M (100.00%) committed, 489M (47.79%) used
[109.579s][info   ][gc     ] GC(30) Lisp2-style Mark-Compact (Allocation Failure) 1022M->489M(1024M) 4297.745ms
[109.580s][info   ][gc     ] Heap: 1024M reserved, 1024M (100.00%) committed, 489M (47.79%) used
[109.600s][info   ][gc     ] Heap: 1024M reserved, 1024M (100.00%) committed, 540M (52.82%) used
[109.621s][info   ][gc     ] Heap: 1024M reserved, 1024M (100.00%) committed, 592M (57.85%) used
[109.641s][info   ][gc     ] Heap: 1024M reserved, 1024M (100.00%) committed, 645M (63.03%) used
40%[109.662s][info   ][gc     ] Heap: 1024M reserved, 1024M (100.00%) committed, 696M (68.04%) used
[109.681s][info   ][gc     ] Heap: 1024M reserved, 1024M (100.00%) committed, 748M (73.06%) used
[109.704s][info   ][gc     ] Heap: 1024M reserved, 1024M (100.00%) committed, 800M (78.19%) used
[109.730s][info   ][gc     ] Heap: 1024M reserved, 1024M (100.00%) committed, 854M (83.45%) used
[109.750s][info   ][gc     ] Heap: 1024M reserved, 1024M (100.00%) committed, 906M (88.52%) used
[109.768s][info   ][gc     ] Heap: 1024M reserved, 1024M (100.00%) committed, 958M (93.60%) used
[109.793s][info   ][gc     ] Heap: 1024M reserved, 1024M (100.00%) committed, 1010M (98.68%) used
[109.800s][info   ][gc     ] GC(31) Step 0: Prologue 0.602ms
[111.040s][info   ][gc     ] GC(31) Step 1: Mark 1240.571ms
[111.521s][info   ][gc     ] GC(31) Step 2: Calculate new locations 480.292ms
[113.557s][info   ][gc     ] GC(31) Step 3: Adjust pointers 2036.143ms
[114.044s][info   ][gc     ] GC(31) Step 4: Move objects 487.183ms
[114.045s][info   ][gc     ] GC(31) Step 5: Epilogue 0.813ms
[114.045s][info   ][gc     ] GC(31) GC Stats: 9957 (0.07%) reachable from roots, 14221281 (99.93%) reachable from heap, 14073291 (98.89%) moved, 1298 (0.01%) markwords preserved
[114.045s][info   ][gc     ] GC(31) Heap: 1024M reserved, 1024M (100.00%) committed, 492M (48.08%) used
[114.045s][info   ][gc     ] GC(31) Lisp2-style Mark-Compact (Allocation Failure) 1022M->492M(1024M) 4245.999ms
[114.045s][info   ][gc     ] Heap: 1024M reserved, 1024M (100.00%) committed, 492M (48.08%) used
[114.064s][info   ][gc     ] Heap: 1024M reserved, 1024M (100.00%) committed, 543M (53.11%) used
[114.083s][info   ][gc     ] Heap: 1024M reserved, 1024M (100.00%) committed, 595M (58.11%) used
[114.100s][info   ][gc     ] Heap: 1024M reserved, 1024M (100.00%) committed, 647M (63.19%) used
[114.119s][info   ][gc     ] Heap: 1024M reserved, 1024M (100.00%) committed, 700M (68.37%) used
[114.144s][info   ][gc     ] Heap: 1024M reserved, 1024M (100.00%) committed, 754M (73.66%) used
[114.166s][info   ][gc     ] Heap: 1024M reserved, 1024M (100.00%) committed, 808M (78.95%) used
[114.182s][info   ][gc     ] Heap: 1024M reserved, 1024M (100.00%) committed, 861M (84.17%) used
[114.205s][info   ][gc     ] Heap: 1024M reserved, 1024M (100.00%) committed, 913M (89.20%) used
[114.224s][info   ][gc     ] Heap: 1024M reserved, 1024M (100.00%) committed, 965M (94.28%) used
[114.243s][info   ][gc     ] Heap: 1024M reserved, 1024M (100.00%) committed, 1017M (99.36%) used
[114.247s][info   ][gc     ] GC(32) Step 0: Prologue 0.380ms
[115.497s][info   ][gc     ] GC(32) Step 1: Mark 1249.719ms
[115.998s][info   ][gc     ] GC(32) Step 2: Calculate new locations 501.263ms
[118.168s][info   ][gc     ] GC(32) Step 3: Adjust pointers 2169.253ms
[118.662s][info   ][gc     ] GC(32) Step 4: Move objects 494.288ms
[118.663s][info   ][gc     ] GC(32) Step 5: Epilogue 0.969ms
[118.663s][info   ][gc     ] GC(32) GC Stats: 10116 (0.07%) reachable from roots, 14315565 (99.93%) reachable from heap, 14167738 (98.90%) moved, 1388 (0.01%) markwords preserved
[118.663s][info   ][gc     ] GC(32) Heap: 1024M reserved, 1024M (100.00%) committed, 495M (48.41%) used
[118.663s][info   ][gc     ] GC(32) Lisp2-style Mark-Compact (Allocation Failure) 1021M->495M(1024M) 4416.285ms
[118.663s][info   ][gc     ] Heap: 1024M reserved, 1024M (100.00%) committed, 499M (48.80%) used
45%[118.686s][info   ][gc     ] Heap: 1024M reserved, 1024M (100.00%) committed, 550M (53.81%) used
[118.707s][info   ][gc     ] Heap: 1024M reserved, 1024M (100.00%) committed, 602M (58.83%) used
[118.732s][info   ][gc     ] Heap: 1024M reserved, 1024M (100.00%) committed, 654M (63.87%) used
[118.755s][info   ][gc     ] Heap: 1024M reserved, 1024M (100.00%) committed, 707M (69.06%) used
[118.776s][info   ][gc     ] Heap: 1024M reserved, 1024M (100.00%) committed, 759M (74.21%) used
[118.799s][info   ][gc     ] Heap: 1024M reserved, 1024M (100.00%) committed, 813M (79.41%) used
[118.818s][info   ][gc     ] Heap: 1024M reserved, 1024M (100.00%) committed, 866M (84.58%) used
[118.837s][info   ][gc     ] Heap: 1024M reserved, 1024M (100.00%) committed, 920M (89.93%) used
[118.861s][info   ][gc     ] Heap: 1024M reserved, 1024M (100.00%) committed, 972M (95.00%) used
[118.880s][info   ][gc     ] GC(33) Step 0: Prologue 0.385ms
[120.169s][info   ][gc     ] GC(33) Step 1: Mark 1288.983ms
[120.656s][info   ][gc     ] GC(33) Step 2: Calculate new locations 486.290ms
[122.745s][info   ][gc     ] GC(33) Step 3: Adjust pointers 2088.984ms
[123.246s][info   ][gc     ] GC(33) Step 4: Move objects 500.897ms
[123.247s][info   ][gc     ] GC(33) Step 5: Epilogue 0.631ms
[123.247s][info   ][gc     ] GC(33) GC Stats: 10152 (0.07%) reachable from roots, 14405644 (99.93%) reachable from heap, 14257689 (98.90%) moved, 1473 (0.01%) markwords preserved
[123.247s][info   ][gc     ] GC(33) Heap: 1024M reserved, 1024M (100.00%) committed, 498M (48.72%) used
[123.247s][info   ][gc     ] GC(33) Lisp2-style Mark-Compact (Allocation Failure) 1020M->498M(1024M) 4366.748ms
[123.247s][info   ][gc     ] Heap: 1024M reserved, 1024M (100.00%) committed, 498M (48.72%) used
[123.266s][info   ][gc     ] Heap: 1024M reserved, 1024M (100.00%) committed, 550M (53.75%) used
[123.284s][info   ][gc     ] Heap: 1024M reserved, 1024M (100.00%) committed, 601M (58.78%) used
[123.301s][info   ][gc     ] Heap: 1024M reserved, 1024M (100.00%) committed, 653M (63.81%) used
[123.321s][info   ][gc     ] Heap: 1024M reserved, 1024M (100.00%) committed, 705M (68.93%) used
[123.339s][info   ][gc     ] Heap: 1024M reserved, 1024M (100.00%) committed, 758M (74.04%) used
[123.358s][info   ][gc     ] Heap: 1024M reserved, 1024M (100.00%) committed, 810M (79.18%) used
[123.379s][info   ][gc     ] Heap: 1024M reserved, 1024M (100.00%) committed, 864M (84.42%) used
50%[123.399s][info   ][gc     ] Heap: 1024M reserved, 1024M (100.00%) committed, 915M (89.45%) used
[123.416s][info   ][gc     ] Heap: 1024M reserved, 1024M (100.00%) committed, 967M (94.53%) used
[123.436s][info   ][gc     ] Heap: 1024M reserved, 1024M (100.00%) committed, 1019M (99.61%) used
[123.439s][info   ][gc     ] GC(34) Step 0: Prologue 0.527ms
[124.712s][info   ][gc     ] GC(34) Step 1: Mark 1273.108ms
[125.203s][info   ][gc     ] GC(34) Step 2: Calculate new locations 491.398ms
[127.313s][info   ][gc     ] GC(34) Step 3: Adjust pointers 2109.692ms
[127.816s][info   ][gc     ] GC(34) Step 4: Move objects 502.318ms
[127.816s][info   ][gc     ] GC(34) Step 5: Epilogue 0.645ms
[127.816s][info   ][gc     ] GC(34) GC Stats: 10273 (0.07%) reachable from roots, 14481576 (99.93%) reachable from heap, 14333448 (98.91%) moved, 1582 (0.01%) markwords preserved
[127.816s][info   ][gc     ] GC(34) Heap: 1024M reserved, 1024M (100.00%) committed, 501M (48.94%) used
[127.816s][info   ][gc     ] GC(34) Lisp2-style Mark-Compact (Allocation Failure) 1023M->501M(1024M) 4378.271ms
[127.816s][info   ][gc     ] Heap: 1024M reserved, 1024M (100.00%) committed, 501M (48.94%) used
[127.835s][info   ][gc     ] Heap: 1024M reserved, 1024M (100.00%) committed, 552M (53.99%) used
[127.852s][info   ][gc     ] Heap: 1024M reserved, 1024M (100.00%) committed, 605M (59.10%) used
[127.870s][info   ][gc     ] Heap: 1024M reserved, 1024M (100.00%) committed, 656M (64.15%) used
[127.892s][info   ][gc     ] Heap: 1024M reserved, 1024M (100.00%) committed, 708M (69.18%) used
[127.912s][info   ][gc     ] Heap: 1024M reserved, 1024M (100.00%) committed, 762M (74.42%) used
[127.929s][info   ][gc     ] Heap: 1024M reserved, 1024M (100.00%) committed, 815M (79.62%) used
[127.948s][info   ][gc     ] Heap: 1024M reserved, 1024M (100.00%) committed, 867M (84.72%) used
[127.969s][info   ][gc     ] Heap: 1024M reserved, 1024M (100.00%) committed, 922M (90.11%) used
[127.990s][info   ][gc     ] Heap: 1024M reserved, 1024M (100.00%) committed, 974M (95.14%) used
[128.007s][info   ][gc     ] GC(35) Step 0: Prologue 0.587ms
[129.307s][info   ][gc     ] GC(35) Step 1: Mark 1298.939ms
[129.807s][info   ][gc     ] GC(35) Step 2: Calculate new locations 500.901ms
[131.941s][info   ][gc     ] GC(35) Step 3: Adjust pointers 2133.901ms
[132.439s][info   ][gc     ] GC(35) Step 4: Move objects 497.652ms
[132.440s][info   ][gc     ] GC(35) Step 5: Epilogue 0.605ms
[132.440s][info   ][gc     ] GC(35) GC Stats: 9089 (0.06%) reachable from roots, 14563137 (99.94%) reachable from heap, 14415340 (98.92%) moved, 358 (0.00%) markwords preserved
[132.440s][info   ][gc     ] GC(35) Heap: 1024M reserved, 1024M (100.00%) committed, 503M (49.18%) used
[132.440s][info   ][gc     ] GC(35) Lisp2-style Mark-Compact (Allocation Failure) 1022M->503M(1024M) 4433.076ms
[132.440s][info   ][gc     ] Heap: 1024M reserved, 1024M (100.00%) committed, 507M (49.57%) used
[132.462s][info   ][gc     ] Heap: 1024M reserved, 1024M (100.00%) committed, 559M (54.61%) used
[132.480s][info   ][gc     ] Heap: 1024M reserved, 1024M (100.00%) committed, 610M (59.62%) used
[132.502s][info   ][gc     ] Heap: 1024M reserved, 1024M (100.00%) committed, 662M (64.72%) used
[132.521s][info   ][gc     ] Heap: 1024M reserved, 1024M (100.00%) committed, 715M (69.89%) used
55%[132.541s][info   ][gc     ] Heap: 1024M reserved, 1024M (100.00%) committed, 768M (75.00%) used
[132.559s][info   ][gc     ] Heap: 1024M reserved, 1024M (100.00%) committed, 822M (80.35%) used
[132.580s][info   ][gc     ] Heap: 1024M reserved, 1024M (100.00%) committed, 876M (85.63%) used
[132.599s][info   ][gc     ] Heap: 1024M reserved, 1024M (100.00%) committed, 928M (90.70%) used
[132.622s][info   ][gc     ] Heap: 1024M reserved, 1024M (100.00%) committed, 980M (95.78%) used
[132.641s][info   ][gc     ] GC(36) Step 0: Prologue 0.278ms
[133.988s][info   ][gc     ] GC(36) Step 1: Mark 1346.679ms
[134.512s][info   ][gc     ] GC(36) Step 2: Calculate new locations 523.846ms
[136.626s][info   ][gc     ] GC(36) Step 3: Adjust pointers 2114.257ms
[137.127s][info   ][gc     ] GC(36) Step 4: Move objects 501.000ms
[137.128s][info   ][gc     ] GC(36) Step 5: Epilogue 0.635ms
[137.128s][info   ][gc     ] GC(36) GC Stats: 9156 (0.06%) reachable from roots, 14648089 (99.94%) reachable from heap, 14500263 (98.93%) moved, 459 (0.00%) markwords preserved
[137.128s][info   ][gc     ] GC(36) Heap: 1024M reserved, 1024M (100.00%) committed, 506M (49.46%) used
[137.128s][info   ][gc     ] GC(36) Lisp2-style Mark-Compact (Allocation Failure) 1020M->506M(1024M) 4487.302ms
[137.128s][info   ][gc     ] Heap: 1024M reserved, 1024M (100.00%) committed, 506M (49.46%) used
[137.146s][info   ][gc     ] Heap: 1024M reserved, 1024M (100.00%) committed, 558M (54.51%) used
[137.163s][info   ][gc     ] Heap: 1024M reserved, 1024M (100.00%) committed, 609M (59.56%) used
[137.180s][info   ][gc     ] Heap: 1024M reserved, 1024M (100.00%) committed, 661M (64.62%) used
[137.199s][info   ][gc     ] Heap: 1024M reserved, 1024M (100.00%) committed, 714M (69.82%) used
[137.217s][info   ][gc     ] Heap: 1024M reserved, 1024M (100.00%) committed, 768M (75.02%) used
[137.235s][info   ][gc     ] Heap: 1024M reserved, 1024M (100.00%) committed, 819M (80.04%) used
[137.255s][info   ][gc     ] Heap: 1024M reserved, 1024M (100.00%) committed, 872M (85.18%) used
[137.274s][info   ][gc     ] Heap: 1024M reserved, 1024M (100.00%) committed, 923M (90.20%) used
[137.293s][info   ][gc     ] Heap: 1024M reserved, 1024M (100.00%) committed, 975M (95.28%) used
[137.313s][info   ][gc     ] GC(37) Step 0: Prologue 0.286ms
[138.598s][info   ][gc     ] GC(37) Step 1: Mark 1284.730ms
[139.119s][info   ][gc     ] GC(37) Step 2: Calculate new locations 520.489ms
[141.233s][info   ][gc     ] GC(37) Step 3: Adjust pointers 2113.736ms
[141.740s][info   ][gc     ] GC(37) Step 4: Move objects 507.341ms
[141.741s][info   ][gc     ] GC(37) Step 5: Epilogue 0.874ms
[141.741s][info   ][gc     ] GC(37) GC Stats: 9219 (0.06%) reachable from roots, 14732519 (99.94%) reachable from heap, 14584688 (98.93%) moved, 544 (0.00%) markwords preserved
[141.741s][info   ][gc     ] GC(37) Heap: 1024M reserved, 1024M (100.00%) committed, 509M (49.75%) used
[141.741s][info   ][gc     ] GC(37) Lisp2-style Mark-Compact (Allocation Failure) 1023M->509M(1024M) 4427.889ms
[141.741s][info   ][gc     ] Heap: 1024M reserved, 1024M (100.00%) committed, 509M (49.75%) used
[141.762s][info   ][gc     ] Heap: 1024M reserved, 1024M (100.00%) committed, 560M (54.78%) used
60%[141.782s][info   ][gc     ] Heap: 1024M reserved, 1024M (100.00%) committed, 612M (59.84%) used
[141.802s][info   ][gc     ] Heap: 1024M reserved, 1024M (100.00%) committed, 665M (64.96%) used
[141.820s][info   ][gc     ] Heap: 1024M reserved, 1024M (100.00%) committed, 718M (70.13%) used
[141.840s][info   ][gc     ] Heap: 1024M reserved, 1024M (100.00%) committed, 772M (75.41%) used
[141.858s][info   ][gc     ] Heap: 1024M reserved, 1024M (100.00%) committed, 824M (80.54%) used
[141.878s][info   ][gc     ] Heap: 1024M reserved, 1024M (100.00%) committed, 878M (85.81%) used
[141.897s][info   ][gc     ] Heap: 1024M reserved, 1024M (100.00%) committed, 930M (90.87%) used
[141.916s][info   ][gc     ] Heap: 1024M reserved, 1024M (100.00%) committed, 982M (95.95%) used
[141.934s][info   ][gc     ] GC(38) Step 0: Prologue 0.389ms
[143.285s][info   ][gc     ] GC(38) Step 1: Mark 1350.806ms
[143.800s][info   ][gc     ] GC(38) Step 2: Calculate new locations 514.301ms
[145.988s][info   ][gc     ] GC(38) Step 3: Adjust pointers 2187.963ms
[146.502s][info   ][gc     ] GC(38) Step 4: Move objects 513.845ms
[146.502s][info   ][gc     ] GC(38) Step 5: Epilogue 0.585ms
[146.502s][info   ][gc     ] GC(38) GC Stats: 9313 (0.06%) reachable from roots, 14816864 (99.94%) reachable from heap, 14668918 (98.94%) moved, 629 (0.00%) markwords preserved
[146.502s][info   ][gc     ] GC(38) Heap: 1024M reserved, 1024M (100.00%) committed, 512M (50.03%) used
[146.502s][info   ][gc     ] GC(38) Lisp2-style Mark-Compact (Allocation Failure) 1022M->512M(1024M) 4568.409ms
[146.503s][info   ][gc     ] Heap: 1024M reserved, 1024M (100.00%) committed, 516M (50.42%) used
[146.521s][info   ][gc     ] Heap: 1024M reserved, 1024M (100.00%) committed, 567M (55.46%) used
[146.540s][info   ][gc     ] Heap: 1024M reserved, 1024M (100.00%) committed, 619M (60.48%) used
[146.558s][info   ][gc     ] Heap: 1024M reserved, 1024M (100.00%) committed, 671M (65.53%) used
[146.576s][info   ][gc     ] Heap: 1024M reserved, 1024M (100.00%) committed, 723M (70.63%) used
[146.592s][info   ][gc     ] Heap: 1024M reserved, 1024M (100.00%) committed, 774M (75.67%) used
[146.611s][info   ][gc     ] Heap: 1024M reserved, 1024M (100.00%) committed, 828M (80.91%) used
[146.626s][info   ][gc     ] Heap: 1024M reserved, 1024M (100.00%) committed, 881M (86.09%) used
[146.648s][info   ][gc     ] Heap: 1024M reserved, 1024M (100.00%) committed, 933M (91.16%) used
65%[146.668s][info   ][gc     ] Heap: 1024M reserved, 1024M (100.00%) committed, 985M (96.23%) used
[146.685s][info   ][gc     ] GC(39) Step 0: Prologue 0.222ms
[148.034s][info   ][gc     ] GC(39) Step 1: Mark 1348.835ms
[148.554s][info   ][gc     ] GC(39) Step 2: Calculate new locations 519.694ms
[150.796s][info   ][gc     ] GC(39) Step 3: Adjust pointers 2241.241ms
[151.314s][info   ][gc     ] GC(39) Step 4: Move objects 518.045ms
[151.315s][info   ][gc     ] GC(39) Step 5: Epilogue 0.757ms
[151.315s][info   ][gc     ] GC(39) GC Stats: 9432 (0.06%) reachable from roots, 14903009 (99.94%) reachable from heap, 14755163 (98.95%) moved, 708 (0.00%) markwords preserved
[151.315s][info   ][gc     ] GC(39) Heap: 1024M reserved, 1024M (100.00%) committed, 515M (50.33%) used
[151.315s][info   ][gc     ] GC(39) Lisp2-style Mark-Compact (Allocation Failure) 1021M->515M(1024M) 4629.450ms
[151.315s][info   ][gc     ] Heap: 1024M reserved, 1024M (100.00%) committed, 519M (50.72%) used
[151.336s][info   ][gc     ] Heap: 1024M reserved, 1024M (100.00%) committed, 570M (55.76%) used
[151.356s][info   ][gc     ] Heap: 1024M reserved, 1024M (100.00%) committed, 622M (60.77%) used
[151.376s][info   ][gc     ] Heap: 1024M reserved, 1024M (100.00%) committed, 673M (65.82%) used
[151.397s][info   ][gc     ] Heap: 1024M reserved, 1024M (100.00%) committed, 726M (71.00%) used
[151.422s][info   ][gc     ] Heap: 1024M reserved, 1024M (100.00%) committed, 779M (76.13%) used
[151.444s][info   ][gc     ] Heap: 1024M reserved, 1024M (100.00%) committed, 833M (81.39%) used
[151.466s][info   ][gc     ] Heap: 1024M reserved, 1024M (100.00%) committed, 888M (86.76%) used
[151.492s][info   ][gc     ] Heap: 1024M reserved, 1024M (100.00%) committed, 940M (91.84%) used
[151.509s][info   ][gc     ] Heap: 1024M reserved, 1024M (100.00%) committed, 992M (96.92%) used
[151.511s][info   ][gc     ] Heap: 1024M reserved, 1024M (100.00%) committed, 988M (96.53%) used
[151.524s][info   ][gc     ] GC(40) Step 0: Prologue 0.423ms
[152.836s][info   ][gc     ] GC(40) Step 1: Mark 1311.752ms
[153.352s][info   ][gc     ] GC(40) Step 2: Calculate new locations 515.575ms
[155.518s][info   ][gc     ] GC(40) Step 3: Adjust pointers 2166.439ms
[156.039s][info   ][gc     ] GC(40) Step 4: Move objects 520.265ms
[156.040s][info   ][gc     ] GC(40) Step 5: Epilogue 0.968ms
[156.040s][info   ][gc     ] GC(40) GC Stats: 9478 (0.06%) reachable from roots, 14986633 (99.94%) reachable from heap, 14838443 (98.95%) moved, 791 (0.01%) markwords preserved
[156.040s][info   ][gc     ] GC(40) Heap: 1024M reserved, 1024M (100.00%) committed, 518M (50.61%) used
[156.040s][info   ][gc     ] GC(40) Lisp2-style Mark-Compact (Allocation Failure) 1020M->518M(1024M) 4515.908ms
[156.040s][info   ][gc     ] Heap: 1024M reserved, 1024M (100.00%) committed, 518M (50.61%) used
[156.060s][info   ][gc     ] Heap: 1024M reserved, 1024M (100.00%) committed, 569M (55.65%) used
[156.079s][info   ][gc     ] Heap: 1024M reserved, 1024M (100.00%) committed, 621M (60.73%) used
[156.097s][info   ][gc     ] Heap: 1024M reserved, 1024M (100.00%) committed, 673M (65.79%) used
[156.120s][info   ][gc     ] Heap: 1024M reserved, 1024M (100.00%) committed, 725M (70.86%) used
[156.142s][info   ][gc     ] Heap: 1024M reserved, 1024M (100.00%) committed, 779M (76.14%) used
[156.160s][info   ][gc     ] Heap: 1024M reserved, 1024M (100.00%) committed, 834M (81.46%) used
70%[156.183s][info   ][gc     ] Heap: 1024M reserved, 1024M (100.00%) committed, 887M (86.71%) used
[156.204s][info   ][gc     ] Heap: 1024M reserved, 1024M (100.00%) committed, 939M (91.73%) used
[156.226s][info   ][gc     ] Heap: 1024M reserved, 1024M (100.00%) committed, 991M (96.81%) used
[156.240s][info   ][gc     ] GC(41) Step 0: Prologue 0.435ms
[157.565s][info   ][gc     ] GC(41) Step 1: Mark 1324.735ms
[158.084s][info   ][gc     ] GC(41) Step 2: Calculate new locations 518.675ms
[160.287s][info   ][gc     ] GC(41) Step 3: Adjust pointers 2203.298ms
[160.806s][info   ][gc     ] GC(41) Step 4: Move objects 518.477ms
[160.806s][info   ][gc     ] GC(41) Step 5: Epilogue 0.716ms
[160.807s][info   ][gc     ] GC(41) GC Stats: 9596 (0.06%) reachable from roots, 15068387 (99.94%) reachable from heap, 14920285 (98.95%) moved, 882 (0.01%) markwords preserved
[160.807s][info   ][gc     ] GC(41) Heap: 1024M reserved, 1024M (100.00%) committed, 520M (50.87%) used
[160.807s][info   ][gc     ] GC(41) Lisp2-style Mark-Compact (Allocation Failure) 1023M->520M(1024M) 4566.917ms
[160.807s][info   ][gc     ] Heap: 1024M reserved, 1024M (100.00%) committed, 520M (50.87%) used
[160.827s][info   ][gc     ] Heap: 1024M reserved, 1024M (100.00%) committed, 572M (55.92%) used
[160.846s][info   ][gc     ] Heap: 1024M reserved, 1024M (100.00%) committed, 624M (60.96%) used
[160.866s][info   ][gc     ] Heap: 1024M reserved, 1024M (100.00%) committed, 675M (65.96%) used
[160.885s][info   ][gc     ] Heap: 1024M reserved, 1024M (100.00%) committed, 729M (71.19%) used
[160.906s][info   ][gc     ] Heap: 1024M reserved, 1024M (100.00%) committed, 780M (76.22%) used
[160.923s][info   ][gc     ] Heap: 1024M reserved, 1024M (100.00%) committed, 833M (81.44%) used
[160.945s][info   ][gc     ] Heap: 1024M reserved, 1024M (100.00%) committed, 886M (86.58%) used
[160.964s][info   ][gc     ] Heap: 1024M reserved, 1024M (100.00%) committed, 938M (91.60%) used
[160.986s][info   ][gc     ] Heap: 1024M reserved, 1024M (100.00%) committed, 990M (96.68%) used
[160.999s][info   ][gc     ] GC(42) Step 0: Prologue 0.458ms
[162.336s][info   ][gc     ] GC(42) Step 1: Mark 1337.037ms
[162.858s][info   ][gc     ] GC(42) Step 2: Calculate new locations 521.982ms
[165.067s][info   ][gc     ] GC(42) Step 3: Adjust pointers 2208.756ms
[165.595s][info   ][gc     ] GC(42) Step 4: Move objects 527.992ms
[165.596s][info   ][gc     ] GC(42) Step 5: Epilogue 0.694ms
[165.596s][info   ][gc     ] GC(42) GC Stats: 9661 (0.06%) reachable from roots, 15153200 (99.94%) reachable from heap, 15005205 (98.96%) moved, 975 (0.01%) markwords preserved
[165.596s][info   ][gc     ] GC(42) Heap: 1024M reserved, 1024M (100.00%) committed, 523M (51.15%) used
[165.596s][info   ][gc     ] GC(42) Lisp2-style Mark-Compact (Allocation Failure) 1022M->523M(1024M) 4597.397ms
[165.596s][info   ][gc     ] Heap: 1024M reserved, 1024M (100.00%) committed, 523M (51.15%) used
[165.618s][info   ][gc     ] Heap: 1024M reserved, 1024M (100.00%) committed, 575M (56.16%) used
[165.636s][info   ][gc     ] Heap: 1024M reserved, 1024M (100.00%) committed, 626M (61.17%) used
[165.654s][info   ][gc     ] Heap: 1024M reserved, 1024M (100.00%) committed, 678M (66.23%) used
[165.674s][info   ][gc     ] Heap: 1024M reserved, 1024M (100.00%) committed, 730M (71.29%) used
[165.693s][info   ][gc     ] Heap: 1024M reserved, 1024M (100.00%) committed, 781M (76.34%) used
75%[165.711s][info   ][gc     ] Heap: 1024M reserved, 1024M (100.00%) committed, 835M (81.58%) used
[165.733s][info   ][gc     ] Heap: 1024M reserved, 1024M (100.00%) committed, 889M (86.82%) used
[165.755s][info   ][gc     ] Heap: 1024M reserved, 1024M (100.00%) committed, 940M (91.88%) used
[165.773s][info   ][gc     ] Heap: 1024M reserved, 1024M (100.00%) committed, 992M (96.96%) used
[165.784s][info   ][gc     ] GC(43) Step 0: Prologue 0.572ms
[167.111s][info   ][gc     ] GC(43) Step 1: Mark 1327.026ms
[167.634s][info   ][gc     ] GC(43) Step 2: Calculate new locations 522.813ms
[169.857s][info   ][gc     ] GC(43) Step 3: Adjust pointers 2222.603ms
[170.391s][info   ][gc     ] GC(43) Step 4: Move objects 533.586ms
[170.392s][info   ][gc     ] GC(43) Step 5: Epilogue 1.039ms
[170.392s][info   ][gc     ] GC(43) GC Stats: 9739 (0.06%) reachable from roots, 15237449 (99.94%) reachable from heap, 15089640 (98.97%) moved, 1041 (0.01%) markwords preserved
[170.392s][info   ][gc     ] GC(43) Heap: 1024M reserved, 1024M (100.00%) committed, 526M (51.44%) used
[170.392s][info   ][gc     ] GC(43) Lisp2-style Mark-Compact (Allocation Failure) 1020M->526M(1024M) 4608.162ms
[170.392s][info   ][gc     ] Heap: 1024M reserved, 1024M (100.00%) committed, 530M (51.83%) used
[170.412s][info   ][gc     ] Heap: 1024M reserved, 1024M (100.00%) committed, 582M (56.87%) used
[170.432s][info   ][gc     ] Heap: 1024M reserved, 1024M (100.00%) committed, 634M (61.93%) used
[170.453s][info   ][gc     ] Heap: 1024M reserved, 1024M (100.00%) committed, 686M (67.08%) used
[170.474s][info   ][gc     ] Heap: 1024M reserved, 1024M (100.00%) committed, 739M (72.23%) used
[170.492s][info   ][gc     ] Heap: 1024M reserved, 1024M (100.00%) committed, 791M (77.31%) used
[170.513s][info   ][gc     ] Heap: 1024M reserved, 1024M (100.00%) committed, 845M (82.57%) used
[170.533s][info   ][gc     ] Heap: 1024M reserved, 1024M (100.00%) committed, 900M (87.92%) used
[170.555s][info   ][gc     ] Heap: 1024M reserved, 1024M (100.00%) committed, 951M (92.95%) used
[170.578s][info   ][gc     ] Heap: 1024M reserved, 1024M (100.00%) committed, 1003M (98.03%) used
[170.589s][info   ][gc     ] GC(44) Step 0: Prologue 0.248ms
[171.951s][info   ][gc     ] GC(44) Step 1: Mark 1361.511ms
[172.477s][info   ][gc     ] GC(44) Step 2: Calculate new locations 526.053ms
[174.718s][info   ][gc     ] GC(44) Step 3: Adjust pointers 2240.770ms
[175.255s][info   ][gc     ] GC(44) Step 4: Move objects 536.328ms
[175.255s][info   ][gc     ] GC(44) Step 5: Epilogue 0.774ms
[175.255s][info   ][gc     ] GC(44) GC Stats: 9822 (0.06%) reachable from roots, 15327122 (99.94%) reachable from heap, 15179144 (98.97%) moved, 1137 (0.01%) markwords preserved
[175.255s][info   ][gc     ] GC(44) Heap: 1024M reserved, 1024M (100.00%) committed, 529M (51.75%) used
[175.255s][info   ][gc     ] GC(44) Lisp2-style Mark-Compact (Allocation Failure) 1023M->529M(1024M) 4666.223ms
[175.256s][info   ][gc     ] Heap: 1024M reserved, 1024M (100.00%) committed, 529M (51.75%) used
[175.275s][info   ][gc     ] Heap: 1024M reserved, 1024M (100.00%) committed, 581M (56.76%) used
[175.293s][info   ][gc     ] Heap: 1024M reserved, 1024M (100.00%) committed, 632M (61.78%) used
[175.314s][info   ][gc     ] Heap: 1024M reserved, 1024M (100.00%) committed, 685M (66.92%) used
80%[175.333s][info   ][gc     ] Heap: 1024M reserved, 1024M (100.00%) committed, 738M (72.13%) used
[175.353s][info   ][gc     ] Heap: 1024M reserved, 1024M (100.00%) committed, 791M (77.33%) used
[175.374s][info   ][gc     ] Heap: 1024M reserved, 1024M (100.00%) committed, 845M (82.54%) used
[175.393s][info   ][gc     ] Heap: 1024M reserved, 1024M (100.00%) committed, 899M (87.80%) used
[175.413s][info   ][gc     ] Heap: 1024M reserved, 1024M (100.00%) committed, 950M (92.87%) used
[175.433s][info   ][gc     ] Heap: 1024M reserved, 1024M (100.00%) committed, 1002M (97.95%) used
[175.444s][info   ][gc     ] GC(45) Step 0: Prologue 0.357ms
[176.748s][info   ][gc     ] GC(45) Step 1: Mark 1304.471ms
[177.279s][info   ][gc     ] GC(45) Step 2: Calculate new locations 530.434ms
[179.529s][info   ][gc     ] GC(45) Step 3: Adjust pointers 2250.270ms
[180.069s][info   ][gc     ] GC(45) Step 4: Move objects 540.256ms
[180.070s][info   ][gc     ] GC(45) Step 5: Epilogue 0.706ms
[180.070s][info   ][gc     ] GC(45) GC Stats: 9973 (0.06%) reachable from roots, 15405762 (99.94%) reachable from heap, 15257777 (98.98%) moved, 1218 (0.01%) markwords preserved
[180.070s][info   ][gc     ] GC(45) Heap: 1024M reserved, 1024M (100.00%) committed, 532M (52.00%) used
[180.070s][info   ][gc     ] GC(45) Lisp2-style Mark-Compact (Allocation Failure) 1022M->532M(1024M) 4626.953ms
[180.070s][info   ][gc     ] Heap: 1024M reserved, 1024M (100.00%) committed, 532M (52.00%) used
[180.092s][info   ][gc     ] Heap: 1024M reserved, 1024M (100.00%) committed, 584M (57.04%) used
[180.116s][info   ][gc     ] Heap: 1024M reserved, 1024M (100.00%) committed, 636M (62.14%) used
[180.136s][info   ][gc     ] Heap: 1024M reserved, 1024M (100.00%) committed, 687M (67.18%) used
[180.155s][info   ][gc     ] Heap: 1024M reserved, 1024M (100.00%) committed, 740M (72.29%) used
[180.176s][info   ][gc     ] Heap: 1024M reserved, 1024M (100.00%) committed, 793M (77.50%) used
[180.197s][info   ][gc     ] Heap: 1024M reserved, 1024M (100.00%) committed, 847M (82.78%) used
[180.216s][info   ][gc     ] Heap: 1024M reserved, 1024M (100.00%) committed, 901M (88.05%) used
[180.241s][info   ][gc     ] Heap: 1024M reserved, 1024M (100.00%) committed, 953M (93.12%) used
[180.258s][info   ][gc     ] Heap: 1024M reserved, 1024M (100.00%) committed, 1005M (98.20%) used
[180.269s][info   ][gc     ] GC(46) Step 0: Prologue 0.378ms
[181.654s][info   ][gc     ] GC(46) Step 1: Mark 1385.136ms
[182.186s][info   ][gc     ] GC(46) Step 2: Calculate new locations 531.314ms
[184.445s][info   ][gc     ] GC(46) Step 3: Adjust pointers 2258.986ms
[184.988s][info   ][gc     ] GC(46) Step 4: Move objects 543.562ms
[184.990s][info   ][gc     ] GC(46) Step 5: Epilogue 1.240ms
[184.990s][info   ][gc     ] GC(46) GC Stats: 10018 (0.06%) reachable from roots, 15488991 (99.94%) reachable from heap, 15339760 (98.97%) moved, 1299 (0.01%) markwords preserved
[184.990s][info   ][gc     ] GC(46) Heap: 1024M reserved, 1024M (100.00%) committed, 535M (52.28%) used
[184.990s][info   ][gc     ] GC(46) Lisp2-style Mark-Compact (Allocation Failure) 1021M->535M(1024M) 4721.155ms
[184.990s][info   ][gc     ] Heap: 1024M reserved, 1024M (100.00%) committed, 535M (52.28%) used
[185.009s][info   ][gc     ] Heap: 1024M reserved, 1024M (100.00%) committed, 586M (57.32%) used
85%[185.028s][info   ][gc     ] Heap: 1024M reserved, 1024M (100.00%) committed, 639M (62.41%) used
[185.045s][info   ][gc     ] Heap: 1024M reserved, 1024M (100.00%) committed, 690M (67.43%) used
[185.065s][info   ][gc     ] Heap: 1024M reserved, 1024M (100.00%) committed, 742M (72.51%) used
[185.084s][info   ][gc     ] Heap: 1024M reserved, 1024M (100.00%) committed, 797M (77.84%) used
[185.106s][info   ][gc     ] Heap: 1024M reserved, 1024M (100.00%) committed, 850M (83.03%) used
[185.126s][info   ][gc     ] Heap: 1024M reserved, 1024M (100.00%) committed, 904M (88.33%) used
[185.146s][info   ][gc     ] Heap: 1024M reserved, 1024M (100.00%) committed, 956M (93.40%) used
[185.165s][info   ][gc     ] Heap: 1024M reserved, 1024M (100.00%) committed, 1008M (98.48%) used
[185.173s][info   ][gc     ] GC(47) Step 0: Prologue 0.439ms
[186.567s][info   ][gc     ] GC(47) Step 1: Mark 1393.852ms
[187.102s][info   ][gc     ] GC(47) Step 2: Calculate new locations 534.527ms
[189.379s][info   ][gc     ] GC(47) Step 3: Adjust pointers 2277.395ms
[189.926s][info   ][gc     ] GC(47) Step 4: Move objects 546.855ms
[189.927s][info   ][gc     ] GC(47) Step 5: Epilogue 0.623ms
[189.927s][info   ][gc     ] GC(47) GC Stats: 10116 (0.06%) reachable from roots, 15574978 (99.94%) reachable from heap, 15425662 (98.98%) moved, 1377 (0.01%) markwords preserved
[189.927s][info   ][gc     ] GC(47) Heap: 1024M reserved, 1024M (100.00%) committed, 538M (52.58%) used
[189.927s][info   ][gc     ] GC(47) Lisp2-style Mark-Compact (Allocation Failure) 1020M->538M(1024M) 4754.158ms
[189.927s][info   ][gc     ] Heap: 1024M reserved, 1024M (100.00%) committed, 538M (52.58%) used
[189.945s][info   ][gc     ] Heap: 1024M reserved, 1024M (100.00%) committed, 589M (57.60%) used
[189.965s][info   ][gc     ] Heap: 1024M reserved, 1024M (100.00%) committed, 641M (62.68%) used
[189.986s][info   ][gc     ] Heap: 1024M reserved, 1024M (100.00%) committed, 693M (67.75%) used
[190.002s][info   ][gc     ] Heap: 1024M reserved, 1024M (100.00%) committed, 745M (72.79%) used
[190.021s][info   ][gc     ] Heap: 1024M reserved, 1024M (100.00%) committed, 797M (77.91%) used
[190.041s][info   ][gc     ] Heap: 1024M reserved, 1024M (100.00%) committed, 850M (83.02%) used
[190.061s][info   ][gc     ] Heap: 1024M reserved, 1024M (100.00%) committed, 903M (88.24%) used
[190.082s][info   ][gc     ] Heap: 1024M reserved, 1024M (100.00%) committed, 955M (93.31%) used
[190.104s][info   ][gc     ] Heap: 1024M reserved, 1024M (100.00%) committed, 1007M (98.39%) used
[190.112s][info   ][gc     ] GC(48) Step 0: Prologue 0.502ms
[191.533s][info   ][gc     ] GC(48) Step 1: Mark 1420.657ms
[192.069s][info   ][gc     ] GC(48) Step 2: Calculate new locations 535.931ms
[194.350s][info   ][gc     ] GC(48) Step 3: Adjust pointers 2280.592ms
[194.899s][info   ][gc     ] GC(48) Step 4: Move objects 549.002ms
[194.899s][info   ][gc     ] GC(48) Step 5: Epilogue 0.626ms
[194.899s][info   ][gc     ] GC(48) GC Stats: 9059 (0.06%) reachable from roots, 15641984 (99.94%) reachable from heap, 15494021 (99.00%) moved, 351 (0.00%) markwords preserved
[194.899s][info   ][gc     ] GC(48) Heap: 1024M reserved, 1024M (100.00%) committed, 540M (52.76%) used
[194.899s][info   ][gc     ] GC(48) Lisp2-style Mark-Compact (Allocation Failure) 1023M->540M(1024M) 4787.790ms
[194.900s][info   ][gc     ] Heap: 1024M reserved, 1024M (100.00%) committed, 544M (53.15%) used
90%[194.920s][info   ][gc     ] Heap: 1024M reserved, 1024M (100.00%) committed, 595M (58.15%) used
[194.938s][info   ][gc     ] Heap: 1024M reserved, 1024M (100.00%) committed, 647M (63.23%) used
[194.958s][info   ][gc     ] Heap: 1024M reserved, 1024M (100.00%) committed, 699M (68.30%) used
[194.975s][info   ][gc     ] Heap: 1024M reserved, 1024M (100.00%) committed, 750M (73.33%) used
[194.994s][info   ][gc     ] Heap: 1024M reserved, 1024M (100.00%) committed, 803M (78.43%) used
[195.015s][info   ][gc     ] Heap: 1024M reserved, 1024M (100.00%) committed, 856M (83.64%) used
[195.034s][info   ][gc     ] Heap: 1024M reserved, 1024M (100.00%) committed, 909M (88.86%) used
[195.057s][info   ][gc     ] Heap: 1024M reserved, 1024M (100.00%) committed, 961M (93.88%) used
[195.076s][info   ][gc     ] Heap: 1024M reserved, 1024M (100.00%) committed, 1013M (98.96%) used
[195.083s][info   ][gc     ] GC(49) Step 0: Prologue 0.244ms
[196.505s][info   ][gc     ] GC(49) Step 1: Mark 1421.584ms
[197.045s][info   ][gc     ] GC(49) Step 2: Calculate new locations 540.435ms
[199.361s][info   ][gc     ] GC(49) Step 3: Adjust pointers 2315.554ms
[199.913s][info   ][gc     ] GC(49) Step 4: Move objects 551.500ms
[199.914s][info   ][gc     ] GC(49) Step 5: Epilogue 0.741ms
[199.914s][info   ][gc     ] GC(49) GC Stats: 9172 (0.06%) reachable from roots, 15733930 (99.94%) reachable from heap, 15585392 (99.00%) moved, 431 (0.00%) markwords preserved
[199.914s][info   ][gc     ] GC(49) Heap: 1024M reserved, 1024M (100.00%) committed, 543M (53.10%) used
[199.914s][info   ][gc     ] GC(49) Lisp2-style Mark-Compact (Allocation Failure) 1021M->543M(1024M) 4830.759ms
[199.914s][info   ][gc     ] Heap: 1024M reserved, 1024M (100.00%) committed, 543M (53.10%) used
[199.933s][info   ][gc     ] Heap: 1024M reserved, 1024M (100.00%) committed, 595M (58.12%) used
[199.953s][info   ][gc     ] Heap: 1024M reserved, 1024M (100.00%) committed, 646M (63.12%) used
[199.971s][info   ][gc     ] Heap: 1024M reserved, 1024M (100.00%) committed, 698M (68.24%) used
[199.991s][info   ][gc     ] Heap: 1024M reserved, 1024M (100.00%) committed, 752M (73.48%) used
[200.009s][info   ][gc     ] Heap: 1024M reserved, 1024M (100.00%) committed, 805M (78.70%) used
[200.031s][info   ][gc     ] Heap: 1024M reserved, 1024M (100.00%) committed, 858M (83.88%) used
[200.045s][info   ][gc     ] Heap: 1024M reserved, 1024M (100.00%) committed, 912M (89.14%) used
[200.064s][info   ][gc     ] Heap: 1024M reserved, 1024M (100.00%) committed, 964M (94.22%) used
95%[200.086s][info   ][gc     ] Heap: 1024M reserved, 1024M (100.00%) committed, 1016M (99.30%) used
[200.088s][info   ][gc     ] GC(50) Step 0: Prologue 0.288ms
[201.508s][info   ][gc     ] GC(50) Step 1: Mark 1419.327ms
[202.049s][info   ][gc     ] GC(50) Step 2: Calculate new locations 541.466ms
[204.374s][info   ][gc     ] GC(50) Step 3: Adjust pointers 2324.115ms
[204.928s][info   ][gc     ] GC(50) Step 4: Move objects 553.597ms
[204.928s][info   ][gc     ] GC(50) Step 5: Epilogue 0.677ms
[204.928s][info   ][gc     ] GC(50) GC Stats: 9214 (0.06%) reachable from roots, 15811079 (99.94%) reachable from heap, 15662876 (99.00%) moved, 514 (0.00%) markwords preserved
[204.928s][info   ][gc     ] GC(50) Heap: 1024M reserved, 1024M (100.00%) committed, 546M (53.34%) used
[204.928s][info   ][gc     ] GC(50) Lisp2-style Mark-Compact (Allocation Failure) 1020M->546M(1024M) 4840.281ms
[204.929s][info   ][gc     ] Heap: 1024M reserved, 1024M (100.00%) committed, 546M (53.34%) used
[204.946s][info   ][gc     ] Heap: 1024M reserved, 1024M (100.00%) committed, 597M (58.34%) used
[204.968s][info   ][gc     ] Heap: 1024M reserved, 1024M (100.00%) committed, 649M (63.40%) used
[204.986s][info   ][gc     ] Heap: 1024M reserved, 1024M (100.00%) committed, 701M (68.49%) used
[205.006s][info   ][gc     ] Heap: 1024M reserved, 1024M (100.00%) committed, 754M (73.69%) used
[205.022s][info   ][gc     ] Heap: 1024M reserved, 1024M (100.00%) committed, 807M (78.90%) used
[205.041s][info   ][gc     ] Heap: 1024M reserved, 1024M (100.00%) committed, 862M (84.21%) used
[205.062s][info   ][gc     ] Heap: 1024M reserved, 1024M (100.00%) committed, 915M (89.43%) used
[205.080s][info   ][gc     ] Heap: 1024M reserved, 1024M (100.00%) committed, 967M (94.47%) used
[205.102s][info   ][gc     ] Heap: 1024M reserved, 1024M (100.00%) committed, 1019M (99.54%) used
[205.103s][info   ][gc     ] GC(51) Step 0: Prologue 0.506ms
[206.533s][info   ][gc     ] GC(51) Step 1: Mark 1430.122ms
[207.082s][info   ][gc     ] GC(51) Step 2: Calculate new locations 548.570ms
[209.423s][info   ][gc     ] GC(51) Step 3: Adjust pointers 2340.630ms
[209.980s][info   ][gc     ] GC(51) Step 4: Move objects 556.933ms
[209.981s][info   ][gc     ] GC(51) Step 5: Epilogue 0.601ms
[209.981s][info   ][gc     ] GC(51) GC Stats: 9314 (0.06%) reachable from roots, 15896232 (99.94%) reachable from heap, 15748295 (99.01%) moved, 598 (0.00%) markwords preserved
[209.981s][info   ][gc     ] GC(51) Heap: 1024M reserved, 1024M (100.00%) committed, 549M (53.64%) used
[209.981s][info   ][gc     ] GC(51) Lisp2-style Mark-Compact (Allocation Failure) 1023M->549M(1024M) 4878.273ms
[209.981s][info   ][gc     ] Heap: 1024M reserved, 1024M (100.00%) committed, 549M (53.64%) used
[209.999s][info   ][gc     ] Heap: 1024M reserved, 1024M (100.00%) committed, 600M (58.67%) used
[210.000s][info   ][gc     ] Heap: 1024M reserved, 1024M (100.00%) committed, 600M (58.60%) used
[210.017s][info   ][gc     ] Heap: 1024M reserved, 1024M (100.00%) committed, 651M (63.67%) used
[210.034s][info   ][gc     ] Heap: 1024M reserved, 1024M (100.00%) committed, 704M (68.83%) used
[210.052s][info   ][gc     ] Heap: 1024M reserved, 1024M (100.00%) committed, 757M (73.97%) used
[210.073s][info   ][gc     ] Heap: 1024M reserved, 1024M (100.00%) committed, 809M (79.10%) used
[210.104s][info   ][gc     ] Heap: 1024M reserved, 1024M (100.00%) committed, 864M (84.45%) used
[210.138s][info   ][gc     ] Heap: 1024M reserved, 1024M (100.00%) committed, 916M (89.53%) used
100%
Completed requests
	Stock level .............   3973 ( 4.0%)
	Order status by name ....   2361 ( 2.4%)
	Order status by ID ......   1609 ( 1.6%)
	Payment by name .........  25847 (25.8%)
	Payment by ID ...........  17220 (17.2%)
	Delivery schedule .......   4029 ( 4.0%)
	New order ...............  44509 (44.5%)
	New order rollback ......    452 ( 0.5%)
===== DaCapo 23.11-chopin h2 PASSED in 157906 msec =====
Resetting database to initial state...[210.452s][info   ][gc     ] Heap: 1024M reserved, 1024M (100.00%) committed, 969M (94.67%) used
[210.537s][info   ][gc     ] Heap: 1024M reserved, 1024M (100.00%) committed, 1021M (99.75%) used
[210.545s][info   ][gc     ] GC(52) Step 0: Prologue 0.027ms
[212.012s][info   ][gc     ] GC(52) Step 1: Mark 1467.069ms
[212.550s][info   ][gc     ] GC(52) Step 2: Calculate new locations 538.159ms
[215.021s][info   ][gc     ] GC(52) Step 3: Adjust pointers 2470.348ms
[215.570s][info   ][gc     ] GC(52) Step 4: Move objects 549.509ms
[215.571s][info   ][gc     ] GC(52) Step 5: Epilogue 0.775ms
[215.571s][info   ][gc     ] GC(52) GC Stats: 9640 (0.06%) reachable from roots, 15775180 (99.94%) reachable from heap, 15722438 (99.60%) moved, 1083 (0.01%) markwords preserved
[215.571s][info   ][gc     ] GC(52) Heap: 1024M reserved, 1024M (100.00%) committed, 547M (53.47%) used
[215.571s][info   ][gc     ] GC(52) Lisp2-style Mark-Compact (Allocation Failure) 1021M->547M(1024M) 5026.724ms
[215.572s][info   ][gc     ] Heap: 1024M reserved, 1024M (100.00%) committed, 551M (53.86%) used
[215.656s][info   ][gc     ] Heap: 1024M reserved, 1024M (100.00%) committed, 606M (59.24%) used
.[215.729s][info   ][gc     ] Heap: 1024M reserved, 1024M (100.00%) committed, 658M (64.32%) used
.[215.782s][info   ][gc     ] Heap: 1024M reserved, 1024M (100.00%) committed, 710M (69.40%) used
[215.940s][info   ][gc     ] Heap: 1024M reserved, 1024M (100.00%) committed, 762M (74.48%) used
[216.081s][info   ][gc     ] Heap: 1024M reserved, 1024M (100.00%) committed, 814M (79.56%) used
[216.234s][info   ][gc     ] Heap: 1024M reserved, 1024M (100.00%) committed, 866M (84.63%) used
[216.385s][info   ][gc     ] Heap: 1024M reserved, 1024M (100.00%) committed, 918M (89.71%) used
[216.509s][info   ][gc     ] Heap: 1024M reserved, 1024M (100.00%) committed, 970M (94.79%) used
[216.571s][info   ][gc     ] Heap: 1024M reserved, 1024M (100.00%) committed, 1022M (99.87%) used
[216.576s][info   ][gc     ] GC(53) Step 0: Prologue 0.031ms
[218.331s][info   ][gc     ] GC(53) Step 1: Mark 1755.156ms
[218.938s][info   ][gc     ] GC(53) Step 2: Calculate new locations 606.287ms
[221.640s][info   ][gc     ] GC(53) Step 3: Adjust pointers 2701.911ms
[222.255s][info   ][gc     ] GC(53) Step 4: Move objects 614.906ms
[222.256s][info   ][gc     ] GC(53) Step 5: Epilogue 0.828ms
[222.256s][info   ][gc     ] GC(53) GC Stats: 9645 (0.05%) reachable from roots, 17653203 (99.95%) reachable from heap, 17594375 (99.61%) moved, 837 (0.00%) markwords preserved
[222.256s][info   ][gc     ] GC(53) Heap: 1024M reserved, 1024M (100.00%) committed, 607M (59.29%) used
[222.256s][info   ][gc     ] GC(53) Lisp2-style Mark-Compact (Allocation Failure) 1022M->607M(1024M) 5679.680ms
[222.256s][info   ][gc     ] Heap: 1024M reserved, 1024M (100.00%) committed, 611M (59.68%) used
[222.319s][info   ][gc     ] Heap: 1024M reserved, 1024M (100.00%) committed, 666M (65.07%) used
[222.378s][info   ][gc     ] Heap: 1024M reserved, 1024M (100.00%) committed, 718M (70.14%) used
[222.434s][info   ][gc     ] Heap: 1024M reserved, 1024M (100.00%) committed, 770M (75.22%) used
[222.493s][info   ][gc     ] Heap: 1024M reserved, 1024M (100.00%) committed, 822M (80.30%) used
[222.555s][info   ][gc     ] Heap: 1024M reserved, 1024M (100.00%) committed, 874M (85.38%) used
[222.613s][info   ][gc     ] Heap: 1024M reserved, 1024M (100.00%) committed, 926M (90.46%) used
[222.674s][info   ][gc     ] Heap: 1024M reserved, 1024M (100.00%) committed, 978M (95.53%) used
[222.728s][info   ][gc     ] GC(54) Step 0: Prologue 0.023ms
[224.605s][info   ][gc     ] GC(54) Step 1: Mark 1876.361ms
[225.177s][info   ][gc     ] GC(54) Step 2: Calculate new locations 571.576ms
[226.681s][info   ][gc     ] GC(54) Step 3: Adjust pointers 1504.416ms
[227.049s][info   ][gc     ] GC(54) Step 4: Move objects 367.765ms
[227.050s][info   ][gc     ] GC(54) Step 5: Epilogue 0.558ms
[227.050s][info   ][gc     ] GC(54) GC Stats: 9645 (0.05%) reachable from roots, 19297000 (99.95%) reachable from heap, 2695225 (13.96%) moved, 0 (0.00%) markwords preserved
[227.050s][info   ][gc     ] GC(54) Heap: 1024M reserved, 1024M (100.00%) committed, 657M (64.22%) used
[227.050s][info   ][gc     ] GC(54) Lisp2-style Mark-Compact (Allocation Failure) 1022M->657M(1024M) 4321.205ms
[227.050s][info   ][gc     ] Heap: 1024M reserved, 1024M (100.00%) committed, 661M (64.61%) used
[227.112s][info   ][gc     ] Heap: 1024M reserved, 1024M (100.00%) committed, 716M (70.00%) used
[227.170s][info   ][gc     ] Heap: 1024M reserved, 1024M (100.00%) committed, 768M (75.08%) used
[227.230s][info   ][gc     ] Heap: 1024M reserved, 1024M (100.00%) committed, 820M (80.15%) used
[227.292s][info   ][gc     ] Heap: 1024M reserved, 1024M (100.00%) committed, 872M (85.23%) used
[227.352s][info   ][gc     ] Heap: 1024M reserved, 1024M (100.00%) committed, 924M (90.31%) used
[227.410s][info   ][gc     ] Heap: 1024M reserved, 1024M (100.00%) committed, 976M (95.39%) used
.[227.449s][info   ][gc     ] GC(55) Step 0: Prologue 0.026ms
[229.317s][info   ][gc     ] GC(55) Step 1: Mark 1868.291ms
[229.914s][info   ][gc     ] GC(55) Step 2: Calculate new locations 596.894ms
[231.481s][info   ][gc     ] GC(55) Step 3: Adjust pointers 1566.013ms
[231.880s][info   ][gc     ] GC(55) Step 4: Move objects 399.527ms
[231.881s][info   ][gc     ] GC(55) Step 5: Epilogue 0.663ms
[231.881s][info   ][gc     ] GC(55) GC Stats: 9642 (0.05%) reachable from roots, 20340928 (99.95%) reachable from heap, 4017452 (19.74%) moved, 0 (0.00%) markwords preserved
[231.881s][info   ][gc     ] GC(55) Heap: 1024M reserved, 1024M (100.00%) committed, 683M (66.78%) used
[231.881s][info   ][gc     ] GC(55) Lisp2-style Mark-Compact (Allocation Failure) 1020M->683M(1024M) 4431.958ms
[231.881s][info   ][gc     ] Heap: 1024M reserved, 1024M (100.00%) committed, 687M (67.17%) used
[231.944s][info   ][gc     ] Heap: 1024M reserved, 1024M (100.00%) committed, 743M (72.56%) used
.[232.090s][info   ][gc     ] Heap: 1024M reserved, 1024M (100.00%) committed, 795M (77.64%) used
[232.174s][info   ][gc     ] Heap: 1024M reserved, 1024M (100.00%) committed, 847M (82.72%) used
[232.262s][info   ][gc     ] Heap: 1024M reserved, 1024M (100.00%) committed, 899M (87.79%) used
[232.397s][info   ][gc     ] Heap: 1024M reserved, 1024M (100.00%) committed, 951M (92.87%) used
[232.458s][info   ][gc     ] Heap: 1024M reserved, 1024M (100.00%) committed, 1003M (97.95%) used
[232.487s][info   ][gc     ] GC(56) Step 0: Prologue 0.025ms
[234.180s][info   ][gc     ] GC(56) Step 1: Mark 1693.920ms
[234.766s][info   ][gc     ] GC(56) Step 2: Calculate new locations 585.031ms
[236.585s][info   ][gc     ] GC(56) Step 3: Adjust pointers 1818.767ms
[237.048s][info   ][gc     ] GC(56) Step 4: Move objects 463.585ms
[237.049s][info   ][gc     ] GC(56) Step 5: Epilogue 0.714ms
[237.049s][info   ][gc     ] GC(56) GC Stats: 9644 (0.05%) reachable from roots, 19795324 (99.95%) reachable from heap, 8059665 (40.70%) moved, 580 (0.00%) markwords preserved
[237.049s][info   ][gc     ] GC(56) Heap: 1024M reserved, 1024M (100.00%) committed, 658M (64.31%) used
[237.049s][info   ][gc     ] GC(56) Lisp2-style Mark-Compact (Allocation Failure) 1023M->658M(1024M) 4562.655ms
[237.049s][info   ][gc     ] Heap: 1024M reserved, 1024M (100.00%) committed, 662M (64.70%) used
[237.115s][info   ][gc     ] Heap: 1024M reserved, 1024M (100.00%) committed, 717M (70.09%) used
[237.176s][info   ][gc     ] Heap: 1024M reserved, 1024M (100.00%) committed, 769M (75.16%) used
[237.237s][info   ][gc     ] Heap: 1024M reserved, 1024M (100.00%) committed, 821M (80.24%) used
[237.299s][info   ][gc     ] Heap: 1024M reserved, 1024M (100.00%) committed, 873M (85.32%) used
[237.365s][info   ][gc     ] Heap: 1024M reserved, 1024M (100.00%) committed, 925M (90.40%) used
[237.429s][info   ][gc     ] Heap: 1024M reserved, 1024M (100.00%) committed, 977M (95.48%) used
[237.489s][info   ][gc     ] GC(57) Step 0: Prologue 0.040ms
[238.968s][info   ][gc     ] GC(57) Step 1: Mark 1477.963ms
[239.516s][info   ][gc     ] GC(57) Step 2: Calculate new locations 548.812ms
[241.147s][info   ][gc     ] GC(57) Step 3: Adjust pointers 1630.595ms
[241.570s][info   ][gc     ] GC(57) Step 4: Move objects 422.688ms
[241.571s][info   ][gc     ] GC(57) Step 5: Epilogue 0.610ms
[241.571s][info   ][gc     ] GC(57) GC Stats: 9644 (0.05%) reachable from roots, 18785039 (99.95%) reachable from heap, 7048451 (37.50%) moved, 570 (0.00%) markwords preserved
[241.571s][info   ][gc     ] GC(57) Heap: 1024M reserved, 1024M (100.00%) committed, 624M (60.97%) used
[241.571s][info   ][gc     ] GC(57) Lisp2-style Mark-Compact (Allocation Failure) 1021M->624M(1024M) 4081.197ms
[241.571s][info   ][gc     ] Heap: 1024M reserved, 1024M (100.00%) committed, 628M (61.36%) used
[241.632s][info   ][gc     ] Heap: 1024M reserved, 1024M (100.00%) committed, 683M (66.74%) used
[241.694s][info   ][gc     ] Heap: 1024M reserved, 1024M (100.00%) committed, 735M (71.82%) used
[241.755s][info   ][gc     ] Heap: 1024M reserved, 1024M (100.00%) committed, 787M (76.90%) used
[241.814s][info   ][gc     ] Heap: 1024M reserved, 1024M (100.00%) committed, 839M (81.98%) used
[241.869s][info   ][gc     ] Heap: 1024M reserved, 1024M (100.00%) committed, 891M (87.06%) used
.[241.955s][info   ][gc     ] Heap: 1024M reserved, 1024M (100.00%) committed, 943M (92.13%) used
[241.984s][info   ][gc     ] Heap: 1024M reserved, 1024M (100.00%) committed, 995M (97.21%) used
[242.001s][info   ][gc     ] GC(58) Step 0: Prologue 0.032ms
[243.095s][info   ][gc     ] GC(58) Step 1: Mark 1094.083ms
[243.535s][info   ][gc     ] GC(58) Step 2: Calculate new locations 439.402ms
[245.378s][info   ][gc     ] GC(58) Step 3: Adjust pointers 1842.855ms
[245.818s][info   ][gc     ] GC(58) Step 4: Move objects 440.394ms
[245.819s][info   ][gc     ] GC(58) Step 5: Epilogue 0.656ms
[245.819s][info   ][gc     ] GC(58) GC Stats: 9647 (0.07%) reachable from roots, 13062834 (99.93%) reachable from heap, 12847250 (98.28%) moved, 648 (0.00%) markwords preserved
[245.819s][info   ][gc     ] GC(58) Heap: 1024M reserved, 1024M (100.00%) committed, 458M (44.77%) used
[245.819s][info   ][gc     ] GC(58) Lisp2-style Mark-Compact (Allocation Failure) 1023M->458M(1024M) 3817.975ms
[245.819s][info   ][gc     ] Heap: 1024M reserved, 1024M (100.00%) committed, 462M (45.16%) used
[245.848s][info   ][gc     ] Heap: 1024M reserved, 1024M (100.00%) committed, 517M (50.55%) used
[245.885s][info   ][gc     ] Heap: 1024M reserved, 1024M (100.00%) committed, 569M (55.62%) used
[245.923s][info   ][gc     ] Heap: 1024M reserved, 1024M (100.00%) committed, 621M (60.70%) used
[245.964s][info   ][gc     ] Heap: 1024M reserved, 1024M (100.00%) committed, 673M (65.78%) used
.[246.058s][info   ][gc     ] Heap: 1024M reserved, 1024M (100.00%) committed, 725M (70.86%) used
[246.094s][info   ][gc     ] Heap: 1024M reserved, 1024M (100.00%) committed, 777M (75.94%) used
.....[246.133s][info   ][gc     ] Heap: 1024M reserved, 1024M (100.00%) committed, 829M (81.01%) used
[246.167s][info   ][gc     ] Heap: 1024M reserved, 1024M (100.00%) committed, 881M (86.09%) used
[246.204s][info   ][gc     ] Heap: 1024M reserved, 1024M (100.00%) committed, 933M (91.17%) used
[246.233s][info   ][gc     ] Heap: 1024M reserved, 1024M (100.00%) committed, 985M (96.25%) used
[246.253s][info   ][gc     ] GC(59) Step 0: Prologue 0.028ms
[247.410s][info   ][gc     ] GC(59) Step 1: Mark 1156.543ms
[247.817s][info   ][gc     ] GC(59) Step 2: Calculate new locations 407.496ms
[248.818s][info   ][gc     ] GC(59) Step 3: Adjust pointers 1000.947ms
[249.083s][info   ][gc     ] GC(59) Step 4: Move objects 264.002ms
[249.083s][info   ][gc     ] GC(59) Step 5: Epilogue 0.755ms
[249.083s][info   ][gc     ] GC(59) GC Stats: 9651 (0.07%) reachable from roots, 13407494 (99.93%) reachable from heap, 1668611 (12.44%) moved, 545 (0.00%) markwords preserved
[249.083s][info   ][gc     ] GC(59) Heap: 1024M reserved, 1024M (100.00%) committed, 475M (46.45%) used
[249.083s][info   ][gc     ] GC(59) Lisp2-style Mark-Compact (Allocation Failure) 1021M->475M(1024M) 2830.360ms
[249.084s][info   ][gc     ] Heap: 1024M reserved, 1024M (100.00%) committed, 479M (46.84%) used
[249.108s][info   ][gc     ] Heap: 1024M reserved, 1024M (100.00%) committed, 534M (52.22%) used
[249.132s][info   ][gc     ] Heap: 1024M reserved, 1024M (100.00%) committed, 586M (57.30%) used
[249.156s][info   ][gc     ] Heap: 1024M reserved, 1024M (100.00%) committed, 638M (62.38%) used
[249.179s][info   ][gc     ] Heap: 1024M reserved, 1024M (100.00%) committed, 690M (67.46%) used
[249.202s][info   ][gc     ] Heap: 1024M reserved, 1024M (100.00%) committed, 742M (72.54%) used
[249.225s][info   ][gc     ] Heap: 1024M reserved, 1024M (100.00%) committed, 794M (77.62%) used
[249.249s][info   ][gc     ] Heap: 1024M reserved, 1024M (100.00%) committed, 846M (82.69%) used
[249.285s][info   ][gc     ] Heap: 1024M reserved, 1024M (100.00%) committed, 898M (87.77%) used
[249.322s][info   ][gc     ] Heap: 1024M reserved, 1024M (100.00%) committed, 950M (92.85%) used
[249.363s][info   ][gc     ] Heap: 1024M reserved, 1024M (100.00%) committed, 1002M (97.93%) used
[249.382s][info   ][gc     ] GC(60) Step 0: Prologue 0.031ms
[250.771s][info   ][gc     ] GC(60) Step 1: Mark 1388.573ms
[251.258s][info   ][gc     ] GC(60) Step 2: Calculate new locations 486.324ms
[252.387s][info   ][gc     ] GC(60) Step 3: Adjust pointers 1128.962ms
[252.716s][info   ][gc     ] GC(60) Step 4: Move objects 329.396ms
[252.717s][info   ][gc     ] GC(60) Step 5: Epilogue 0.657ms
[252.717s][info   ][gc     ] GC(60) GC Stats: 9637 (0.06%) reachable from roots, 15524514 (99.94%) reachable from heap, 3075448 (19.80%) moved, 0 (0.00%) markwords preserved
[252.717s][info   ][gc     ] GC(60) Heap: 1024M reserved, 1024M (100.00%) committed, 538M (52.60%) used
[252.717s][info   ][gc     ] GC(60) Lisp2-style Mark-Compact (Allocation Failure) 1022M->538M(1024M) 3334.707ms
[252.717s][info   ][gc     ] Heap: 1024M reserved, 1024M (100.00%) committed, 542M (52.99%) used
[252.754s][info   ][gc     ] Heap: 1024M reserved, 1024M (100.00%) committed, 597M (58.37%) used
[252.790s][info   ][gc     ] Heap: 1024M reserved, 1024M (100.00%) committed, 649M (63.45%) used
[252.825s][info   ][gc     ] Heap: 1024M reserved, 1024M (100.00%) committed, 701M (68.53%) used
[252.859s][info   ][gc     ] Heap: 1024M reserved, 1024M (100.00%) committed, 753M (73.61%) used
[252.893s][info   ][gc     ] Heap: 1024M reserved, 1024M (100.00%) committed, 805M (78.68%) used
[252.927s][info   ][gc     ] Heap: 1024M reserved, 1024M (100.00%) committed, 857M (83.76%) used
[252.957s][info   ][gc     ] Heap: 1024M reserved, 1024M (100.00%) committed, 909M (88.84%) used
.[253.158s][info   ][gc     ] Heap: 1024M reserved, 1024M (100.00%) committed, 961M (93.92%) used
[253.186s][info   ][gc     ] Heap: 1024M reserved, 1024M (100.00%) committed, 1013M (99.00%) used
[253.193s][info   ][gc     ] GC(61) Step 0: Prologue 0.026ms
[254.509s][info   ][gc     ] GC(61) Step 1: Mark 1315.997ms
[255.004s][info   ][gc     ] GC(61) Step 2: Calculate new locations 494.792ms
[256.159s][info   ][gc     ] GC(61) Step 3: Adjust pointers 1155.504ms
[256.517s][info   ][gc     ] GC(61) Step 4: Move objects 357.669ms
[256.518s][info   ][gc     ] GC(61) Step 5: Epilogue 0.623ms
[256.518s][info   ][gc     ] GC(61) GC Stats: 9250 (0.06%) reachable from roots, 16362310 (99.94%) reachable from heap, 4629759 (28.28%) moved, 234 (0.00%) markwords preserved
[256.518s][info   ][gc     ] GC(61) Heap: 1024M reserved, 1024M (100.00%) committed, 550M (53.72%) used
[256.518s][info   ][gc     ] GC(61) Lisp2-style Mark-Compact (Allocation Failure) 1021M->550M(1024M) 3325.085ms
[256.518s][info   ][gc     ] Heap: 1024M reserved, 1024M (100.00%) committed, 554M (54.11%) used
[256.546s][info   ][gc     ] Heap: 1024M reserved, 1024M (100.00%) committed, 609M (59.49%) used
[256.573s][info   ][gc     ] Heap: 1024M reserved, 1024M (100.00%) committed, 661M (64.57%) used
[256.600s][info   ][gc     ] Heap: 1024M reserved, 1024M (100.00%) committed, 713M (69.65%) used
[256.627s][info   ][gc     ] Heap: 1024M reserved, 1024M (100.00%) committed, 765M (74.73%) used
[256.653s][info   ][gc     ] Heap: 1024M reserved, 1024M (100.00%) committed, 817M (79.81%) used
.....
===== DaCapo simple tail latency: 50% 294 usec, 90% 1687 usec, 99% 6701 usec, 99.9% 4569137 usec, 99.99% 4843389 usec, max 4892999 usec, measured over 100000 events =====
[257.020s][info   ][gc     ] Heap: 1024M reserved, 1024M (100.00%) committed, 869M (84.89%) used
===== DaCapo metered tail latency: 50% 352 usec, 90% 2514 usec, 99% 2098364 usec, 99.9% 4569137 usec, 99.99% 4843389 usec, max 4892999 usec, measured over 100000 events =====
runAgain
[257.430s][info   ][gc     ] Heap: 1024M reserved, 1024M (100.00%) committed, 877M (85.67%) used
