[0.003s][info][gc] Using Serial
Class name: org.dacapo.harness.Lusearch
Configurations:
short     A text search tool
long      Text search of keywords over a corpus of data comprising the works of Shakespeare and the King James bible
author    Lucene Project Management Committee
license   Apache License, Version 2.0
copyright Apache Software Foundation, Apache license v2.0
url       http://lucene.apache.org/
version   lucene 9.7.0
sizes     default large small
Using scaled threading model. 10 processors detected, 10 threads used to drive the workload, in a possible range of [1,2048]
[2.870s][info][gc] GC(0) Pause Young (Allocation Failure) 136M->2M(494M) 2.969ms
Version: lucene 9.7.0

Nominal statistics
Key Score  Rank Value Description
AOA:    6  8/18    76 nominal average object size (bytes)
AOL:    9  2/18    96 nominal 90-percentile object size (bytes)
AOM:    3 13/18    24 nominal median object size (bytes)
AOS:   10  1/18    24 nominal 10-percentile object size (bytes)
ARA:    9  3/18 10505 nominal allocation rate (bytes / usec) (24619905928/2343600.0)
BAL:    8  5/19   118 nominal aaload per usec
BAS:    9  2/19    55 nominal aastore per usec
BEF:    9  3/19    14 nominal execution focus / dominance of hot code
BGF:    8  4/19  5520 nominal getfield per usec
BPF:    9  3/19   714 nominal putfield per usec
BUB:    4 13/19    25 nominal thousands of unique bytecodes executed
BUF:    3 14/19     2 nominal thousands of unique function calls
GCA:    2 19/22    80 nominal average post-GC heap size as percent of min heap, when run at 2X min heap with G1 (17/21)
GCC:   10  1/22 17270 nominal GC count at 2X heap size (G1)
GCM:    1 20/22    66 nominal median post-GC heap size as percent of min heap, when run at 2X min heap with G1 (14/21)
GCP:    9  3/22    19 nominal percentage of time spent in GC pauses at 2X heap size (G1) (6675/35050)
GLK:    5 12/22     0 nominal percent 10th iteration memory leakage (10 iterations / 1 iterations) (21/21)
GMD:    2 18/22    21 nominal minimum heap size (MB) for default size configuration (with compressed pointers)
GML:    4 11/18    89 nominal minimum heap size (MB) for large size configuration (with compressed pointers)
GMS:    2 18/22     5 nominal minimum heap size (MB) for small size configuration (with compressed pointers)
GMU:    2 19/22    21 nominal minimum heap size (MB) for default size without compressed pointers
GSS:    6 10/22   185 nominal heap size sensitivity (slowdown with tight heap, as a percentage) (6702.5/2343.6)
GTO:   10  1/18  1118 nominal memory turnover (total alloc bytes / min heap bytes)
PET:    6  9/22     3 nominal execution time (sec)
PKP:    8  5/22    16 nominal percentage of time spent in kernel mode (as percentage of user plus kernel time)
PPE:    8  5/22    31 nominal parallel efficiency (speedup as percentage of ideal speedup for 32 threads)
PSD:    5 13/22     0 nominal standard deviation among invocations at peak performance (as percentage of performance)
PWU:    5 13/22     2 nominal iterations to warm up to within 1.5% of best

Initializing callback
[2.908s][info][gc] GC(1) Pause Full (System.gc()) 23M->3M(494M) 4.679ms
===== DaCapo unknown lusearch starting =====
Starting 524288 requests...
[3.197s][info][gc] GC(2) Pause Young (Allocation Failure) 139M->9M(494M) 2.925ms
[3.270s][info][gc] GC(3) Pause Young (Allocation Failure) 146M->9M(494M) 2.298ms
[3.338s][info][gc] GC(4) Pause Young (Allocation Failure) 145M->9M(494M) 1.969ms
[3.405s][info][gc] GC(5) Pause Young (Allocation Failure) 145M->9M(494M) 1.982ms
[3.471s][info][gc] GC(6) Pause Young (Allocation Failure) 145M->9M(494M) 1.922ms
[3.539s][info][gc] GC(7) Pause Young (Allocation Failure) 145M->9M(494M) 1.870ms
[3.610s][info][gc] GC(8) Pause Young (Allocation Failure) 146M->9M(494M) 2.037ms
[3.679s][info][gc] GC(9) Pause Young (Allocation Failure) 145M->9M(494M) 2.165ms
[3.756s][info][gc] GC(10) Pause Young (Allocation Failure) 146M->9M(494M) 2.171ms
Completing query batches: 5%[3.833s][info][gc] GC(11) Pause Young (Allocation Failure) 146M->9M(494M) 2.024ms
[3.898s][info][gc] GC(12) Pause Young (Allocation Failure) 145M->9M(494M) 2.017ms
[3.964s][info][gc] GC(13) Pause Young (Allocation Failure) 145M->9M(494M) 2.072ms
[4.031s][info][gc] GC(14) Pause Young (Allocation Failure) 145M->9M(494M) 2.099ms
[4.101s][info][gc] GC(15) Pause Young (Allocation Failure) 146M->9M(494M) 2.245ms
[4.167s][info][gc] GC(16) Pause Young (Allocation Failure) 146M->9M(494M) 2.186ms
[4.232s][info][gc] GC(17) Pause Young (Allocation Failure) 146M->9M(494M) 2.836ms
[4.294s][info][gc] GC(18) Pause Young (Allocation Failure) 146M->9M(494M) 0.790ms
[4.337s][info][gc] GC(19) Pause Young (Allocation Failure) 146M->9M(494M) 0.633ms
Completing query batches: 10%[4.358s][info][gc] GC(20) Pause Young (Allocation Failure) 145M->9M(494M) 0.651ms
[4.379s][info][gc] GC(21) Pause Young (Allocation Failure) 145M->9M(494M) 0.548ms
[4.401s][info][gc] GC(22) Pause Young (Allocation Failure) 145M->9M(494M) 0.568ms
[4.418s][info][gc] GC(23) Pause Young (Allocation Failure) 145M->9M(494M) 0.539ms
[4.439s][info][gc] GC(24) Pause Young (Allocation Failure) 146M->9M(494M) 0.581ms
[4.470s][info][gc] GC(25) Pause Young (Allocation Failure) 145M->9M(494M) 0.682ms
[4.500s][info][gc] GC(26) Pause Young (Allocation Failure) 145M->9M(494M) 0.549ms
[4.520s][info][gc] GC(27) Pause Young (Allocation Failure) 145M->9M(494M) 0.527ms
[4.544s][info][gc] GC(28) Pause Young (Allocation Failure) 145M->9M(494M) 0.540ms
Completing query batches: 15%[4.570s][info][gc] GC(29) Pause Young (Allocation Failure) 145M->9M(494M) 0.665ms
[4.593s][info][gc] GC(30) Pause Young (Allocation Failure) 145M->9M(494M) 0.535ms
[4.615s][info][gc] GC(31) Pause Young (Allocation Failure) 146M->9M(494M) 0.559ms
[4.637s][info][gc] GC(32) Pause Young (Allocation Failure) 145M->9M(494M) 0.574ms
[4.657s][info][gc] GC(33) Pause Young (Allocation Failure) 145M->9M(494M) 0.560ms
[4.677s][info][gc] GC(34) Pause Young (Allocation Failure) 146M->9M(494M) 0.533ms
[4.696s][info][gc] GC(35) Pause Young (Allocation Failure) 145M->9M(494M) 0.540ms
[4.726s][info][gc] GC(36) Pause Young (Allocation Failure) 145M->9M(494M) 0.536ms
Completing query batches: 20%[4.756s][info][gc] GC(37) Pause Young (Allocation Failure) 145M->9M(494M) 0.549ms
[4.775s][info][gc] GC(38) Pause Young (Allocation Failure) 145M->9M(494M) 0.509ms
[4.793s][info][gc] GC(39) Pause Young (Allocation Failure) 145M->9M(494M) 0.545ms
[4.812s][info][gc] GC(40) Pause Young (Allocation Failure) 145M->9M(494M) 0.519ms
[4.831s][info][gc] GC(41) Pause Young (Allocation Failure) 145M->9M(494M) 0.462ms
[4.849s][info][gc] GC(42) Pause Young (Allocation Failure) 145M->9M(494M) 0.520ms
[4.869s][info][gc] GC(43) Pause Young (Allocation Failure) 145M->9M(494M) 0.528ms
[4.886s][info][gc] GC(44) Pause Young (Allocation Failure) 145M->9M(494M) 0.578ms
[4.904s][info][gc] GC(45) Pause Young (Allocation Failure) 146M->9M(494M) 0.465ms
Completing query batches: 25%[4.924s][info][gc] GC(46) Pause Young (Allocation Failure) 145M->9M(494M) 0.494ms
[4.941s][info][gc] GC(47) Pause Young (Allocation Failure) 145M->9M(494M) 0.608ms
[4.957s][info][gc] GC(48) Pause Young (Allocation Failure) 145M->9M(494M) 0.520ms
[4.973s][info][gc] GC(49) Pause Young (Allocation Failure) 145M->9M(494M) 0.551ms
[4.989s][info][gc] GC(50) Pause Young (Allocation Failure) 146M->9M(494M) 0.518ms
[5.006s][info][gc] GC(51) Pause Young (Allocation Failure) 146M->9M(494M) 0.517ms
[5.022s][info][gc] GC(52) Pause Young (Allocation Failure) 145M->9M(494M) 0.529ms
[5.040s][info][gc] GC(53) Pause Young (Allocation Failure) 145M->9M(494M) 0.497ms
[5.057s][info][gc] GC(54) Pause Young (Allocation Failure) 145M->9M(494M) 0.575ms
Completing query batches: 30%[5.074s][info][gc] GC(55) Pause Young (Allocation Failure) 145M->9M(494M) 0.516ms
[5.096s][info][gc] GC(56) Pause Young (Allocation Failure) 145M->8M(494M) 0.410ms
[5.114s][info][gc] GC(57) Pause Young (Allocation Failure) 145M->9M(494M) 0.536ms
[5.130s][info][gc] GC(58) Pause Young (Allocation Failure) 145M->9M(494M) 0.571ms
[5.156s][info][gc] GC(59) Pause Young (Allocation Failure) 145M->9M(494M) 0.546ms
[5.175s][info][gc] GC(60) Pause Young (Allocation Failure) 145M->9M(494M) 0.553ms
[5.191s][info][gc] GC(61) Pause Young (Allocation Failure) 145M->9M(494M) 0.519ms
[5.209s][info][gc] GC(62) Pause Young (Allocation Failure) 146M->9M(494M) 0.510ms
Completing query batches: 35%[5.226s][info][gc] GC(63) Pause Young (Allocation Failure) 145M->9M(494M) 0.507ms
[5.242s][info][gc] GC(64) Pause Young (Allocation Failure) 145M->9M(494M) 0.561ms
[5.258s][info][gc] GC(65) Pause Young (Allocation Failure) 145M->9M(494M) 0.486ms
[5.278s][info][gc] GC(66) Pause Young (Allocation Failure) 146M->9M(494M) 0.560ms
[5.294s][info][gc] GC(67) Pause Young (Allocation Failure) 145M->9M(494M) 0.539ms
[5.312s][info][gc] GC(68) Pause Young (Allocation Failure) 145M->9M(494M) 0.550ms
[5.331s][info][gc] GC(69) Pause Young (Allocation Failure) 145M->9M(494M) 0.533ms
[5.348s][info][gc] GC(70) Pause Young (Allocation Failure) 146M->9M(494M) 0.504ms
[5.365s][info][gc] GC(71) Pause Young (Allocation Failure) 146M->9M(494M) 0.565ms
Completing query batches: 40%[5.382s][info][gc] GC(72) Pause Young (Allocation Failure) 145M->9M(494M) 0.521ms
[5.398s][info][gc] GC(73) Pause Young (Allocation Failure) 145M->9M(494M) 0.594ms
[5.415s][info][gc] GC(74) Pause Young (Allocation Failure) 145M->9M(494M) 0.632ms
[5.433s][info][gc] GC(75) Pause Young (Allocation Failure) 145M->9M(494M) 0.487ms
[5.456s][info][gc] GC(76) Pause Young (Allocation Failure) 145M->9M(494M) 0.519ms
[5.473s][info][gc] GC(77) Pause Young (Allocation Failure) 146M->9M(494M) 0.563ms
[5.491s][info][gc] GC(78) Pause Young (Allocation Failure) 146M->9M(494M) 0.586ms
[5.507s][info][gc] GC(79) Pause Young (Allocation Failure) 145M->9M(494M) 0.540ms
[5.523s][info][gc] GC(80) Pause Young (Allocation Failure) 145M->9M(494M) 0.538ms
Completing query batches: 45%[5.539s][info][gc] GC(81) Pause Young (Allocation Failure) 145M->9M(494M) 0.509ms
[5.555s][info][gc] GC(82) Pause Young (Allocation Failure) 146M->9M(494M) 0.529ms
[5.570s][info][gc] GC(83) Pause Young (Allocation Failure) 145M->9M(494M) 0.559ms
[5.586s][info][gc] GC(84) Pause Young (Allocation Failure) 145M->9M(494M) 0.591ms
[5.602s][info][gc] GC(85) Pause Young (Allocation Failure) 145M->9M(494M) 0.526ms
[5.619s][info][gc] GC(86) Pause Young (Allocation Failure) 146M->9M(494M) 0.477ms
[5.634s][info][gc] GC(87) Pause Young (Allocation Failure) 145M->9M(494M) 0.574ms
[5.651s][info][gc] GC(88) Pause Young (Allocation Failure) 146M->9M(494M) 0.468ms
Completing query batches: 50%[5.668s][info][gc] GC(89) Pause Young (Allocation Failure) 146M->9M(494M) 0.591ms
[5.685s][info][gc] GC(90) Pause Young (Allocation Failure) 145M->9M(494M) 0.452ms
[5.703s][info][gc] GC(91) Pause Young (Allocation Failure) 146M->9M(494M) 0.503ms
[5.724s][info][gc] GC(92) Pause Young (Allocation Failure) 146M->9M(494M) 0.564ms
[5.740s][info][gc] GC(93) Pause Young (Allocation Failure) 145M->9M(494M) 0.525ms
[5.758s][info][gc] GC(94) Pause Young (Allocation Failure) 146M->9M(494M) 0.583ms
[5.776s][info][gc] GC(95) Pause Young (Allocation Failure) 146M->9M(494M) 0.510ms
[5.794s][info][gc] GC(96) Pause Young (Allocation Failure) 145M->9M(494M) 0.477ms
[5.811s][info][gc] GC(97) Pause Young (Allocation Failure) 146M->9M(494M) 0.551ms
Completing query batches: 55%[5.827s][info][gc] GC(98) Pause Young (Allocation Failure) 145M->9M(494M) 0.516ms
[5.843s][info][gc] GC(99) Pause Young (Allocation Failure) 145M->9M(494M) 0.529ms
[5.860s][info][gc] GC(100) Pause Young (Allocation Failure) 145M->9M(494M) 0.564ms
[5.876s][info][gc] GC(101) Pause Young (Allocation Failure) 146M->9M(494M) 0.541ms
[5.892s][info][gc] GC(102) Pause Young (Allocation Failure) 145M->9M(494M) 0.519ms
[5.909s][info][gc] GC(103) Pause Young (Allocation Failure) 145M->9M(494M) 0.546ms
[5.925s][info][gc] GC(104) Pause Young (Allocation Failure) 145M->9M(494M) 0.486ms
[5.941s][info][gc] GC(105) Pause Young (Allocation Failure) 146M->9M(494M) 0.597ms
[5.957s][info][gc] GC(106) Pause Young (Allocation Failure) 145M->9M(494M) 0.516ms
Completing query batches: 60%[5.975s][info][gc] GC(107) Pause Young (Allocation Failure) 145M->9M(494M) 0.530ms
[5.991s][info][gc] GC(108) Pause Young (Allocation Failure) 146M->9M(494M) 0.456ms
[6.008s][info][gc] GC(109) Pause Young (Allocation Failure) 145M->9M(494M) 0.529ms
[6.025s][info][gc] GC(110) Pause Young (Allocation Failure) 145M->9M(494M) 0.500ms
[6.042s][info][gc] GC(111) Pause Young (Allocation Failure) 145M->9M(494M) 0.514ms
[6.059s][info][gc] GC(112) Pause Young (Allocation Failure) 145M->9M(494M) 0.506ms
[6.076s][info][gc] GC(113) Pause Young (Allocation Failure) 145M->9M(494M) 0.488ms
[6.093s][info][gc] GC(114) Pause Young (Allocation Failure) 145M->9M(494M) 0.604ms
Completing query batches: 65%[6.111s][info][gc] GC(115) Pause Young (Allocation Failure) 145M->9M(494M) 0.516ms
[6.134s][info][gc] GC(116) Pause Young (Allocation Failure) 145M->9M(494M) 0.561ms
[6.151s][info][gc] GC(117) Pause Young (Allocation Failure) 145M->9M(494M) 0.596ms
[6.167s][info][gc] GC(118) Pause Young (Allocation Failure) 145M->9M(494M) 0.530ms
[6.185s][info][gc] GC(119) Pause Young (Allocation Failure) 145M->9M(494M) 0.525ms
[6.201s][info][gc] GC(120) Pause Young (Allocation Failure) 145M->9M(494M) 0.460ms
[6.218s][info][gc] GC(121) Pause Young (Allocation Failure) 146M->9M(494M) 0.460ms
[6.233s][info][gc] GC(122) Pause Young (Allocation Failure) 145M->9M(494M) 0.510ms
[6.252s][info][gc] GC(123) Pause Young (Allocation Failure) 145M->9M(494M) 0.544ms
Completing query batches: 70%[6.270s][info][gc] GC(124) Pause Young (Allocation Failure) 145M->9M(494M) 0.520ms
[6.289s][info][gc] GC(125) Pause Young (Allocation Failure) 145M->9M(494M) 0.487ms
[6.310s][info][gc] GC(126) Pause Young (Allocation Failure) 146M->9M(494M) 0.502ms
[6.328s][info][gc] GC(127) Pause Young (Allocation Failure) 145M->9M(494M) 0.546ms
[6.344s][info][gc] GC(128) Pause Young (Allocation Failure) 146M->9M(494M) 0.515ms
[6.361s][info][gc] GC(129) Pause Young (Allocation Failure) 145M->9M(494M) 0.516ms
[6.376s][info][gc] GC(130) Pause Young (Allocation Failure) 145M->9M(494M) 0.572ms
[6.392s][info][gc] GC(131) Pause Young (Allocation Failure) 145M->9M(494M) 0.555ms
[6.407s][info][gc] GC(132) Pause Young (Allocation Failure) 146M->9M(494M) 0.551ms
Completing query batches: 75%[6.424s][info][gc] GC(133) Pause Young (Allocation Failure) 145M->9M(494M) 0.573ms
[6.440s][info][gc] GC(134) Pause Young (Allocation Failure) 145M->9M(494M) 0.500ms
[6.461s][info][gc] GC(135) Pause Young (Allocation Failure) 146M->9M(494M) 0.468ms
[6.476s][info][gc] GC(136) Pause Young (Allocation Failure) 145M->9M(494M) 0.527ms
[6.492s][info][gc] GC(137) Pause Young (Allocation Failure) 145M->9M(494M) 0.570ms
[6.507s][info][gc] GC(138) Pause Young (Allocation Failure) 146M->9M(494M) 0.526ms
[6.523s][info][gc] GC(139) Pause Young (Allocation Failure) 146M->9M(494M) 0.590ms
[6.540s][info][gc] GC(140) Pause Young (Allocation Failure) 145M->9M(494M) 0.508ms
[6.556s][info][gc] GC(141) Pause Young (Allocation Failure) 146M->9M(494M) 0.511ms
Completing query batches: 80%[6.573s][info][gc] GC(142) Pause Young (Allocation Failure) 146M->9M(494M) 0.511ms
[6.591s][info][gc] GC(143) Pause Young (Allocation Failure) 146M->9M(494M) 0.557ms
[6.609s][info][gc] GC(144) Pause Young (Allocation Failure) 145M->9M(494M) 0.544ms
[6.627s][info][gc] GC(145) Pause Young (Allocation Failure) 145M->9M(494M) 0.506ms
[6.644s][info][gc] GC(146) Pause Young (Allocation Failure) 146M->9M(494M) 0.528ms
[6.660s][info][gc] GC(147) Pause Young (Allocation Failure) 145M->9M(494M) 0.509ms
[6.677s][info][gc] GC(148) Pause Young (Allocation Failure) 145M->9M(494M) 0.534ms
[6.694s][info][gc] GC(149) Pause Young (Allocation Failure) 145M->9M(494M) 0.551ms
Completing query batches: 85%[6.711s][info][gc] GC(150) Pause Young (Allocation Failure) 146M->9M(494M) 0.566ms
[6.729s][info][gc] GC(151) Pause Young (Allocation Failure) 145M->9M(494M) 0.514ms
[6.747s][info][gc] GC(152) Pause Young (Allocation Failure) 145M->9M(494M) 0.491ms
[6.766s][info][gc] GC(153) Pause Young (Allocation Failure) 145M->9M(494M) 0.552ms
[6.784s][info][gc] GC(154) Pause Young (Allocation Failure) 145M->9M(494M) 0.531ms
[6.810s][info][gc] GC(155) Pause Young (Allocation Failure) 145M->9M(494M) 0.527ms
[6.835s][info][gc] GC(156) Pause Young (Allocation Failure) 145M->9M(494M) 0.519ms
[6.851s][info][gc] GC(157) Pause Young (Allocation Failure) 146M->9M(494M) 0.561ms
[6.867s][info][gc] GC(158) Pause Young (Allocation Failure) 145M->9M(494M) 0.489ms
Completing query batches: 90%[6.883s][info][gc] GC(159) Pause Young (Allocation Failure) 145M->9M(494M) 0.531ms
[6.900s][info][gc] GC(160) Pause Young (Allocation Failure) 145M->9M(494M) 0.510ms
[6.916s][info][gc] GC(161) Pause Young (Allocation Failure) 145M->9M(494M) 0.576ms
[6.932s][info][gc] GC(162) Pause Young (Allocation Failure) 145M->9M(494M) 0.487ms
[6.949s][info][gc] GC(163) Pause Young (Allocation Failure) 145M->9M(494M) 0.503ms
[6.966s][info][gc] GC(164) Pause Young (Allocation Failure) 146M->9M(494M) 0.471ms
[6.982s][info][gc] GC(165) Pause Young (Allocation Failure) 145M->9M(494M) 0.495ms
[6.998s][info][gc] GC(166) Pause Young (Allocation Failure) 145M->9M(494M) 0.550ms
[7.015s][info][gc] GC(167) Pause Young (Allocation Failure) 145M->9M(494M) 0.514ms
Completing query batches: 95%[7.031s][info][gc] GC(168) Pause Young (Allocation Failure) 146M->9M(494M) 0.476ms
[7.048s][info][gc] GC(169) Pause Young (Allocation Failure) 146M->9M(494M) 0.534ms
[7.064s][info][gc] GC(170) Pause Young (Allocation Failure) 146M->9M(494M) 0.513ms
[7.081s][info][gc] GC(171) Pause Young (Allocation Failure) 145M->9M(494M) 0.490ms
[7.098s][info][gc] GC(172) Pause Young (Allocation Failure) 146M->9M(494M) 0.514ms
[7.116s][info][gc] GC(173) Pause Young (Allocation Failure) 145M->9M(494M) 0.506ms
[7.132s][info][gc] GC(174) Pause Young (Allocation Failure) 145M->9M(494M) 0.471ms
[7.150s][info][gc] GC(175) Pause Young (Allocation Failure) 145M->9M(494M) 0.405ms
Completing query batches: 100%[7.185s][info][gc] GC(176) Pause Young (Allocation Failure) 145M->8M(494M) 0.307ms

Completed requests
===== DaCapo unknown lusearch PASSED in 4307 msec =====
===== DaCapo simple tail latency: 50% 18 usec, 90% 139 usec, 99% 508 usec, 99.9% 3045 usec, 99.99% 10366 usec, max 40682 usec, measured over 524288 events =====
===== DaCapo metered tail latency: 50% 556761 usec, 90% 964670 usec, 99% 990024 usec, 99.9% 994444 usec, 99.99% 994811 usec, max 995829 usec, measured over 524288 events =====
runAgain
