[0.003s][info][gc] Using Parallel
Class name: org.dacapo.harness.Lusearch
Configurations:
short     A text search tool
long      Text search of keywords over a corpus of data comprising the works of Shakespeare and the King James bible
author    Lucene Project Management Committee
license   Apache License, Version 2.0
copyright Apache Software Foundation, Apache license v2.0
url       http://lucene.apache.org/
version   lucene 9.7.0
sizes     default large small
Using scaled threading model. 10 processors detected, 10 threads used to drive the workload, in a possible range of [1,2048]
[2.861s][info][gc] GC(0) Pause Young (Allocation Failure) 128M->2M(491M) 3.789ms
Version: lucene 9.7.0

Nominal statistics
Key Score  Rank Value Description
AOA:    6  8/18    76 nominal average object size (bytes)
AOL:    9  2/18    96 nominal 90-percentile object size (bytes)
AOM:    3 13/18    24 nominal median object size (bytes)
AOS:   10  1/18    24 nominal 10-percentile object size (bytes)
ARA:    9  3/18 10505 nominal allocation rate (bytes / usec) (24619905928/2343600.0)
BAL:    8  5/19   118 nominal aaload per usec
BAS:    9  2/19    55 nominal aastore per usec
BEF:    9  3/19    14 nominal execution focus / dominance of hot code
BGF:    8  4/19  5520 nominal getfield per usec
BPF:    9  3/19   714 nominal putfield per usec
BUB:    4 13/19    25 nominal thousands of unique bytecodes executed
BUF:    3 14/19     2 nominal thousands of unique function calls
GCA:    2 19/22    80 nominal average post-GC heap size as percent of min heap, when run at 2X min heap with G1 (17/21)
GCC:   10  1/22 17270 nominal GC count at 2X heap size (G1)
GCM:    1 20/22    66 nominal median post-GC heap size as percent of min heap, when run at 2X min heap with G1 (14/21)
GCP:    9  3/22    19 nominal percentage of time spent in GC pauses at 2X heap size (G1) (6675/35050)
GLK:    5 12/22     0 nominal percent 10th iteration memory leakage (10 iterations / 1 iterations) (21/21)
GMD:    2 18/22    21 nominal minimum heap size (MB) for default size configuration (with compressed pointers)
GML:    4 11/18    89 nominal minimum heap size (MB) for large size configuration (with compressed pointers)
GMS:    2 18/22     5 nominal minimum heap size (MB) for small size configuration (with compressed pointers)
GMU:    2 19/22    21 nominal minimum heap size (MB) for default size without compressed pointers
GSS:    6 10/22   185 nominal heap size sensitivity (slowdown with tight heap, as a percentage) (6702.5/2343.6)
GTO:   10  1/18  1118 nominal memory turnover (total alloc bytes / min heap bytes)
PET:    6  9/22     3 nominal execution time (sec)
PKP:    8  5/22    16 nominal percentage of time spent in kernel mode (as percentage of user plus kernel time)
PPE:    8  5/22    31 nominal parallel efficiency (speedup as percentage of ideal speedup for 32 threads)
PSD:    5 13/22     0 nominal standard deviation among invocations at peak performance (as percentage of performance)
PWU:    5 13/22     2 nominal iterations to warm up to within 1.5% of best

Initializing callback
[2.900s][info][gc] GC(1) Pause Young (System.gc()) 29M->3M(491M) 1.455ms
[2.907s][info][gc] GC(2) Pause Full (System.gc()) 3M->3M(491M) 6.370ms
===== DaCapo unknown lusearch starting =====
Starting 524288 requests...
[3.243s][info][gc] GC(3) Pause Young (Allocation Failure) 131M->9M(491M) 1.232ms
[3.351s][info][gc] GC(4) Pause Young (Allocation Failure) 138M->9M(491M) 0.804ms
[3.448s][info][gc] GC(5) Pause Young (Allocation Failure) 138M->9M(491M) 1.153ms
[3.546s][info][gc] GC(6) Pause Young (Allocation Failure) 137M->9M(503M) 1.090ms
[3.654s][info][gc] GC(7) Pause Young (Allocation Failure) 150M->9M(491M) 1.055ms
[3.749s][info][gc] GC(8) Pause Young (Allocation Failure) 150M->9M(502M) 2.360ms
[3.848s][info][gc] GC(9) Pause Young (Allocation Failure) 162M->9M(495M) 0.396ms
[3.911s][info][gc] GC(10) Pause Young (Allocation Failure) 162M->9M(502M) 0.488ms
[3.941s][info][gc] GC(11) Pause Young (Allocation Failure) 161M->9M(502M) 0.351ms
Completing query batches: 5%[3.967s][info][gc] GC(12) Pause Young (Allocation Failure) 161M->9M(502M) 0.335ms
[3.991s][info][gc] GC(13) Pause Young (Allocation Failure) 161M->9M(502M) 0.372ms
[4.021s][info][gc] GC(14) Pause Young (Allocation Failure) 161M->10M(503M) 0.375ms
[4.046s][info][gc] GC(15) Pause Young (Allocation Failure) 162M->10M(503M) 0.643ms
[4.070s][info][gc] GC(16) Pause Young (Allocation Failure) 162M->10M(503M) 0.358ms
[4.096s][info][gc] GC(17) Pause Young (Allocation Failure) 163M->9M(503M) 1.970ms
[4.121s][info][gc] GC(18) Pause Young (Allocation Failure) 162M->10M(504M) 0.389ms
[4.143s][info][gc] GC(19) Pause Young (Allocation Failure) 164M->10M(504M) 0.360ms
Completing query batches: 10%[4.168s][info][gc] GC(20) Pause Young (Allocation Failure) 164M->10M(504M) 0.388ms
[4.192s][info][gc] GC(21) Pause Young (Allocation Failure) 165M->9M(504M) 0.340ms
[4.216s][info][gc] GC(22) Pause Young (Allocation Failure) 165M->10M(505M) 0.390ms
[4.240s][info][gc] GC(23) Pause Young (Allocation Failure) 166M->10M(505M) 0.421ms
[4.265s][info][gc] GC(24) Pause Young (Allocation Failure) 166M->10M(506M) 0.434ms
[4.287s][info][gc] GC(25) Pause Young (Allocation Failure) 168M->10M(505M) 0.625ms
[4.312s][info][gc] GC(26) Pause Young (Allocation Failure) 168M->10M(506M) 0.783ms
Completing query batches: 15%[4.335s][info][gc] GC(27) Pause Young (Allocation Failure) 169M->10M(506M) 0.317ms
[4.359s][info][gc] GC(28) Pause Young (Allocation Failure) 169M->10M(507M) 0.321ms
[4.383s][info][gc] GC(29) Pause Young (Allocation Failure) 170M->10M(506M) 0.440ms
[4.406s][info][gc] GC(30) Pause Young (Allocation Failure) 170M->10M(507M) 0.806ms
[4.427s][info][gc] GC(31) Pause Young (Allocation Failure) 171M->10M(507M) 0.350ms
[4.450s][info][gc] GC(32) Pause Young (Allocation Failure) 171M->10M(508M) 1.819ms
[4.472s][info][gc] GC(33) Pause Young (Allocation Failure) 172M->10M(507M) 0.308ms
[4.492s][info][gc] GC(34) Pause Young (Allocation Failure) 172M->10M(508M) 0.359ms
Completing query batches: 20%[4.513s][info][gc] GC(35) Pause Young (Allocation Failure) 173M->10M(508M) 0.362ms
[4.534s][info][gc] GC(36) Pause Young (Allocation Failure) 173M->11M(508M) 0.366ms
[4.554s][info][gc] GC(37) Pause Young (Allocation Failure) 174M->11M(508M) 0.314ms
[4.573s][info][gc] GC(38) Pause Young (Allocation Failure) 174M->11M(509M) 0.365ms
[4.596s][info][gc] GC(39) Pause Young (Allocation Failure) 175M->11M(509M) 0.381ms
[4.616s][info][gc] GC(40) Pause Young (Allocation Failure) 175M->11M(509M) 0.311ms
[4.637s][info][gc] GC(41) Pause Young (Allocation Failure) 175M->11M(509M) 0.477ms
Completing query batches: 25%[4.659s][info][gc] GC(42) Pause Young (Allocation Failure) 175M->11M(509M) 1.143ms
[4.681s][info][gc] GC(43) Pause Young (Allocation Failure) 176M->11M(509M) 0.321ms
[4.699s][info][gc] GC(44) Pause Young (Allocation Failure) 177M->11M(509M) 0.381ms
[4.721s][info][gc] GC(45) Pause Young (Allocation Failure) 177M->11M(509M) 0.311ms
[4.741s][info][gc] GC(46) Pause Young (Allocation Failure) 177M->11M(510M) 1.015ms
[4.761s][info][gc] GC(47) Pause Young (Allocation Failure) 177M->11M(509M) 0.373ms
[4.783s][info][gc] GC(48) Pause Young (Allocation Failure) 177M->11M(510M) 2.247ms
Completing query batches: 30%[4.803s][info][gc] GC(49) Pause Young (Allocation Failure) 178M->11M(510M) 0.276ms
[4.826s][info][gc] GC(50) Pause Young (Allocation Failure) 178M->11M(510M) 0.375ms
[4.851s][info][gc] GC(51) Pause Young (Allocation Failure) 178M->11M(510M) 0.331ms
[4.873s][info][gc] GC(52) Pause Young (Allocation Failure) 178M->11M(510M) 0.351ms
[4.893s][info][gc] GC(53) Pause Young (Allocation Failure) 178M->11M(510M) 0.292ms
[4.912s][info][gc] GC(54) Pause Young (Allocation Failure) 178M->11M(510M) 0.310ms
[4.931s][info][gc] GC(55) Pause Young (Allocation Failure) 178M->11M(510M) 0.327ms
Completing query batches: 35%[4.951s][info][gc] GC(56) Pause Young (Allocation Failure) 178M->12M(510M) 0.312ms
[4.970s][info][gc] GC(57) Pause Young (Allocation Failure) 178M->12M(510M) 0.354ms
[4.990s][info][gc] GC(58) Pause Young (Allocation Failure) 178M->12M(509M) 0.571ms
[5.009s][info][gc] GC(59) Pause Young (Allocation Failure) 178M->12M(510M) 0.281ms
[5.034s][info][gc] GC(60) Pause Young (Allocation Failure) 178M->12M(510M) 0.370ms
[5.062s][info][gc] GC(61) Pause Young (Allocation Failure) 178M->11M(510M) 0.622ms
[5.083s][info][gc] GC(62) Pause Young (Allocation Failure) 178M->12M(510M) 0.337ms
Completing query batches: 40%[5.104s][info][gc] GC(63) Pause Young (Allocation Failure) 179M->12M(510M) 1.801ms
[5.123s][info][gc] GC(64) Pause Young (Allocation Failure) 179M->12M(510M) 0.320ms
[5.144s][info][gc] GC(65) Pause Young (Allocation Failure) 180M->12M(510M) 0.360ms
[5.167s][info][gc] GC(66) Pause Young (Allocation Failure) 180M->12M(510M) 0.383ms
[5.189s][info][gc] GC(67) Pause Young (Allocation Failure) 179M->12M(510M) 0.451ms
[5.211s][info][gc] GC(68) Pause Young (Allocation Failure) 179M->12M(510M) 0.389ms
[5.234s][info][gc] GC(69) Pause Young (Allocation Failure) 180M->12M(510M) 2.035ms
[5.255s][info][gc] GC(70) Pause Young (Allocation Failure) 180M->12M(510M) 0.392ms
Completing query batches: 45%[5.275s][info][gc] GC(71) Pause Young (Allocation Failure) 180M->12M(510M) 0.499ms
[5.295s][info][gc] GC(72) Pause Young (Allocation Failure) 180M->12M(510M) 0.319ms
[5.314s][info][gc] GC(73) Pause Young (Allocation Failure) 180M->12M(510M) 0.376ms
[5.333s][info][gc] GC(74) Pause Young (Allocation Failure) 180M->13M(510M) 0.326ms
[5.352s][info][gc] GC(75) Pause Young (Allocation Failure) 180M->13M(510M) 0.541ms
[5.371s][info][gc] GC(76) Pause Young (Allocation Failure) 180M->12M(510M) 0.786ms
[5.395s][info][gc] GC(77) Pause Young (Allocation Failure) 180M->12M(510M) 0.372ms
Completing query batches: 50%[5.416s][info][gc] GC(78) Pause Young (Allocation Failure) 180M->13M(510M) 0.333ms
[5.435s][info][gc] GC(79) Pause Young (Allocation Failure) 180M->12M(510M) 0.469ms
[5.454s][info][gc] GC(80) Pause Young (Allocation Failure) 180M->13M(510M) 0.350ms
[5.473s][info][gc] GC(81) Pause Young (Allocation Failure) 180M->13M(510M) 0.491ms
[5.492s][info][gc] GC(82) Pause Young (Allocation Failure) 180M->13M(510M) 0.380ms
[5.546s][info][gc] GC(83) Pause Young (Allocation Failure) 180M->13M(510M) 0.287ms
[5.564s][info][gc] GC(84) Pause Young (Allocation Failure) 181M->13M(510M) 0.309ms
Completing query batches: 55%[5.584s][info][gc] GC(85) Pause Young (Allocation Failure) 181M->13M(510M) 1.341ms
[5.602s][info][gc] GC(86) Pause Young (Allocation Failure) 180M->13M(510M) 0.290ms
[5.621s][info][gc] GC(87) Pause Young (Allocation Failure) 181M->13M(510M) 0.412ms
[5.640s][info][gc] GC(88) Pause Young (Allocation Failure) 181M->13M(510M) 0.365ms
[5.659s][info][gc] GC(89) Pause Young (Allocation Failure) 181M->13M(510M) 0.324ms
[5.677s][info][gc] GC(90) Pause Young (Allocation Failure) 181M->13M(510M) 0.300ms
[5.696s][info][gc] GC(91) Pause Young (Allocation Failure) 181M->14M(510M) 0.318ms
Completing query batches: 60%[5.714s][info][gc] GC(92) Pause Young (Allocation Failure) 181M->13M(510M) 0.287ms
[5.735s][info][gc] GC(93) Pause Young (Allocation Failure) 181M->13M(510M) 0.299ms
[5.754s][info][gc] GC(94) Pause Young (Allocation Failure) 181M->14M(510M) 0.313ms
[5.773s][info][gc] GC(95) Pause Young (Allocation Failure) 181M->14M(510M) 0.295ms
[5.793s][info][gc] GC(96) Pause Young (Allocation Failure) 181M->14M(510M) 0.333ms
[5.814s][info][gc] GC(97) Pause Young (Allocation Failure) 181M->14M(510M) 0.302ms
[5.834s][info][gc] GC(98) Pause Young (Allocation Failure) 181M->14M(510M) 0.344ms
Completing query batches: 65%[5.855s][info][gc] GC(99) Pause Young (Allocation Failure) 181M->14M(510M) 0.907ms
[5.875s][info][gc] GC(100) Pause Young (Allocation Failure) 181M->14M(510M) 0.379ms
[5.894s][info][gc] GC(101) Pause Young (Allocation Failure) 181M->14M(510M) 0.306ms
[5.914s][info][gc] GC(102) Pause Young (Allocation Failure) 182M->14M(510M) 0.309ms
[5.932s][info][gc] GC(103) Pause Young (Allocation Failure) 181M->14M(510M) 0.362ms
[5.951s][info][gc] GC(104) Pause Young (Allocation Failure) 182M->14M(510M) 0.356ms
[5.970s][info][gc] GC(105) Pause Young (Allocation Failure) 182M->14M(510M) 0.692ms
Completing query batches: 70%[5.991s][info][gc] GC(106) Pause Young (Allocation Failure) 182M->14M(510M) 0.364ms
[6.013s][info][gc] GC(107) Pause Young (Allocation Failure) 182M->14M(510M) 0.414ms
[6.037s][info][gc] GC(108) Pause Young (Allocation Failure) 182M->14M(510M) 0.472ms
[6.062s][info][gc] GC(109) Pause Young (Allocation Failure) 182M->14M(510M) 0.332ms
[6.086s][info][gc] GC(110) Pause Young (Allocation Failure) 182M->14M(510M) 0.316ms
[6.105s][info][gc] GC(111) Pause Young (Allocation Failure) 182M->14M(510M) 0.352ms
[6.125s][info][gc] GC(112) Pause Young (Allocation Failure) 182M->14M(510M) 0.306ms
Completing query batches: 75%[6.145s][info][gc] GC(113) Pause Young (Allocation Failure) 182M->15M(510M) 0.395ms
[6.166s][info][gc] GC(114) Pause Young (Allocation Failure) 182M->15M(510M) 0.401ms
[6.184s][info][gc] GC(115) Pause Young (Allocation Failure) 182M->15M(510M) 0.347ms
[6.203s][info][gc] GC(116) Pause Young (Allocation Failure) 182M->15M(510M) 0.372ms
[6.223s][info][gc] GC(117) Pause Young (Allocation Failure) 182M->15M(510M) 0.358ms
[6.243s][info][gc] GC(118) Pause Young (Allocation Failure) 182M->15M(510M) 0.382ms
[6.264s][info][gc] GC(119) Pause Young (Allocation Failure) 182M->15M(510M) 0.334ms
Completing query batches: 80%[6.283s][info][gc] GC(120) Pause Young (Allocation Failure) 182M->15M(510M) 0.339ms
[6.303s][info][gc] GC(121) Pause Young (Allocation Failure) 183M->15M(510M) 0.298ms
[6.325s][info][gc] GC(122) Pause Young (Allocation Failure) 182M->15M(510M) 0.361ms
[6.346s][info][gc] GC(123) Pause Young (Allocation Failure) 183M->15M(510M) 0.297ms
[6.368s][info][gc] GC(124) Pause Young (Allocation Failure) 183M->15M(510M) 0.326ms
[6.397s][info][gc] GC(125) Pause Young (Allocation Failure) 183M->15M(510M) 0.321ms
[6.417s][info][gc] GC(126) Pause Young (Allocation Failure) 183M->15M(510M) 0.309ms
[6.437s][info][gc] GC(127) Pause Young (Allocation Failure) 183M->15M(510M) 0.402ms
Completing query batches: 85%[6.479s][info][gc] GC(128) Pause Young (Allocation Failure) 183M->15M(510M) 0.350ms
[6.499s][info][gc] GC(129) Pause Young (Allocation Failure) 183M->15M(510M) 0.534ms
[6.519s][info][gc] GC(130) Pause Young (Allocation Failure) 183M->15M(510M) 0.393ms
[6.540s][info][gc] GC(131) Pause Young (Allocation Failure) 183M->16M(510M) 0.355ms
[6.561s][info][gc] GC(132) Pause Young (Allocation Failure) 183M->15M(510M) 0.304ms
[6.582s][info][gc] GC(133) Pause Young (Allocation Failure) 183M->16M(510M) 0.337ms
[6.602s][info][gc] GC(134) Pause Young (Allocation Failure) 183M->16M(510M) 0.648ms
Completing query batches: 90%[6.621s][info][gc] GC(135) Pause Young (Allocation Failure) 183M->16M(510M) 0.302ms
[6.639s][info][gc] GC(136) Pause Young (Allocation Failure) 183M->16M(510M) 0.359ms
[6.658s][info][gc] GC(137) Pause Young (Allocation Failure) 183M->16M(510M) 0.328ms
[6.677s][info][gc] GC(138) Pause Young (Allocation Failure) 183M->16M(510M) 0.402ms
[6.695s][info][gc] GC(139) Pause Young (Allocation Failure) 183M->16M(510M) 0.331ms
[6.716s][info][gc] GC(140) Pause Young (Allocation Failure) 183M->16M(510M) 0.314ms
[6.740s][info][gc] GC(141) Pause Young (Allocation Failure) 183M->16M(510M) 0.351ms
Completing query batches: 95%[6.761s][info][gc] GC(142) Pause Young (Allocation Failure) 183M->16M(510M) 0.332ms
[6.782s][info][gc] GC(143) Pause Young (Allocation Failure) 184M->16M(510M) 0.363ms
[6.803s][info][gc] GC(144) Pause Young (Allocation Failure) 184M->16M(510M) 0.278ms
[6.822s][info][gc] GC(145) Pause Young (Allocation Failure) 184M->16M(510M) 0.303ms
[6.841s][info][gc] GC(146) Pause Young (Allocation Failure) 184M->16M(510M) 0.305ms
[6.859s][info][gc] GC(147) Pause Young (Allocation Failure) 184M->16M(510M) 0.305ms
[6.881s][info][gc] GC(148) Pause Young (Allocation Failure) 184M->16M(510M) 0.280ms
Completing query batches: 100%
Completed requests
===== DaCapo unknown lusearch PASSED in 4001 msec =====
===== DaCapo simple tail latency: 50% 17 usec, 90% 131 usec, 99% 599 usec, 99.9% 2694 usec, 99.99% 10679 usec, max 46399 usec, measured over 524288 events =====
[7.112s][info][gc] GC(149) Pause Young (Allocation Failure) 184M->20M(509M) 0.768ms
===== DaCapo metered tail latency: 50% 407809 usec, 90% 696857 usec, 99% 706748 usec, 99.9% 707890 usec, 99.99% 708278 usec, max 722581 usec, measured over 524288 events =====
runAgain
